firefox: "Mozilla/5.0 (Windows NT 10.0; Win64; x64; rv:156.0) Gecko/20100101 Firefox/156.0"
firefox: 20 pictures, 28 to 80 ms (median 34), 56191 to 56191 bytes, errors 0
firefox: files before 5, after twenty-two pictures 6, at the end 63
firefox: navigate to a page that answers in four seconds #0: alone 4080 ms ok, with a picture 4090 ms ok, the picture 41 ms ok
firefox: navigate to a page that answers in four seconds #1: alone 4078 ms ok, with a picture 4076 ms ok, the picture 25 ms ok
firefox: navigate to a page that answers in four seconds #2: alone 4100 ms ok, with a picture 4079 ms ok, the picture 41 ms ok
firefox: wait for three seconds #0: alone 3049 ms ok, with a picture 3044 ms ok, the picture 41 ms ok
firefox: wait for three seconds #1: alone 3035 ms ok, with a picture 3020 ms ok, the picture 38 ms ok
firefox: wait for three seconds #2: alone 3019 ms ok, with a picture 3021 ms ok, the picture 37 ms ok
firefox: evaluate a script that keeps the page busy for three seconds #0: alone 3514 ms ok, with a picture 3510 ms ok, the picture 2036 ms ok
firefox: evaluate a script that keeps the page busy for three seconds #1: alone 3510 ms ok, with a picture 3574 ms ok, the picture 2040 ms ok
firefox: evaluate a script that keeps the page busy for three seconds #2: alone 8245 ms ok, with a picture 3509 ms ok, the picture 2031 ms ok
firefox: an agent taking its own screenshot #0: alone 35 ms ok, with a picture 31 ms ok, the picture 33 ms ok
firefox: an agent taking its own screenshot #1: alone 45 ms ok, with a picture 35 ms ok, the picture 36 ms ok
firefox: an agent taking its own screenshot #2: alone 32 ms ok, with a picture 34 ms ok, the picture 31 ms ok
firefox: events during the agent call #0: alone [page yes, console yes, download yes]; with a picture, the agent's answer [page no, console no, download no] and the picture's [page yes, console yes, download yes]
firefox: events during the agent call #1: alone [page yes, console yes, download yes]; with a picture, the agent's answer [page no, console no, download no] and the picture's [page yes, console yes, download yes]
firefox: events during the agent call #2: alone [page yes, console yes, download yes]; with a picture, the agent's answer [page no, console no, download no] and the picture's [page yes, console yes, download yes]
firefox: events between two agent calls #0: alone [page yes, console no, download yes]; with a picture, the agent's answer [page no, console no, download no] and the picture's [page yes, console no, download yes]
firefox: events between two agent calls #1: alone [page yes, console no, download yes]; with a picture, the agent's answer [page no, console no, download no] and the picture's [page yes, console no, download yes]
firefox: events between two agent calls #2: alone [page yes, console no, download yes]; with a picture, the agent's answer [page no, console no, download no] and the picture's [page yes, console no, download yes]
