2026-10-04T02:35:18Z batch v2: waiting for the suite lock
2026-10-04T03:02:48Z lock taken
2026-10-04T03:02:48Z registry before: exit 0
2026-10-04T03:02:48Z BEGIN v2-smoke-switch-chromium-from-headless: C:\Source\SixFive7\BrowserAI\.work\wt\lifetime\payload\node\node.exe C:\Source\SixFive7\BrowserAI\.work\lifetime\rig\switch.mjs server=C:\Source\SixFive7\BrowserAI\.work\wt\lifetime\src\BrowserAI\bin\Release\net10.0-windows\win-x64\publish\BrowserAI.Server.exe browser=chromium scenario=switch from=headless run=v2s out=C:\Source\SixFive7\BrowserAI\.work\lifetime\runs\v2\v2-smoke-switch-chromium-from-headless\rig sessions=C:\Source\SixFive7\BrowserAI\.work\lifetime\sessions
2026-10-04T03:03:10Z END v2-smoke-switch-chromium-from-headless: launcher exit 0
2026-10-04T03:03:10Z GATE v2-smoke-switch-chromium-from-headless: steps=38 errors=0 before=3 after=3
2026-10-04T03:03:10Z GATE v2-smoke-switch-chromium-from-headless: GATE PASSED
2026-10-04T03:03:10Z BEGIN v2-switch-chromium-from-headless-r1: C:\Source\SixFive7\BrowserAI\.work\wt\lifetime\payload\node\node.exe C:\Source\SixFive7\BrowserAI\.work\lifetime\rig\switch.mjs server=C:\Source\SixFive7\BrowserAI\.work\wt\lifetime\src\BrowserAI\bin\Release\net10.0-windows\win-x64\publish\BrowserAI.Server.exe browser=chromium scenario=switch from=headless run=v2r1 out=C:\Source\SixFive7\BrowserAI\.work\lifetime\runs\v2\v2-switch-chromium-from-headless-r1\rig sessions=C:\Source\SixFive7\BrowserAI\.work\lifetime\sessions
2026-10-04T03:03:31Z END v2-switch-chromium-from-headless-r1: launcher exit 0
2026-10-04T03:03:31Z BEGIN v2-switch-chromium-from-headed-r1: C:\Source\SixFive7\BrowserAI\.work\wt\lifetime\payload\node\node.exe C:\Source\SixFive7\BrowserAI\.work\lifetime\rig\switch.mjs server=C:\Source\SixFive7\BrowserAI\.work\wt\lifetime\src\BrowserAI\bin\Release\net10.0-windows\win-x64\publish\BrowserAI.Server.exe browser=chromium scenario=switch from=headed run=v2r1 out=C:\Source\SixFive7\BrowserAI\.work\lifetime\runs\v2\v2-switch-chromium-from-headed-r1\rig sessions=C:\Source\SixFive7\BrowserAI\.work\lifetime\sessions
2026-10-04T03:03:52Z END v2-switch-chromium-from-headed-r1: launcher exit 0
2026-10-04T03:03:52Z BEGIN v2-switch-firefox-from-headless-r1: C:\Source\SixFive7\BrowserAI\.work\wt\lifetime\payload\node\node.exe C:\Source\SixFive7\BrowserAI\.work\lifetime\rig\switch.mjs server=C:\Source\SixFive7\BrowserAI\.work\wt\lifetime\src\BrowserAI\bin\Release\net10.0-windows\win-x64\publish\BrowserAI.Server.exe browser=firefox scenario=switch from=headless run=v2r1 out=C:\Source\SixFive7\BrowserAI\.work\lifetime\runs\v2\v2-switch-firefox-from-headless-r1\rig sessions=C:\Source\SixFive7\BrowserAI\.work\lifetime\sessions
2026-10-04T03:04:26Z END v2-switch-firefox-from-headless-r1: launcher exit 0
2026-10-04T03:04:26Z BEGIN v2-switch-firefox-from-headed-r1: C:\Source\SixFive7\BrowserAI\.work\wt\lifetime\payload\node\node.exe C:\Source\SixFive7\BrowserAI\.work\lifetime\rig\switch.mjs server=C:\Source\SixFive7\BrowserAI\.work\wt\lifetime\src\BrowserAI\bin\Release\net10.0-windows\win-x64\publish\BrowserAI.Server.exe browser=firefox scenario=switch from=headed run=v2r1 out=C:\Source\SixFive7\BrowserAI\.work\lifetime\runs\v2\v2-switch-firefox-from-headed-r1\rig sessions=C:\Source\SixFive7\BrowserAI\.work\lifetime\sessions
2026-10-04T03:04:51Z END v2-switch-firefox-from-headed-r1: launcher exit 0
2026-10-04T03:04:51Z BEGIN v2-switch-chromium-from-headless-r2: C:\Source\SixFive7\BrowserAI\.work\wt\lifetime\payload\node\node.exe C:\Source\SixFive7\BrowserAI\.work\lifetime\rig\switch.mjs server=C:\Source\SixFive7\BrowserAI\.work\wt\lifetime\src\BrowserAI\bin\Release\net10.0-windows\win-x64\publish\BrowserAI.Server.exe browser=chromium scenario=switch from=headless run=v2r2 out=C:\Source\SixFive7\BrowserAI\.work\lifetime\runs\v2\v2-switch-chromium-from-headless-r2\rig sessions=C:\Source\SixFive7\BrowserAI\.work\lifetime\sessions
2026-10-04T03:05:15Z END v2-switch-chromium-from-headless-r2: launcher exit 0
2026-10-04T03:05:15Z BEGIN v2-switch-chromium-from-headed-r2: C:\Source\SixFive7\BrowserAI\.work\wt\lifetime\payload\node\node.exe C:\Source\SixFive7\BrowserAI\.work\lifetime\rig\switch.mjs server=C:\Source\SixFive7\BrowserAI\.work\wt\lifetime\src\BrowserAI\bin\Release\net10.0-windows\win-x64\publish\BrowserAI.Server.exe browser=chromium scenario=switch from=headed run=v2r2 out=C:\Source\SixFive7\BrowserAI\.work\lifetime\runs\v2\v2-switch-chromium-from-headed-r2\rig sessions=C:\Source\SixFive7\BrowserAI\.work\lifetime\sessions
2026-10-04T03:05:35Z END v2-switch-chromium-from-headed-r2: launcher exit 0
2026-10-04T03:05:36Z BEGIN v2-switch-firefox-from-headless-r2: C:\Source\SixFive7\BrowserAI\.work\wt\lifetime\payload\node\node.exe C:\Source\SixFive7\BrowserAI\.work\lifetime\rig\switch.mjs server=C:\Source\SixFive7\BrowserAI\.work\wt\lifetime\src\BrowserAI\bin\Release\net10.0-windows\win-x64\publish\BrowserAI.Server.exe browser=firefox scenario=switch from=headless run=v2r2 out=C:\Source\SixFive7\BrowserAI\.work\lifetime\runs\v2\v2-switch-firefox-from-headless-r2\rig sessions=C:\Source\SixFive7\BrowserAI\.work\lifetime\sessions
2026-10-04T03:06:01Z END v2-switch-firefox-from-headless-r2: launcher exit 0
2026-10-04T03:06:01Z BEGIN v2-switch-firefox-from-headed-r2: C:\Source\SixFive7\BrowserAI\.work\wt\lifetime\payload\node\node.exe C:\Source\SixFive7\BrowserAI\.work\lifetime\rig\switch.mjs server=C:\Source\SixFive7\BrowserAI\.work\wt\lifetime\src\BrowserAI\bin\Release\net10.0-windows\win-x64\publish\BrowserAI.Server.exe browser=firefox scenario=switch from=headed run=v2r2 out=C:\Source\SixFive7\BrowserAI\.work\lifetime\runs\v2\v2-switch-firefox-from-headed-r2\rig sessions=C:\Source\SixFive7\BrowserAI\.work\lifetime\sessions
2026-10-04T03:06:27Z END v2-switch-firefox-from-headed-r2: launcher exit 0
2026-10-04T03:06:27Z BEGIN v2-switch-chromium-from-headless-r3: C:\Source\SixFive7\BrowserAI\.work\wt\lifetime\payload\node\node.exe C:\Source\SixFive7\BrowserAI\.work\lifetime\rig\switch.mjs server=C:\Source\SixFive7\BrowserAI\.work\wt\lifetime\src\BrowserAI\bin\Release\net10.0-windows\win-x64\publish\BrowserAI.Server.exe browser=chromium scenario=switch from=headless run=v2r3 out=C:\Source\SixFive7\BrowserAI\.work\lifetime\runs\v2\v2-switch-chromium-from-headless-r3\rig sessions=C:\Source\SixFive7\BrowserAI\.work\lifetime\sessions
2026-10-04T03:06:48Z END v2-switch-chromium-from-headless-r3: launcher exit 0
2026-10-04T03:06:48Z BEGIN v2-switch-chromium-from-headed-r3: C:\Source\SixFive7\BrowserAI\.work\wt\lifetime\payload\node\node.exe C:\Source\SixFive7\BrowserAI\.work\lifetime\rig\switch.mjs server=C:\Source\SixFive7\BrowserAI\.work\wt\lifetime\src\BrowserAI\bin\Release\net10.0-windows\win-x64\publish\BrowserAI.Server.exe browser=chromium scenario=switch from=headed run=v2r3 out=C:\Source\SixFive7\BrowserAI\.work\lifetime\runs\v2\v2-switch-chromium-from-headed-r3\rig sessions=C:\Source\SixFive7\BrowserAI\.work\lifetime\sessions
2026-10-04T03:07:08Z END v2-switch-chromium-from-headed-r3: launcher exit 0
2026-10-04T03:07:08Z BEGIN v2-switch-firefox-from-headless-r3: C:\Source\SixFive7\BrowserAI\.work\wt\lifetime\payload\node\node.exe C:\Source\SixFive7\BrowserAI\.work\lifetime\rig\switch.mjs server=C:\Source\SixFive7\BrowserAI\.work\wt\lifetime\src\BrowserAI\bin\Release\net10.0-windows\win-x64\publish\BrowserAI.Server.exe browser=firefox scenario=switch from=headless run=v2r3 out=C:\Source\SixFive7\BrowserAI\.work\lifetime\runs\v2\v2-switch-firefox-from-headless-r3\rig sessions=C:\Source\SixFive7\BrowserAI\.work\lifetime\sessions
2026-10-04T03:07:34Z END v2-switch-firefox-from-headless-r3: launcher exit 0
2026-10-04T03:07:34Z BEGIN v2-switch-firefox-from-headed-r3: C:\Source\SixFive7\BrowserAI\.work\wt\lifetime\payload\node\node.exe C:\Source\SixFive7\BrowserAI\.work\lifetime\rig\switch.mjs server=C:\Source\SixFive7\BrowserAI\.work\wt\lifetime\src\BrowserAI\bin\Release\net10.0-windows\win-x64\publish\BrowserAI.Server.exe browser=firefox scenario=switch from=headed run=v2r3 out=C:\Source\SixFive7\BrowserAI\.work\lifetime\runs\v2\v2-switch-firefox-from-headed-r3\rig sessions=C:\Source\SixFive7\BrowserAI\.work\lifetime\sessions
2026-10-04T03:07:59Z END v2-switch-firefox-from-headed-r3: launcher exit 0
2026-10-04T03:07:59Z BEGIN v2-windowclose-chromium-r1: C:\Source\SixFive7\BrowserAI\.work\wt\lifetime\payload\node\node.exe C:\Source\SixFive7\BrowserAI\.work\lifetime\rig\switch.mjs server=C:\Source\SixFive7\BrowserAI\.work\wt\lifetime\src\BrowserAI\bin\Release\net10.0-windows\win-x64\publish\BrowserAI.Server.exe browser=chromium scenario=windowclose from=headed run=v2r1 out=C:\Source\SixFive7\BrowserAI\.work\lifetime\runs\v2\v2-windowclose-chromium-r1\rig sessions=C:\Source\SixFive7\BrowserAI\.work\lifetime\sessions
2026-10-04T03:08:29Z END v2-windowclose-chromium-r1: launcher exit 0
2026-10-04T03:08:29Z BEGIN v2-windowclose-firefox-r1: C:\Source\SixFive7\BrowserAI\.work\wt\lifetime\payload\node\node.exe C:\Source\SixFive7\BrowserAI\.work\lifetime\rig\switch.mjs server=C:\Source\SixFive7\BrowserAI\.work\wt\lifetime\src\BrowserAI\bin\Release\net10.0-windows\win-x64\publish\BrowserAI.Server.exe browser=firefox scenario=windowclose from=headed run=v2r1 out=C:\Source\SixFive7\BrowserAI\.work\lifetime\runs\v2\v2-windowclose-firefox-r1\rig sessions=C:\Source\SixFive7\BrowserAI\.work\lifetime\sessions
2026-10-04T03:09:22Z END v2-windowclose-firefox-r1: launcher exit 0
2026-10-04T03:09:22Z registry after: exit 0
2026-10-04T03:09:22Z lock released
