2026-09-24T23:55:09.504Z +234.6 START node=v24.21.0 pid=76468 id=forced2-0002
2026-09-24T23:55:09.520Z +250.7 SPAWN pid=81308 C:\Source\SixFive7\BrowserAI\.work\firefox-launch\firefox-1549\firefox\firefox.exe -no-remote -headless -profile C:\Source\SixFive7\BrowserAI\.work\firefox-launch\runs\forced2\forced2-0002\firefox\profile -juggler-pipe about:blank
2026-09-24T23:55:09.575Z +305.9 [ff:err] *** You are running in headless mode.
2026-09-24T23:55:09.635Z +365.9 [ff:err] JavaScript warning: resource://services-settings/Utils.sys.mjs, line 125: unreachable code after return statement
2026-09-24T23:55:09.847Z +577.7 [ff:out] Juggler listening to the pipe
2026-09-24T23:55:09.848Z +579.3 [dbg]   pw:protocol SEND ► {"method":"Browser.enable","params":{"attachToDefaultContext":true,"userPrefs":[{"name":"toolkit.winRegisterApplicationRestart","value":false},{"name":"signon.rememberSignons","value":false}]},"id":1} +0ms
2026-09-24T23:55:09.849Z +580.0 [dbg]   pw:protocol SEND ► {"method":"Browser.getInfo","id":2} +1ms
2026-09-24T23:55:09.851Z +581.6 [dbg]   pw:protocol SEND ► {"method":"Browser.setInitScripts","params":{"scripts":[]},"id":3} +2ms
2026-09-24T23:55:09.851Z +581.7 [dbg]   pw:protocol SEND ► {"method":"Browser.setDownloadOptions","params":{"downloadOptions":{"behavior":"saveToDisk","downloadsDir":"C:\\Source\\SixFive7\\BrowserAI\\.work\\firefox-launch\\runs\\forced2\\forced2-0002\\downloads"}},"id":4} +0ms
2026-09-24T23:55:09.851Z +581.8 [dbg]   pw:protocol SEND ► {"method":"Browser.setDefaultViewport","params":{"viewport":{"viewportSize":{"width":1920,"height":1080},"deviceScaleFactor":1,"isMobile":false}},"id":5} +0ms
2026-09-24T23:55:09.851Z +581.9 [dbg]   pw:protocol SEND ► {"method":"Browser.setLocaleOverride","params":{"locale":"nl-NL"},"id":6} +0ms
2026-09-24T23:55:09.851Z +582.0 [dbg]   pw:protocol SEND ► {"method":"Browser.setTimezoneOverride","params":{"timezoneId":"Europe/Amsterdam"},"id":7} +0ms
2026-09-24T23:55:09.851Z +582.0 [dbg]   pw:protocol SEND ► {"method":"Browser.setExtraHTTPHeaders","params":{"headers":[]},"id":8} +0ms
2026-09-24T23:55:09.851Z +582.2 [dbg]   pw:protocol SEND ► {"method":"Browser.setColorScheme","params":{"colorScheme":"light"},"id":9} +0ms
2026-09-24T23:55:09.859Z +590.2 [dbg]   pw:protocol ◀ RECV {"id":2,"result":{"version":"Firefox/156.0","userAgent":"Mozilla/5.0 (Windows NT 10.0; Win64; x64; rv:156.0) Gecko/20100101 Firefox/156.0"}} +8ms
2026-09-24T23:55:09.860Z +590.3 [dbg]   pw:protocol ◀ RECV {"id":3} +1ms
2026-09-24T23:55:09.860Z +590.4 [dbg]   pw:protocol ◀ RECV {"id":4} +0ms
2026-09-24T23:55:09.860Z +590.4 [dbg]   pw:protocol ◀ RECV {"id":5} +0ms
2026-09-24T23:55:09.860Z +590.5 [dbg]   pw:protocol ◀ RECV {"id":6} +0ms
2026-09-24T23:55:09.862Z +592.7 [dbg]   pw:protocol ◀ RECV {"id":7} +2ms
2026-09-24T23:55:09.862Z +592.8 [dbg]   pw:protocol ◀ RECV {"id":8} +0ms
2026-09-24T23:55:09.862Z +592.8 [dbg]   pw:protocol ◀ RECV {"id":9} +0ms
2026-09-24T23:55:09.862Z +592.9 [dbg]   pw:protocol SEND ► {"method":"Browser.setReducedMotion","params":{"reducedMotion":"no-preference"},"id":10} +0ms
2026-09-24T23:55:09.871Z +601.5 [dbg]   pw:protocol ◀ RECV {"id":10} +9ms
2026-09-24T23:55:09.871Z +601.6 [dbg]   pw:protocol SEND ► {"method":"Browser.setForcedColors","params":{"forcedColors":"none"},"id":11} +0ms
2026-09-24T23:55:09.880Z +610.9 [dbg]   pw:protocol ◀ RECV {"id":11} +9ms
2026-09-24T23:55:09.880Z +611.0 [dbg]   pw:protocol SEND ► {"method":"Browser.setContrast","params":{"contrast":"no-preference"},"id":12} +0ms
2026-09-24T23:55:09.901Z +631.7 [dbg]   pw:protocol ◀ RECV {"id":12} +21ms
2026-09-24T23:55:09.974Z +704.6 [ff:out] Crash Annotation GraphicsCritica
2026-09-24T23:55:09.974Z +704.7 [ff:out] lError: |[0][GFX1-]: RenderCompositorSWGL failed mapping default framebuffer, no dt (t=0.44799) [GFX1-]: RenderCompositorSWGL failed mapping default framebuffer, no dt
2026-09-24T23:55:10.131Z +861.5 [ff:err] JavaScript error: chrome://juggler/content/Helper.js, line 82: NS_ERROR_FAILURE: Component returned failure code: 0x80004005 (NS_ERROR_FAILURE) [nsIWebProgress.removeProgressListener]
2026-09-24T23:55:21.516Z +12247.2 SUSPECT no context after 12000 ms; firefoxPid=81308; profile files=21 bytes=850287
2026-09-24T23:55:22.899Z +13630.1 SUSPECT-TREE {"processes":5,"contentProcesses":3,"safeModeProcesses":1}
2026-09-24T23:55:39.515Z +30245.8 FAILED after 30011 ms: browserType.launchPersistentContext: Timeout 30000ms exceeded.
Call log:
  - <launching> C:\Source\SixFive7\BrowserAI\.work\firefox-launch\firefox-1549\firefox\firefox.exe -no-remote -headless -profile C:\Source\SixFive7\BrowserAI\.work\firefox-launch\runs\forced2\forced2-0002\firefox\profile -juggler-pipe about:blank
  - <launched> pid=81308
  - [pid=81308][err] *** You are running in headless mode.
  - [pid=81308][err] JavaScript warning: resource://services-settings/Utils.sys.mjs, line 125: unreachable code after return statement
  - [pid=81308][out]
  - [pid=81308][out] Juggler listening to the pipe
  - [pid=81308][out] Crash Annotation GraphicsCriticalError: |[0][GFX1-]: RenderCompositorSWGL failed mapping default framebuffer, no dt (t=0.44799) [GFX1-]: RenderCompositorSWGL failed mapping default framebuffer, no dt
  - [pid=81308][err] JavaScript error: chrome://juggler/content/Helper.js, line 82: NS_ERROR_FAILURE: Component returned failure code: 0x80004005 (NS_ERROR_FAILURE) [nsIWebProgress.removeProgressListener]

2026-09-24T23:55:39.521Z +30251.5 DONE {"id":"forced2-0002","batch":2,"mode":"b1","nodePid":76468,"startUtc":"2026-09-24T23:55:09.504Z","ok":false,"failMs":30011,"error":"browserType.launchPersistentContext: Timeout 30000ms exceeded.\nCall log:\n\u001b[2m  - <launching> C:\\Source\\SixFive7\\BrowserAI\\.work\\firefox-launch\\firefox-1549\\firefox\\firefox.exe -no-remote -headless -profile C:\\Source\\SixFive7\\BrowserAI\\.work\\firefox
