[2026-10-03T13:45:08.120Z] SPI_GETFOREGROUNDLOCKTIMEOUT = 2147483647 ms
[2026-10-03T13:45:08.155Z] ancestors of this process: 12196,53844,61548,54820,54008,12396
[2026-10-03T13:45:08.172Z] --- ARM firefox-flag: foreground before launch pid=54008 ancestor=True
[2026-10-03T13:45:13.393Z]   t=0 launched pid=12796 flag=True
[2026-10-03T13:45:13.402Z]   t=277 tree=2 fgInTree=False fg=[hwnd=0x111E6 pid=54008 class=Chrome_WidgetWin_1 title=<cut>] visible=0
[2026-10-03T13:45:13.408Z]   t=555 tree=4 fgInTree=False fg=[hwnd=0x111E6 pid=54008 class=Chrome_WidgetWin_1 title=<cut>] visible=0
[2026-10-03T13:45:13.415Z]   t=830 tree=6 fgInTree=True fg=[hwnd=0x131604 pid=47864 class=MozillaDialogClass title=] visible=1 first=[hwnd=0x131604 pid=47864 class=MozillaDialogClass title=]
[2026-10-03T13:45:13.422Z]   t=1103 tree=7 fgInTree=True fg=[hwnd=0x131604 pid=47864 class=MozillaDialogClass title=] visible=1 first=[hwnd=0x131604 pid=47864 class=MozillaDialogClass title=]
[2026-10-03T13:45:13.428Z]   t=1371 tree=8 fgInTree=False fg=[hwnd=0x111E6 pid=54008 class=Chrome_WidgetWin_1 title=<cut>] visible=0
[2026-10-03T13:45:13.435Z]   t=1645 tree=8 fgInTree=True fg=[hwnd=0x341BE6 pid=47864 class=MozillaWindowClass title=Nightly] visible=1 first=[hwnd=0x341BE6 pid=47864 class=MozillaWindowClass title=Nightly]
[2026-10-03T13:45:13.441Z]   t=1915 tree=8 fgInTree=True fg=[hwnd=0x341BE6 pid=47864 class=MozillaWindowClass title=Nightly] visible=1 first=[hwnd=0x341BE6 pid=47864 class=MozillaWindowClass title=Nightly]
[2026-10-03T13:45:13.449Z]   t=2185 tree=9 fgInTree=True fg=[hwnd=0x341BE6 pid=47864 class=MozillaWindowClass title=Nightly] visible=1 first=[hwnd=0x341BE6 pid=47864 class=MozillaWindowClass title=Nightly]
[2026-10-03T13:45:13.456Z]   t=2460 tree=10 fgInTree=True fg=[hwnd=0x341BE6 pid=47864 class=MozillaWindowClass title=Nightly] visible=1 first=[hwnd=0x341BE6 pid=47864 class=MozillaWindowClass title=Nightly]
[2026-10-03T13:45:13.464Z]   t=2736 tree=10 fgInTree=True fg=[hwnd=0x341BE6 pid=47864 class=MozillaWindowClass title=Nightly] visible=1 first=[hwnd=0x341BE6 pid=47864 class=MozillaWindowClass title=Nightly]
[2026-10-03T13:45:13.471Z]   t=3007 tree=10 fgInTree=True fg=[hwnd=0x341BE6 pid=47864 class=MozillaWindowClass title=Nightly] visible=1 first=[hwnd=0x341BE6 pid=47864 class=MozillaWindowClass title=Nightly]
[2026-10-03T13:45:13.478Z]   t=3290 tree=10 fgInTree=True fg=[hwnd=0x341BE6 pid=47864 class=MozillaWindowClass title=Nightly] visible=1 first=[hwnd=0x341BE6 pid=47864 class=MozillaWindowClass title=Nightly]
[2026-10-03T13:45:13.486Z]   t=3561 tree=10 fgInTree=True fg=[hwnd=0x341BE6 pid=47864 class=MozillaWindowClass title=Nightly] visible=1 first=[hwnd=0x341BE6 pid=47864 class=MozillaWindowClass title=Nightly]
[2026-10-03T13:45:13.493Z]   t=3831 tree=10 fgInTree=True fg=[hwnd=0x341BE6 pid=47864 class=MozillaWindowClass title=Nightly] visible=1 first=[hwnd=0x341BE6 pid=47864 class=MozillaWindowClass title=Nightly]
[2026-10-03T13:45:13.501Z]   t=4102 tree=10 fgInTree=True fg=[hwnd=0x341BE6 pid=47864 class=MozillaWindowClass title=Nightly] visible=1 first=[hwnd=0x341BE6 pid=47864 class=MozillaWindowClass title=Nightly]
[2026-10-03T13:45:13.508Z]   t=4375 tree=10 fgInTree=True fg=[hwnd=0x341BE6 pid=47864 class=MozillaWindowClass title=Nightly] visible=1 first=[hwnd=0x341BE6 pid=47864 class=MozillaWindowClass title=Nightly]
[2026-10-03T13:45:13.516Z]   t=4647 tree=10 fgInTree=True fg=[hwnd=0x341BE6 pid=47864 class=MozillaWindowClass title=Nightly] visible=1 first=[hwnd=0x341BE6 pid=47864 class=MozillaWindowClass title=Nightly]
[2026-10-03T13:45:13.524Z]   t=4919 tree=10 fgInTree=True fg=[hwnd=0x341BE6 pid=47864 class=MozillaWindowClass title=Nightly] visible=1 first=[hwnd=0x341BE6 pid=47864 class=MozillaWindowClass title=Nightly]
[2026-10-03T13:45:13.531Z]   t=5192 tree=10 fgInTree=True fg=[hwnd=0x341BE6 pid=47864 class=MozillaWindowClass title=Nightly] visible=1 first=[hwnd=0x341BE6 pid=47864 class=MozillaWindowClass title=Nightly]
[2026-10-03T13:45:13.540Z]   TREE 12796,47864,56488,18112,66324,59528,42104,72212,48184,9552
[2026-10-03T13:45:15.121Z]   ended at 13:45:15.119Z; still alive from the tree: 0; foreground after: pid=54008
[2026-10-03T13:45:15.132Z] --- ARM firefox-noflag: foreground before launch pid=54008 ancestor=True
[2026-10-03T13:45:20.383Z]   t=0 launched pid=26152 flag=False
[2026-10-03T13:45:20.392Z]   t=273 tree=2 fgInTree=False fg=[hwnd=0x111E6 pid=54008 class=Chrome_WidgetWin_1 title=<cut>] visible=0
[2026-10-03T13:45:20.399Z]   t=553 tree=4 fgInTree=False fg=[hwnd=0x111E6 pid=54008 class=Chrome_WidgetWin_1 title=<cut>] visible=0
[2026-10-03T13:45:20.408Z]   t=832 tree=6 fgInTree=True fg=[hwnd=0xE1A6E pid=60124 class=MozillaDialogClass title=] visible=1 first=[hwnd=0xE1A6E pid=60124 class=MozillaDialogClass title=]
[2026-10-03T13:45:20.415Z]   t=1111 tree=7 fgInTree=True fg=[hwnd=0xE1A6E pid=60124 class=MozillaDialogClass title=] visible=1 first=[hwnd=0xE1A6E pid=60124 class=MozillaDialogClass title=]
[2026-10-03T13:45:20.424Z]   t=1386 tree=8 fgInTree=True fg=[hwnd=0xE1A6E pid=60124 class=MozillaDialogClass title=] visible=0
[2026-10-03T13:45:20.432Z]   t=1657 tree=8 fgInTree=True fg=[hwnd=0x1E06EE pid=60124 class=MozillaWindowClass title=Nightly] visible=1 first=[hwnd=0x1E06EE pid=60124 class=MozillaWindowClass title=Nightly]
[2026-10-03T13:45:20.440Z]   t=1929 tree=8 fgInTree=True fg=[hwnd=0x1E06EE pid=60124 class=MozillaWindowClass title=Nightly] visible=1 first=[hwnd=0x1E06EE pid=60124 class=MozillaWindowClass title=Nightly]
[2026-10-03T13:45:20.450Z]   t=2201 tree=8 fgInTree=True fg=[hwnd=0x1E06EE pid=60124 class=MozillaWindowClass title=Nightly] visible=1 first=[hwnd=0x1E06EE pid=60124 class=MozillaWindowClass title=Nightly]
[2026-10-03T13:45:20.457Z]   t=2486 tree=8 fgInTree=True fg=[hwnd=0x1E06EE pid=60124 class=MozillaWindowClass title=Nightly] visible=1 first=[hwnd=0x1E06EE pid=60124 class=MozillaWindowClass title=Nightly]
[2026-10-03T13:45:20.466Z]   t=2759 tree=8 fgInTree=True fg=[hwnd=0x1E06EE pid=60124 class=MozillaWindowClass title=Nightly] visible=1 first=[hwnd=0x1E06EE pid=60124 class=MozillaWindowClass title=Nightly]
[2026-10-03T13:45:20.477Z]   t=3032 tree=9 fgInTree=True fg=[hwnd=0x1E06EE pid=60124 class=MozillaWindowClass title=Nightly] visible=1 first=[hwnd=0x1E06EE pid=60124 class=MozillaWindowClass title=Nightly]
[2026-10-03T13:45:20.485Z]   t=3307 tree=9 fgInTree=True fg=[hwnd=0x1E06EE pid=60124 class=MozillaWindowClass title=Nightly] visible=1 first=[hwnd=0x1E06EE pid=60124 class=MozillaWindowClass title=Nightly]
[2026-10-03T13:45:20.494Z]   t=3594 tree=10 fgInTree=True fg=[hwnd=0x1E06EE pid=60124 class=MozillaWindowClass title=Nightly] visible=1 first=[hwnd=0x1E06EE pid=60124 class=MozillaWindowClass title=Nightly]
[2026-10-03T13:45:20.503Z]   t=3871 tree=10 fgInTree=True fg=[hwnd=0x1E06EE pid=60124 class=MozillaWindowClass title=Nightly] visible=1 first=[hwnd=0x1E06EE pid=60124 class=MozillaWindowClass title=Nightly]
[2026-10-03T13:45:20.513Z]   t=4143 tree=10 fgInTree=True fg=[hwnd=0x1E06EE pid=60124 class=MozillaWindowClass title=Nightly] visible=1 first=[hwnd=0x1E06EE pid=60124 class=MozillaWindowClass title=Nightly]
[2026-10-03T13:45:20.523Z]   t=4424 tree=10 fgInTree=True fg=[hwnd=0x1E06EE pid=60124 class=MozillaWindowClass title=Nightly] visible=1 first=[hwnd=0x1E06EE pid=60124 class=MozillaWindowClass title=Nightly]
[2026-10-03T13:45:20.533Z]   t=4697 tree=10 fgInTree=True fg=[hwnd=0x1E06EE pid=60124 class=MozillaWindowClass title=Nightly] visible=1 first=[hwnd=0x1E06EE pid=60124 class=MozillaWindowClass title=Nightly]
[2026-10-03T13:45:20.541Z]   t=4970 tree=10 fgInTree=True fg=[hwnd=0x1E06EE pid=60124 class=MozillaWindowClass title=Nightly] visible=1 first=[hwnd=0x1E06EE pid=60124 class=MozillaWindowClass title=Nightly]
[2026-10-03T13:45:20.549Z]   t=5242 tree=10 fgInTree=True fg=[hwnd=0x1E06EE pid=60124 class=MozillaWindowClass title=Nightly] visible=1 first=[hwnd=0x1E06EE pid=60124 class=MozillaWindowClass title=Nightly]
[2026-10-03T13:45:20.556Z]   TREE 26152,60124,4400,24772,53008,20088,59904,51240,70640,72280
[2026-10-03T13:45:22.138Z]   ended at 13:45:22.138Z; still alive from the tree: 0; foreground after: pid=54008
[2026-10-03T13:45:22.184Z] --- ARM chromium-flag: foreground before launch pid=54008 ancestor=True
[2026-10-03T13:45:27.287Z]   t=0 launched pid=57224 flag=True
[2026-10-03T13:45:27.294Z]   t=308 tree=2 fgInTree=False fg=[hwnd=0x111E6 pid=54008 class=Chrome_WidgetWin_1 title=<cut>] visible=0
[2026-10-03T13:45:27.301Z]   t=619 tree=4 fgInTree=False fg=[hwnd=0x111E6 pid=54008 class=Chrome_WidgetWin_1 title=<cut>] visible=0
[2026-10-03T13:45:27.309Z]   t=927 tree=10 fgInTree=False fg=[hwnd=0x111E6 pid=54008 class=Chrome_WidgetWin_1 title=<cut>] visible=1 first=[hwnd=0x1106F8 pid=57224 class=Chrome_WidgetWin_1 title=about:blank – Google Chrome for Testing]
[2026-10-03T13:45:27.319Z]   t=1227 tree=10 fgInTree=False fg=[hwnd=0x111E6 pid=54008 class=Chrome_WidgetWin_1 title=<cut>] visible=1 first=[hwnd=0x1106F8 pid=57224 class=Chrome_WidgetWin_1 title=about:blank – Google Chrome for Testing]
[2026-10-03T13:45:27.326Z]   t=1510 tree=10 fgInTree=False fg=[hwnd=0x111E6 pid=54008 class=Chrome_WidgetWin_1 title=<cut>] visible=1 first=[hwnd=0x1106F8 pid=57224 class=Chrome_WidgetWin_1 title=about:blank – Google Chrome for Testing]
[2026-10-03T13:45:27.333Z]   t=1799 tree=10 fgInTree=False fg=[hwnd=0x111E6 pid=54008 class=Chrome_WidgetWin_1 title=<cut>] visible=1 first=[hwnd=0x1106F8 pid=57224 class=Chrome_WidgetWin_1 title=about:blank – Google Chrome for Testing]
[2026-10-03T13:45:27.341Z]   t=2104 tree=10 fgInTree=False fg=[hwnd=0x111E6 pid=54008 class=Chrome_WidgetWin_1 title=<cut>] visible=1 first=[hwnd=0x1106F8 pid=57224 class=Chrome_WidgetWin_1 title=about:blank – Google Chrome for Testing]
[2026-10-03T13:45:27.350Z]   t=2404 tree=10 fgInTree=False fg=[hwnd=0x111E6 pid=54008 class=Chrome_WidgetWin_1 title=<cut>] visible=1 first=[hwnd=0x1106F8 pid=57224 class=Chrome_WidgetWin_1 title=about:blank – Google Chrome for Testing]
[2026-10-03T13:45:27.357Z]   t=2830 tree=10 fgInTree=False fg=[hwnd=0x111E6 pid=54008 class=Chrome_WidgetWin_1 title=<cut>] visible=1 first=[hwnd=0x1106F8 pid=57224 class=Chrome_WidgetWin_1 title=about:blank – Google Chrome for Testing]
[2026-10-03T13:45:27.367Z]   t=3114 tree=11 fgInTree=False fg=[hwnd=0x111E6 pid=54008 class=Chrome_WidgetWin_1 title=<cut>] visible=1 first=[hwnd=0x1106F8 pid=57224 class=Chrome_WidgetWin_1 title=about:blank – Google Chrome for Testing]
[2026-10-03T13:45:27.375Z]   t=3393 tree=12 fgInTree=False fg=[hwnd=0x111E6 pid=54008 class=Chrome_WidgetWin_1 title=<cut>] visible=1 first=[hwnd=0x1106F8 pid=57224 class=Chrome_WidgetWin_1 title=about:blank – Google Chrome for Testing]
[2026-10-03T13:45:27.382Z]   t=3676 tree=12 fgInTree=False fg=[hwnd=0x111E6 pid=54008 class=Chrome_WidgetWin_1 title=<cut>] visible=1 first=[hwnd=0x1106F8 pid=57224 class=Chrome_WidgetWin_1 title=about:blank – Google Chrome for Testing]
[2026-10-03T13:45:27.391Z]   t=3949 tree=12 fgInTree=False fg=[hwnd=0x111E6 pid=54008 class=Chrome_WidgetWin_1 title=<cut>] visible=1 first=[hwnd=0x1106F8 pid=57224 class=Chrome_WidgetWin_1 title=about:blank – Google Chrome for Testing]
[2026-10-03T13:45:27.400Z]   t=4223 tree=15 fgInTree=False fg=[hwnd=0x111E6 pid=54008 class=Chrome_WidgetWin_1 title=<cut>] visible=1 first=[hwnd=0x1106F8 pid=57224 class=Chrome_WidgetWin_1 title=about:blank – Google Chrome for Testing]
[2026-10-03T13:45:27.408Z]   t=4499 tree=16 fgInTree=False fg=[hwnd=0x111E6 pid=54008 class=Chrome_WidgetWin_1 title=<cut>] visible=1 first=[hwnd=0x1106F8 pid=57224 class=Chrome_WidgetWin_1 title=about:blank – Google Chrome for Testing]
[2026-10-03T13:45:27.416Z]   t=4769 tree=16 fgInTree=False fg=[hwnd=0x111E6 pid=54008 class=Chrome_WidgetWin_1 title=<cut>] visible=1 first=[hwnd=0x1106F8 pid=57224 class=Chrome_WidgetWin_1 title=about:blank – Google Chrome for Testing]
[2026-10-03T13:45:27.423Z]   t=5044 tree=16 fgInTree=False fg=[hwnd=0x111E6 pid=54008 class=Chrome_WidgetWin_1 title=<cut>] visible=1 first=[hwnd=0x1106F8 pid=57224 class=Chrome_WidgetWin_1 title=about:blank – Google Chrome for Testing]
[2026-10-03T13:45:27.431Z]   TREE 57224,62144,25068,70256,65260,38764,72220,63368,66512,48440,13572,55688,71332,27552,16400,9112
[2026-10-03T13:45:28.971Z]   ended at 13:45:28.971Z; still alive from the tree: 0; foreground after: pid=54008
[2026-10-03T13:45:28.984Z] --- ARM chromium-noflag: foreground before launch pid=54008 ancestor=True
[2026-10-03T13:45:34.005Z]   t=0 launched pid=68572 flag=False
[2026-10-03T13:45:34.015Z]   t=285 tree=5 fgInTree=False fg=[hwnd=0x111E6 pid=54008 class=Chrome_WidgetWin_1 title=<cut>] visible=0
[2026-10-03T13:45:34.023Z]   t=569 tree=9 fgInTree=True fg=[hwnd=0x141602 pid=68572 class=Chrome_WidgetWin_1 title=about:blank – Google Chrome for Testing] visible=1 first=[hwnd=0x141602 pid=68572 class=Chrome_WidgetWin_1 title=about:blank – Google Chrome for Testing]
[2026-10-03T13:45:34.032Z]   t=857 tree=11 fgInTree=True fg=[hwnd=0x141602 pid=68572 class=Chrome_WidgetWin_1 title=about:blank – Google Chrome for Testing] visible=1 first=[hwnd=0x141602 pid=68572 class=Chrome_WidgetWin_1 title=about:blank – Google Chrome for Testing]
[2026-10-03T13:45:34.040Z]   t=1132 tree=11 fgInTree=True fg=[hwnd=0x141602 pid=68572 class=Chrome_WidgetWin_1 title=about:blank – Google Chrome for Testing] visible=1 first=[hwnd=0x141602 pid=68572 class=Chrome_WidgetWin_1 title=about:blank – Google Chrome for Testing]
[2026-10-03T13:45:34.047Z]   t=1412 tree=11 fgInTree=True fg=[hwnd=0x141602 pid=68572 class=Chrome_WidgetWin_1 title=about:blank – Google Chrome for Testing] visible=1 first=[hwnd=0x141602 pid=68572 class=Chrome_WidgetWin_1 title=about:blank – Google Chrome for Testing]
[2026-10-03T13:45:34.057Z]   t=1697 tree=11 fgInTree=True fg=[hwnd=0x141602 pid=68572 class=Chrome_WidgetWin_1 title=about:blank – Google Chrome for Testing] visible=1 first=[hwnd=0x141602 pid=68572 class=Chrome_WidgetWin_1 title=about:blank – Google Chrome for Testing]
[2026-10-03T13:45:34.066Z]   t=1979 tree=11 fgInTree=True fg=[hwnd=0x141602 pid=68572 class=Chrome_WidgetWin_1 title=about:blank – Google Chrome for Testing] visible=1 first=[hwnd=0x141602 pid=68572 class=Chrome_WidgetWin_1 title=about:blank – Google Chrome for Testing]
[2026-10-03T13:45:34.076Z]   t=2251 tree=11 fgInTree=True fg=[hwnd=0x141602 pid=68572 class=Chrome_WidgetWin_1 title=about:blank – Google Chrome for Testing] visible=1 first=[hwnd=0x141602 pid=68572 class=Chrome_WidgetWin_1 title=about:blank – Google Chrome for Testing]
[2026-10-03T13:45:34.084Z]   t=2523 tree=11 fgInTree=True fg=[hwnd=0x141602 pid=68572 class=Chrome_WidgetWin_1 title=about:blank – Google Chrome for Testing] visible=1 first=[hwnd=0x141602 pid=68572 class=Chrome_WidgetWin_1 title=about:blank – Google Chrome for Testing]
[2026-10-03T13:45:34.095Z]   t=2813 tree=12 fgInTree=True fg=[hwnd=0x141602 pid=68572 class=Chrome_WidgetWin_1 title=about:blank – Google Chrome for Testing] visible=1 first=[hwnd=0x141602 pid=68572 class=Chrome_WidgetWin_1 title=about:blank – Google Chrome for Testing]
[2026-10-03T13:45:34.103Z]   t=3086 tree=12 fgInTree=True fg=[hwnd=0x141602 pid=68572 class=Chrome_WidgetWin_1 title=about:blank – Google Chrome for Testing] visible=1 first=[hwnd=0x141602 pid=68572 class=Chrome_WidgetWin_1 title=about:blank – Google Chrome for Testing]
[2026-10-03T13:45:34.114Z]   t=3360 tree=12 fgInTree=True fg=[hwnd=0x141602 pid=68572 class=Chrome_WidgetWin_1 title=about:blank – Google Chrome for Testing] visible=1 first=[hwnd=0x141602 pid=68572 class=Chrome_WidgetWin_1 title=about:blank – Google Chrome for Testing]
[2026-10-03T13:45:34.123Z]   t=3640 tree=12 fgInTree=True fg=[hwnd=0x141602 pid=68572 class=Chrome_WidgetWin_1 title=about:blank – Google Chrome for Testing] visible=1 first=[hwnd=0x141602 pid=68572 class=Chrome_WidgetWin_1 title=about:blank – Google Chrome for Testing]
[2026-10-03T13:45:34.130Z]   t=3912 tree=13 fgInTree=True fg=[hwnd=0x141602 pid=68572 class=Chrome_WidgetWin_1 title=about:blank – Google Chrome for Testing] visible=1 first=[hwnd=0x141602 pid=68572 class=Chrome_WidgetWin_1 title=about:blank – Google Chrome for Testing]
[2026-10-03T13:45:34.139Z]   t=4189 tree=13 fgInTree=True fg=[hwnd=0x141602 pid=68572 class=Chrome_WidgetWin_1 title=about:blank – Google Chrome for Testing] visible=1 first=[hwnd=0x141602 pid=68572 class=Chrome_WidgetWin_1 title=about:blank – Google Chrome for Testing]
[2026-10-03T13:45:34.146Z]   t=4463 tree=14 fgInTree=True fg=[hwnd=0x141602 pid=68572 class=Chrome_WidgetWin_1 title=about:blank – Google Chrome for Testing] visible=1 first=[hwnd=0x141602 pid=68572 class=Chrome_WidgetWin_1 title=about:blank – Google Chrome for Testing]
[2026-10-03T13:45:34.157Z]   t=4737 tree=14 fgInTree=True fg=[hwnd=0x141602 pid=68572 class=Chrome_WidgetWin_1 title=about:blank – Google Chrome for Testing] visible=1 first=[hwnd=0x141602 pid=68572 class=Chrome_WidgetWin_1 title=about:blank – Google Chrome for Testing]
[2026-10-03T13:45:34.165Z]   t=5009 tree=14 fgInTree=True fg=[hwnd=0x141602 pid=68572 class=Chrome_WidgetWin_1 title=about:blank – Google Chrome for Testing] visible=1 first=[hwnd=0x141602 pid=68572 class=Chrome_WidgetWin_1 title=about:blank – Google Chrome for Testing]
[2026-10-03T13:45:34.177Z]   TREE 68572,15956,27840,66040,48228,70352,70140,71820,70284,26528,72572,72224,25880,47736
[2026-10-03T13:45:35.746Z]   ended at 13:45:35.746Z; still alive from the tree: 0; foreground after: pid=54008
[2026-10-03T13:45:35.757Z] done
