[update:12112] [13:46:37] [INFO] --
[update:12112] [13:46:37] [INFO] Starting Velopack Updater (1.2.158)
[update:12112] [13:46:37] [INFO]     Location: "C:\\Users\\jori\\Downloads\\tmp-coordinator-lifecycle\\root\\Update.exe"
[update:12112] [13:46:37] [INFO]     CWD: "C:\\Users\\jori\\Downloads\\tmp-coordinator-lifecycle\\root"
[update:12112] [13:46:37] [INFO]     Verbose: true
[update:12112] [13:46:37] [INFO]     Silent: true
[update:12112] [13:46:37] [INFO]     Root Directory: None
[update:12112] [13:46:37] [INFO]     Log File: "C:\\Source\\SixFive7\\BrowserAI\\.work\\coordinator-lifecycle\\logs\\uninstall.log"
[update:12112] [13:46:37] [INFO]     Context: IAmUpdateExe
[update:12112] [13:46:37] [INFO] Command: Uninstall
[update:12112] [13:46:37] [INFO] Auto-locating app manifest...
[update:12112] [13:46:37] [INFO] Root directory 'C:\Users\jori\Downloads\tmp-coordinator-lifecycle\root' writable: true
[update:12112] [13:46:37] [INFO] Using root packages directory: C:\Users\jori\Downloads\tmp-coordinator-lifecycle\root\packages
[update:12112] [13:46:37] [INFO] Command: Uninstall
[update:12112] [13:46:37] [INFO] Checking for running processes in: C:\Users\jori\Downloads\tmp-coordinator-lifecycle\root
[update:12112] [13:46:37] [INFO] Inspected 675 running processes in 210ms, 1 matched directory
[update:12112] [13:46:37] [WARN] Skipping killing self: C:\Users\jori\Downloads\tmp-coordinator-lifecycle\root\Update.exe (12112)
[update:12112] [13:46:37] [INFO] Force-stop check complete.
[update:12112] [13:46:37] [INFO] Running --veloapp-uninstall hook...
[update:12112] [13:46:37] [INFO] About to launch: 'WideString("C:\\Users\\jori\\Downloads\\tmp-coordinator-lifecycle\\root\\current\\BrowserAI.exe")' in dir 'Some(WideString("C:\\Users\\jori\\Downloads\\tmp-coordinator-lifecycle\\root\\current"))' with arguments: WideString("\"C:\\Users\\jori\\Downloads\\tmp-coordinator-lifecycle\\root\\current\\BrowserAI.exe\" --veloapp-uninstall 1.1.1\0")
[update:12112] [13:46:37] [INFO] Environment block present: true, flags: PROCESS_CREATION_FLAGS(134218752)
[update:12112] [13:46:37] [INFO] Waiting 60000ms for process handle to exit.
[update:12112] [13:46:38] [INFO] Hook executed successfully (took 536.6964ms)
[update:12112] [13:46:38] [INFO] Checking for running processes in: C:\Users\jori\Downloads\tmp-coordinator-lifecycle\root
[update:12112] [13:46:38] [INFO] Inspected 674 running processes in 199ms, 1 matched directory
[update:12112] [13:46:38] [WARN] Skipping killing self: C:\Users\jori\Downloads\tmp-coordinator-lifecycle\root\Update.exe (12112)
[update:12112] [13:46:38] [INFO] Force-stop check complete.
[update:12112] [13:46:38] [INFO] COM context initialized in 5ms
[update:12112] [13:46:38] [INFO] Searching for shortcuts containing root: '"C:\\Users\\jori\\Downloads\\tmp-coordinator-lifecycle\\root"'
[update:12112] [13:46:38] [INFO] Searching for shortcuts in: ShortcutLocationFlags(DESKTOP) (C:\Users\jori\Desktop/*.lnk)
[update:12112] [13:46:38] [INFO] Searching for shortcuts in: ShortcutLocationFlags(STARTUP) (C:\Users\jori\AppData\Roaming\Microsoft\Windows\Start Menu\Programs\Startup/*.lnk)
[update:12112] [13:46:38] [INFO] Searching for shortcuts in: ShortcutLocationFlags(START_MENU) (C:\Users\jori\AppData\Roaming\Microsoft\Windows\Start Menu\Programs/**/*.lnk)
[update:12112] [13:46:38] [TRACE] (3) velopack_bins::windows::shortcuts: [src\bins\src\windows\shortcuts.rs:330] Checking shortcut: '"C:\\Users\\jori\\AppData\\Roaming\\Microsoft\\Windows\\Start Menu\\Programs\\BrowserAI (suite).lnk"'
[update:12112] [13:46:38] [DEBUG] (3) velopack_bins::windows::shortcuts: Loading link: "C:\\Users\\jori\\AppData\\Roaming\\Microsoft\\Windows\\Start Menu\\Programs\\BrowserAI (suite).lnk"
[update:12112] [13:46:38] [INFO] Selected shortcut for update '"C:\\Users\\jori\\AppData\\Roaming\\Microsoft\\Windows\\Start Menu\\Programs\\BrowserAI (suite).lnk"' because target '"C:\\Users\\jori\\Downloads\\tmp-coordinator-lifecycle\\root\\current\\BrowserAI.exe"' matched.
[update:12112] [13:46:39] [INFO] Searching for shortcuts in: ShortcutLocationFlags(USER_PINNED) (C:\Users\jori\AppData\Roaming\Microsoft\Internet Explorer\Quick Launch\User Pinned/**/*.lnk)
[update:12112] [13:46:39] [INFO] Removing shortcut '"C:\\Users\\jori\\AppData\\Roaming\\Microsoft\\Windows\\Start Menu\\Programs\\BrowserAI (suite).lnk"' (ShortcutLocationFlags(START_MENU)).
[update:12112] [13:46:39] [INFO] Removing directory '"C:\\Users\\jori\\Downloads\\tmp-coordinator-lifecycle\\root"'
[update:12112] [13:46:39] [INFO] Removing directory '"C:\\Users\\jori\\AppData\\Local\\Temp\\velopack_BrowserAI.app.test"'
[update:12112] [13:46:39] [INFO] Removing uninstall registry keys...
[update:12112] [13:46:39] [INFO] Finished successfully.
[update:12112] [13:46:39] [INFO] Scheduling removal of install directory...
[update:12112] [13:46:39] [INFO] Running: cmd.exe /C choice /C Y /N /D Y /T 3 & rmdir /s /q "C:\Users\jori\Downloads\tmp-coordinator-lifecycle\root"
