Downloading Chrome Headless Shell 155.0.8059.12 (playwright chromium-headless-shell v1247) from https://cdn.playwright.dev/builds/cft/155.0.8059.12/win64/chrome-headless-shell-win64.zip
|                                                                                |   0% of 119.3 MiB
|■■■■■■■■                                                                        |  10% of 119.3 MiB
|■■■■■■■■■■■■■■■■                                                                |  20% of 119.3 MiB
|■■■■■■■■■■■■■■■■■■■■■■■■                                                        |  30% of 119.3 MiB
|■■■■■■■■■■■■■■■■■■■■■■■■■■■■■■■■                                                |  40% of 119.3 MiB
|■■■■■■■■■■■■■■■■■■■■■■■■■■■■■■■■■■■■■■■■                                        |  50% of 119.3 MiB
|■■■■■■■■■■■■■■■■■■■■■■■■■■■■■■■■■■■■■■■■■■■■■■■■                                |  60% of 119.3 MiB
|■■■■■■■■■■■■■■■■■■■■■■■■■■■■■■■■■■■■■■■■■■■■■■■■■■■■■■■■                        |  70% of 119.3 MiB
|■■■■■■■■■■■■■■■■■■■■■■■■■■■■■■■■■■■■■■■■■■■■■■■■■■■■■■■■■■■■■■■■                |  80% of 119.3 MiB
|■■■■■■■■■■■■■■■■■■■■■■■■■■■■■■■■■■■■■■■■■■■■■■■■■■■■■■■■■■■■■■■■■■■■■■■■        |  90% of 119.3 MiB
|■■■■■■■■■■■■■■■■■■■■■■■■■■■■■■■■■■■■■■■■■■■■■■■■■■■■■■■■■■■■■■■■■■■■■■■■■■■■■■■■| 100% of 119.3 MiB
Chrome Headless Shell 155.0.8059.12 (playwright chromium-headless-shell v1247) downloaded to C:\Source\SixFive7\BrowserAI\.work\upstream-drafts\browsers\chromium_headless_shell-1247
Downloading Firefox 156.0 (playwright firefox v1553) from https://cdn.playwright.dev/dbazure/download/playwright/builds/firefox/1553/firefox-win64.zip
|                                                                                |   0% of 123.4 MiB
|■■■■■■■■                                                                        |  10% of 123.4 MiB
|■■■■■■■■■■■■■■■■                                                                |  20% of 123.4 MiB
|■■■■■■■■■■■■■■■■■■■■■■■■                                                        |  30% of 123.4 MiB
|■■■■■■■■■■■■■■■■■■■■■■■■■■■■■■■■                                                |  40% of 123.4 MiB
|■■■■■■■■■■■■■■■■■■■■■■■■■■■■■■■■■■■■■■■■                                        |  50% of 123.4 MiB
|■■■■■■■■■■■■■■■■■■■■■■■■■■■■■■■■■■■■■■■■■■■■■■■■                                |  60% of 123.4 MiB
|■■■■■■■■■■■■■■■■■■■■■■■■■■■■■■■■■■■■■■■■■■■■■■■■■■■■■■■■                        |  70% of 123.4 MiB
|■■■■■■■■■■■■■■■■■■■■■■■■■■■■■■■■■■■■■■■■■■■■■■■■■■■■■■■■■■■■■■■■                |  80% of 123.4 MiB
|■■■■■■■■■■■■■■■■■■■■■■■■■■■■■■■■■■■■■■■■■■■■■■■■■■■■■■■■■■■■■■■■■■■■■■■■        |  90% of 123.4 MiB
|■■■■■■■■■■■■■■■■■■■■■■■■■■■■■■■■■■■■■■■■■■■■■■■■■■■■■■■■■■■■■■■■■■■■■■■■■■■■■■■■| 100% of 123.4 MiB
Firefox 156.0 (playwright firefox v1553) downloaded to C:\Source\SixFive7\BrowserAI\.work\upstream-drafts\browsers\firefox-1553
mcp083 rc=0
