2026-09-23T21:42:53.085Z SEND id=1 initialize {"clientInfo":{"name":"probe-driver","title":"probe","version":"1.0.0"}}
2026-09-23T21:42:53.182Z RESP id=1 {"userAgent":"probe-driver/0.155.0-alpha.9.2 (Windows 10.0.26200; x86_64) xterm-256color (probe-driver; 1.0.0)","codexHome":"C:\\Source\\SixFive7\\BrowserAI\\.work\\q254-2026-09-23\\codexhome","platformFamily":"windows","platformOs":"windows"}
2026-09-23T21:42:53.183Z NOTE remoteControl/status/changed {"status":"disabled","serverName":"pc657","installationId":"265f753b-eb8f-4a66-ad90-761833df1a3f","environmentId":null}
2026-09-23T21:42:53.184Z SEND id=2 thread/start {}
2026-09-23T21:42:53.347Z RESP id=2 {"thread":{"id":"01a0d038-b807-7c83-b2ff-1afd963a2f00","environments":[{"environmentId":"local","cwd":"C:\\Source\\SixFive7\\BrowserAI\\.work\\q254-2026-09-23","runtimeWorkspaceRoots":["C:\\Source\\SixFive7\\BrowserAI\\.work\\q254-2026-09-23"]}],"extra":null,"sessionId":"01a0d038-b807-7c83-b2ff-1afd963a2f00","forkedFromId":null,"parentThreadId":null,"preview":"","ephemeral":false,"section":null,"sectionEnteredAt":null,"projectId":null,"historyMode":"paginated","modelProvider":"stub","model":"stub-model","reasoningEffort":null,"createdAt":1790199773,"updatedAt":1790199773,"recencyAt":1790199773,"status":{"type":"idle"},"path":"C:\\Source\\SixFive7\\BrowserAI\\.work\\q254-2026-09-23\\codexhome\\sessions\\2026\\09\\23\\rollout-2026-09-23T23-42-53-01a0d038-b807-7c83-b2ff-1afd963a2f00.jsonl","cwd":"C:\\Source\\SixFive7\\BrowserAI\\.work\\q254-2026-09-23","cliVersion":"0.155.0-alpha.9.2","orig
2026-09-23T21:42:53.348Z THREAD_ID=01a0d038-b807-7c83-b2ff-1afd963a2f00
2026-09-23T21:42:53.348Z MARKER CALL 1
2026-09-23T21:42:53.349Z SEND id=3 mcpServer/tool/call {"threadId":"01a0d038-b807-7c83-b2ff-1afd963a2f00","server":"probe","tool":"ping","arguments":{"note":"call1"}}
2026-09-23T21:42:53.349Z NOTE thread/started {"thread":{"id":"01a0d038-b807-7c83-b2ff-1afd963a2f00","environments":[{"environmentId":"local","cwd":"C:\\Source\\SixFive7\\BrowserAI\\.work\\q254-2026-09-23","runtimeWorkspaceRoots":["C:\\Source\\SixFive7\\BrowserAI\\.work\\q254-2026-09-23"]}],"extra":null,"sessionId":"01a0d038-b807-7c83-b2ff-1afd963a2f00","forkedFromId":null,"parentThreadId":null,"preview":"","ephemeral":false,"section":null,"sectionEnteredAt":null,"projectId":null,"historyMode":"paginated","modelProvider":"stub","model":"stub-model","reasoningEffort":null,"createdAt":1790199773,"updatedAt":1790199773,"recencyAt":1790199773,"status":{"type":"idle"},"path":"C:\\Source\\SixFive7\\BrowserAI\\.work\\q254-2026-09-23\\codexhome
2026-09-23T21:42:53.350Z NOTE mcpServer/startupStatus/updated {"threadId":"01a0d038-b807-7c83-b2ff-1afd963a2f00","name":"probe","status":"starting","error":null,"failureReason":null}
2026-09-23T21:42:53.397Z NOTE mcpServer/startupStatus/updated {"threadId":"01a0d038-b807-7c83-b2ff-1afd963a2f00","name":"probe","status":"ready","error":null,"failureReason":null}
2026-09-23T21:42:53.398Z RESP id=3 {"content":[{"type":"text","text":"pong #1 from D0-pid46624-1790199773387. note=call1. RESULT-MARKER-EXITING: this server is about to exit for a staged update."}],"isError":false}
2026-09-23T21:42:55.413Z MARKER CALL 2 after the server exited
2026-09-23T21:42:55.415Z SEND id=4 mcpServer/tool/call {"threadId":"01a0d038-b807-7c83-b2ff-1afd963a2f00","server":"probe","tool":"ping","arguments":{"note":"call2"}}
2026-09-23T21:42:55.422Z RESP id=4 {"code":-32603,"message":"tool call failed for `probe/ping`: Transport closed"}
2026-09-23T21:42:55.423Z MARKER RELOAD
2026-09-23T21:42:55.423Z SEND id=5 config/mcpServer/reload {}
2026-09-23T21:42:55.436Z RESP id=5 {}
2026-09-23T21:42:55.437Z NOTE mcpServer/startupStatus/updated {"threadId":"01a0d038-b807-7c83-b2ff-1afd963a2f00","name":"probe","status":"starting","error":null,"failureReason":null}
2026-09-23T21:42:55.526Z NOTE mcpServer/startupStatus/updated {"threadId":"01a0d038-b807-7c83-b2ff-1afd963a2f00","name":"probe","status":"ready","error":null,"failureReason":null}
2026-09-23T21:42:57.440Z MARKER CALL 3 after config/mcpServer/reload
2026-09-23T21:42:57.441Z SEND id=6 mcpServer/tool/call {"threadId":"01a0d038-b807-7c83-b2ff-1afd963a2f00","server":"probe","tool":"ping","arguments":{"note":"call3"}}
2026-09-23T21:42:57.443Z RESP id=6 {"content":[{"type":"text","text":"pong #1 from D0-pid90528-1790199775516. note=call3. RESULT-MARKER-EXITING: this server is about to exit for a staged update."}],"isError":false}
2026-09-23T21:42:58.945Z DONE
