2026-09-23T21:46:43.498Z SEND id=1 initialize {"clientInfo":{"name":"probe-driver","title":"probe","version":"1.0.0"},"capabilities":{"experimentalApi":true}}
2026-09-23T21:46:43.632Z RESP id=1 {"userAgent":"probe-driver/0.155.0-alpha.9.2 (Windows 10.0.26200; x86_64) xterm-256color (probe-driver; 1.0.0)","codexHome":"C:\\Source\\SixFive7\\BrowserAI\\.work\\q254-2026-09-23\\codexhome","platformFamily":"windows","platformOs":"windows"}
2026-09-23T21:46:43.633Z NOTE remoteControl/status/changed {"status":"disabled","serverName":"pc657","installationId":"265f753b-eb8f-4a66-ad90-761833df1a3f","environmentId":null}
2026-09-23T21:46:43.634Z SEND id=2 thread/start {}
2026-09-23T21:46:43.801Z RESP id=2 {"thread":{"id":"01a0d03c-3c3a-7871-9f19-bf4e2489ddd9","environments":[{"environmentId":"local","cwd":"C:\\Source\\SixFive7\\BrowserAI\\.work\\q254-2026-09-23","runtimeWorkspaceRoots":["C:\\Source\\SixFive7\\BrowserAI\\.work\\q254-2026-09-23"]}],"extra":null,"sessionId":"01a0d03c-3c3a-7871-9f19-bf4e2489ddd9","forkedFromId":null,"parentThreadId":null,"preview":"","ephemeral":false,"section":null,"sectionEnteredAt":null,"projectId":null,"historyMode":"paginated","modelProvider":"stub","model":"stub-model","reasoningEffort":null,"createdAt":1790200003,"updatedAt":1790200003,"recencyAt":1790200003,"status":{"type":"idle"},"path":"C:\\Source\\SixFive7\\BrowserAI\\.work\\q254-2026-09-23\\codexhome\\sessions\\2026\\09\\23\\rollout-2026-09-23T23-46-43-01a0d03c-3c3a-7871-9f19-bf4e2489ddd9.jsonl","cwd":"C:\\Source\\SixFive7\\BrowserAI\\.work\\q254-2026-09-23","cliVersion":"0.155.0-alpha.9.2","orig
2026-09-23T21:46:43.802Z THREAD_ID=01a0d03c-3c3a-7871-9f19-bf4e2489ddd9
2026-09-23T21:46:43.802Z SEND id=3 mcpServer/tool/call {"threadId":"01a0d03c-3c3a-7871-9f19-bf4e2489ddd9","server":"probe","tool":"ping","arguments":{"note":"c1"}}
2026-09-23T21:46:43.803Z NOTE thread/started {"thread":{"id":"01a0d03c-3c3a-7871-9f19-bf4e2489ddd9","environments":[{"environmentId":"local","cwd":"C:\\Source\\SixFive7\\BrowserAI\\.work\\q254-2026-09-23","runtimeWorkspaceRoots":["C:\\Source\\SixFive7\\BrowserAI\\.work\\q254-2026-09-23"]}],"extra":null,"sessionId":"01a0d03c-3c3a-7871-9f19-bf4e2489ddd9","forkedFromId":null,"parentThreadId":null,"preview":"","ephemeral":false,"section":null,"sectionEnteredAt":null,"projectId":null,"historyMode":"paginated","modelProvider":"stub","model":"stub-model","reasoningEffort":null,"createdAt":1790200003,"updatedAt":1790200003,"recencyAt":1790200003,"status":{"type":"idle"},"path":"C:\\Source\\SixFive7\\BrowserAI\\.work\\q254-2026-09-23\\codexhome
2026-09-23T21:46:43.803Z NOTE mcpServer/startupStatus/updated {"threadId":"01a0d03c-3c3a-7871-9f19-bf4e2489ddd9","name":"probe","status":"starting","error":null,"failureReason":null}
2026-09-23T21:46:43.869Z NOTE mcpServer/startupStatus/updated {"threadId":"01a0d03c-3c3a-7871-9f19-bf4e2489ddd9","name":"probe","status":"ready","error":null,"failureReason":null}
2026-09-23T21:46:43.870Z RESP id=3 {"content":[{"type":"text","text":"pong #1 from G1-pid71924-1790200003854. note=c1. RESULT-MARKER-EXITING: this server is about to exit for a staged update."}],"isError":false}
2026-09-23T21:46:45.873Z MARKER BASELINE call2 (no trigger)
2026-09-23T21:46:45.874Z SEND id=4 mcpServer/tool/call {"threadId":"01a0d03c-3c3a-7871-9f19-bf4e2489ddd9","server":"probe","tool":"ping","arguments":{"note":"c2"}}
2026-09-23T21:46:45.876Z RESP id=4 {"code":-32603,"message":"tool call failed for `probe/ping`: Transport closed"}
2026-09-23T21:46:45.876Z MARKER TRIGGER thread/settings/update with a new cwd (what TUI /cd does)
2026-09-23T21:46:45.877Z SEND id=5 thread/settings/update {"threadId":"01a0d03c-3c3a-7871-9f19-bf4e2489ddd9","cwd":"C:/Source/SixFive7/BrowserAI/.work/q254-2026-09-23/proj2"}
2026-09-23T21:46:45.878Z RESP id=5 {}
2026-09-23T21:46:45.878Z NOTE thread/settings/updated {"threadId":"01a0d03c-3c3a-7871-9f19-bf4e2489ddd9","threadSettings":{"disabledPluginIds":[],"cwd":"C:\\Source\\SixFive7\\BrowserAI\\.work\\q254-2026-09-23\\proj2","approvalPolicy":"never","approvalsReviewer":"user","sandboxPolicy":{"type":"readOnly","networkAccess":false},"activePermissionProfile":null,"model":"stub-model","modelProvider":"stub","serviceTier":null,"effort":null,"summary":null,"collaborationMode":{"mode":"default","settings":{"model":"stub-model","reasoning_effort":null,"developer_instructions":null}},"multiAgentMode":"explicitRequestOnly","personality":null}}
2026-09-23T21:46:45.879Z NOTE mcpServer/startupStatus/updated {"threadId":"01a0d03c-3c3a-7871-9f19-bf4e2489ddd9","name":"probe","status":"starting","error":null,"failureReason":null}
2026-09-23T21:46:45.938Z NOTE mcpServer/startupStatus/updated {"threadId":"01a0d03c-3c3a-7871-9f19-bf4e2489ddd9","name":"probe","status":"ready","error":null,"failureReason":null}
2026-09-23T21:46:47.888Z MARKER call3 after settings update
2026-09-23T21:46:47.889Z SEND id=6 mcpServer/tool/call {"threadId":"01a0d03c-3c3a-7871-9f19-bf4e2489ddd9","server":"probe","tool":"ping","arguments":{"note":"c3"}}
2026-09-23T21:46:47.891Z RESP id=6 {"content":[{"type":"text","text":"pong #1 from G1-pid118560-1790200005925. note=c3. RESULT-MARKER-EXITING: this server is about to exit for a staged update."}],"isError":false}
2026-09-23T21:46:49.400Z DONE
