2026-09-23T21:47:00.105Z SEND id=1 initialize {"clientInfo":{"name":"probe-driver","title":"probe","version":"1.0.0"},"capabilities":{"experimentalApi":true}}
2026-09-23T21:47:00.220Z RESP id=1 {"userAgent":"probe-driver/0.155.0-alpha.9.2 (Windows 10.0.26200; x86_64) xterm-256color (probe-driver; 1.0.0)","codexHome":"C:\\Source\\SixFive7\\BrowserAI\\.work\\q254-2026-09-23\\codexhome","platformFamily":"windows","platformOs":"windows"}
2026-09-23T21:47:00.221Z SEND id=2 thread/start {}
2026-09-23T21:47:00.222Z NOTE remoteControl/status/changed {"status":"disabled","serverName":"pc657","installationId":"265f753b-eb8f-4a66-ad90-761833df1a3f","environmentId":null}
2026-09-23T21:47:00.367Z RESP id=2 {"thread":{"id":"01a0d03c-7d05-79c2-aa8b-8d0a6c97c704","environments":[{"environmentId":"local","cwd":"C:\\Source\\SixFive7\\BrowserAI\\.work\\q254-2026-09-23","runtimeWorkspaceRoots":["C:\\Source\\SixFive7\\BrowserAI\\.work\\q254-2026-09-23"]}],"extra":null,"sessionId":"01a0d03c-7d05-79c2-aa8b-8d0a6c97c704","forkedFromId":null,"parentThreadId":null,"preview":"","ephemeral":false,"section":null,"sectionEnteredAt":null,"projectId":null,"historyMode":"paginated","modelProvider":"stub","model":"stub-model","reasoningEffort":null,"createdAt":1790200020,"updatedAt":1790200020,"recencyAt":1790200020,"status":{"type":"idle"},"path":"C:\\Source\\SixFive7\\BrowserAI\\.work\\q254-2026-09-23\\codexhome\\sessions\\2026\\09\\23\\rollout-2026-09-23T23-47-00-01a0d03c-7d05-79c2-aa8b-8d0a6c97c704.jsonl","cwd":"C:\\Source\\SixFive7\\BrowserAI\\.work\\q254-2026-09-23","cliVersion":"0.155.0-alpha.9.2","orig
2026-09-23T21:47:00.368Z NOTE thread/started {"thread":{"id":"01a0d03c-7d05-79c2-aa8b-8d0a6c97c704","environments":[{"environmentId":"local","cwd":"C:\\Source\\SixFive7\\BrowserAI\\.work\\q254-2026-09-23","runtimeWorkspaceRoots":["C:\\Source\\SixFive7\\BrowserAI\\.work\\q254-2026-09-23"]}],"extra":null,"sessionId":"01a0d03c-7d05-79c2-aa8b-8d0a6c97c704","forkedFromId":null,"parentThreadId":null,"preview":"","ephemeral":false,"section":null,"sectionEnteredAt":null,"projectId":null,"historyMode":"paginated","modelProvider":"stub","model":"stub-model","reasoningEffort":null,"createdAt":1790200020,"updatedAt":1790200020,"recencyAt":1790200020,"status":{"type":"idle"},"path":"C:\\Source\\SixFive7\\BrowserAI\\.work\\q254-2026-09-23\\codexhome
2026-09-23T21:47:00.368Z THREAD_ID=01a0d03c-7d05-79c2-aa8b-8d0a6c97c704
2026-09-23T21:47:00.368Z SEND id=3 mcpServer/tool/call {"threadId":"01a0d03c-7d05-79c2-aa8b-8d0a6c97c704","server":"probe","tool":"ping","arguments":{"note":"c1"}}
2026-09-23T21:47:00.369Z NOTE mcpServer/startupStatus/updated {"threadId":"01a0d03c-7d05-79c2-aa8b-8d0a6c97c704","name":"probe","status":"starting","error":null,"failureReason":null}
2026-09-23T21:47:00.474Z NOTE mcpServer/startupStatus/updated {"threadId":"01a0d03c-7d05-79c2-aa8b-8d0a6c97c704","name":"probe","status":"ready","error":null,"failureReason":null}
2026-09-23T21:47:00.475Z RESP id=3 {"content":[{"type":"text","text":"pong #1 from G3-pid50840-1790200020463. note=c1. RESULT-MARKER-EXITING: this server is about to exit for a staged update."}],"isError":false}
2026-09-23T21:47:02.477Z MARKER BASELINE call2 (no trigger)
2026-09-23T21:47:02.478Z SEND id=4 mcpServer/tool/call {"threadId":"01a0d03c-7d05-79c2-aa8b-8d0a6c97c704","server":"probe","tool":"ping","arguments":{"note":"c2"}}
2026-09-23T21:47:02.479Z RESP id=4 {"code":-32603,"message":"tool call failed for `probe/ping`: Transport closed"}
2026-09-23T21:47:02.479Z MARKER TRIGGER thread/settings/update with a new cwd (what TUI /cd does)
2026-09-23T21:47:02.480Z SEND id=5 thread/settings/update {"threadId":"01a0d03c-7d05-79c2-aa8b-8d0a6c97c704","cwd":"C:/Source/SixFive7/BrowserAI/.work/q254-2026-09-23/proj2"}
2026-09-23T21:47:02.481Z RESP id=5 {}
2026-09-23T21:47:02.482Z NOTE thread/settings/updated {"threadId":"01a0d03c-7d05-79c2-aa8b-8d0a6c97c704","threadSettings":{"disabledPluginIds":[],"cwd":"C:\\Source\\SixFive7\\BrowserAI\\.work\\q254-2026-09-23\\proj2","approvalPolicy":"never","approvalsReviewer":"user","sandboxPolicy":{"type":"readOnly","networkAccess":false},"activePermissionProfile":null,"model":"stub-model","modelProvider":"stub","serviceTier":null,"effort":null,"summary":null,"collaborationMode":{"mode":"default","settings":{"model":"stub-model","reasoning_effort":null,"developer_instructions":null}},"multiAgentMode":"explicitRequestOnly","personality":null}}
2026-09-23T21:47:02.482Z NOTE mcpServer/startupStatus/updated {"threadId":"01a0d03c-7d05-79c2-aa8b-8d0a6c97c704","name":"probe","status":"starting","error":null,"failureReason":null}
2026-09-23T21:47:02.542Z NOTE mcpServer/startupStatus/updated {"threadId":"01a0d03c-7d05-79c2-aa8b-8d0a6c97c704","name":"probe","status":"ready","error":null,"failureReason":null}
2026-09-23T21:47:04.489Z MARKER call3 after settings update
2026-09-23T21:47:04.501Z SEND id=6 mcpServer/tool/call {"threadId":"01a0d03c-7d05-79c2-aa8b-8d0a6c97c704","server":"probe","tool":"ping","arguments":{"note":"c3"}}
2026-09-23T21:47:04.503Z RESP id=6 {"content":[{"type":"text","text":"pong #1 from G3-pid49048-1790200022531. note=c3. RESULT-MARKER-EXITING: this server is about to exit for a staged update."}],"isError":false}
2026-09-23T21:47:06.012Z DONE
