2026-09-23T21:49:48.287Z SEND id=1 initialize {"clientInfo":{"name":"probe-driver","title":"probe","version":"1.0.0"},"capabilities":{"experimentalApi":true}}
2026-09-23T21:49:48.423Z RESP id=1 {"userAgent":"probe-driver/0.155.0-alpha.9.2 (Windows 10.0.26200; x86_64) xterm-256color (probe-driver; 1.0.0)","codexHome":"C:\\Source\\SixFive7\\BrowserAI\\.work\\q254-2026-09-23\\codexhome","platformFamily":"windows","platformOs":"windows"}
2026-09-23T21:49:48.424Z NOTE remoteControl/status/changed {"status":"disabled","serverName":"pc657","installationId":"265f753b-eb8f-4a66-ad90-761833df1a3f","environmentId":null}
2026-09-23T21:49:48.425Z SEND id=2 thread/start {}
2026-09-23T21:49:48.597Z RESP id=2 {"thread":{"id":"01a0d03f-0e0f-77f1-a0c1-854522ca1580","environments":[{"environmentId":"local","cwd":"C:\\Source\\SixFive7\\BrowserAI\\.work\\q254-2026-09-23","runtimeWorkspaceRoots":["C:\\Source\\SixFive7\\BrowserAI\\.work\\q254-2026-09-23"]}],"extra":null,"sessionId":"01a0d03f-0e0f-77f1-a0c1-854522ca1580","forkedFromId":null,"parentThreadId":null,"preview":"","ephemeral":false,"section":null,"sectionEnteredAt":null,"projectId":null,"historyMode":"paginated","modelProvider":"stub","model":"stub-model","reasoningEffort":null,"createdAt":1790200188,"updatedAt":1790200188,"recencyAt":1790200188,"status":{"type":"idle"},"path":"C:\\Source\\SixFive7\\BrowserAI\\.work\\q254-2026-09-23\\codexhome\\sessions\\2026\\09\\23\\rollout-2026-09-23T23-49-48-01a0d03f-0e0f-77f1-a0c1-854522ca1580.jsonl","cwd":"C:\\Source\\SixFive7\\BrowserAI\\.work\\q254-2026-09-23","cliVersion":"0.155.0-alpha.9.2","orig
2026-09-23T21:49:48.598Z THREAD_ID=01a0d03f-0e0f-77f1-a0c1-854522ca1580
2026-09-23T21:49:48.598Z SEND id=3 mcpServer/tool/call {"threadId":"01a0d03f-0e0f-77f1-a0c1-854522ca1580","server":"probe","tool":"ping","arguments":{"note":"c1"}}
2026-09-23T21:49:48.599Z NOTE thread/started {"thread":{"id":"01a0d03f-0e0f-77f1-a0c1-854522ca1580","environments":[{"environmentId":"local","cwd":"C:\\Source\\SixFive7\\BrowserAI\\.work\\q254-2026-09-23","runtimeWorkspaceRoots":["C:\\Source\\SixFive7\\BrowserAI\\.work\\q254-2026-09-23"]}],"extra":null,"sessionId":"01a0d03f-0e0f-77f1-a0c1-854522ca1580","forkedFromId":null,"parentThreadId":null,"preview":"","ephemeral":false,"section":null,"sectionEnteredAt":null,"projectId":null,"historyMode":"paginated","modelProvider":"stub","model":"stub-model","reasoningEffort":null,"createdAt":1790200188,"updatedAt":1790200188,"recencyAt":1790200188,"status":{"type":"idle"},"path":"C:\\Source\\SixFive7\\BrowserAI\\.work\\q254-2026-09-23\\codexhome
2026-09-23T21:49:48.599Z NOTE mcpServer/startupStatus/updated {"threadId":"01a0d03f-0e0f-77f1-a0c1-854522ca1580","name":"probe","status":"starting","error":null,"failureReason":null}
2026-09-23T21:49:48.694Z NOTE mcpServer/startupStatus/updated {"threadId":"01a0d03f-0e0f-77f1-a0c1-854522ca1580","name":"probe","status":"ready","error":null,"failureReason":null}
2026-09-23T21:49:48.695Z RESP id=3 {"content":[{"type":"text","text":"pong #1 from N1-pid130268-1790200188685. note=c1. RESULT-MARKER-EXITING: this server is about to exit for a staged update."}],"isError":false}
2026-09-23T21:49:50.710Z MARKER BASELINE call2 on thread 1 (no trigger)
2026-09-23T21:49:50.711Z SEND id=4 mcpServer/tool/call {"threadId":"01a0d03f-0e0f-77f1-a0c1-854522ca1580","server":"probe","tool":"ping","arguments":{"note":"c2"}}
2026-09-23T21:49:50.712Z RESP id=4 {"code":-32603,"message":"tool call failed for `probe/ping`: Transport closed"}
2026-09-23T21:49:50.712Z MARKER TRIGGER a second thread/start in the SAME process (what TUI /new does)
2026-09-23T21:49:50.713Z SEND id=5 thread/start {}
2026-09-23T21:49:50.883Z RESP id=5 {"thread":{"id":"01a0d03f-16ff-7842-9469-35707e5c026d","environments":[{"environmentId":"local","cwd":"C:\\Source\\SixFive7\\BrowserAI\\.work\\q254-2026-09-23","runtimeWorkspaceRoots":["C:\\Source\\SixFive7\\BrowserAI\\.work\\q254-2026-09-23"]}],"extra":null,"sessionId":"01a0d03f-16ff-7842-9469-35707e5c026d","forkedFromId":null,"parentThreadId":null,"preview":"","ephemeral":false,"section":null,"sectionEnteredAt":null,"projectId":null,"historyMode":"paginated","modelProvider":"stub","model":"stub-model","reasoningEffort":null,"createdAt":1790200190,"updatedAt":1790200190,"recencyAt":1790200190,"status":{"type":"idle"},"path":"C:\\Source\\SixFive7\\BrowserAI\\.work\\q254-2026-09-23\\codexhome\\sessions\\2026\\09\\23\\rollout-2026-09-23T23-49-50-01a0d03f-16ff-7842-9469-35707e5c026d.jsonl","cwd":"C:\\Source\\SixFive7\\BrowserAI\\.work\\q254-2026-09-23","cliVersion":"0.155.0-alpha.9.2","orig
2026-09-23T21:49:50.884Z THREAD_ID=01a0d03f-16ff-7842-9469-35707e5c026d
2026-09-23T21:49:50.884Z NOTE thread/started {"thread":{"id":"01a0d03f-16ff-7842-9469-35707e5c026d","environments":[{"environmentId":"local","cwd":"C:\\Source\\SixFive7\\BrowserAI\\.work\\q254-2026-09-23","runtimeWorkspaceRoots":["C:\\Source\\SixFive7\\BrowserAI\\.work\\q254-2026-09-23"]}],"extra":null,"sessionId":"01a0d03f-16ff-7842-9469-35707e5c026d","forkedFromId":null,"parentThreadId":null,"preview":"","ephemeral":false,"section":null,"sectionEnteredAt":null,"projectId":null,"historyMode":"paginated","modelProvider":"stub","model":"stub-model","reasoningEffort":null,"createdAt":1790200190,"updatedAt":1790200190,"recencyAt":1790200190,"status":{"type":"idle"},"path":"C:\\Source\\SixFive7\\BrowserAI\\.work\\q254-2026-09-23\\codexhome
2026-09-23T21:49:50.885Z NOTE mcpServer/startupStatus/updated {"threadId":"01a0d03f-16ff-7842-9469-35707e5c026d","name":"probe","status":"starting","error":null,"failureReason":null}
2026-09-23T21:49:50.933Z NOTE mcpServer/startupStatus/updated {"threadId":"01a0d03f-16ff-7842-9469-35707e5c026d","name":"probe","status":"ready","error":null,"failureReason":null}
2026-09-23T21:49:52.892Z MARKER call3 on the NEW thread
2026-09-23T21:49:52.893Z SEND id=6 mcpServer/tool/call {"threadId":"01a0d03f-16ff-7842-9469-35707e5c026d","server":"probe","tool":"ping","arguments":{"note":"c3-new-thread"}}
2026-09-23T21:49:52.896Z RESP id=6 {"content":[{"type":"text","text":"pong #1 from N1-pid34144-1790200190923. note=c3-new-thread. RESULT-MARKER-EXITING: this server is about to exit for a staged update."}],"isError":false}
2026-09-23T21:49:54.401Z DONE
