2026-09-23T21:49:56.754Z SEND id=1 initialize {"clientInfo":{"name":"probe-driver","title":"probe","version":"1.0.0"},"capabilities":{"experimentalApi":true}}
2026-09-23T21:49:56.862Z RESP id=1 {"userAgent":"probe-driver/0.155.0-alpha.9.2 (Windows 10.0.26200; x86_64) xterm-256color (probe-driver; 1.0.0)","codexHome":"C:\\Source\\SixFive7\\BrowserAI\\.work\\q254-2026-09-23\\codexhome","platformFamily":"windows","platformOs":"windows"}
2026-09-23T21:49:56.862Z NOTE remoteControl/status/changed {"status":"disabled","serverName":"pc657","installationId":"265f753b-eb8f-4a66-ad90-761833df1a3f","environmentId":null}
2026-09-23T21:49:56.863Z SEND id=2 thread/start {}
2026-09-23T21:49:57.035Z RESP id=2 {"thread":{"id":"01a0d03f-2f05-73a1-ad40-f9ca1ed622ec","environments":[{"environmentId":"local","cwd":"C:\\Source\\SixFive7\\BrowserAI\\.work\\q254-2026-09-23","runtimeWorkspaceRoots":["C:\\Source\\SixFive7\\BrowserAI\\.work\\q254-2026-09-23"]}],"extra":null,"sessionId":"01a0d03f-2f05-73a1-ad40-f9ca1ed622ec","forkedFromId":null,"parentThreadId":null,"preview":"","ephemeral":false,"section":null,"sectionEnteredAt":null,"projectId":null,"historyMode":"paginated","modelProvider":"stub","model":"stub-model","reasoningEffort":null,"createdAt":1790200197,"updatedAt":1790200197,"recencyAt":1790200197,"status":{"type":"idle"},"path":"C:\\Source\\SixFive7\\BrowserAI\\.work\\q254-2026-09-23\\codexhome\\sessions\\2026\\09\\23\\rollout-2026-09-23T23-49-56-01a0d03f-2f05-73a1-ad40-f9ca1ed622ec.jsonl","cwd":"C:\\Source\\SixFive7\\BrowserAI\\.work\\q254-2026-09-23","cliVersion":"0.155.0-alpha.9.2","orig
2026-09-23T21:49:57.036Z THREAD_ID=01a0d03f-2f05-73a1-ad40-f9ca1ed622ec
2026-09-23T21:49:57.036Z SEND id=3 mcpServer/tool/call {"threadId":"01a0d03f-2f05-73a1-ad40-f9ca1ed622ec","server":"probe","tool":"ping","arguments":{"note":"c1"}}
2026-09-23T21:49:57.036Z NOTE thread/started {"thread":{"id":"01a0d03f-2f05-73a1-ad40-f9ca1ed622ec","environments":[{"environmentId":"local","cwd":"C:\\Source\\SixFive7\\BrowserAI\\.work\\q254-2026-09-23","runtimeWorkspaceRoots":["C:\\Source\\SixFive7\\BrowserAI\\.work\\q254-2026-09-23"]}],"extra":null,"sessionId":"01a0d03f-2f05-73a1-ad40-f9ca1ed622ec","forkedFromId":null,"parentThreadId":null,"preview":"","ephemeral":false,"section":null,"sectionEnteredAt":null,"projectId":null,"historyMode":"paginated","modelProvider":"stub","model":"stub-model","reasoningEffort":null,"createdAt":1790200197,"updatedAt":1790200197,"recencyAt":1790200197,"status":{"type":"idle"},"path":"C:\\Source\\SixFive7\\BrowserAI\\.work\\q254-2026-09-23\\codexhome
2026-09-23T21:49:57.037Z NOTE mcpServer/startupStatus/updated {"threadId":"01a0d03f-2f05-73a1-ad40-f9ca1ed622ec","name":"probe","status":"starting","error":null,"failureReason":null}
2026-09-23T21:49:57.080Z NOTE mcpServer/startupStatus/updated {"threadId":"01a0d03f-2f05-73a1-ad40-f9ca1ed622ec","name":"probe","status":"ready","error":null,"failureReason":null}
2026-09-23T21:49:57.081Z RESP id=3 {"content":[{"type":"text","text":"pong #1 from N2-pid106676-1790200197070. note=c1. RESULT-MARKER-EXITING: this server is about to exit for a staged update."}],"isError":false}
2026-09-23T21:49:59.091Z MARKER BASELINE call2 on thread 1 (no trigger)
2026-09-23T21:49:59.092Z SEND id=4 mcpServer/tool/call {"threadId":"01a0d03f-2f05-73a1-ad40-f9ca1ed622ec","server":"probe","tool":"ping","arguments":{"note":"c2"}}
2026-09-23T21:49:59.093Z RESP id=4 {"code":-32603,"message":"tool call failed for `probe/ping`: Transport closed"}
2026-09-23T21:49:59.093Z MARKER TRIGGER a second thread/start in the SAME process (what TUI /new does)
2026-09-23T21:49:59.094Z SEND id=5 thread/start {}
2026-09-23T21:49:59.226Z RESP id=5 {"thread":{"id":"01a0d03f-37bc-78c3-81a7-0c3627dfa332","environments":[{"environmentId":"local","cwd":"C:\\Source\\SixFive7\\BrowserAI\\.work\\q254-2026-09-23","runtimeWorkspaceRoots":["C:\\Source\\SixFive7\\BrowserAI\\.work\\q254-2026-09-23"]}],"extra":null,"sessionId":"01a0d03f-37bc-78c3-81a7-0c3627dfa332","forkedFromId":null,"parentThreadId":null,"preview":"","ephemeral":false,"section":null,"sectionEnteredAt":null,"projectId":null,"historyMode":"paginated","modelProvider":"stub","model":"stub-model","reasoningEffort":null,"createdAt":1790200199,"updatedAt":1790200199,"recencyAt":1790200199,"status":{"type":"idle"},"path":"C:\\Source\\SixFive7\\BrowserAI\\.work\\q254-2026-09-23\\codexhome\\sessions\\2026\\09\\23\\rollout-2026-09-23T23-49-59-01a0d03f-37bc-78c3-81a7-0c3627dfa332.jsonl","cwd":"C:\\Source\\SixFive7\\BrowserAI\\.work\\q254-2026-09-23","cliVersion":"0.155.0-alpha.9.2","orig
2026-09-23T21:49:59.228Z THREAD_ID=01a0d03f-37bc-78c3-81a7-0c3627dfa332
2026-09-23T21:49:59.233Z NOTE thread/started {"thread":{"id":"01a0d03f-37bc-78c3-81a7-0c3627dfa332","environments":[{"environmentId":"local","cwd":"C:\\Source\\SixFive7\\BrowserAI\\.work\\q254-2026-09-23","runtimeWorkspaceRoots":["C:\\Source\\SixFive7\\BrowserAI\\.work\\q254-2026-09-23"]}],"extra":null,"sessionId":"01a0d03f-37bc-78c3-81a7-0c3627dfa332","forkedFromId":null,"parentThreadId":null,"preview":"","ephemeral":false,"section":null,"sectionEnteredAt":null,"projectId":null,"historyMode":"paginated","modelProvider":"stub","model":"stub-model","reasoningEffort":null,"createdAt":1790200199,"updatedAt":1790200199,"recencyAt":1790200199,"status":{"type":"idle"},"path":"C:\\Source\\SixFive7\\BrowserAI\\.work\\q254-2026-09-23\\codexhome
2026-09-23T21:49:59.235Z NOTE mcpServer/startupStatus/updated {"threadId":"01a0d03f-37bc-78c3-81a7-0c3627dfa332","name":"probe","status":"starting","error":null,"failureReason":null}
2026-09-23T21:49:59.288Z NOTE mcpServer/startupStatus/updated {"threadId":"01a0d03f-37bc-78c3-81a7-0c3627dfa332","name":"probe","status":"ready","error":null,"failureReason":null}
2026-09-23T21:50:01.234Z MARKER call3 on the NEW thread
2026-09-23T21:50:01.235Z SEND id=6 mcpServer/tool/call {"threadId":"01a0d03f-37bc-78c3-81a7-0c3627dfa332","server":"probe","tool":"ping","arguments":{"note":"c3-new-thread"}}
2026-09-23T21:50:01.237Z RESP id=6 {"content":[{"type":"text","text":"pong #1 from N2-pid82800-1790200199277. note=c3-new-thread. RESULT-MARKER-EXITING: this server is about to exit for a staged update."}],"isError":false}
2026-09-23T21:50:02.741Z DONE
