2026-09-23T21:50:05.114Z SEND id=1 initialize {"clientInfo":{"name":"probe-driver","title":"probe","version":"1.0.0"},"capabilities":{"experimentalApi":true}}
2026-09-23T21:50:05.223Z RESP id=1 {"userAgent":"probe-driver/0.155.0-alpha.9.2 (Windows 10.0.26200; x86_64) xterm-256color (probe-driver; 1.0.0)","codexHome":"C:\\Source\\SixFive7\\BrowserAI\\.work\\q254-2026-09-23\\codexhome","platformFamily":"windows","platformOs":"windows"}
2026-09-23T21:50:05.224Z NOTE remoteControl/status/changed {"status":"disabled","serverName":"pc657","installationId":"265f753b-eb8f-4a66-ad90-761833df1a3f","environmentId":null}
2026-09-23T21:50:05.225Z SEND id=2 thread/start {}
2026-09-23T21:50:05.363Z RESP id=2 {"thread":{"id":"01a0d03f-4fb0-7d63-bc59-188cdcff0cbb","environments":[{"environmentId":"local","cwd":"C:\\Source\\SixFive7\\BrowserAI\\.work\\q254-2026-09-23","runtimeWorkspaceRoots":["C:\\Source\\SixFive7\\BrowserAI\\.work\\q254-2026-09-23"]}],"extra":null,"sessionId":"01a0d03f-4fb0-7d63-bc59-188cdcff0cbb","forkedFromId":null,"parentThreadId":null,"preview":"","ephemeral":false,"section":null,"sectionEnteredAt":null,"projectId":null,"historyMode":"paginated","modelProvider":"stub","model":"stub-model","reasoningEffort":null,"createdAt":1790200205,"updatedAt":1790200205,"recencyAt":1790200205,"status":{"type":"idle"},"path":"C:\\Source\\SixFive7\\BrowserAI\\.work\\q254-2026-09-23\\codexhome\\sessions\\2026\\09\\23\\rollout-2026-09-23T23-50-05-01a0d03f-4fb0-7d63-bc59-188cdcff0cbb.jsonl","cwd":"C:\\Source\\SixFive7\\BrowserAI\\.work\\q254-2026-09-23","cliVersion":"0.155.0-alpha.9.2","orig
2026-09-23T21:50:05.364Z THREAD_ID=01a0d03f-4fb0-7d63-bc59-188cdcff0cbb
2026-09-23T21:50:05.364Z SEND id=3 mcpServer/tool/call {"threadId":"01a0d03f-4fb0-7d63-bc59-188cdcff0cbb","server":"probe","tool":"ping","arguments":{"note":"c1"}}
2026-09-23T21:50:05.365Z NOTE thread/started {"thread":{"id":"01a0d03f-4fb0-7d63-bc59-188cdcff0cbb","environments":[{"environmentId":"local","cwd":"C:\\Source\\SixFive7\\BrowserAI\\.work\\q254-2026-09-23","runtimeWorkspaceRoots":["C:\\Source\\SixFive7\\BrowserAI\\.work\\q254-2026-09-23"]}],"extra":null,"sessionId":"01a0d03f-4fb0-7d63-bc59-188cdcff0cbb","forkedFromId":null,"parentThreadId":null,"preview":"","ephemeral":false,"section":null,"sectionEnteredAt":null,"projectId":null,"historyMode":"paginated","modelProvider":"stub","model":"stub-model","reasoningEffort":null,"createdAt":1790200205,"updatedAt":1790200205,"recencyAt":1790200205,"status":{"type":"idle"},"path":"C:\\Source\\SixFive7\\BrowserAI\\.work\\q254-2026-09-23\\codexhome
2026-09-23T21:50:05.365Z NOTE mcpServer/startupStatus/updated {"threadId":"01a0d03f-4fb0-7d63-bc59-188cdcff0cbb","name":"probe","status":"starting","error":null,"failureReason":null}
2026-09-23T21:50:05.418Z NOTE mcpServer/startupStatus/updated {"threadId":"01a0d03f-4fb0-7d63-bc59-188cdcff0cbb","name":"probe","status":"ready","error":null,"failureReason":null}
2026-09-23T21:50:05.418Z RESP id=3 {"content":[{"type":"text","text":"pong #1 from N3-pid133544-1790200205406. note=c1. RESULT-MARKER-EXITING: this server is about to exit for a staged update."}],"isError":false}
2026-09-23T21:50:07.430Z MARKER BASELINE call2 on thread 1 (no trigger)
2026-09-23T21:50:07.431Z SEND id=4 mcpServer/tool/call {"threadId":"01a0d03f-4fb0-7d63-bc59-188cdcff0cbb","server":"probe","tool":"ping","arguments":{"note":"c2"}}
2026-09-23T21:50:07.432Z RESP id=4 {"code":-32603,"message":"tool call failed for `probe/ping`: Transport closed"}
2026-09-23T21:50:07.432Z MARKER TRIGGER a second thread/start in the SAME process (what TUI /new does)
2026-09-23T21:50:07.432Z SEND id=5 thread/start {}
2026-09-23T21:50:07.557Z RESP id=5 {"thread":{"id":"01a0d03f-584f-7412-a6b7-e3b6d8598a8f","environments":[{"environmentId":"local","cwd":"C:\\Source\\SixFive7\\BrowserAI\\.work\\q254-2026-09-23","runtimeWorkspaceRoots":["C:\\Source\\SixFive7\\BrowserAI\\.work\\q254-2026-09-23"]}],"extra":null,"sessionId":"01a0d03f-584f-7412-a6b7-e3b6d8598a8f","forkedFromId":null,"parentThreadId":null,"preview":"","ephemeral":false,"section":null,"sectionEnteredAt":null,"projectId":null,"historyMode":"paginated","modelProvider":"stub","model":"stub-model","reasoningEffort":null,"createdAt":1790200207,"updatedAt":1790200207,"recencyAt":1790200207,"status":{"type":"idle"},"path":"C:\\Source\\SixFive7\\BrowserAI\\.work\\q254-2026-09-23\\codexhome\\sessions\\2026\\09\\23\\rollout-2026-09-23T23-50-07-01a0d03f-584f-7412-a6b7-e3b6d8598a8f.jsonl","cwd":"C:\\Source\\SixFive7\\BrowserAI\\.work\\q254-2026-09-23","cliVersion":"0.155.0-alpha.9.2","orig
2026-09-23T21:50:07.557Z THREAD_ID=01a0d03f-584f-7412-a6b7-e3b6d8598a8f
2026-09-23T21:50:07.558Z NOTE thread/started {"thread":{"id":"01a0d03f-584f-7412-a6b7-e3b6d8598a8f","environments":[{"environmentId":"local","cwd":"C:\\Source\\SixFive7\\BrowserAI\\.work\\q254-2026-09-23","runtimeWorkspaceRoots":["C:\\Source\\SixFive7\\BrowserAI\\.work\\q254-2026-09-23"]}],"extra":null,"sessionId":"01a0d03f-584f-7412-a6b7-e3b6d8598a8f","forkedFromId":null,"parentThreadId":null,"preview":"","ephemeral":false,"section":null,"sectionEnteredAt":null,"projectId":null,"historyMode":"paginated","modelProvider":"stub","model":"stub-model","reasoningEffort":null,"createdAt":1790200207,"updatedAt":1790200207,"recencyAt":1790200207,"status":{"type":"idle"},"path":"C:\\Source\\SixFive7\\BrowserAI\\.work\\q254-2026-09-23\\codexhome
2026-09-23T21:50:07.558Z NOTE mcpServer/startupStatus/updated {"threadId":"01a0d03f-584f-7412-a6b7-e3b6d8598a8f","name":"probe","status":"starting","error":null,"failureReason":null}
2026-09-23T21:50:07.607Z NOTE mcpServer/startupStatus/updated {"threadId":"01a0d03f-584f-7412-a6b7-e3b6d8598a8f","name":"probe","status":"ready","error":null,"failureReason":null}
2026-09-23T21:50:09.568Z MARKER call3 on the NEW thread
2026-09-23T21:50:09.569Z SEND id=6 mcpServer/tool/call {"threadId":"01a0d03f-584f-7412-a6b7-e3b6d8598a8f","server":"probe","tool":"ping","arguments":{"note":"c3-new-thread"}}
2026-09-23T21:50:09.571Z RESP id=6 {"content":[{"type":"text","text":"pong #1 from N3-pid71400-1790200207597. note=c3-new-thread. RESULT-MARKER-EXITING: this server is about to exit for a staged update."}],"isError":false}
2026-09-23T21:50:11.075Z DONE
