2026-09-23T21:43:34.685Z SEND id=1 initialize {"clientInfo":{"name":"probe-driver","title":"probe","version":"1.0.0"}}
2026-09-23T21:43:34.788Z RESP id=1 {"userAgent":"probe-driver/0.155.0-alpha.9.2 (Windows 10.0.26200; x86_64) xterm-256color (probe-driver; 1.0.0)","codexHome":"C:\\Source\\SixFive7\\BrowserAI\\.work\\q254-2026-09-23\\codexhome","platformFamily":"windows","platformOs":"windows"}
2026-09-23T21:43:34.789Z NOTE remoteControl/status/changed {"status":"disabled","serverName":"pc657","installationId":"265f753b-eb8f-4a66-ad90-761833df1a3f","environmentId":null}
2026-09-23T21:43:34.790Z SEND id=2 thread/start {}
2026-09-23T21:43:34.916Z RESP id=2 {"thread":{"id":"01a0d039-5a8c-74d3-be24-69a163338bf8","environments":[{"environmentId":"local","cwd":"C:\\Source\\SixFive7\\BrowserAI\\.work\\q254-2026-09-23","runtimeWorkspaceRoots":["C:\\Source\\SixFive7\\BrowserAI\\.work\\q254-2026-09-23"]}],"extra":null,"sessionId":"01a0d039-5a8c-74d3-be24-69a163338bf8","forkedFromId":null,"parentThreadId":null,"preview":"","ephemeral":false,"section":null,"sectionEnteredAt":null,"projectId":null,"historyMode":"paginated","modelProvider":"stub","model":"stub-model","reasoningEffort":null,"createdAt":1790199814,"updatedAt":1790199814,"recencyAt":1790199814,"status":{"type":"idle"},"path":"C:\\Source\\SixFive7\\BrowserAI\\.work\\q254-2026-09-23\\codexhome\\sessions\\2026\\09\\23\\rollout-2026-09-23T23-43-34-01a0d039-5a8c-74d3-be24-69a163338bf8.jsonl","cwd":"C:\\Source\\SixFive7\\BrowserAI\\.work\\q254-2026-09-23","cliVersion":"0.155.0-alpha.9.2","orig
2026-09-23T21:43:34.917Z THREAD_ID=01a0d039-5a8c-74d3-be24-69a163338bf8
2026-09-23T21:43:34.917Z SEND id=3 mcpServer/tool/call {"threadId":"01a0d039-5a8c-74d3-be24-69a163338bf8","server":"probe","tool":"ping","arguments":{"note":"c1"}}
2026-09-23T21:43:34.917Z NOTE thread/started {"thread":{"id":"01a0d039-5a8c-74d3-be24-69a163338bf8","environments":[{"environmentId":"local","cwd":"C:\\Source\\SixFive7\\BrowserAI\\.work\\q254-2026-09-23","runtimeWorkspaceRoots":["C:\\Source\\SixFive7\\BrowserAI\\.work\\q254-2026-09-23"]}],"extra":null,"sessionId":"01a0d039-5a8c-74d3-be24-69a163338bf8","forkedFromId":null,"parentThreadId":null,"preview":"","ephemeral":false,"section":null,"sectionEnteredAt":null,"projectId":null,"historyMode":"paginated","modelProvider":"stub","model":"stub-model","reasoningEffort":null,"createdAt":1790199814,"updatedAt":1790199814,"recencyAt":1790199814,"status":{"type":"idle"},"path":"C:\\Source\\SixFive7\\BrowserAI\\.work\\q254-2026-09-23\\codexhome
2026-09-23T21:43:34.918Z NOTE mcpServer/startupStatus/updated {"threadId":"01a0d039-5a8c-74d3-be24-69a163338bf8","name":"probe","status":"starting","error":null,"failureReason":null}
2026-09-23T21:43:34.966Z NOTE mcpServer/startupStatus/updated {"threadId":"01a0d039-5a8c-74d3-be24-69a163338bf8","name":"probe","status":"ready","error":null,"failureReason":null}
2026-09-23T21:43:34.967Z RESP id=3 {"content":[{"type":"text","text":"pong #1 from R1-pid3592-1790199814956. note=c1. RESULT-MARKER-EXITING: this server is about to exit for a staged update."}],"isError":false}
2026-09-23T21:43:36.982Z MARKER BASELINE call2 (no trigger)
2026-09-23T21:43:36.983Z SEND id=4 mcpServer/tool/call {"threadId":"01a0d039-5a8c-74d3-be24-69a163338bf8","server":"probe","tool":"ping","arguments":{"note":"c2"}}
2026-09-23T21:43:36.984Z RESP id=4 {"code":-32603,"message":"tool call failed for `probe/ping`: Transport closed"}
2026-09-23T21:43:36.985Z MARKER TRIGGER config/mcpServer/reload
2026-09-23T21:43:36.985Z SEND id=5 config/mcpServer/reload {}
2026-09-23T21:43:36.995Z RESP id=5 {}
2026-09-23T21:43:36.995Z NOTE mcpServer/startupStatus/updated {"threadId":"01a0d039-5a8c-74d3-be24-69a163338bf8","name":"probe","status":"starting","error":null,"failureReason":null}
2026-09-23T21:43:37.047Z NOTE mcpServer/startupStatus/updated {"threadId":"01a0d039-5a8c-74d3-be24-69a163338bf8","name":"probe","status":"ready","error":null,"failureReason":null}
2026-09-23T21:43:39.007Z MARKER call3 after reload
2026-09-23T21:43:39.008Z SEND id=6 mcpServer/tool/call {"threadId":"01a0d039-5a8c-74d3-be24-69a163338bf8","server":"probe","tool":"ping","arguments":{"note":"c3"}}
2026-09-23T21:43:39.010Z RESP id=6 {"content":[{"type":"text","text":"pong #1 from R1-pid113784-1790199817038. note=c3. RESULT-MARKER-EXITING: this server is about to exit for a staged update."}],"isError":false}
2026-09-23T21:43:40.515Z DONE
