2026-09-23T21:43:51.098Z SEND id=1 initialize {"clientInfo":{"name":"probe-driver","title":"probe","version":"1.0.0"}}
2026-09-23T21:43:51.211Z RESP id=1 {"userAgent":"probe-driver/0.155.0-alpha.9.2 (Windows 10.0.26200; x86_64) xterm-256color (probe-driver; 1.0.0)","codexHome":"C:\\Source\\SixFive7\\BrowserAI\\.work\\q254-2026-09-23\\codexhome","platformFamily":"windows","platformOs":"windows"}
2026-09-23T21:43:51.212Z SEND id=2 thread/start {}
2026-09-23T21:43:51.213Z NOTE remoteControl/status/changed {"status":"disabled","serverName":"pc657","installationId":"265f753b-eb8f-4a66-ad90-761833df1a3f","environmentId":null}
2026-09-23T21:43:51.371Z RESP id=2 {"thread":{"id":"01a0d039-9ab3-7cb1-9b07-7990e163fd5c","environments":[{"environmentId":"local","cwd":"C:\\Source\\SixFive7\\BrowserAI\\.work\\q254-2026-09-23","runtimeWorkspaceRoots":["C:\\Source\\SixFive7\\BrowserAI\\.work\\q254-2026-09-23"]}],"extra":null,"sessionId":"01a0d039-9ab3-7cb1-9b07-7990e163fd5c","forkedFromId":null,"parentThreadId":null,"preview":"","ephemeral":false,"section":null,"sectionEnteredAt":null,"projectId":null,"historyMode":"paginated","modelProvider":"stub","model":"stub-model","reasoningEffort":null,"createdAt":1790199831,"updatedAt":1790199831,"recencyAt":1790199831,"status":{"type":"idle"},"path":"C:\\Source\\SixFive7\\BrowserAI\\.work\\q254-2026-09-23\\codexhome\\sessions\\2026\\09\\23\\rollout-2026-09-23T23-43-51-01a0d039-9ab3-7cb1-9b07-7990e163fd5c.jsonl","cwd":"C:\\Source\\SixFive7\\BrowserAI\\.work\\q254-2026-09-23","cliVersion":"0.155.0-alpha.9.2","orig
2026-09-23T21:43:51.372Z THREAD_ID=01a0d039-9ab3-7cb1-9b07-7990e163fd5c
2026-09-23T21:43:51.372Z SEND id=3 mcpServer/tool/call {"threadId":"01a0d039-9ab3-7cb1-9b07-7990e163fd5c","server":"probe","tool":"ping","arguments":{"note":"c1"}}
2026-09-23T21:43:51.373Z NOTE thread/started {"thread":{"id":"01a0d039-9ab3-7cb1-9b07-7990e163fd5c","environments":[{"environmentId":"local","cwd":"C:\\Source\\SixFive7\\BrowserAI\\.work\\q254-2026-09-23","runtimeWorkspaceRoots":["C:\\Source\\SixFive7\\BrowserAI\\.work\\q254-2026-09-23"]}],"extra":null,"sessionId":"01a0d039-9ab3-7cb1-9b07-7990e163fd5c","forkedFromId":null,"parentThreadId":null,"preview":"","ephemeral":false,"section":null,"sectionEnteredAt":null,"projectId":null,"historyMode":"paginated","modelProvider":"stub","model":"stub-model","reasoningEffort":null,"createdAt":1790199831,"updatedAt":1790199831,"recencyAt":1790199831,"status":{"type":"idle"},"path":"C:\\Source\\SixFive7\\BrowserAI\\.work\\q254-2026-09-23\\codexhome
2026-09-23T21:43:51.373Z NOTE mcpServer/startupStatus/updated {"threadId":"01a0d039-9ab3-7cb1-9b07-7990e163fd5c","name":"probe","status":"starting","error":null,"failureReason":null}
2026-09-23T21:43:51.421Z NOTE mcpServer/startupStatus/updated {"threadId":"01a0d039-9ab3-7cb1-9b07-7990e163fd5c","name":"probe","status":"ready","error":null,"failureReason":null}
2026-09-23T21:43:51.422Z RESP id=3 {"content":[{"type":"text","text":"pong #1 from R3-pid120576-1790199831411. note=c1. RESULT-MARKER-EXITING: this server is about to exit for a staged update."}],"isError":false}
2026-09-23T21:43:53.430Z MARKER BASELINE call2 (no trigger)
2026-09-23T21:43:53.431Z SEND id=4 mcpServer/tool/call {"threadId":"01a0d039-9ab3-7cb1-9b07-7990e163fd5c","server":"probe","tool":"ping","arguments":{"note":"c2"}}
2026-09-23T21:43:53.432Z RESP id=4 {"code":-32603,"message":"tool call failed for `probe/ping`: Transport closed"}
2026-09-23T21:43:53.433Z MARKER TRIGGER config/mcpServer/reload
2026-09-23T21:43:53.433Z SEND id=5 config/mcpServer/reload {}
2026-09-23T21:43:53.441Z RESP id=5 {}
2026-09-23T21:43:53.442Z NOTE mcpServer/startupStatus/updated {"threadId":"01a0d039-9ab3-7cb1-9b07-7990e163fd5c","name":"probe","status":"starting","error":null,"failureReason":null}
2026-09-23T21:43:53.493Z NOTE mcpServer/startupStatus/updated {"threadId":"01a0d039-9ab3-7cb1-9b07-7990e163fd5c","name":"probe","status":"ready","error":null,"failureReason":null}
2026-09-23T21:43:55.444Z MARKER call3 after reload
2026-09-23T21:43:55.445Z SEND id=6 mcpServer/tool/call {"threadId":"01a0d039-9ab3-7cb1-9b07-7990e163fd5c","server":"probe","tool":"ping","arguments":{"note":"c3"}}
2026-09-23T21:43:55.447Z RESP id=6 {"content":[{"type":"text","text":"pong #1 from R3-pid76332-1790199833483. note=c3. RESULT-MARKER-EXITING: this server is about to exit for a staged update."}],"isError":false}
2026-09-23T21:43:56.953Z DONE
