2026-09-23T21:48:08.180Z SEND id=1 initialize {"clientInfo":{"name":"probe-driver","title":"probe","version":"1.0.0"},"capabilities":{"experimentalApi":true}}
2026-09-23T21:48:08.302Z RESP id=1 {"userAgent":"probe-driver/0.155.0-alpha.9.2 (Windows 10.0.26200; x86_64) xterm-256color (probe-driver; 1.0.0)","codexHome":"C:\\Source\\SixFive7\\BrowserAI\\.work\\q254-2026-09-23\\codexhome","platformFamily":"windows","platformOs":"windows"}
2026-09-23T21:48:08.303Z SEND id=2 thread/start {}
2026-09-23T21:48:08.303Z NOTE remoteControl/status/changed {"status":"disabled","serverName":"pc657","installationId":"265f753b-eb8f-4a66-ad90-761833df1a3f","environmentId":null}
2026-09-23T21:48:08.448Z RESP id=2 {"thread":{"id":"01a0d03d-86f5-7a52-97b2-bf56e9fc0a4b","environments":[{"environmentId":"local","cwd":"C:\\Source\\SixFive7\\BrowserAI\\.work\\q254-2026-09-23","runtimeWorkspaceRoots":["C:\\Source\\SixFive7\\BrowserAI\\.work\\q254-2026-09-23"]}],"extra":null,"sessionId":"01a0d03d-86f5-7a52-97b2-bf56e9fc0a4b","forkedFromId":null,"parentThreadId":null,"preview":"","ephemeral":false,"section":null,"sectionEnteredAt":null,"projectId":null,"historyMode":"paginated","modelProvider":"stub","model":"stub-model","reasoningEffort":null,"createdAt":1790200088,"updatedAt":1790200088,"recencyAt":1790200088,"status":{"type":"idle"},"path":"C:\\Source\\SixFive7\\BrowserAI\\.work\\q254-2026-09-23\\codexhome\\sessions\\2026\\09\\23\\rollout-2026-09-23T23-48-08-01a0d03d-86f5-7a52-97b2-bf56e9fc0a4b.jsonl","cwd":"C:\\Source\\SixFive7\\BrowserAI\\.work\\q254-2026-09-23","cliVersion":"0.155.0-alpha.9.2","orig
2026-09-23T21:48:08.449Z THREAD_ID=01a0d03d-86f5-7a52-97b2-bf56e9fc0a4b
2026-09-23T21:48:08.449Z SEND id=3 mcpServer/tool/call {"threadId":"01a0d03d-86f5-7a52-97b2-bf56e9fc0a4b","server":"probe","tool":"ping","arguments":{"note":"c1"}}
2026-09-23T21:48:08.449Z NOTE thread/started {"thread":{"id":"01a0d03d-86f5-7a52-97b2-bf56e9fc0a4b","environments":[{"environmentId":"local","cwd":"C:\\Source\\SixFive7\\BrowserAI\\.work\\q254-2026-09-23","runtimeWorkspaceRoots":["C:\\Source\\SixFive7\\BrowserAI\\.work\\q254-2026-09-23"]}],"extra":null,"sessionId":"01a0d03d-86f5-7a52-97b2-bf56e9fc0a4b","forkedFromId":null,"parentThreadId":null,"preview":"","ephemeral":false,"section":null,"sectionEnteredAt":null,"projectId":null,"historyMode":"paginated","modelProvider":"stub","model":"stub-model","reasoningEffort":null,"createdAt":1790200088,"updatedAt":1790200088,"recencyAt":1790200088,"status":{"type":"idle"},"path":"C:\\Source\\SixFive7\\BrowserAI\\.work\\q254-2026-09-23\\codexhome
2026-09-23T21:48:08.450Z NOTE mcpServer/startupStatus/updated {"threadId":"01a0d03d-86f5-7a52-97b2-bf56e9fc0a4b","name":"probe","status":"starting","error":null,"failureReason":null}
2026-09-23T21:48:08.495Z NOTE mcpServer/startupStatus/updated {"threadId":"01a0d03d-86f5-7a52-97b2-bf56e9fc0a4b","name":"probe","status":"ready","error":null,"failureReason":null}
2026-09-23T21:48:08.496Z RESP id=3 {"content":[{"type":"text","text":"pong #1 from W1-pid59128-1790200088485. note=c1. RESULT-MARKER-EXITING: this server is about to exit for a staged update."}],"isError":false}
2026-09-23T21:48:10.500Z MARKER BASELINE call2 (no trigger)
2026-09-23T21:48:10.501Z SEND id=4 mcpServer/tool/call {"threadId":"01a0d03d-86f5-7a52-97b2-bf56e9fc0a4b","server":"probe","tool":"ping","arguments":{"note":"c2"}}
2026-09-23T21:48:10.503Z RESP id=4 {"code":-32603,"message":"tool call failed for `probe/ping`: Transport closed"}
2026-09-23T21:48:10.503Z MARKER TRIGGER edit config.toml on disk
2026-09-23T21:48:10.504Z TOUCHED C:/Source/SixFive7/BrowserAI/.work/q254-2026-09-23/codexhome/config.toml
2026-09-23T21:48:15.505Z MARKER call3 after a config.toml edit
2026-09-23T21:48:15.506Z SEND id=5 mcpServer/tool/call {"threadId":"01a0d03d-86f5-7a52-97b2-bf56e9fc0a4b","server":"probe","tool":"ping","arguments":{"note":"c3"}}
2026-09-23T21:48:15.507Z RESP id=5 {"code":-32603,"message":"tool call failed for `probe/ping`: Transport closed"}
2026-09-23T21:48:17.010Z DONE
