2026-09-23T21:48:19.363Z SEND id=1 initialize {"clientInfo":{"name":"probe-driver","title":"probe","version":"1.0.0"},"capabilities":{"experimentalApi":true}}
2026-09-23T21:48:19.467Z RESP id=1 {"userAgent":"probe-driver/0.155.0-alpha.9.2 (Windows 10.0.26200; x86_64) xterm-256color (probe-driver; 1.0.0)","codexHome":"C:\\Source\\SixFive7\\BrowserAI\\.work\\q254-2026-09-23\\codexhome","platformFamily":"windows","platformOs":"windows"}
2026-09-23T21:48:19.468Z NOTE remoteControl/status/changed {"status":"disabled","serverName":"pc657","installationId":"265f753b-eb8f-4a66-ad90-761833df1a3f","environmentId":null}
2026-09-23T21:48:19.469Z SEND id=2 thread/start {}
2026-09-23T21:48:19.602Z RESP id=2 {"thread":{"id":"01a0d03d-b294-7492-be85-7c0107162bd5","environments":[{"environmentId":"local","cwd":"C:\\Source\\SixFive7\\BrowserAI\\.work\\q254-2026-09-23","runtimeWorkspaceRoots":["C:\\Source\\SixFive7\\BrowserAI\\.work\\q254-2026-09-23"]}],"extra":null,"sessionId":"01a0d03d-b294-7492-be85-7c0107162bd5","forkedFromId":null,"parentThreadId":null,"preview":"","ephemeral":false,"section":null,"sectionEnteredAt":null,"projectId":null,"historyMode":"paginated","modelProvider":"stub","model":"stub-model","reasoningEffort":null,"createdAt":1790200099,"updatedAt":1790200099,"recencyAt":1790200099,"status":{"type":"idle"},"path":"C:\\Source\\SixFive7\\BrowserAI\\.work\\q254-2026-09-23\\codexhome\\sessions\\2026\\09\\23\\rollout-2026-09-23T23-48-19-01a0d03d-b294-7492-be85-7c0107162bd5.jsonl","cwd":"C:\\Source\\SixFive7\\BrowserAI\\.work\\q254-2026-09-23","cliVersion":"0.155.0-alpha.9.2","orig
2026-09-23T21:48:19.603Z THREAD_ID=01a0d03d-b294-7492-be85-7c0107162bd5
2026-09-23T21:48:19.603Z SEND id=3 mcpServer/tool/call {"threadId":"01a0d03d-b294-7492-be85-7c0107162bd5","server":"probe","tool":"ping","arguments":{"note":"c1"}}
2026-09-23T21:48:19.604Z NOTE thread/started {"thread":{"id":"01a0d03d-b294-7492-be85-7c0107162bd5","environments":[{"environmentId":"local","cwd":"C:\\Source\\SixFive7\\BrowserAI\\.work\\q254-2026-09-23","runtimeWorkspaceRoots":["C:\\Source\\SixFive7\\BrowserAI\\.work\\q254-2026-09-23"]}],"extra":null,"sessionId":"01a0d03d-b294-7492-be85-7c0107162bd5","forkedFromId":null,"parentThreadId":null,"preview":"","ephemeral":false,"section":null,"sectionEnteredAt":null,"projectId":null,"historyMode":"paginated","modelProvider":"stub","model":"stub-model","reasoningEffort":null,"createdAt":1790200099,"updatedAt":1790200099,"recencyAt":1790200099,"status":{"type":"idle"},"path":"C:\\Source\\SixFive7\\BrowserAI\\.work\\q254-2026-09-23\\codexhome
2026-09-23T21:48:19.604Z NOTE mcpServer/startupStatus/updated {"threadId":"01a0d03d-b294-7492-be85-7c0107162bd5","name":"probe","status":"starting","error":null,"failureReason":null}
2026-09-23T21:48:19.649Z NOTE mcpServer/startupStatus/updated {"threadId":"01a0d03d-b294-7492-be85-7c0107162bd5","name":"probe","status":"ready","error":null,"failureReason":null}
2026-09-23T21:48:19.650Z RESP id=3 {"content":[{"type":"text","text":"pong #1 from W2-pid148552-1790200099639. note=c1. RESULT-MARKER-EXITING: this server is about to exit for a staged update."}],"isError":false}
2026-09-23T21:48:21.656Z MARKER BASELINE call2 (no trigger)
2026-09-23T21:48:21.656Z SEND id=4 mcpServer/tool/call {"threadId":"01a0d03d-b294-7492-be85-7c0107162bd5","server":"probe","tool":"ping","arguments":{"note":"c2"}}
2026-09-23T21:48:21.657Z RESP id=4 {"code":-32603,"message":"tool call failed for `probe/ping`: Transport closed"}
2026-09-23T21:48:21.658Z MARKER TRIGGER edit config.toml on disk
2026-09-23T21:48:21.659Z TOUCHED C:/Source/SixFive7/BrowserAI/.work/q254-2026-09-23/codexhome/config.toml
2026-09-23T21:48:26.661Z MARKER call3 after a config.toml edit
2026-09-23T21:48:26.662Z SEND id=5 mcpServer/tool/call {"threadId":"01a0d03d-b294-7492-be85-7c0107162bd5","server":"probe","tool":"ping","arguments":{"note":"c3"}}
2026-09-23T21:48:26.663Z RESP id=5 {"code":-32603,"message":"tool call failed for `probe/ping`: Transport closed"}
2026-09-23T21:48:28.171Z DONE
