2026-09-23T21:48:30.493Z SEND id=1 initialize {"clientInfo":{"name":"probe-driver","title":"probe","version":"1.0.0"},"capabilities":{"experimentalApi":true}}
2026-09-23T21:48:30.598Z RESP id=1 {"userAgent":"probe-driver/0.155.0-alpha.9.2 (Windows 10.0.26200; x86_64) xterm-256color (probe-driver; 1.0.0)","codexHome":"C:\\Source\\SixFive7\\BrowserAI\\.work\\q254-2026-09-23\\codexhome","platformFamily":"windows","platformOs":"windows"}
2026-09-23T21:48:30.599Z NOTE remoteControl/status/changed {"status":"disabled","serverName":"pc657","installationId":"265f753b-eb8f-4a66-ad90-761833df1a3f","environmentId":null}
2026-09-23T21:48:30.600Z SEND id=2 thread/start {}
2026-09-23T21:48:30.747Z RESP id=2 {"thread":{"id":"01a0d03d-de0e-71d1-95c8-91814f408edf","environments":[{"environmentId":"local","cwd":"C:\\Source\\SixFive7\\BrowserAI\\.work\\q254-2026-09-23","runtimeWorkspaceRoots":["C:\\Source\\SixFive7\\BrowserAI\\.work\\q254-2026-09-23"]}],"extra":null,"sessionId":"01a0d03d-de0e-71d1-95c8-91814f408edf","forkedFromId":null,"parentThreadId":null,"preview":"","ephemeral":false,"section":null,"sectionEnteredAt":null,"projectId":null,"historyMode":"paginated","modelProvider":"stub","model":"stub-model","reasoningEffort":null,"createdAt":1790200110,"updatedAt":1790200110,"recencyAt":1790200110,"status":{"type":"idle"},"path":"C:\\Source\\SixFive7\\BrowserAI\\.work\\q254-2026-09-23\\codexhome\\sessions\\2026\\09\\23\\rollout-2026-09-23T23-48-30-01a0d03d-de0e-71d1-95c8-91814f408edf.jsonl","cwd":"C:\\Source\\SixFive7\\BrowserAI\\.work\\q254-2026-09-23","cliVersion":"0.155.0-alpha.9.2","orig
2026-09-23T21:48:30.747Z THREAD_ID=01a0d03d-de0e-71d1-95c8-91814f408edf
2026-09-23T21:48:30.748Z SEND id=3 mcpServer/tool/call {"threadId":"01a0d03d-de0e-71d1-95c8-91814f408edf","server":"probe","tool":"ping","arguments":{"note":"c1"}}
2026-09-23T21:48:30.748Z NOTE thread/started {"thread":{"id":"01a0d03d-de0e-71d1-95c8-91814f408edf","environments":[{"environmentId":"local","cwd":"C:\\Source\\SixFive7\\BrowserAI\\.work\\q254-2026-09-23","runtimeWorkspaceRoots":["C:\\Source\\SixFive7\\BrowserAI\\.work\\q254-2026-09-23"]}],"extra":null,"sessionId":"01a0d03d-de0e-71d1-95c8-91814f408edf","forkedFromId":null,"parentThreadId":null,"preview":"","ephemeral":false,"section":null,"sectionEnteredAt":null,"projectId":null,"historyMode":"paginated","modelProvider":"stub","model":"stub-model","reasoningEffort":null,"createdAt":1790200110,"updatedAt":1790200110,"recencyAt":1790200110,"status":{"type":"idle"},"path":"C:\\Source\\SixFive7\\BrowserAI\\.work\\q254-2026-09-23\\codexhome
2026-09-23T21:48:30.749Z NOTE mcpServer/startupStatus/updated {"threadId":"01a0d03d-de0e-71d1-95c8-91814f408edf","name":"probe","status":"starting","error":null,"failureReason":null}
2026-09-23T21:48:30.795Z NOTE mcpServer/startupStatus/updated {"threadId":"01a0d03d-de0e-71d1-95c8-91814f408edf","name":"probe","status":"ready","error":null,"failureReason":null}
2026-09-23T21:48:30.796Z RESP id=3 {"content":[{"type":"text","text":"pong #1 from W3-pid159972-1790200110786. note=c1. RESULT-MARKER-EXITING: this server is about to exit for a staged update."}],"isError":false}
2026-09-23T21:48:32.798Z MARKER BASELINE call2 (no trigger)
2026-09-23T21:48:32.799Z SEND id=4 mcpServer/tool/call {"threadId":"01a0d03d-de0e-71d1-95c8-91814f408edf","server":"probe","tool":"ping","arguments":{"note":"c2"}}
2026-09-23T21:48:32.800Z RESP id=4 {"code":-32603,"message":"tool call failed for `probe/ping`: Transport closed"}
2026-09-23T21:48:32.800Z MARKER TRIGGER edit config.toml on disk
2026-09-23T21:48:32.801Z TOUCHED C:/Source/SixFive7/BrowserAI/.work/q254-2026-09-23/codexhome/config.toml
2026-09-23T21:48:37.809Z MARKER call3 after a config.toml edit
2026-09-23T21:48:37.810Z SEND id=5 mcpServer/tool/call {"threadId":"01a0d03d-de0e-71d1-95c8-91814f408edf","server":"probe","tool":"ping","arguments":{"note":"c3"}}
2026-09-23T21:48:37.811Z RESP id=5 {"code":-32603,"message":"tool call failed for `probe/ping`: Transport closed"}
2026-09-23T21:48:39.326Z DONE
