2026-09-23T21:52:20.387Z SEND id=1 initialize {"clientInfo":{"name":"probe-driver","title":"probe","version":"1.0.0"}}
2026-09-23T21:52:20.502Z RESP id=1 {"userAgent":"probe-driver/0.155.0-alpha.9.2 (Windows 10.0.26200; x86_64) xterm-256color (probe-driver; 1.0.0)","codexHome":"C:\\Source\\SixFive7\\BrowserAI\\.work\\q254-2026-09-23\\codexhome","platformFamily":"windows","platformOs":"windows"}
2026-09-23T21:52:20.502Z NOTE remoteControl/status/changed {"status":"disabled","serverName":"pc657","installationId":"265f753b-eb8f-4a66-ad90-761833df1a3f","environmentId":null}
2026-09-23T21:52:20.503Z SEND id=2 thread/start {}
2026-09-23T21:52:20.640Z RESP id=2 {"thread":{"id":"01a0d041-601e-7c81-a6c8-7f16da3349fc","environments":[{"environmentId":"local","cwd":"C:\\Source\\SixFive7\\BrowserAI\\.work\\q254-2026-09-23","runtimeWorkspaceRoots":["C:\\Source\\SixFive7\\BrowserAI\\.work\\q254-2026-09-23"]}],"extra":null,"sessionId":"01a0d041-601e-7c81-a6c8-7f16da3349fc","forkedFromId":null,"parentThreadId":null,"preview":"","ephemeral":false,"section":null,"sectionEnteredAt":null,"projectId":null,"historyMode":"paginated","modelProvider":"stub","model":"stub-model","reasoningEffort":null,"createdAt":1790200340,"updatedAt":1790200340,"recencyAt":1790200340,"status":{"type":"idle"},"path":"C:\\Source\\SixFive7\\BrowserAI\\.work\\q254-2026-09-23\\codexhome\\sessions\\2026\\09\\23\\rollout-2026-09-23T23-52-20-01a0d041-601e-7c81-a6c8-7f16da3349fc.jsonl","cwd":"C:\\Source\\SixFive7\\BrowserAI\\.work\\q254-2026-09-23","cliVersion":"0.155.0-alpha.9.2","orig
2026-09-23T21:52:20.641Z THREAD_ID=01a0d041-601e-7c81-a6c8-7f16da3349fc
2026-09-23T21:52:20.641Z SEND id=3 mcpServer/tool/call {"threadId":"01a0d041-601e-7c81-a6c8-7f16da3349fc","server":"probe","tool":"ping","arguments":{"note":"c1"}}
2026-09-23T21:52:20.642Z NOTE thread/started {"thread":{"id":"01a0d041-601e-7c81-a6c8-7f16da3349fc","environments":[{"environmentId":"local","cwd":"C:\\Source\\SixFive7\\BrowserAI\\.work\\q254-2026-09-23","runtimeWorkspaceRoots":["C:\\Source\\SixFive7\\BrowserAI\\.work\\q254-2026-09-23"]}],"extra":null,"sessionId":"01a0d041-601e-7c81-a6c8-7f16da3349fc","forkedFromId":null,"parentThreadId":null,"preview":"","ephemeral":false,"section":null,"sectionEnteredAt":null,"projectId":null,"historyMode":"paginated","modelProvider":"stub","model":"stub-model","reasoningEffort":null,"createdAt":1790200340,"updatedAt":1790200340,"recencyAt":1790200340,"status":{"type":"idle"},"path":"C:\\Source\\SixFive7\\BrowserAI\\.work\\q254-2026-09-23\\codexhome
2026-09-23T21:52:20.643Z NOTE mcpServer/startupStatus/updated {"threadId":"01a0d041-601e-7c81-a6c8-7f16da3349fc","name":"probe","status":"starting","error":null,"failureReason":null}
2026-09-23T21:52:20.693Z NOTE mcpServer/startupStatus/updated {"threadId":"01a0d041-601e-7c81-a6c8-7f16da3349fc","name":"probe","status":"ready","error":null,"failureReason":null}
2026-09-23T21:52:20.694Z RESP id=3 {"content":[{"type":"text","text":"pong #1 from X2-pid133228-1790200340683. note=c1. RESULT-MARKER-EXITING: this server is about to exit for a staged update."}],"isError":false}
2026-09-23T21:52:22.704Z MARKER BASELINE call2 (no trigger)
2026-09-23T21:52:22.705Z SEND id=4 mcpServer/tool/call {"threadId":"01a0d041-601e-7c81-a6c8-7f16da3349fc","server":"probe","tool":"ping","arguments":{"note":"c2"}}
2026-09-23T21:52:22.706Z RESP id=4 {"code":-32603,"message":"tool call failed for `probe/ping`: Transport closed"}
2026-09-23T21:52:22.707Z MARKER TRIGGER config/mcpServer/reload
2026-09-23T21:52:22.707Z SEND id=5 config/mcpServer/reload {}
2026-09-23T21:52:22.718Z RESP id=5 {}
2026-09-23T21:52:22.718Z NOTE mcpServer/startupStatus/updated {"threadId":"01a0d041-601e-7c81-a6c8-7f16da3349fc","name":"probe","status":"starting","error":null,"failureReason":null}
2026-09-23T21:52:22.774Z NOTE mcpServer/startupStatus/updated {"threadId":"01a0d041-601e-7c81-a6c8-7f16da3349fc","name":"probe","status":"ready","error":null,"failureReason":null}
2026-09-23T21:52:24.733Z MARKER call3 after reload
2026-09-23T21:52:24.733Z SEND id=6 mcpServer/tool/call {"threadId":"01a0d041-601e-7c81-a6c8-7f16da3349fc","server":"probe","tool":"ping","arguments":{"note":"c3"}}
2026-09-23T21:52:24.735Z RESP id=6 {"content":[{"type":"text","text":"pong #1 from X2-pid150064-1790200342761. note=c3. RESULT-MARKER-EXITING: this server is about to exit for a staged update."}],"isError":false}
2026-09-23T21:52:26.241Z DONE
