[probe] arm=chromium/fp-baseline origin=http://127.0.0.1:56248 profile=C:\Source\SixFive7\BrowserAI\.work\password-2026-09-23\out\chromium-fp-baseline\profile
[probe] prefs=false switch=false seedPreferences=false
[probe] launchOptions={"headless":false,"downloadsPath":"C:\\Source\\SixFive7\\BrowserAI\\.work\\password-2026-09-23\\out\\chromium-fp-baseline\\downloads","viewport":{"width":1280,"height":800},"locale":"en-US","ignoreHTTPSErrors":true,"channel":"chrome-for-testing","permissions":["clipboard-read"]}
[probe] context.browser() gave no pid; rooting the pid walk at node itself
[probe] pid walk root = 41284 (node pid 41284)
[probe] fingerprint {"webdriver":true,"ua":"Mozilla/5.0 (Windows NT 10.0; Win64; x64) AppleWebKit/537.36 (KHTML, like Gecko) Chrome/154.0.0.0 Safari/537.36"}
[probe] before: 15 windows in pid tree 2196,41284,60368,66484,94868,107000,123404,146524,162664,169304
[probe] screenshot C:\Source\SixFive7\BrowserAI\.work\password-2026-09-23\out\chromium-fp-baseline\screen-before.png
[server] POST /login body=username=probe-user&password=Sup3rSecret%21probe
[probe] navigation after submit completed (#ok present)
[probe] new windows first seen after 2961 ms
[probe] screenshot C:\Source\SixFive7\BrowserAI\.work\password-2026-09-23\out\chromium-fp-baseline\screen-after.png
[probe] after: 18 windows; 3 not present before
[probe]   NEW top 0x7F0F52 pid=2196 visible=true class='Chrome_WidgetWin_1' title='Save password?' rect=757,86,1219,476
[probe]     PrintWindow(7F0F52) -> True, 462x390, C:\Source\SixFive7\BrowserAI\.work\password-2026-09-23\out\chromium-fp-baseline\win-Save_password_.png
[probe]   NEW child-of-0x7F0F52 0x241836 pid=94868 visible=true class='Intermediate D3D Window' title='' rect=757,86,1219,476
[probe]     PrintWindow(241836) -> True, 462x390, C:\Source\SixFive7\BrowserAI\.work\password-2026-09-23\out\chromium-fp-baseline\win-Intermediate_D3D_Window.png
[probe]   NEW top 0x2817C4 pid=2196 visible=true class='Chrome_WidgetWin_1' title='signed in - Google Chrome for Testing' rect=10,10,1306,944
[probe]     PrintWindow(2817C4) -> True, 1296x934, C:\Source\SixFive7\BrowserAI\.work\password-2026-09-23\out\chromium-fp-baseline\win-signed_in_-_Google_Chrome_for_Testing.png
[probe] Preferences after launch: 7816 bytes; credentials_enable_service=undefined profile.password_manager_enabled=undefined

[probe] VERDICT newWindows=3 firstSeenMs=2961 outDir=C:\Source\SixFive7\BrowserAI\.work\password-2026-09-23\out\chromium-fp-baseline
EXIT=0
