[probe] arm=chromium/pmenabled-only origin=http://127.0.0.1:61468 profile=C:\Source\SixFive7\BrowserAI\.work\password-2026-09-23\out\chromium-pmenabled-only\profile
[probe] prefs=false switch=false seedPreferences=true
[probe] seeded C:\Source\SixFive7\BrowserAI\.work\password-2026-09-23\out\chromium-pmenabled-only\profile\Default\Preferences = {"profile":{"password_manager_enabled":false}}
[probe] launchOptions={"headless":false,"downloadsPath":"C:\\Source\\SixFive7\\BrowserAI\\.work\\password-2026-09-23\\out\\chromium-pmenabled-only\\downloads","viewport":{"width":1280,"height":800},"locale":"en-US","ignoreHTTPSErrors":true,"channel":"chrome-for-testing","permissions":["clipboard-read"]}
[probe] context.browser() gave no pid; rooting the pid walk at node itself
[probe] pid walk root = 110940 (node pid 110940)
[probe] before: 17 windows in pid tree 20908,31724,50900,57220,61868,76132,82116,89708,110940,161172,171860
[probe] screenshot C:\Source\SixFive7\BrowserAI\.work\password-2026-09-23\out\chromium-pmenabled-only\screen-before.png
[server] POST /login body=username=probe-user&password=Sup3rSecret%21probe
[probe] navigation after submit completed (#ok present)
[probe] new windows first seen after 2421 ms
[probe] screenshot C:\Source\SixFive7\BrowserAI\.work\password-2026-09-23\out\chromium-pmenabled-only\screen-after.png
[probe] after: 20 windows; 3 not present before
[probe]   NEW top 0x3B224AC pid=20908 visible=true class='Chrome_WidgetWin_1' title='Save password?' rect=757,86,1219,476
[probe]     PrintWindow(3B224AC) -> True, 462x390, C:\Source\SixFive7\BrowserAI\.work\password-2026-09-23\out\chromium-pmenabled-only\win-Save_password_.png
[probe]   NEW child-of-0x3B224AC 0x23036A pid=50900 visible=true class='Intermediate D3D Window' title='' rect=757,86,1219,476
[probe]     PrintWindow(23036A) -> True, 462x390, C:\Source\SixFive7\BrowserAI\.work\password-2026-09-23\out\chromium-pmenabled-only\win-Intermediate_D3D_Window.png
[probe]   NEW top 0x80762 pid=20908 visible=true class='Chrome_WidgetWin_1' title='signed in - Google Chrome for Testing' rect=10,10,1306,944
[probe]     PrintWindow(80762) -> True, 1296x934, C:\Source\SixFive7\BrowserAI\.work\password-2026-09-23\out\chromium-pmenabled-only\win-signed_in_-_Google_Chrome_for_Testing.png
[probe] Preferences after launch: 7777 bytes; credentials_enable_service=undefined profile.password_manager_enabled=false

[probe] VERDICT newWindows=3 firstSeenMs=2421 outDir=C:\Source\SixFive7\BrowserAI\.work\password-2026-09-23\out\chromium-pmenabled-only
EXIT=0
