147191864.492	2026-10-03T01:29:08.8452118Z	79368	harness	ENV	ALLUSERSPROFILE CommonProgramFiles CommonProgramFiles(x86) CommonProgramW6432 COMPUTERNAME ComSpec DriverData HOMEDRIVE HOMEPATH LOGONSERVER NUMBER_OF_PROCESSORS OS Path PATHEXT PROCESSOR_ARCHITECTURE PROCESSOR_IDENTIFIER PROCESSOR_LEVEL PROCESSOR_REVISION ProgramData ProgramFiles ProgramFiles(x86) ProgramW6432 PUBLIC SESSIONNAME SystemDrive SystemRoot TEMP TMP USERDOMAIN USERDOMAIN_ROAMINGPROFILE USERNAME USERPROFILE windir
147191864.606	2026-10-03T01:29:08.8453178Z	79368	harness	LAUNCH	exe=C:\Source\SixFive7\BrowserAI\.work\client-exit\rig\bin\ExitRig.exe args=["fakeclient","--logdir","C:\\Source\\SixFive7\\BrowserAI\\.work\\client-exit\\runs\\controls\\K-tkclose-r1","--action","taskkill-then-close","--delay-ms","15000","--after-ms","300"] cwd=C:\Source\SixFive7\BrowserAI\.work\client-exit\runs\controls\K-tkclose-r1
147191872.119	2026-10-03T01:29:08.8528356Z	79368	observer	ROOT	pid=58680 role=client created=2026-10-03T01:29:08.8466515Z inJob=True image=C:\Source\SixFive7\BrowserAI\.work\client-exit\rig\bin\ExitRig.exe cmd="C:\Source\SixFive7\BrowserAI\.work\client-exit\rig\bin\ExitRig.exe" fakeclient --logdir C:\Source\SixFive7\BrowserAI\.work\client-exit\runs\controls\K-tkclose-r1 --action taskkill-then-close --delay-ms 15000 --after-ms 300
147191872.828	2026-10-03T01:29:08.8535387Z	79368	harness	ACTION_CLOSE_STDIN	why=spec stdin=closed qpcBefore=147191872.811
147191894.299	2026-10-03T01:29:08.8750229Z	79368	observer	FOUND	pid=55908 ppid=58680 role=conhost created=2026-10-03T01:29:08.8547836Z inJob=True image=C:\Windows\System32\conhost.exe cmd=\??\C:\WINDOWS\system32\conhost.exe 0x4
147191999.967	2026-10-03T01:29:08.9806858Z	79368	observer	FOUND	pid=72836 ppid=58680 role=server created=2026-10-03T01:29:08.9485380Z inJob=True image=C:\Source\SixFive7\BrowserAI\.work\client-exit\rig\bin\ExitRig.exe cmd="C:\Source\SixFive7\BrowserAI\.work\client-exit\rig\bin\ExitRig.exe" server --logdir C:\Source\SixFive7\BrowserAI\.work\client-exit\runs\controls\K-tkclose-r1 --delay-ms 15000
147192000.335	2026-10-03T01:29:08.9810472Z	79368	observer	FOUND	pid=7212 ppid=72836 role=conhost created=2026-10-03T01:29:08.9573324Z inJob=True image=C:\Windows\System32\conhost.exe cmd=\??\C:\WINDOWS\system32\conhost.exe 0x4
147192131.218	2026-10-03T01:29:09.1119335Z	79368	observer	FOUND	pid=69732 ppid=72836 role=standin created=2026-10-03T01:29:09.0751358Z inJob=True image=C:\Source\SixFive7\BrowserAI\.work\client-exit\rig\bin\ExitRig.exe cmd="C:\Source\SixFive7\BrowserAI\.work\client-exit\rig\bin\ExitRig.exe" standin --logdir "C:\Source\SixFive7\BrowserAI\.work\client-exit\runs\controls\K-tkclose-r1"
147192131.608	2026-10-03T01:29:09.1123204Z	79368	observer	FOUND	pid=75732 ppid=69732 role=conhost created=2026-10-03T01:29:09.0847836Z inJob=True image=C:\Windows\System32\conhost.exe cmd=\??\C:\WINDOWS\system32\conhost.exe 0x4
147192457.575	2026-10-03T01:29:09.4382925Z	79368	observer	FOUND	pid=68528 ppid=58680 role=KILLER:taskkill created=2026-10-03T01:29:09.4034565Z inJob=True image=C:\Windows\System32\taskkill.exe cmd="C:\WINDOWS\System32\taskkill.exe" /PID 72836 /T /F
147192463.693	2026-10-03T01:29:09.4444364Z	79368	observer	FOUND	pid=75376 ppid=68528 role=conhost created=2026-10-03T01:29:09.4152415Z inJob=True image=C:\Windows\System32\conhost.exe cmd=\??\C:\WINDOWS\system32\conhost.exe 0x4
147193254.214	2026-10-03T01:29:10.2349261Z	79368	observer	EXIT	pid=75732 role=conhost code=1 (0x00000001) exitUtc=2026-10-03T01:29:10.2314864Z qpcSeen=147193254.143
147193256.961	2026-10-03T01:29:10.2376727Z	79368	observer	EXIT	pid=7212 role=conhost code=1 (0x00000001) exitUtc=2026-10-03T01:29:10.2329046Z qpcSeen=147193256.901
147193260.152	2026-10-03T01:29:10.2408659Z	79368	observer	EXIT	pid=68528 role=KILLER:taskkill code=0 (0x00000000) exitUtc=2026-10-03T01:29:10.2341449Z qpcSeen=147193260.022
147193261.946	2026-10-03T01:29:10.2426588Z	79368	observer	EXIT	pid=69732 role=standin code=1 (0x00000001) exitUtc=2026-10-03T01:29:10.2331564Z qpcSeen=147193261.898
147193262.516	2026-10-03T01:29:10.2432348Z	79368	observer	EXIT	pid=72836 role=server code=1 (0x00000001) exitUtc=2026-10-03T01:29:10.2331620Z qpcSeen=147193262.489
147193267.466	2026-10-03T01:29:10.2481877Z	79368	observer	EXIT	pid=75376 role=conhost code=0 (0x00000000) exitUtc=2026-10-03T01:29:10.2440905Z qpcSeen=147193267.386
147193274.744	2026-10-03T01:29:10.2554625Z	79368	observer	EXIT	pid=55908 role=conhost code=0 (0x00000000) exitUtc=2026-10-03T01:29:10.2528284Z qpcSeen=147193274.689
147193283.208	2026-10-03T01:29:10.2639203Z	79368	observer	EXIT	pid=58680 role=client code=0 (0x00000000) exitUtc=2026-10-03T01:29:10.2491915Z qpcSeen=147193283.148
147193283.219	2026-10-03T01:29:10.2639317Z	79368	harness	CLIENT_EXITED	code=0
