147192078.298	2026-10-03T01:29:09.0596172Z	72836	server	START	delayMs=15000 ppid=58680 parentImage=C:\Source\SixFive7\BrowserAI\.work\client-exit\rig\bin\ExitRig.exe cmdline=C:\Source\SixFive7\BrowserAI\.work\client-exit\rig\bin\ExitRig.dll server --logdir C:\Source\SixFive7\BrowserAI\.work\client-exit\runs\controls\K-tkclose-r1 --delay-ms 15000
147192084.377	2026-10-03T01:29:09.0651052Z	72836	server	CONSOLE	consoleWindow=0x0 visible=False consoleProcs=[72836]
147192086.525	2026-10-03T01:29:09.0672387Z	72836	server	JOB	inJob=True immediateJobLimitFlags=0x800 assigned=261 listed=261 first64=[39440,50104,35556,51272,51872,45984,22960,45940,6632,38968,10768,51812,62328,46352,3576,488,18408,45384,57628,18992,16788,59796,59156,58924,60376,50468,60424,60272,19440,55088,16292,62980,38856,59696,23444,42364,62644,6256,40504,51072,10384,61548,46856,62112,63140,50680,37164,58964,50312,19416,45668,3740,17308,52060,13892,22968,50044,12228,15664,60436,59904,64172,45496,52276]
147192087.398	2026-10-03T01:29:09.0681149Z	72836	server	STDIO	stdin=pipe stdout=pipe stderr=pipe
147192089.010	2026-10-03T01:29:09.0697244Z	72836	server	PARENT_WATCH	pid=58680 image=C:\Source\SixFive7\BrowserAI\.work\client-exit\rig\bin\ExitRig.exe created=2026-10-03T01:29:08.8466515Z
147192101.296	2026-10-03T01:29:09.0820139Z	72836	server	STANDIN	pid=69732 jobFlagsReadBack=0x2000 
147192112.197	2026-10-03T01:29:09.0929175Z	72836	server	RECV	method=initialize id=1 bytes=155
147192119.095	2026-10-03T01:29:09.0998168Z	72836	server	SENT	id=1 for=initialize
147192119.562	2026-10-03T01:29:09.1002746Z	72836	server	RECV	method=notifications/initialized id=- bytes=54
147192119.614	2026-10-03T01:29:09.1003248Z	72836	server	RECV	method=tools/list id=2 bytes=46
147192119.817	2026-10-03T01:29:09.1005292Z	72836	server	SENT	id=2 for=tools/list
147192119.955	2026-10-03T01:29:09.1006706Z	72836	server	RECV	method=tools/call id=3 bytes=86
147192120.397	2026-10-03T01:29:09.1011096Z	72836	server	SENT	id=3 for=tools/call
147192447.551	2026-10-03T01:29:09.4282709Z	72836	server	EOF	how=EOF messagesReceived=4
147192480.913	2026-10-03T01:29:09.4616354Z	72836	server	ALIVE	sinceEofMs=33.2
147192507.843	2026-10-03T01:29:09.4885664Z	72836	server	ALIVE	sinceEofMs=60.1
147192561.888	2026-10-03T01:29:09.5426053Z	72836	server	ALIVE	sinceEofMs=114.2
147192592.529	2026-10-03T01:29:09.5732494Z	72836	server	ALIVE	sinceEofMs=144.9
147192634.433	2026-10-03T01:29:09.6151502Z	72836	server	ALIVE	sinceEofMs=186.8
147192679.802	2026-10-03T01:29:09.6605196Z	72836	server	ALIVE	sinceEofMs=232.1
147192749.760	2026-10-03T01:29:09.7305280Z	72836	server	ALIVE	sinceEofMs=302.1
147192775.069	2026-10-03T01:29:09.7558022Z	72836	server	ALIVE	sinceEofMs=327.4
147192801.256	2026-10-03T01:29:09.7819715Z	72836	server	ALIVE	sinceEofMs=353.6
147192837.458	2026-10-03T01:29:09.8181776Z	72836	server	ALIVE	sinceEofMs=389.3
147192864.136	2026-10-03T01:29:09.8448535Z	72836	server	ALIVE	sinceEofMs=416.5
147192890.635	2026-10-03T01:29:09.8713603Z	72836	server	ALIVE	sinceEofMs=442.9
147192916.500	2026-10-03T01:29:09.8972195Z	72836	server	ALIVE	sinceEofMs=468.8
147192941.723	2026-10-03T01:29:09.9224380Z	72836	server	ALIVE	sinceEofMs=494.1
147192981.720	2026-10-03T01:29:09.9624373Z	72836	server	ALIVE	sinceEofMs=534.0
147193007.225	2026-10-03T01:29:09.9879422Z	72836	server	ALIVE	sinceEofMs=559.6
147193032.360	2026-10-03T01:29:10.0130805Z	72836	server	ALIVE	sinceEofMs=584.7
147193057.812	2026-10-03T01:29:10.0385292Z	72836	server	ALIVE	sinceEofMs=610.2
147193083.299	2026-10-03T01:29:10.0640150Z	72836	server	ALIVE	sinceEofMs=635.6
147193113.080	2026-10-03T01:29:10.0938120Z	72836	server	ALIVE	sinceEofMs=665.4
147193138.268	2026-10-03T01:29:10.1189841Z	72836	server	ALIVE	sinceEofMs=690.6
147193164.454	2026-10-03T01:29:10.1451703Z	72836	server	ALIVE	sinceEofMs=716.8
147193189.812	2026-10-03T01:29:10.1705293Z	72836	server	ALIVE	sinceEofMs=742.2
147193216.367	2026-10-03T01:29:10.1970843Z	72836	server	ALIVE	sinceEofMs=768.5
147193242.803	2026-10-03T01:29:10.2235207Z	72836	server	ALIVE	sinceEofMs=795.1
