2026-10-08T14:21:21.5987040Z m2 rep 1 missing com GetTask+Run: GetTask threw 0x80070002 The system cannot find the file specified. (0x80070002) (5.3 ms) started=0 -
2026-10-08T14:21:21.6613344Z m2 rep 1 missing schtasks /run: exit=1 (33.1 ms) started=0 out=[] err=[ERROR: The system cannot find the file specified. |]
2026-10-08T14:21:21.6629832Z m2 rep 2 missing com GetTask+Run: GetTask threw 0x80070002 The system cannot find the file specified. (0x80070002) (0.3 ms) started=0 -
2026-10-08T14:21:21.7140630Z m2 rep 2 missing schtasks /run: exit=1 (40.1 ms) started=0 out=[] err=[ERROR: The system cannot find the file specified. |]
2026-10-08T14:21:21.7162640Z m2 rep 3 missing com GetTask+Run: GetTask threw 0x80070002 The system cannot find the file specified. (0x80070002) (0.3 ms) started=0 -
2026-10-08T14:21:21.7577417Z m2 rep 3 missing schtasks /run: exit=1 (33.5 ms) started=0 out=[] err=[ERROR: The system cannot find the file specified. |]
2026-10-08T14:21:21.7597115Z m2 rep 4 missing com GetTask+Run: GetTask threw 0x80070002 The system cannot find the file specified. (0x80070002) (0.3 ms) started=0 -
2026-10-08T14:21:21.8013389Z m2 rep 4 missing schtasks /run: exit=1 (32.9 ms) started=0 out=[] err=[ERROR: The system cannot find the file specified. |]
2026-10-08T14:21:21.8027975Z m2 rep 5 missing com GetTask+Run: GetTask threw 0x80070002 The system cannot find the file specified. (0x80070002) (0.2 ms) started=0 -
2026-10-08T14:21:21.8419427Z m2 rep 5 missing schtasks /run: exit=1 (30.3 ms) started=0 out=[] err=[ERROR: The system cannot find the file specified. |]
2026-10-08T14:21:24.9067573Z m2 rep 1 deleted-after-GetTask com Run on the held IRegisteredTask: Run threw 0x80070002 The system cannot find the file specified. (0x80070002) (2.7 ms) started=0 all exited
2026-10-08T14:21:27.9324235Z m2 rep 2 deleted-after-GetTask com Run on the held IRegisteredTask: Run threw 0x80070002 The system cannot find the file specified. (0x80070002) (0.5 ms) started=0 all exited
2026-10-08T14:21:30.9529893Z m2 rep 3 deleted-after-GetTask com Run on the held IRegisteredTask: Run threw 0x80070002 The system cannot find the file specified. (0x80070002) (0.2 ms) started=0 all exited
2026-10-08T14:21:33.9728816Z m2 rep 4 deleted-after-GetTask com Run on the held IRegisteredTask: Run threw 0x80070002 The system cannot find the file specified. (0x80070002) (0.2 ms) started=0 all exited
2026-10-08T14:21:36.9984741Z m2 rep 5 deleted-after-GetTask com Run on the held IRegisteredTask: Run threw 0x80070002 The system cannot find the file specified. (0x80070002) (0.2 ms) started=0 all exited
2026-10-08T14:21:37.0279285Z m2 rep 1 disabled state: State=1 Enabled=False (0.0 ms) started=0 -
2026-10-08T14:21:40.0339415Z m2 rep 1 disabled com Run: Run threw 0x80041326 The task is disabled. (0x80041326) (0.8 ms) started=0 lastResult=0x00041303 state=1 quit=-
2026-10-08T14:21:43.0440607Z m2 rep 1 disabled com RunEx TASK_RUN_IGNORE_CONSTRAINTS: RunEx threw 0x80041326 The task is disabled. (0x80041326) (2.7 ms) started=0 lastResult=0x00041303 state=1 quit=-
2026-10-08T14:21:46.0908166Z m2 rep 1 disabled schtasks /run: exit=1 out=[] err=[ERROR: The scheduled task "BrowserAI-measure-20261008T1411-m2-disabled" could not run because it is disabled. |] (41.0 ms) started=0 lastResult=0x00041303 state=1 quit=-
2026-10-08T14:21:49.1544379Z m2 rep 1 disabled schtasks /run /i: exit=1 out=[] err=[ERROR: The scheduled task "BrowserAI-measure-20261008T1411-m2-disabled" could not run because it is disabled. |] (59.3 ms) started=0 lastResult=0x00041303 state=1 quit=-
2026-10-08T14:21:49.1782709Z m2 rep 2 disabled state: State=1 Enabled=False (0.0 ms) started=0 -
2026-10-08T14:21:52.1882852Z m2 rep 2 disabled com Run: Run threw 0x80041326 The task is disabled. (0x80041326) (0.3 ms) started=0 lastResult=0x00041303 state=1 quit=-
2026-10-08T14:21:55.1907205Z m2 rep 2 disabled com RunEx TASK_RUN_IGNORE_CONSTRAINTS: RunEx threw 0x80041326 The task is disabled. (0x80041326) (0.2 ms) started=0 lastResult=0x00041303 state=1 quit=-
2026-10-08T14:21:58.2322288Z m2 rep 2 disabled schtasks /run: exit=1 out=[] err=[ERROR: The scheduled task "BrowserAI-measure-20261008T1411-m2-disabled" could not run because it is disabled. |] (32.1 ms) started=0 lastResult=0x00041303 state=1 quit=-
2026-10-08T14:22:01.3105258Z m2 rep 2 disabled schtasks /run /i: exit=1 out=[] err=[ERROR: The scheduled task "BrowserAI-measure-20261008T1411-m2-disabled" could not run because it is disabled. |] (74.2 ms) started=0 lastResult=0x00041303 state=1 quit=-
2026-10-08T14:22:01.3294419Z m2 rep 3 disabled state: State=1 Enabled=False (0.0 ms) started=0 -
2026-10-08T14:22:04.3320248Z m2 rep 3 disabled com Run: Run threw 0x80041326 The task is disabled. (0x80041326) (0.2 ms) started=0 lastResult=0x00041303 state=1 quit=-
2026-10-08T14:22:07.3354120Z m2 rep 3 disabled com RunEx TASK_RUN_IGNORE_CONSTRAINTS: RunEx threw 0x80041326 The task is disabled. (0x80041326) (0.2 ms) started=0 lastResult=0x00041303 state=1 quit=-
2026-10-08T14:22:10.3716562Z m2 rep 3 disabled schtasks /run: exit=1 out=[] err=[ERROR: The scheduled task "BrowserAI-measure-20261008T1411-m2-disabled" could not run because it is disabled. |] (33.9 ms) started=0 lastResult=0x00041303 state=1 quit=-
2026-10-08T14:22:13.4470417Z m2 rep 3 disabled schtasks /run /i: exit=1 out=[] err=[ERROR: The scheduled task "BrowserAI-measure-20261008T1411-m2-disabled" could not run because it is disabled. |] (72.4 ms) started=0 lastResult=0x00041303 state=1 quit=-
2026-10-08T14:22:13.4689970Z m2 rep 4 disabled state: State=1 Enabled=False (0.0 ms) started=0 -
2026-10-08T14:22:16.4822055Z m2 rep 4 disabled com Run: Run threw 0x80041326 The task is disabled. (0x80041326) (0.2 ms) started=0 lastResult=0x00041303 state=1 quit=-
2026-10-08T14:22:19.4861278Z m2 rep 4 disabled com RunEx TASK_RUN_IGNORE_CONSTRAINTS: RunEx threw 0x80041326 The task is disabled. (0x80041326) (0.3 ms) started=0 lastResult=0x00041303 state=1 quit=-
2026-10-08T14:22:22.5217697Z m2 rep 4 disabled schtasks /run: exit=1 out=[] err=[ERROR: The scheduled task "BrowserAI-measure-20261008T1411-m2-disabled" could not run because it is disabled. |] (33.1 ms) started=0 lastResult=0x00041303 state=1 quit=-
2026-10-08T14:22:25.5594224Z m2 rep 4 disabled schtasks /run /i: exit=1 out=[] err=[ERROR: The scheduled task "BrowserAI-measure-20261008T1411-m2-disabled" could not run because it is disabled. |] (35.2 ms) started=0 lastResult=0x00041303 state=1 quit=-
2026-10-08T14:22:25.5793331Z m2 rep 5 disabled state: State=1 Enabled=False (0.0 ms) started=0 -
2026-10-08T14:22:28.5826866Z m2 rep 5 disabled com Run: Run threw 0x80041326 The task is disabled. (0x80041326) (0.2 ms) started=0 lastResult=0x00041303 state=1 quit=-
2026-10-08T14:22:31.5856873Z m2 rep 5 disabled com RunEx TASK_RUN_IGNORE_CONSTRAINTS: RunEx threw 0x80041326 The task is disabled. (0x80041326) (0.2 ms) started=0 lastResult=0x00041303 state=1 quit=-
2026-10-08T14:22:34.6238008Z m2 rep 5 disabled schtasks /run: exit=1 out=[] err=[ERROR: The scheduled task "BrowserAI-measure-20261008T1411-m2-disabled" could not run because it is disabled. |] (32.5 ms) started=0 lastResult=0x00041303 state=1 quit=-
2026-10-08T14:22:37.6611214Z m2 rep 5 disabled schtasks /run /i: exit=1 out=[] err=[ERROR: The scheduled task "BrowserAI-measure-20261008T1411-m2-disabled" could not run because it is disabled. |] (33.5 ms) started=0 lastResult=0x00041303 state=1 quit=-
Unhandled exception. System.UnauthorizedAccessException: Access is denied. (0x80070005 (E_ACCESSDENIED))
   at Microsoft.CSharp.RuntimeBinder.ComInterop.ComRuntimeHelpers.CheckThrowException(Int32 hresult, ExcepInfo& excepInfo, UInt32 argErr, String message)
   at CallSite.Target(Closure, CallSite, ComObject, String, String, Int32, Object, Object, Int32, Object)
   at System.Dynamic.UpdateDelegates.UpdateAndExecute8[T0,T1,T2,T3,T4,T5,T6,T7,TRet](CallSite site, T0 arg0, T1 arg1, T2 arg2, T3 arg3, T4 arg4, T5 arg5, T6 arg6, T7 arg7)
   at System.Dynamic.UpdateDelegates.UpdateAndExecute8[T0,T1,T2,T3,T4,T5,T6,T7,TRet](CallSite site, T0 arg0, T1 arg1, T2 arg2, T3 arg3, T4 arg4, T5 arg5, T6 arg6, T7 arg7)
   at Rig.Sched.Register(Object folder, String name, String xml, Int32 logonType) in C:\Source\SixFive7\BrowserAI\.work\step0-tasks\src\Rig\Support.cs:line 78
   at System.Dynamic.UpdateDelegates.UpdateAndExecuteVoid5[T0,T1,T2,T3,T4](CallSite site, T0 arg0, T1 arg1, T2 arg2, T3 arg3, T4 arg4)
   at Rig.Program.M3Pair(Options options) in C:\Source\SixFive7\BrowserAI\.work\step0-tasks\src\Rig\Program.cs:line 848
   at Rig.Program.Main(String[] args) in C:\Source\SixFive7\BrowserAI\.work\step0-tasks\src\Rig\Program.cs:line 45
2026-10-08T14:22:37.8607892Z deleted BrowserAI-measure-20261008T1411-m3pair-s4u-end-a: False; BrowserAI-measure-20261008T1411-m3pair-s4u-end-b: False
Unhandled exception. System.UnauthorizedAccessException: Access is denied. (0x80070005 (E_ACCESSDENIED))
   at Microsoft.CSharp.RuntimeBinder.ComInterop.ComRuntimeHelpers.CheckThrowException(Int32 hresult, ExcepInfo& excepInfo, UInt32 argErr, String message)
   at CallSite.Target(Closure, CallSite, ComObject, String, String, Int32, Object, Object, Int32, Object)
   at System.Dynamic.UpdateDelegates.UpdateAndExecute8[T0,T1,T2,T3,T4,T5,T6,T7,TRet](CallSite site, T0 arg0, T1 arg1, T2 arg2, T3 arg3, T4 arg4, T5 arg5, T6 arg6, T7 arg7)
   at System.Dynamic.UpdateDelegates.UpdateAndExecute8[T0,T1,T2,T3,T4,T5,T6,T7,TRet](CallSite site, T0 arg0, T1 arg1, T2 arg2, T3 arg3, T4 arg4, T5 arg5, T6 arg6, T7 arg7)
   at Rig.Sched.Register(Object folder, String name, String xml, Int32 logonType) in C:\Source\SixFive7\BrowserAI\.work\step0-tasks\src\Rig\Support.cs:line 78
   at System.Dynamic.UpdateDelegates.UpdateAndExecuteVoid5[T0,T1,T2,T3,T4](CallSite site, T0 arg0, T1 arg1, T2 arg2, T3 arg3, T4 arg4)
   at Rig.Program.M3Pair(Options options) in C:\Source\SixFive7\BrowserAI\.work\step0-tasks\src\Rig\Program.cs:line 848
   at Rig.Program.Main(String[] args) in C:\Source\SixFive7\BrowserAI\.work\step0-tasks\src\Rig\Program.cs:line 45
2026-10-08T14:22:38.0392946Z deleted BrowserAI-measure-20261008T1411-m3pair-s4u-stop-a: False; BrowserAI-measure-20261008T1411-m3pair-s4u-stop-b: False
Unhandled exception. System.UnauthorizedAccessException: Access is denied. (0x80070005 (E_ACCESSDENIED))
   at Microsoft.CSharp.RuntimeBinder.ComInterop.ComRuntimeHelpers.CheckThrowException(Int32 hresult, ExcepInfo& excepInfo, UInt32 argErr, String message)
   at CallSite.Target(Closure, CallSite, ComObject, String, String, Int32, Object, Object, Int32, Object)
   at System.Dynamic.UpdateDelegates.UpdateAndExecute8[T0,T1,T2,T3,T4,T5,T6,T7,TRet](CallSite site, T0 arg0, T1 arg1, T2 arg2, T3 arg3, T4 arg4, T5 arg5, T6 arg6, T7 arg7)
   at System.Dynamic.UpdateDelegates.UpdateAndExecute8[T0,T1,T2,T3,T4,T5,T6,T7,TRet](CallSite site, T0 arg0, T1 arg1, T2 arg2, T3 arg3, T4 arg4, T5 arg5, T6 arg6, T7 arg7)
   at Rig.Sched.Register(Object folder, String name, String xml, Int32 logonType) in C:\Source\SixFive7\BrowserAI\.work\step0-tasks\src\Rig\Support.cs:line 78
   at System.Dynamic.UpdateDelegates.UpdateAndExecuteVoid5[T0,T1,T2,T3,T4](CallSite site, T0 arg0, T1 arg1, T2 arg2, T3 arg3, T4 arg4)
   at Rig.Program.M3(Options options) in C:\Source\SixFive7\BrowserAI\.work\step0-tasks\src\Rig\Program.cs:line 680
   at Rig.Program.Main(String[] args) in C:\Source\SixFive7\BrowserAI\.work\step0-tasks\src\Rig\Program.cs:line 44
2026-10-08T14:22:38.2125316Z deleted BrowserAI-measure-20261008T1411-m3-s4u-end-top: False
Unhandled exception. System.UnauthorizedAccessException: Access is denied. (0x80070005 (E_ACCESSDENIED))
   at Microsoft.CSharp.RuntimeBinder.ComInterop.ComRuntimeHelpers.CheckThrowException(Int32 hresult, ExcepInfo& excepInfo, UInt32 argErr, String message)
   at CallSite.Target(Closure, CallSite, ComObject, String, String, Int32, Object, Object, Int32, Object)
   at System.Dynamic.UpdateDelegates.UpdateAndExecute8[T0,T1,T2,T3,T4,T5,T6,T7,TRet](CallSite site, T0 arg0, T1 arg1, T2 arg2, T3 arg3, T4 arg4, T5 arg5, T6 arg6, T7 arg7)
   at System.Dynamic.UpdateDelegates.UpdateAndExecute8[T0,T1,T2,T3,T4,T5,T6,T7,TRet](CallSite site, T0 arg0, T1 arg1, T2 arg2, T3 arg3, T4 arg4, T5 arg5, T6 arg6, T7 arg7)
   at Rig.Sched.Register(Object folder, String name, String xml, Int32 logonType) in C:\Source\SixFive7\BrowserAI\.work\step0-tasks\src\Rig\Support.cs:line 78
   at System.Dynamic.UpdateDelegates.UpdateAndExecuteVoid5[T0,T1,T2,T3,T4](CallSite site, T0 arg0, T1 arg1, T2 arg2, T3 arg3, T4 arg4)
   at Rig.Program.M3(Options options) in C:\Source\SixFive7\BrowserAI\.work\step0-tasks\src\Rig\Program.cs:line 680
   at Rig.Program.Main(String[] args) in C:\Source\SixFive7\BrowserAI\.work\step0-tasks\src\Rig\Program.cs:line 44
2026-10-08T14:22:38.3850682Z deleted BrowserAI-measure-20261008T1411-m3-s4u-stop-top: False
CHAIN-B-DONE
