147194110.030	2026-10-03T01:29:11.0907423Z	79368	harness	ENV	ALLUSERSPROFILE CommonProgramFiles CommonProgramFiles(x86) CommonProgramW6432 COMPUTERNAME ComSpec DriverData HOMEDRIVE HOMEPATH LOGONSERVER NUMBER_OF_PROCESSORS OS Path PATHEXT PROCESSOR_ARCHITECTURE PROCESSOR_IDENTIFIER PROCESSOR_LEVEL PROCESSOR_REVISION ProgramData ProgramFiles ProgramFiles(x86) ProgramW6432 PUBLIC SESSIONNAME SystemDrive SystemRoot TEMP TMP USERDOMAIN USERDOMAIN_ROAMINGPROFILE USERNAME USERPROFILE windir
147194110.133	2026-10-03T01:29:11.0908431Z	79368	harness	LAUNCH	exe=C:\Source\SixFive7\BrowserAI\.work\client-exit\rig\bin\ExitRig.exe args=["fakeclient","--logdir","C:\\Source\\SixFive7\\BrowserAI\\.work\\client-exit\\runs\\controls\\K-taskkill-r1","--action","taskkill","--delay-ms","15000","--after-ms","300"] cwd=C:\Source\SixFive7\BrowserAI\.work\client-exit\runs\controls\K-taskkill-r1
147194117.083	2026-10-03T01:29:11.0977952Z	79368	observer	ROOT	pid=49348 role=client created=2026-10-03T01:29:11.0917190Z inJob=True image=C:\Source\SixFive7\BrowserAI\.work\client-exit\rig\bin\ExitRig.exe cmd="C:\Source\SixFive7\BrowserAI\.work\client-exit\rig\bin\ExitRig.exe" fakeclient --logdir C:\Source\SixFive7\BrowserAI\.work\client-exit\runs\controls\K-taskkill-r1 --action taskkill --delay-ms 15000 --after-ms 300
147194117.860	2026-10-03T01:29:11.0985712Z	79368	harness	ACTION_CLOSE_STDIN	why=spec stdin=closed qpcBefore=147194117.842
147194142.689	2026-10-03T01:29:11.1234101Z	79368	observer	FOUND	pid=67856 ppid=49348 role=conhost created=2026-10-03T01:29:11.1003898Z inJob=True image=C:\Windows\System32\conhost.exe cmd=\??\C:\WINDOWS\system32\conhost.exe 0x4
147194228.032	2026-10-03T01:29:11.2087483Z	79368	observer	FOUND	pid=78812 ppid=49348 role=server created=2026-10-03T01:29:11.1883397Z inJob=True image=C:\Source\SixFive7\BrowserAI\.work\client-exit\rig\bin\ExitRig.exe cmd="C:\Source\SixFive7\BrowserAI\.work\client-exit\rig\bin\ExitRig.exe" server --logdir C:\Source\SixFive7\BrowserAI\.work\client-exit\runs\controls\K-taskkill-r1 --delay-ms 15000
147194229.079	2026-10-03T01:29:11.2097904Z	79368	observer	FOUND	pid=76728 ppid=78812 role=conhost created=2026-10-03T01:29:11.1967926Z inJob=True image=C:\Windows\System32\conhost.exe cmd=\??\C:\WINDOWS\system32\conhost.exe 0x4
147194375.169	2026-10-03T01:29:11.3558827Z	79368	observer	FOUND	pid=64272 ppid=78812 role=standin created=2026-10-03T01:29:11.3133923Z inJob=True image=C:\Source\SixFive7\BrowserAI\.work\client-exit\rig\bin\ExitRig.exe cmd="C:\Source\SixFive7\BrowserAI\.work\client-exit\rig\bin\ExitRig.exe" standin --logdir "C:\Source\SixFive7\BrowserAI\.work\client-exit\runs\controls\K-taskkill-r1"
147194375.517	2026-10-03T01:29:11.3562344Z	79368	observer	FOUND	pid=59996 ppid=64272 role=conhost created=2026-10-03T01:29:11.3260896Z inJob=True image=C:\Windows\System32\conhost.exe cmd=\??\C:\WINDOWS\system32\conhost.exe 0x4
147194681.963	2026-10-03T01:29:11.6626787Z	79368	observer	FOUND	pid=80812 ppid=49348 role=KILLER:taskkill created=2026-10-03T01:29:11.6446817Z inJob=True image=C:\Windows\System32\taskkill.exe cmd="C:\WINDOWS\System32\taskkill.exe" /PID 78812 /T /F
147194682.224	2026-10-03T01:29:11.6629346Z	79368	observer	FOUND	pid=42080 ppid=80812 role=conhost created=2026-10-03T01:29:11.6520494Z inJob=True image=C:\Windows\System32\conhost.exe cmd=\??\C:\WINDOWS\system32\conhost.exe 0x4
147195336.817	2026-10-03T01:29:12.3175292Z	79368	observer	EXIT	pid=59996 role=conhost code=1 (0x00000001) exitUtc=2026-10-03T01:29:12.3116618Z qpcSeen=147195336.765
147195336.932	2026-10-03T01:29:12.3176436Z	79368	observer	EXIT	pid=76728 role=conhost code=1 (0x00000001) exitUtc=2026-10-03T01:29:12.3116787Z qpcSeen=147195336.885
147195340.766	2026-10-03T01:29:12.3214778Z	79368	observer	EXIT	pid=80812 role=KILLER:taskkill code=0 (0x00000000) exitUtc=2026-10-03T01:29:12.3127159Z qpcSeen=147195340.718
147195342.388	2026-10-03T01:29:12.3230996Z	79368	observer	EXIT	pid=64272 role=standin code=1 (0x00000001) exitUtc=2026-10-03T01:29:12.3122289Z qpcSeen=147195342.352
147195343.454	2026-10-03T01:29:12.3241658Z	79368	observer	EXIT	pid=42080 role=conhost code=0 (0x00000000) exitUtc=2026-10-03T01:29:12.3218350Z qpcSeen=147195343.421
147195344.289	2026-10-03T01:29:12.3250003Z	79368	observer	EXIT	pid=78812 role=server code=1 (0x00000001) exitUtc=2026-10-03T01:29:12.3122614Z qpcSeen=147195344.269
147195352.227	2026-10-03T01:29:12.3329384Z	79368	observer	EXIT	pid=67856 role=conhost code=0 (0x00000000) exitUtc=2026-10-03T01:29:12.3304917Z qpcSeen=147195352.171
147195360.114	2026-10-03T01:29:12.3408255Z	79368	observer	EXIT	pid=49348 role=client code=0 (0x00000000) exitUtc=2026-10-03T01:29:12.3276570Z qpcSeen=147195360.069
147195360.118	2026-10-03T01:29:12.3408294Z	79368	harness	CLIENT_EXITED	code=0
