=== HEAD a34ce656 0 uncommitted
=== PUBLISH 03:40:05
=== server publish exit 0
=== app publish exit 0
=== WAITING for the suite lock 03:40:52: lane: closes started: 2026-10-04T03:39:25Z running: closes: the ordinary two-shell gate on daytime/closes at 6a02c20, PowerShell half then Git Bash half, from .work/wt/closes 
=== WAITING for the suite lock 03:41:52: lane: closes started: 2026-10-04T03:39:25Z running: closes: the ordinary two-shell gate on daytime/closes at 6a02c20, PowerShell half then Git Bash half, from .work/wt/closes 
=== WAITING for the suite lock 03:42:53: lane: closes started: 2026-10-04T03:39:25Z running: closes: the ordinary two-shell gate on daytime/closes at 6a02c20, PowerShell half then Git Bash half, from .work/wt/closes 
=== WAITING for the suite lock 03:43:53: lane: closes started: 2026-10-04T03:39:25Z running: closes: the ordinary two-shell gate on daytime/closes at 6a02c20, PowerShell half then Git Bash half, from .work/wt/closes 
=== WAITING for the suite lock 03:44:53: lane: closes started: 2026-10-04T03:39:25Z running: closes: the ordinary two-shell gate on daytime/closes at 6a02c20, PowerShell half then Git Bash half, from .work/wt/closes 
=== WAITING for the suite lock 03:45:53: lane: closes started: 2026-10-04T03:39:25Z running: closes: the ordinary two-shell gate on daytime/closes at 6a02c20, PowerShell half then Git Bash half, from .work/wt/closes 
=== WAITING for the suite lock 03:46:53: lane: closes started: 2026-10-04T03:39:25Z running: closes: the ordinary two-shell gate on daytime/closes at 6a02c20, PowerShell half then Git Bash half, from .work/wt/closes 
=== WAITING for the suite lock 03:47:53: lane: closes started: 2026-10-04T03:39:25Z running: closes: the ordinary two-shell gate on daytime/closes at 6a02c20, PowerShell half then Git Bash half, from .work/wt/closes 
=== WAITING for the suite lock 03:48:53: lane: closes started: 2026-10-04T03:39:25Z running: closes: the ordinary two-shell gate on daytime/closes at 6a02c20, PowerShell half then Git Bash half, from .work/wt/closes 
=== WAITING for the suite lock 03:49:54: lane: closes started: 2026-10-04T03:39:25Z running: closes: the ordinary two-shell gate on daytime/closes at 6a02c20, PowerShell half then Git Bash half, from .work/wt/closes 
=== WAITING for the suite lock 03:50:54: lane: closes started: 2026-10-04T03:39:25Z running: closes: the ordinary two-shell gate on daytime/closes at 6a02c20, PowerShell half then Git Bash half, from .work/wt/closes 
=== WAITING for the suite lock 03:51:54: lane: closes started: 2026-10-04T03:39:25Z running: closes: the ordinary two-shell gate on daytime/closes at 6a02c20, PowerShell half then Git Bash half, from .work/wt/closes 
=== WAITING for the suite lock 03:52:55: lane: closes started: 2026-10-04T03:39:25Z running: closes: the ordinary two-shell gate on daytime/closes at 6a02c20, PowerShell half then Git Bash half, from .work/wt/closes 
=== LOCK TAKEN 03:53:55
=== PS HALF 03:53:55
=== PS HALF exit 0 03:59:08
=== GATE DONE 03:59:08
=== LOCK RELEASED 03:59:08
