[14596:37520:1003/151742.219:VERBOSE1:components\policy\core\common\policy_service_impl.cc:632] Taking initial snapshot of POLICY_DOMAIN_CHROME policies
[14596:37520:1003/151742.221:VERBOSE1:components\variations\service\variations_field_trial_creator.cc:612] Applying FieldTrialTestingConfig
[14596:37520:1003/151742.223:VERBOSE1:components\variations\service\variations_field_trial_creator.cc:407] VariationsSetupComplete
[14596:37520:1003/151742.238:VERBOSE1:base\allocator\scheduler_loop_quarantine_config.cc:199] No entry found for browser/global.
[14596:37520:1003/151742.238:VERBOSE1:base\allocator\scheduler_loop_quarantine_config.cc:199] No entry found for browser/*.
[14596:37520:1003/151742.274:VERBOSE1:chrome\browser\media\webrtc\webrtc_event_log_manager.cc:126] WebRTC remote-bound event logging enabled.
[14596:37520:1003/151742.279:VERBOSE1:components\proxy_config\pref_proxy_config_tracker_impl.cc:510] 0x23dc000bc780: set chrome proxy config service to 0x23dc001ad0e0
[14596:37520:1003/151742.280:VERBOSE1:components\device_event_log\device_event_log_impl.cc:214] [15:17:42.281] Display: EVENT: screen_win.cc:1102 Displays updated, count: 1
[14596:37520:1003/151742.280:VERBOSE1:components\device_event_log\device_event_log_impl.cc:214] [15:17:42.281] Display: EVENT: screen_win.cc:1104 Display[2300000000] bounds=[0,0 800x600], workarea=[0,0 800x600], scale=1, rotation=0, panel_rotation=0 external detected
[14596:55848:1003/151742.292:VERBOSE1:components\component_updater\component_installer.cc:514] StartRegistration for Optimization Guide On DeviceModels Manifest
[14596:37520:1003/151742.293:VERBOSE1:components\enterprise\browser\controller\chrome_browser_cloud_management_controller.cc:206] Cloud management controller initialization aborted as CBCM is not enabled. Please use the `--enable-chrome-browser-cloud-management` command line flag to enable it if you are not using the official Google Chrome build.
[14596:37520:1003/151742.293:VERBOSE1:chrome\installer\util\install_util.cc:221] No existing Chrome install found.
[14596:37520:1003/151742.295:VERBOSE1:chrome\browser\enterprise\platform_auth\platform_auth_policy_observer.cc:108] PlatformAuthProviderManager enabled: 0
[14596:37520:1003/151742.301:VERBOSE1:components\policy\core\common\cloud\user_cloud_policy_store.cc:146] [policy_type=google/chrome/user] Initiating immediate policy load from disk
[14596:37520:1003/151742.301:VERBOSE1:components\policy\core\common\cloud\user_cloud_policy_store.cc:249] [policy_type=google/chrome/user] No policy found on disk
[14596:37520:1003/151742.301:VERBOSE1:components\policy\core\common\cloud\user_cloud_policy_store.cc:146] [policy_type=google/extension-install-cloud-policy/chrome/user] Initiating immediate policy load from disk
[14596:37520:1003/151742.301:VERBOSE1:components\policy\core\common\cloud\user_cloud_policy_store.cc:249] [policy_type=google/extension-install-cloud-policy/chrome/user] No policy found on disk
[14596:37520:1003/151742.302:VERBOSE1:components\policy\core\common\policy_service_impl.cc:632] Taking initial snapshot of POLICY_DOMAIN_CHROME policies
[14596:9328:1003/151742.302:ERROR:sandbox\policy\win\sandbox_win.cc:804] Sandbox cannot access executable %USERPROFILE%\AppData\Local\BrowserAI\browsers\chromium-1247\chrome-win64\chrome.exe. Check filesystem permissions are valid. See https://bit.ly/31yqMJR.: Access is denied. (0x5)
[14596:37520:1003/151742.316:VERBOSE1:components\signin\internal\identity_manager\mutable_profile_oauth2_token_service_delegate.cc:355] MutablePO2TS::MutablePO2TS
[14596:37520:1003/151742.316:VERBOSE1:components\proxy_config\pref_proxy_config_tracker_impl.cc:510] 0x23dc000be1c0: set chrome proxy config service to 0x23dc001b0b00
[14596:37520:1003/151742.327:VERBOSE1:chrome\browser\permissions\prediction_service\prediction_model_handler_provider_factory.cc:62] [PermissionsAI]: PredictionModelHandlerProviderFactory::BuildServiceInstanceForBrowserContext
[14596:37520:1003/151742.327:VERBOSE1:chrome\browser\permissions\prediction_service\prediction_model_handler_provider_factory.cc:90] [PermissionsAI]: PassageEmbeddingsServiceController available, passage_embedder setup.true
[14596:37520:1003/151742.327:VERBOSE1:chrome\browser\permissions\prediction_service\prediction_model_handler_provider.cc:55] [PermissionsAI] PredictionModelHandlerProvider ctor passage_embedder available: true
[14596:37520:1003/151742.327:VERBOSE1:chrome\browser\permissions\prediction_service\prediction_model_handler_provider.cc:58] [PermissionsAI] PredictionModelHandlerProvider ctor optimization_guide available: true
[14596:37520:1003/151742.327:VERBOSE1:chrome\browser\permissions\prediction_service\prediction_model_handler_provider.cc:100] [PermissionsAI] PredictionModelHandlerProvider init AIv4
[14596:37520:1003/151742.328:VERBOSE1:components\signin\internal\identity_manager\mutable_profile_oauth2_token_service_delegate.cc:461] MutablePO2TS::RefreshTokenIsAvailable
[14596:37520:1003/151742.328:VERBOSE1:components\proxy_config\pref_proxy_config_tracker_impl.cc:510] 0x23dc000bf480: set chrome proxy config service to 0x23dc001b2900
[14596:37520:1003/151742.328:VERBOSE1:components\signin\internal\identity_manager\mutable_profile_oauth2_token_service_delegate.cc:461] MutablePO2TS::RefreshTokenIsAvailable
[14596:37520:1003/151742.331:VERBOSE1:components\signin\internal\identity_manager\mutable_profile_oauth2_token_service_delegate.cc:461] MutablePO2TS::RefreshTokenIsAvailable
[14596:37520:1003/151742.331:VERBOSE1:components\actor\core\aggregated_journal.cc:145] [ActorTool]: GlicActorPolicyChecker::ComputeActOnWebCapability: outcome=kNo reasons=kAccountCapabilityIneligible 
[14596:37520:1003/151742.331:VERBOSE1:components\signin\internal\identity_manager\mutable_profile_oauth2_token_service_delegate.cc:461] MutablePO2TS::RefreshTokenIsAvailable
[14596:37520:1003/151742.331:VERBOSE1:components\actor\core\aggregated_journal.cc:145] [ActorTool]: GlicActorPolicyChecker::ComputeActOnWebCapability: outcome=kNo reasons=kAccountCapabilityIneligible 
[14596:37520:1003/151742.331:VERBOSE1:components\signin\internal\identity_manager\mutable_profile_oauth2_token_service_delegate.cc:461] MutablePO2TS::RefreshTokenIsAvailable
[14596:37520:1003/151742.331:VERBOSE1:components\signin\internal\identity_manager\mutable_profile_oauth2_token_service_delegate.cc:461] MutablePO2TS::RefreshTokenIsAvailable
[14596:37520:1003/151742.331:VERBOSE1:components\signin\internal\identity_manager\mutable_profile_oauth2_token_service_delegate.cc:461] MutablePO2TS::RefreshTokenIsAvailable
[14596:37520:1003/151742.331:VERBOSE1:components\signin\internal\identity_manager\mutable_profile_oauth2_token_service_delegate.cc:461] MutablePO2TS::RefreshTokenIsAvailable
[14596:37520:1003/151742.332:VERBOSE1:components\signin\internal\identity_manager\mutable_profile_oauth2_token_service_delegate.cc:461] MutablePO2TS::RefreshTokenIsAvailable
[14596:37520:1003/151742.332:VERBOSE1:components\signin\internal\identity_manager\mutable_profile_oauth2_token_service_delegate.cc:461] MutablePO2TS::RefreshTokenIsAvailable
[14596:37520:1003/151742.332:VERBOSE1:components\signin\internal\identity_manager\mutable_profile_oauth2_token_service_delegate.cc:461] MutablePO2TS::RefreshTokenIsAvailable
[14596:37520:1003/151742.332:VERBOSE1:components\signin\internal\identity_manager\mutable_profile_oauth2_token_service_delegate.cc:461] MutablePO2TS::RefreshTokenIsAvailable
[14596:37520:1003/151742.332:VERBOSE1:components\signin\internal\identity_manager\mutable_profile_oauth2_token_service_delegate.cc:461] MutablePO2TS::RefreshTokenIsAvailable
[14596:37520:1003/151742.333:VERBOSE1:google_apis\gaia\gaia_auth_util.cc:53] Canonicalized @gmail.com to @gmail.com
[14596:37520:1003/151742.333:VERBOSE1:google_apis\gaia\gaia_auth_util.cc:53] Canonicalized @gmail.com to @gmail.com
[14596:37520:1003/151742.333:VERBOSE1:components\signin\core\browser\account_reconcilor.cc:145] AccountReconcilor::AccountReconcilor
[14596:37520:1003/151742.333:VERBOSE1:components\signin\core\browser\account_reconcilor.cc:168] AccountReconcilor::Initialize
[14596:37520:1003/151742.333:VERBOSE1:components\signin\core\browser\account_reconcilor.cc:221] AccountReconcilor::RegisterWithContentSettings
[14596:37520:1003/151742.333:VERBOSE1:components\signin\core\browser\account_reconcilor.cc:244] AccountReconcilor::RegisterWithIdentityManager
[14596:37520:1003/151742.333:VERBOSE1:components\signin\internal\identity_manager\mutable_profile_oauth2_token_service_delegate.cc:461] MutablePO2TS::RefreshTokenIsAvailable
[14596:37520:1003/151742.333:VERBOSE1:components\signin\internal\identity_manager\mutable_profile_oauth2_token_service_delegate.cc:461] MutablePO2TS::RefreshTokenIsAvailable
[14596:37520:1003/151742.334:VERBOSE1:components\signin\internal\identity_manager\mutable_profile_oauth2_token_service_delegate.cc:461] MutablePO2TS::RefreshTokenIsAvailable
[14596:37520:1003/151742.338:VERBOSE1:extensions\browser\extension_registrar.cc:584] AddComponentExtension Chromium PDF Viewer
[14596:37520:1003/151742.338:VERBOSE1:extensions\browser\extension_registrar.cc:586] Component extension Chromium PDF Viewer (mhjfbmdgcfjbbpaeojofohoefgiehjai) installing/upgrading from '' to 1
[14596:37520:1003/151742.340:VERBOSE1:extensions\browser\extension_registrar.cc:584] AddComponentExtension Google Hangouts
[14596:37520:1003/151742.340:VERBOSE1:extensions\browser\extension_registrar.cc:586] Component extension Google Hangouts (nkeimhogjdpnpccoofpliimaahmaaome) installing/upgrading from '' to 1.4.5
[14596:37520:1003/151742.340:VERBOSE1:extensions\browser\extension_registrar.cc:584] AddComponentExtension Contextual Tasks
[14596:37520:1003/151742.340:VERBOSE1:extensions\browser\extension_registrar.cc:586] Component extension Contextual Tasks (glbjnfimcajjenihimblfaponejbkoph) installing/upgrading from '' to 1.0
[14596:37520:1003/151742.341:VERBOSE1:components\signin\internal\identity_manager\mutable_profile_oauth2_token_service_delegate.cc:461] MutablePO2TS::RefreshTokenIsAvailable
[14596:18156:1003/151742.341:ERROR:chrome\browser\extensions\external_registry_loader_win.cc:147] Missing value path for key Software\Google\Chrome\Extensions\dngcpimnedloihjnnfngkgjoidhnaolf.
[14596:18156:1003/151742.341:ERROR:chrome\browser\extensions\external_registry_loader_win.cc:147] Missing value path for key Software\Google\Chrome\Extensions\fcoeoabgfenejglbffodgkkbkcdhcgfn.
[14596:37520:1003/151742.341:VERBOSE1:components\signin\internal\identity_manager\mutable_profile_oauth2_token_service_delegate.cc:461] MutablePO2TS::RefreshTokenIsAvailable
[14596:37520:1003/151742.341:VERBOSE1:components\signin\internal\identity_manager\mutable_profile_oauth2_token_service_delegate.cc:461] MutablePO2TS::RefreshTokenIsAvailable
[14596:37520:1003/151742.342:VERBOSE1:components\component_updater\installer_policies\on_device_head_suggest_component_installer.cc:59] On Device Head Component will fetch model for locale: ENGB500000
[14596:57320:1003/151742.342:VERBOSE1:components\component_updater\component_installer.cc:514] StartRegistration for Widevine Content Decryption Module
[14596:37520:1003/151742.342:VERBOSE1:chrome\browser\component_updater\trust_token_key_commitments_component_installer.cc:22] Registering Trust Token Key Commitments component.
[14596:14972:1003/151742.342:VERBOSE1:components\component_updater\component_installer.cc:514] StartRegistration for Subresource Filter Rules
[14596:37520:1003/151742.342:VERBOSE1:chrome\browser\component_updater\first_party_sets_component_installer.cc:40] Registering Related Website Sets component.
[14596:37520:1003/151742.342:VERBOSE1:chrome\browser\component_updater\privacy_sandbox_attestations_component_installer.cc:181] Registering Privacy Sandbox Attestations component
[14596:37520:1003/151742.342:VERBOSE1:components\component_updater\installer_policies\actor_safety_lists_component_installer.cc:140] Registering Actor Safety Lists Component.
[14596:45960:1003/151742.342:VERBOSE1:components\component_updater\component_installer.cc:514] StartRegistration for Related Website Sets
[14596:37520:1003/151742.342:VERBOSE1:chrome\browser\component_updater\indigo_component_installer.cc:131] Registering Indigo component.
[14596:37520:1003/151742.342:VERBOSE1:chrome\browser\component_updater\file_type_policies_component_installer.cc:126] Registering File Type Policies component.
[14596:37520:1003/151742.342:VERBOSE1:chrome\browser\component_updater\hyphenation_component_installer.cc:153] Registering Hyphenation component.
[14596:37520:1003/151742.342:VERBOSE1:chrome\browser\component_updater\dictation_connector_component_installer.cc:185] Registering Dictation Connector component.
[14596:37520:1003/151742.343:VERBOSE1:chrome\browser\component_updater\translate_kit_component_installer.cc:211] Registering TranslateKit component.
[14596:37520:1003/151742.343:VERBOSE1:chrome\browser\component_updater\wasm_tts_engine_component_installer.cc:306] Registering WASM TTS Engine component.
[14596:37520:1003/151742.343:VERBOSE1:chrome\browser\component_updater\captcha_provider_component_installer.cc:174] Registering Captcha Provider component.
[14596:37520:1003/151742.343:VERBOSE1:chrome\browser\component_updater\aim_eligibility_component_installer.cc:177] Uninstalling AIM Eligibility component.
[14596:18156:1003/151742.343:VERBOSE1:components\component_updater\component_installer.cc:514] StartRegistration for Privacy Sandbox Attestations
[14596:37520:1003/151742.344:VERBOSE1:chrome\browser\profiles\profile_manager.cc:1400] AddKeepAlive(Default, kBrowserWindow). keep_alives=[kWaitingForFirstBrowserWindow (1), kBrowserWindow (1)]
[14596:37520:1003/151742.344:VERBOSE1:chrome\browser\profiles\profile_manager.cc:1482] ClearFirstBrowserWindowKeepAlive(Default). keep_alives=[kBrowserWindow (1)]
[14596:57320:1003/151742.344:VERBOSE1:components\component_updater\component_installer.cc:514] StartRegistration for OnDeviceHeadSuggest
[14596:45960:1003/151742.344:VERBOSE1:components\component_updater\component_installer.cc:514] StartRegistration for Optimization Hints
[14596:14972:1003/151742.344:VERBOSE1:components\component_updater\component_installer.cc:514] StartRegistration for Trust Token Key Commitments
[14596:18156:1003/151742.344:VERBOSE1:components\component_updater\component_installer.cc:514] StartRegistration for Actor Safety Lists
[14596:59112:1003/151742.344:VERBOSE1:components\component_updater\component_installer.cc:514] StartRegistration for History Search
[14596:68212:1003/151742.344:VERBOSE1:components\component_updater\component_installer.cc:514] StartRegistration for Certificate Error Assistant
[14596:37520:1003/151742.346:VERBOSE1:components\signin\internal\identity_manager\mutable_profile_oauth2_token_service_delegate.cc:461] MutablePO2TS::RefreshTokenIsAvailable
[14596:37520:1003/151742.346:VERBOSE1:components\signin\internal\identity_manager\mutable_profile_oauth2_token_service_delegate.cc:461] MutablePO2TS::RefreshTokenIsAvailable
[14596:57320:1003/151742.346:VERBOSE1:components\component_updater\component_installer.cc:514] StartRegistration for Indigo
[14596:14972:1003/151742.346:VERBOSE1:components\component_updater\component_installer.cc:514] StartRegistration for File Type Policies
[14596:45960:1003/151742.347:VERBOSE1:components\component_updater\component_installer.cc:514] StartRegistration for CRLSet
[14596:23952:1003/151742.347:VERBOSE1:components\component_updater\component_installer.cc:514] StartRegistration for Origin Trials
[14596:18156:1003/151742.347:VERBOSE1:components\component_updater\component_installer.cc:514] StartRegistration for MEI Preload
[14596:18156:1003/151742.348:VERBOSE1:components\component_updater\component_installer.cc:333] Preinstalled component found for MEI Preload at %USERPROFILE%\AppData\Local\BrowserAI\browsers\chromium-1247\chrome-win64\MEIPreload with version 1.0.7.1652906823.
[14596:59112:1003/151742.348:VERBOSE1:components\component_updater\component_installer.cc:514] StartRegistration for PKI Metadata
[14596:68212:1003/151742.348:VERBOSE1:components\component_updater\component_installer.cc:514] StartRegistration for Safety Tips
[14596:57320:1003/151742.349:VERBOSE1:components\component_updater\component_installer.cc:514] StartRegistration for Crowd Deny
[14596:14972:1003/151742.349:VERBOSE1:components\component_updater\component_installer.cc:514] StartRegistration for Hyphenation
[14596:30592:1003/151742.350:VERBOSE1:components\component_updater\component_installer.cc:514] StartRegistration for Dictation Connector
[14596:14972:1003/151742.350:VERBOSE1:components\component_updater\component_installer.cc:333] Preinstalled component found for Hyphenation at %USERPROFILE%\AppData\Local\BrowserAI\browsers\chromium-1247\chrome-win64\hyphen-data with version 1.0.0.0.
[14596:45960:1003/151742.350:VERBOSE1:components\component_updater\component_installer.cc:514] StartRegistration for Zxcvbn Data Dictionaries
[14596:47784:1003/151742.350:VERBOSE1:components\component_updater\component_installer.cc:514] StartRegistration for Amount Extraction Heuristic Regexes
[14596:37520:1003/151742.351:VERBOSE1:components\signin\internal\identity_manager\mutable_profile_oauth2_token_service_delegate.cc:461] MutablePO2TS::RefreshTokenIsAvailable
[14596:37520:1003/151742.351:VERBOSE1:components\signin\internal\identity_manager\mutable_profile_oauth2_token_service_delegate.cc:461] MutablePO2TS::RefreshTokenIsAvailable
[14596:37520:1003/151742.351:VERBOSE1:components\signin\internal\identity_manager\mutable_profile_oauth2_token_service_delegate.cc:461] MutablePO2TS::RefreshTokenIsAvailable
[14596:37520:1003/151742.351:VERBOSE1:components\signin\internal\identity_manager\mutable_profile_oauth2_token_service_delegate.cc:461] MutablePO2TS::RefreshTokenIsAvailable
[14596:37520:1003/151742.351:VERBOSE1:components\signin\internal\identity_manager\mutable_profile_oauth2_token_service_delegate.cc:461] MutablePO2TS::RefreshTokenIsAvailable
[14596:37520:1003/151742.351:VERBOSE1:components\signin\internal\identity_manager\mutable_profile_oauth2_token_service_delegate.cc:461] MutablePO2TS::RefreshTokenIsAvailable
[14596:37520:1003/151742.351:VERBOSE1:components\signin\internal\identity_manager\mutable_profile_oauth2_token_service_delegate.cc:461] MutablePO2TS::RefreshTokenIsAvailable
[14596:37520:1003/151742.351:VERBOSE1:components\signin\internal\identity_manager\mutable_profile_oauth2_token_service_delegate.cc:461] MutablePO2TS::RefreshTokenIsAvailable
[14596:37520:1003/151742.352:VERBOSE1:components\signin\internal\identity_manager\mutable_profile_oauth2_token_service_delegate.cc:461] MutablePO2TS::RefreshTokenIsAvailable
[14596:37520:1003/151742.352:VERBOSE1:components\signin\internal\identity_manager\mutable_profile_oauth2_token_service_delegate.cc:461] MutablePO2TS::RefreshTokenIsAvailable
[14596:37520:1003/151742.352:VERBOSE1:components\signin\internal\identity_manager\mutable_profile_oauth2_token_service_delegate.cc:461] MutablePO2TS::RefreshTokenIsAvailable
[14596:37520:1003/151742.352:VERBOSE1:components\signin\internal\identity_manager\mutable_profile_oauth2_token_service_delegate.cc:461] MutablePO2TS::RefreshTokenIsAvailable
[14596:18156:1003/151742.356:VERBOSE1:components\component_updater\component_installer.cc:514] StartRegistration for WASM TTS Engine
[14596:68212:1003/151742.356:VERBOSE1:components\component_updater\component_installer.cc:514] StartRegistration for Captcha Providers
[14596:37520:1003/151742.357:VERBOSE1:components\signin\internal\identity_manager\mutable_profile_oauth2_token_service_delegate.cc:461] MutablePO2TS::RefreshTokenIsAvailable
[14596:37520:1003/151742.357:VERBOSE1:components\signin\internal\identity_manager\mutable_profile_oauth2_token_service_delegate.cc:461] MutablePO2TS::RefreshTokenIsAvailable
[14596:57320:1003/151742.358:VERBOSE1:components\component_updater\component_installer.cc:514] StartRegistration for SODA Library
[14596:23952:1003/151742.358:VERBOSE1:components\component_updater\component_installer.cc:514] StartRegistration for SODA en-US Models
[14596:25056:1003/151742.405:VERBOSE1:components\signin\public\webdata\token_service_table.cc:259] Loaded tokens: result = 3 ; number of tokens loaded = 0
[14596:37520:1003/151742.407:VERBOSE1:components\signin\internal\identity_manager\mutable_profile_oauth2_token_service_delegate.cc:461] MutablePO2TS::RefreshTokenIsAvailable
[14596:37520:1003/151742.413:VERBOSE1:components\signin\internal\identity_manager\mutable_profile_oauth2_token_service_delegate.cc:461] MutablePO2TS::RefreshTokenIsAvailable
[14596:37520:1003/151742.424:VERBOSE1:components\signin\internal\identity_manager\mutable_profile_oauth2_token_service_delegate.cc:461] MutablePO2TS::RefreshTokenIsAvailable
[14596:37520:1003/151742.424:VERBOSE1:components\signin\internal\identity_manager\mutable_profile_oauth2_token_service_delegate.cc:461] MutablePO2TS::RefreshTokenIsAvailable
[14596:37520:1003/151742.443:VERBOSE1:components\signin\internal\identity_manager\mutable_profile_oauth2_token_service_delegate.cc:461] MutablePO2TS::RefreshTokenIsAvailable
[14596:37520:1003/151742.443:VERBOSE1:components\signin\internal\identity_manager\mutable_profile_oauth2_token_service_delegate.cc:461] MutablePO2TS::RefreshTokenIsAvailable
[14596:37520:1003/151742.443:VERBOSE1:components\signin\internal\identity_manager\mutable_profile_oauth2_token_service_delegate.cc:461] MutablePO2TS::RefreshTokenIsAvailable
[14596:37520:1003/151742.443:VERBOSE1:components\signin\internal\identity_manager\mutable_profile_oauth2_token_service_delegate.cc:461] MutablePO2TS::RefreshTokenIsAvailable
[14596:37520:1003/151742.443:VERBOSE1:components\signin\internal\identity_manager\mutable_profile_oauth2_token_service_delegate.cc:461] MutablePO2TS::RefreshTokenIsAvailable
[14596:37520:1003/151742.443:VERBOSE1:components\signin\internal\identity_manager\mutable_profile_oauth2_token_service_delegate.cc:461] MutablePO2TS::RefreshTokenIsAvailable
[14596:37520:1003/151742.450:VERBOSE1:chrome\browser\enterprise\data_protection\data_protection_navigation_observer.cc:270] enterprise.data_protection: same document navigation: 0
[14596:37520:1003/151742.450:VERBOSE1:chrome\browser\enterprise\data_protection\data_protection_navigation_observer.cc:272] enterprise.data_protection: URL to scan: about:blank
[14596:37520:1003/151742.453:WARNING:ui\aura\window.cc:1509] StackChildLayerRelativeTo called with unmanaged layer(s). child=WebContentsViewAura child_managed=0 target=WebContentsViewAura target_managed=0
[14596:37520:1003/151742.453:WARNING:ui\aura\window.cc:1509] StackChildLayerRelativeTo called with unmanaged layer(s). child=WebContentsViewAura child_managed=0 target=WebContentsViewAura target_managed=0
[14596:37520:1003/151742.455:VERBOSE1:chrome\browser\ui\views\omnibox\omnibox_popup_closer.cc:73] Closing omnibox popup with reason: kRevertAll
[14596:37520:1003/151742.469:VERBOSE1:components\signin\internal\identity_manager\mutable_profile_oauth2_token_service_delegate.cc:461] MutablePO2TS::RefreshTokenIsAvailable
[14596:37520:1003/151742.491:VERBOSE1:components\component_updater\component_installer.cc:585] FinishRegistration for Optimization Guide On DeviceModels Manifest
[14596:37520:1003/151742.491:VERBOSE1:components\component_updater\component_updater_service.cc:177] CrxUpdateService starting up. First update attempt will take place in 60 s seconds. Next update attempt will take place in 18000 s seconds. 
[14596:37520:1003/151742.492:ERROR:content\browser\network_service_instance_impl.cc:653] Network service crashed or was terminated, restarting service.
[14596:37520:1003/151742.492:VERBOSE1:components\segmentation_platform\internal\selection\request_dispatcher.cc:147] Computed result for chrome_user_engagement: Status: Failed
[14596:37520:1003/151742.493:VERBOSE1:chrome\browser\profiles\profile_manager.cc:1400] AddKeepAlive(Default, kExtensionUpdater). keep_alives=[kBrowserWindow (1), kExtensionUpdater (1)]
[14596:37520:1003/151742.493:VERBOSE1:components\component_updater\component_installer.cc:585] FinishRegistration for Widevine Content Decryption Module
[14596:37520:1003/151742.493:VERBOSE1:components\component_updater\component_installer.cc:585] FinishRegistration for Related Website Sets
[14596:37520:1003/151742.493:VERBOSE1:chrome\browser\component_updater\first_party_sets_component_installer.cc:45] Received Related Website Sets
[14596:37520:1003/151742.493:VERBOSE1:components\component_updater\component_installer.cc:585] FinishRegistration for Subresource Filter Rules
[14596:37520:1003/151742.493:VERBOSE1:components\component_updater\component_installer.cc:585] FinishRegistration for Privacy Sandbox Attestations
[14596:37520:1003/151742.493:VERBOSE1:components\component_updater\component_installer.cc:585] FinishRegistration for OnDeviceHeadSuggest
[14596:37520:1003/151742.493:VERBOSE1:components\component_updater\component_installer.cc:585] FinishRegistration for Trust Token Key Commitments
[14596:37520:1003/151742.493:VERBOSE1:components\component_updater\component_installer.cc:585] FinishRegistration for Optimization Hints
[14596:37520:1003/151742.493:VERBOSE1:components\component_updater\component_installer.cc:585] FinishRegistration for Actor Safety Lists
[14596:37520:1003/151742.493:VERBOSE1:components\component_updater\component_installer.cc:585] FinishRegistration for History Search
[14596:37520:1003/151742.493:VERBOSE1:components\component_updater\component_installer.cc:585] FinishRegistration for Certificate Error Assistant
[14596:37520:1003/151742.493:VERBOSE1:components\component_updater\component_installer.cc:585] FinishRegistration for Indigo
[14596:37520:1003/151742.493:VERBOSE1:components\component_updater\component_installer.cc:585] FinishRegistration for File Type Policies
[14596:37520:1003/151742.493:VERBOSE1:components\component_updater\component_installer.cc:585] FinishRegistration for CRLSet
[14596:37520:1003/151742.493:VERBOSE1:components\component_updater\component_installer.cc:585] FinishRegistration for Origin Trials
[14596:37520:1003/151742.493:VERBOSE1:components\component_updater\component_installer.cc:585] FinishRegistration for MEI Preload
[14596:37520:1003/151742.493:VERBOSE1:components\component_updater\component_installer.cc:623] Component ready, version 1.0.7.1652906823 in %USERPROFILE%\AppData\Local\BrowserAI\browsers\chromium-1247\chrome-win64\MEIPreload
[14596:37520:1003/151742.493:VERBOSE1:components\component_updater\component_installer.cc:585] FinishRegistration for Safety Tips
[14596:37520:1003/151742.493:VERBOSE1:components\component_updater\component_installer.cc:585] FinishRegistration for PKI Metadata
[14596:37520:1003/151742.493:VERBOSE1:components\component_updater\component_installer.cc:585] FinishRegistration for Crowd Deny
[14596:37520:1003/151742.495:VERBOSE1:components\component_updater\component_installer.cc:585] FinishRegistration for Hyphenation
[14596:37520:1003/151742.495:VERBOSE1:components\component_updater\component_installer.cc:623] Component ready, version 1.0.0.0 in %USERPROFILE%\AppData\Local\BrowserAI\browsers\chromium-1247\chrome-win64\hyphen-data
[14596:37520:1003/151742.495:VERBOSE1:chrome\browser\component_updater\hyphenation_component_installer.cc:113] Hyphenation Component ready, version 1.0.0.0 in %USERPROFILE%\AppData\Local\BrowserAI\browsers\chromium-1247\chrome-win64\hyphen-data
[14596:37520:1003/151742.495:VERBOSE1:components\component_updater\component_installer.cc:585] FinishRegistration for Dictation Connector
[14596:37520:1003/151742.495:VERBOSE1:components\component_updater\component_installer.cc:585] FinishRegistration for Zxcvbn Data Dictionaries
[14596:37520:1003/151742.495:VERBOSE1:components\component_updater\component_installer.cc:585] FinishRegistration for Amount Extraction Heuristic Regexes
[14596:37520:1003/151742.495:VERBOSE1:components\component_updater\component_installer.cc:585] FinishRegistration for WASM TTS Engine
[14596:37520:1003/151742.495:VERBOSE1:components\component_updater\component_installer.cc:585] FinishRegistration for Captcha Providers
[14596:37520:1003/151742.495:VERBOSE1:components\component_updater\component_installer.cc:585] FinishRegistration for SODA Library
[14596:37520:1003/151742.495:VERBOSE1:components\component_updater\component_installer.cc:585] FinishRegistration for SODA en-US Models
[14596:37520:1003/151742.497:VERBOSE1:components\signin\internal\identity_manager\mutable_profile_oauth2_token_service_delegate.cc:658] MutablePO2TS::OnWebDataServiceRequestDone. Result type: 6
[14596:37520:1003/151742.497:VERBOSE1:components\signin\internal\identity_manager\mutable_profile_oauth2_token_service_delegate.cc:720] MutablePO2TS::LoadAllCredentialsIntoMemory; 0 credential(s).
[14596:37520:1003/151742.497:VERBOSE1:components\signin\internal\identity_manager\mutable_profile_oauth2_token_service_delegate.cc:461] MutablePO2TS::RefreshTokenIsAvailable
[14596:37520:1003/151742.497:VERBOSE1:components\signin\internal\identity_manager\mutable_profile_oauth2_token_service_delegate.cc:461] MutablePO2TS::RefreshTokenIsAvailable
[14596:37520:1003/151742.497:VERBOSE1:components\signin\internal\identity_manager\mutable_profile_oauth2_token_service_delegate.cc:461] MutablePO2TS::RefreshTokenIsAvailable
[14596:37520:1003/151742.497:VERBOSE1:components\signin\internal\identity_manager\mutable_profile_oauth2_token_service_delegate.cc:461] MutablePO2TS::RefreshTokenIsAvailable
[14596:37520:1003/151742.497:VERBOSE1:components\signin\internal\identity_manager\mutable_profile_oauth2_token_service_delegate.cc:461] MutablePO2TS::RefreshTokenIsAvailable
[14596:37520:1003/151742.497:VERBOSE1:components\signin\internal\identity_manager\mutable_profile_oauth2_token_service_delegate.cc:461] MutablePO2TS::RefreshTokenIsAvailable
[14596:37520:1003/151742.497:VERBOSE1:components\signin\internal\identity_manager\mutable_profile_oauth2_token_service_delegate.cc:461] MutablePO2TS::RefreshTokenIsAvailable
[14596:37520:1003/151742.497:VERBOSE1:components\signin\internal\identity_manager\mutable_profile_oauth2_token_service_delegate.cc:461] MutablePO2TS::RefreshTokenIsAvailable
[14596:37520:1003/151742.497:VERBOSE1:components\signin\internal\identity_manager\mutable_profile_oauth2_token_service_delegate.cc:461] MutablePO2TS::RefreshTokenIsAvailable
[14596:37520:1003/151742.497:VERBOSE1:components\signin\internal\identity_manager\mutable_profile_oauth2_token_service_delegate.cc:461] MutablePO2TS::RefreshTokenIsAvailable
[14596:37520:1003/151742.497:VERBOSE1:components\signin\internal\identity_manager\mutable_profile_oauth2_token_service_delegate.cc:461] MutablePO2TS::RefreshTokenIsAvailable
[14596:37520:1003/151742.497:VERBOSE1:components\signin\internal\identity_manager\mutable_profile_oauth2_token_service_delegate.cc:461] MutablePO2TS::RefreshTokenIsAvailable
[14596:37520:1003/151742.497:VERBOSE1:components\signin\internal\identity_manager\mutable_profile_oauth2_token_service_delegate.cc:461] MutablePO2TS::RefreshTokenIsAvailable
[14596:37520:1003/151742.497:VERBOSE1:components\signin\internal\identity_manager\mutable_profile_oauth2_token_service_delegate.cc:461] MutablePO2TS::RefreshTokenIsAvailable
[14596:37520:1003/151742.497:VERBOSE1:components\signin\internal\identity_manager\mutable_profile_oauth2_token_service_delegate.cc:461] MutablePO2TS::RefreshTokenIsAvailable
[14596:37520:1003/151742.497:VERBOSE1:components\signin\internal\identity_manager\mutable_profile_oauth2_token_service_delegate.cc:461] MutablePO2TS::RefreshTokenIsAvailable
[14596:37520:1003/151742.497:VERBOSE1:components\signin\internal\identity_manager\mutable_profile_oauth2_token_service_delegate.cc:461] MutablePO2TS::RefreshTokenIsAvailable
[14596:37520:1003/151742.497:VERBOSE1:components\signin\internal\identity_manager\mutable_profile_oauth2_token_service_delegate.cc:461] MutablePO2TS::RefreshTokenIsAvailable
[14596:37520:1003/151742.497:VERBOSE1:components\signin\internal\identity_manager\mutable_profile_oauth2_token_service_delegate.cc:461] MutablePO2TS::RefreshTokenIsAvailable
[14596:37520:1003/151742.497:VERBOSE1:components\signin\internal\identity_manager\mutable_profile_oauth2_token_service_delegate.cc:461] MutablePO2TS::RefreshTokenIsAvailable
[14596:37520:1003/151742.497:VERBOSE1:components\signin\internal\identity_manager\mutable_profile_oauth2_token_service_delegate.cc:461] MutablePO2TS::RefreshTokenIsAvailable
[14596:37520:1003/151742.497:VERBOSE1:components\signin\internal\identity_manager\mutable_profile_oauth2_token_service_delegate.cc:461] MutablePO2TS::RefreshTokenIsAvailable
[14596:37520:1003/151742.497:VERBOSE1:components\signin\internal\identity_manager\mutable_profile_oauth2_token_service_delegate.cc:461] MutablePO2TS::RefreshTokenIsAvailable
[14596:37520:1003/151742.497:VERBOSE1:google_apis\gaia\gaia_auth_util.cc:53] Canonicalized @gmail.com to @gmail.com
[14596:37520:1003/151742.497:VERBOSE1:google_apis\gaia\gaia_auth_util.cc:53] Canonicalized @gmail.com to @gmail.com
[14596:37520:1003/151742.497:VERBOSE1:components\signin\internal\identity_manager\mutable_profile_oauth2_token_service_delegate.cc:461] MutablePO2TS::RefreshTokenIsAvailable
[14596:37520:1003/151742.497:VERBOSE1:components\signin\core\browser\account_reconcilor.cc:309] AccountReconcilor::OnEndBatchOfRefreshTokenStateChanges. Reconcilor state: 1
[14596:37520:1003/151742.507:VERBOSE1:extensions\browser\updater\extension_downloader.cc:749] Failed to fetch manifest 'https://clients2.google.com/service/update2/crx?os=win&arch=x64&prod=chromiumcrx&prodchannel=&prodversion=155.0.8059.12&lang=en-GB&acceptformat=crx3,puff&x=id%3Dljglajjnnkapghbckkcmodicjhacbfhk%26v%3D0.0.0.0%26installedby%3Dexternal%26uc%26ping%3Dr%253D-1%2526e%253D1' response code:-1
[14596:37520:1003/151742.512:VERBOSE1:components\signin\internal\identity_manager\mutable_profile_oauth2_token_service_delegate.cc:461] MutablePO2TS::RefreshTokenIsAvailable
[14596:37520:1003/151742.512:VERBOSE1:components\signin\internal\identity_manager\mutable_profile_oauth2_token_service_delegate.cc:461] MutablePO2TS::RefreshTokenIsAvailable
[14596:37520:1003/151742.512:VERBOSE1:components\signin\internal\identity_manager\mutable_profile_oauth2_token_service_delegate.cc:461] MutablePO2TS::RefreshTokenIsAvailable
[14596:37520:1003/151742.514:VERBOSE1:components\signin\internal\identity_manager\mutable_profile_oauth2_token_service_delegate.cc:461] MutablePO2TS::RefreshTokenIsAvailable
[14596:37520:1003/151742.520:VERBOSE1:chrome\browser\web_applications\locks\partitioned_lock_manager.cc:262] Acquiring <PartitionedLockId>{id: 0x31, partition: 0} for SynchronizeInstalledApps@chrome\browser\web_applications\externally_managed_app_manager.cc:186
[14596:37520:1003/151742.520:VERBOSE1:chrome\browser\web_applications\locks\partitioned_lock_manager.cc:243] All locks acquired for SynchronizeInstalledApps@chrome\browser\web_applications\externally_managed_app_manager.cc:186
[14596:37520:1003/151742.526:VERBOSE1:chrome\browser\web_applications\locks\partitioned_lock_manager.cc:286] Releasing <PartitionedLockId>{id: 0x31, partition: 0} requested by SynchronizeInstalledApps@chrome\browser\web_applications\externally_managed_app_manager.cc:186
[14596:37520:1003/151742.526:VERBOSE1:chrome\browser\web_applications\locks\partitioned_lock_manager.cc:318] Acquiring <PartitionedLockId>{id: 0x31, partition: 0} for ScheduleAllFixes@chrome\browser\web_applications\generated_icon_fix_manager.cc:79
[14596:37520:1003/151742.526:VERBOSE1:chrome\browser\web_applications\locks\partitioned_lock_manager.cc:243] All locks acquired for ScheduleAllFixes@chrome\browser\web_applications\generated_icon_fix_manager.cc:79
[14596:37520:1003/151742.529:VERBOSE1:components\device_event_log\device_event_log_impl.cc:214] [15:17:42.526] Geolocation: DEBUG: location_provider_manager.cc:103 LocationProviderManager::LocationProviderManager: provider_manager_mode_ is initialized to kPlatformOnly
[14596:37520:1003/151742.529:VERBOSE1:chrome\browser\web_applications\locks\partitioned_lock_manager.cc:286] Releasing <PartitionedLockId>{id: 0x31, partition: 0} requested by ScheduleAllFixes@chrome\browser\web_applications\generated_icon_fix_manager.cc:79
[14596:37520:1003/151742.529:VERBOSE1:chrome\browser\web_applications\locks\partitioned_lock_manager.cc:318] Acquiring <PartitionedLockId>{id: 0x31, partition: 0} for OnSyncBridgeReady@chrome\browser\web_applications\web_app_provider.cc:565
[14596:37520:1003/151742.530:VERBOSE1:chrome\browser\web_applications\locks\partitioned_lock_manager.cc:243] All locks acquired for OnSyncBridgeReady@chrome\browser\web_applications\web_app_provider.cc:565
[14596:37520:1003/151742.531:VERBOSE1:chrome\browser\web_applications\locks\partitioned_lock_manager.cc:286] Releasing <PartitionedLockId>{id: 0x31, partition: 0} requested by OnSyncBridgeReady@chrome\browser\web_applications\web_app_provider.cc:565
[14596:37520:1003/151742.532:VERBOSE1:components\device_event_log\device_event_log_impl.cc:214] [15:17:42.532] Geolocation: DEBUG: geolocation_provider_impl.cc:371 Stop provider.
[14596:37520:1003/151742.550:VERBOSE1:components\segmentation_platform\internal\signals\signal_filter_processor.cc:61] Segmentation platform started observing Session.TotalDuration
[14596:37520:1003/151742.550:VERBOSE1:components\segmentation_platform\internal\signals\signal_filter_processor.cc:61] Segmentation platform started observing Commerce.PriceDrops.ActiveTabNavigationComplete.IsProductDetailPage
[14596:37520:1003/151742.550:VERBOSE1:components\segmentation_platform\internal\signals\signal_filter_processor.cc:54] Segmentation platform started observing Autofill_PolledCreditCardSuggestions
[14596:37520:1003/151742.550:VERBOSE1:components\segmentation_platform\internal\signals\signal_filter_processor.cc:61] Segmentation platform started observing IOS.ParcelTracking.Tracked.AutoTrack
[14596:37520:1003/151742.550:VERBOSE1:components\segmentation_platform\internal\signals\signal_filter_processor.cc:61] Segmentation platform started observing Omnibox.SuggestionUsed.ClientSummarizedResultType
[14596:37520:1003/151742.550:VERBOSE1:components\segmentation_platform\internal\signals\signal_filter_processor.cc:54] Segmentation platform started observing MetadataWriter
[14596:37520:1003/151742.550:VERBOSE1:components\segmentation_platform\internal\signals\signal_filter_processor.cc:61] Segmentation platform started observing Blink.FedCm.AccountsDialogShown
[14596:37520:1003/151742.550:VERBOSE1:components\segmentation_platform\internal\signals\signal_filter_processor.cc:61] Segmentation platform started observing Blink.FedCm.Status.RequestIdToken
[14596:37520:1003/151742.550:VERBOSE1:components\segmentation_platform\internal\signals\signal_filter_processor.cc:61] Segmentation platform started observing Blink.FedCm.CancelReason
[14596:37520:1003/151742.550:VERBOSE1:components\segmentation_platform\internal\signals\signal_filter_processor.cc:61] Segmentation platform started observing Blink.FedCm.IsSignInUser
[14596:37520:1003/151742.550:VERBOSE1:components\segmentation_platform\internal\signals\signal_filter_processor.cc:61] Segmentation platform started observing Sync.DeviceCount2
[14596:37520:1003/151742.550:VERBOSE1:components\segmentation_platform\internal\signals\signal_filter_processor.cc:61] Segmentation platform started observing Sync.DeviceCount2.Phone
[14596:37520:1003/151742.550:VERBOSE1:components\segmentation_platform\internal\signals\signal_filter_processor.cc:61] Segmentation platform started observing Sync.DeviceCount2.Desktop
[14596:37520:1003/151742.550:VERBOSE1:components\segmentation_platform\internal\signals\signal_filter_processor.cc:61] Segmentation platform started observing Sync.DeviceCount2.Tablet
[14596:37520:1003/151742.550:VERBOSE1:components\segmentation_platform\internal\signals\signal_filter_processor.cc:54] Segmentation platform started observing MobileBookmarkManagerOpen
[14596:37520:1003/151742.550:VERBOSE1:components\segmentation_platform\internal\signals\signal_filter_processor.cc:54] Segmentation platform started observing NewTabPage.MostVisited.Clicked
[14596:37520:1003/151742.550:VERBOSE1:components\segmentation_platform\internal\signals\signal_filter_processor.cc:54] Segmentation platform started observing TabGroup.Created.OpenInNewTab
[14596:37520:1003/151742.550:VERBOSE1:components\segmentation_platform\internal\signals\signal_filter_processor.cc:54] Segmentation platform started observing Android.HistoryPage.OpenItem
[14596:37520:1003/151742.550:VERBOSE1:components\segmentation_platform\internal\signals\signal_filter_processor.cc:54] Segmentation platform started observing MobileMenuRecentTabs
[14596:37520:1003/151742.550:VERBOSE1:components\segmentation_platform\internal\signals\signal_filter_processor.cc:61] Segmentation platform started observing PasswordManager.ManagePasswordsReferrer
[14596:37520:1003/151742.550:VERBOSE1:components\segmentation_platform\internal\signals\signal_filter_processor.cc:61] Segmentation platform started observing PasswordManager.ProfileStore.TotalAccountsHiRes3.WithScheme.Https
[14596:37520:1003/151742.551:VERBOSE1:components\segmentation_platform\internal\signals\signal_filter_processor.cc:61] Segmentation platform started observing PasswordManager.FillingAssistance
[14596:37520:1003/151742.551:VERBOSE1:components\segmentation_platform\internal\signals\signal_filter_processor.cc:61] Segmentation platform started observing PasswordManager.SavedPasswordIsGenerated
[14596:37520:1003/151742.551:VERBOSE1:components\segmentation_platform\internal\signals\signal_filter_processor.cc:61] Segmentation platform started observing PasswordManager.SaveUIDismissalReason
[14596:37520:1003/151742.551:VERBOSE1:components\segmentation_platform\internal\signals\signal_filter_processor.cc:61] Segmentation platform started observing PasswordManager.SaveUIDismissalReason
[14596:37520:1003/151742.551:VERBOSE1:components\segmentation_platform\internal\signals\signal_filter_processor.cc:61] Segmentation platform started observing IOS.CredentialExtension.IsEnabled.Startup
[14596:37520:1003/151742.551:VERBOSE1:components\segmentation_platform\internal\signals\signal_filter_processor.cc:61] Segmentation platform started observing Session.TotalDuration
[14596:65472:1003/151742.582:VERBOSE1:net\disk_cache\simple\simple_index_file.cc:624] Simple Cache Index is being restored from disk.
[14596:37520:1003/151742.593:VERBOSE1:components\signin\internal\identity_manager\mutable_profile_oauth2_token_service_delegate.cc:461] MutablePO2TS::RefreshTokenIsAvailable
[14596:37520:1003/151742.603:VERBOSE1:components\update_client\request_sender.cc:338] Request completed from url: https://update.googleapis.com/service/update2/json?cup2key=ML-DSA-44-16:ux2RXAEKYz2LMOXR0SYUa-JT568J2j0AoyAv_E9f8-M&cup2hreq=8a4bd95827285187c41400747ad2909208a724ea7e215bfbc2d5a1aeddff0728
[14596:37520:1003/151742.603:VERBOSE1:components\component_updater\component_updater_service.cc:507] Update completed with error 0
[14596:37520:1003/151742.619:VERBOSE1:components\update_client\request_sender.cc:338] Request completed from url: https://update.googleapis.com/service/update2/json?cup2key=ML-DSA-44-16:B2mtQqIIIacywpU-mt19DnSAXlr9ebibLbysSzO6b6E&cup2hreq=b7f8361046b54a97d2d36b2499c07523aba0a3e08d2055e36a253159188fcfab
[14596:37520:1003/151742.620:VERBOSE1:components\component_updater\component_updater_service.cc:507] Update completed with error 0
[14596:37520:1003/151742.627:VERBOSE1:components\signin\internal\identity_manager\mutable_profile_oauth2_token_service_delegate.cc:461] MutablePO2TS::RefreshTokenIsAvailable
[14596:37520:1003/151742.639:VERBOSE1:components\update_client\request_sender.cc:338] Request completed from url: https://update.googleapis.com/service/update2/json?cup2key=ML-DSA-44-16:TRIHRMnlzREQ9bVcovsYBX92hhG3_rBkVbO7733CI_o&cup2hreq=80c5e0268e443d3b71778d495cb802c0f9d3000d2bd699029bacb22a35d4aa51
[14596:37520:1003/151742.640:VERBOSE1:components\component_updater\component_updater_service.cc:507] Update completed with error 0
[14596:37520:1003/151742.675:VERBOSE1:components\signin\core\browser\account_reconcilor.cc:550] AccountReconcilor::OnAccountsInCookieUpdated: CookieJar 0 accounts, Reconcilor's state is 1, Error was 
[14596:37520:1003/151742.675:VERBOSE1:components\signin\core\browser\account_reconcilor.cc:644] AccountReconcilor::LoadValidAccountsFromTokenService: Chrome 0 accounts
[14596:37520:1003/151742.675:VERBOSE1:components\signin\core\browser\account_reconcilor.cc:786] AccountReconcilor::CalculateIfMultiloginReconcileIsDone: Error was 
[14596:37520:1003/151742.675:VERBOSE1:components\signin\core\browser\account_reconcilor.cc:680] AccountReconcilor::StartReconcileIfChromeAccountsChanged
[14596:37520:1003/151742.675:VERBOSE1:components\signin\core\browser\account_reconcilor.cc:550] AccountReconcilor::OnAccountsInCookieUpdated: CookieJar 0 accounts, Reconcilor's state is 1, Error was 
[14596:37520:1003/151742.675:VERBOSE1:components\signin\core\browser\account_reconcilor.cc:644] AccountReconcilor::LoadValidAccountsFromTokenService: Chrome 0 accounts
[14596:37520:1003/151742.675:VERBOSE1:components\signin\core\browser\account_reconcilor.cc:786] AccountReconcilor::CalculateIfMultiloginReconcileIsDone: Error was 
[14596:37520:1003/151742.675:VERBOSE1:components\signin\core\browser\account_reconcilor.cc:680] AccountReconcilor::StartReconcileIfChromeAccountsChanged
[14596:37520:1003/151742.762:VERBOSE1:components\segmentation_platform\internal\selection\segment_result_provider.cc:136] GetSegmentResult: segment=OPTIMIZATION_TARGET_SEGMENTATION_DEVICE_SWITCHER ignoring DB score, executing model.
[14596:37520:1003/151742.762:VERBOSE1:components\segmentation_platform\internal\selection\segment_result_provider.cc:277] ExecuteModelAndGetScore: segment=OPTIMIZATION_TARGET_SEGMENTATION_DEVICE_SWITCHER server segment info not available
[14596:37520:1003/151742.762:VERBOSE1:components\segmentation_platform\internal\selection\segment_result_provider.cc:210] OnGotModelScore: segment=OPTIMIZATION_TARGET_SEGMENTATION_DEVICE_SWITCHER failed to get database model score, trying default model.
[14596:40924:1003/151744.835:VERBOSE1:base\allocator\scheduler_loop_quarantine_config.cc:199] No entry found for browser/io.
[14596:37520:1003/151744.844:VERBOSE1:components\device_event_log\device_event_log_impl.cc:214] [15:17:44.844] USB: USER: usb_service_win.cc:663 USB device added: path=\\?\usb#vid_8087&pid_0029#8&29c54ea8&0&5#{a5dcbf10-6530-11d2-901f-00c04fb951ed} vendor=32903 "", product=41 "", serial="", driver="BTHUSB", guid=90cea7b5-e99d-4a6d-849d-64ee4dd30560
[14596:37520:1003/151744.845:VERBOSE1:components\device_event_log\device_event_log_impl.cc:214] [15:17:44.846] USB: DEBUG: usb_device_handle_win.cc:1096 Failed to read descriptor from node connection: A device attached to the system is not functioning. (0x1F)
[14596:37520:1003/151744.851:VERBOSE1:components\device_event_log\device_event_log_impl.cc:214] [15:17:44.852] USB: USER: usb_service_win.cc:663 USB device added: path=\\?\usb#vid_0fd9&pid_006c#cl35j1a04316#{a5dcbf10-6530-11d2-901f-00c04fb951ed} vendor=4057 "Elgato", product=108 "Stream Deck XL", serial="CL35J1A04316", driver="HidUsb", guid=3978e347-3e23-45b3-a45c-fa39a9038c78
[14596:37520:1003/151744.857:VERBOSE1:components\device_event_log\device_event_log_impl.cc:214] [15:17:44.857] USB: USER: usb_service_win.cc:663 USB device added: path=\\?\usb#vid_1532&pid_0024#9&b9def5f&0&3#{a5dcbf10-6530-11d2-901f-00c04fb951ed} vendor=5426 "Razer", product=36 "Razer Mamba", serial="", driver="usbccgp", guid=72e76abc-1d5f-44c8-9d46-5d86cef00517
[14596:37520:1003/151744.857:VERBOSE1:components\device_event_log\device_event_log_impl.cc:214] [15:17:44.857] USB: USER: usb_service_win.cc:663 USB device added: path=\\?\usb#vid_045e&pid_02e6#504714#{a5dcbf10-6530-11d2-901f-00c04fb951ed} vendor=1118 "Microsoft Inc.", product=742 "XBOX ACC", serial="504714", driver="mt7612US", guid=1f78fe53-20c1-4561-ae7f-0f585d811aaf
[14596:37520:1003/151744.857:VERBOSE1:components\device_event_log\device_event_log_impl.cc:214] [15:17:44.857] USB: DEBUG: usb_device_handle_win.cc:1096 Failed to read descriptor from node connection: A device attached to the system is not functioning. (0x1F)
[14596:37520:1003/151744.857:VERBOSE1:components\device_event_log\device_event_log_impl.cc:214] [15:17:44.857] USB: USER: usb_service_win.cc:663 USB device added: path=\\?\usb#vid_048d&pid_8297#8&2efe0359&0&1#{a5dcbf10-6530-11d2-901f-00c04fb951ed} vendor=1165 "", product=33431 "", serial="", driver="HidUsb", guid=5e916ee0-83c6-40db-91c6-21c0b2a5943d
[14596:37520:1003/151744.859:VERBOSE1:components\device_event_log\device_event_log_impl.cc:214] [15:17:44.860] Geolocation: DEBUG: geolocation_provider_impl.cc:578 New system permission state is kAllowed
[14596:37520:1003/151744.861:VERBOSE1:components\device_event_log\device_event_log_impl.cc:214] [15:17:44.862] USB: USER: usb_service_win.cc:663 USB device added: path=\\?\usb#vid_046d&pid_c335#0f8a385a3635#{a5dcbf10-6530-11d2-901f-00c04fb951ed} vendor=1133 "Logitech", product=49973 "Gaming Keyboard G910", serial="0F8A385A3635", driver="usbccgp", guid=673885e7-b1f2-45ef-a8ab-6de3554a668a
[14596:37520:1003/151744.865:VERBOSE1:components\device_event_log\device_event_log_impl.cc:214] [15:17:44.867] USB: USER: usb_service_win.cc:663 USB device added: path=\\?\usb#vid_0fd9&pid_0070#bs33j1a00303#{a5dcbf10-6530-11d2-901f-00c04fb951ed} vendor=4057 "Elgato Systems", product=112 "Elgato Wave:3", serial="BS33J1A00303", driver="usbccgp", guid=7b4add3b-fb82-43da-b683-c39438c143b6
[14596:37520:1003/151744.865:VERBOSE1:components\device_event_log\device_event_log_impl.cc:214] [15:17:44.867] USB: USER: usb_service_win.cc:663 USB device added: path=\\?\usb#vid_0fd9&pid_005e#09158a4318#{a5dcbf10-6530-11d2-901f-00c04fb951ed} vendor=4057 "Elgato Systems", product=94 "Game Capture HD60 S", serial="09158A4318", driver="CY3014.X64", guid=345e2b70-e104-4d09-ab61-2c5f23358efb
[14596:37520:1003/151745.026:VERBOSE1:chrome\browser\web_applications\locks\partitioned_lock_manager.cc:262] Acquiring <PartitionedLockId>{id: 0x31, partition: 0} for SynchronizeInstalledApps@chrome\browser\web_applications\externally_managed_app_manager.cc:186
[14596:37520:1003/151745.026:VERBOSE1:chrome\browser\web_applications\locks\partitioned_lock_manager.cc:243] All locks acquired for SynchronizeInstalledApps@chrome\browser\web_applications\externally_managed_app_manager.cc:186
[14596:37520:1003/151745.026:VERBOSE1:chrome\browser\web_applications\locks\partitioned_lock_manager.cc:286] Releasing <PartitionedLockId>{id: 0x31, partition: 0} requested by SynchronizeInstalledApps@chrome\browser\web_applications\externally_managed_app_manager.cc:186
[14596:37520:1003/151745.061:VERBOSE1:chrome\browser\profiles\profile_manager.cc:1400] AddKeepAlive(Default, kExtensionUpdater). keep_alives=[kBrowserWindow (1), kExtensionUpdater (2)]
[14596:40924:1003/151745.406:ERROR:google_apis\gcm\engine\registration_request.cc:291] Registration response error message: PHONE_REGISTRATION_ERROR
[14596:40924:1003/151745.406:VERBOSE1:google_apis\gcm\engine\registration_request.cc:256] Delaying GCM registration of app: com.google.chrome.fcm.invalidations-585406161706, for 22313 milliseconds.
[14596:40924:1003/151745.440:ERROR:google_apis\gcm\engine\registration_request.cc:291] Registration response error message: PHONE_REGISTRATION_ERROR
[14596:40924:1003/151745.440:VERBOSE1:google_apis\gcm\engine\registration_request.cc:256] Delaying GCM registration of app: com.google.android.gms, for 20901 milliseconds.
[14596:40924:1003/151745.442:ERROR:google_apis\gcm\engine\registration_request.cc:291] Registration response error message: PHONE_REGISTRATION_ERROR
[14596:40924:1003/151745.442:VERBOSE1:google_apis\gcm\engine\registration_request.cc:256] Delaying GCM registration of app: com.google.chrome.fcm.invalidations-245350905893, for 27783 milliseconds.
[14596:37520:1003/151745.444:VERBOSE1:chrome\browser\profiles\profile_manager.cc:1461] RemoveKeepAlive(Default, kExtensionUpdater). keep_alives=[kBrowserWindow (1), kExtensionUpdater (1)]
[14596:37520:1003/151745.444:VERBOSE1:chrome\browser\profiles\profile_manager.cc:1461] RemoveKeepAlive(Default, kExtensionUpdater). keep_alives=[kBrowserWindow (1)]
[14596:37520:1003/151747.551:VERBOSE1:components\segmentation_platform\internal\selection\segment_result_provider.cc:226] GetCachedModelScore: segment=OPTIMIZATION_TARGET_SEGMENTATION_CHROME_LOW_USER_ENGAGEMENT does not have a segment info.
[14596:37520:1003/151747.551:VERBOSE1:components\segmentation_platform\internal\selection\segment_result_provider.cc:172] OnGotModelScore: segment=OPTIMIZATION_TARGET_SEGMENTATION_CHROME_LOW_USER_ENGAGEMENT failed to get score from database, executing server model.
[14596:37520:1003/151747.551:VERBOSE1:components\segmentation_platform\internal\selection\segment_result_provider.cc:277] ExecuteModelAndGetScore: segment=OPTIMIZATION_TARGET_SEGMENTATION_CHROME_LOW_USER_ENGAGEMENT server segment info not available
[14596:37520:1003/151747.551:VERBOSE1:components\segmentation_platform\internal\selection\segment_result_provider.cc:201] OnGotModelScore: segment=OPTIMIZATION_TARGET_SEGMENTATION_CHROME_LOW_USER_ENGAGEMENT failed to get score from executing server model, getting score from default model from db.
[14596:37520:1003/151747.551:VERBOSE1:components\segmentation_platform\internal\selection\segment_result_provider.cc:240] GetCachedModelScore: segment=OPTIMIZATION_TARGET_SEGMENTATION_CHROME_LOW_USER_ENGAGEMENT has expired or unavailable result.
[14596:37520:1003/151747.551:VERBOSE1:components\segmentation_platform\internal\selection\segment_result_provider.cc:210] OnGotModelScore: segment=OPTIMIZATION_TARGET_SEGMENTATION_CHROME_LOW_USER_ENGAGEMENT failed to get database model score, trying default model.
[14596:37520:1003/151747.551:VERBOSE1:components\segmentation_platform\internal\selection\segment_result_provider.cc:295] ExecuteModelAndGetScore: segment=OPTIMIZATION_TARGET_SEGMENTATION_CHROME_LOW_USER_ENGAGEMENT signal collection not met
[14596:37520:1003/151747.551:VERBOSE1:components\segmentation_platform\internal\selection\segment_result_provider.cc:226] GetCachedModelScore: segment=OPTIMIZATION_TARGET_SEGMENTATION_SEARCH_USER does not have a segment info.
[14596:37520:1003/151747.551:VERBOSE1:components\segmentation_platform\internal\selection\segment_result_provider.cc:172] OnGotModelScore: segment=OPTIMIZATION_TARGET_SEGMENTATION_SEARCH_USER failed to get score from database, executing server model.
[14596:37520:1003/151747.551:VERBOSE1:components\segmentation_platform\internal\selection\segment_result_provider.cc:277] ExecuteModelAndGetScore: segment=OPTIMIZATION_TARGET_SEGMENTATION_SEARCH_USER server segment info not available
[14596:37520:1003/151747.551:VERBOSE1:components\segmentation_platform\internal\selection\segment_result_provider.cc:201] OnGotModelScore: segment=OPTIMIZATION_TARGET_SEGMENTATION_SEARCH_USER failed to get score from executing server model, getting score from default model from db.
[14596:37520:1003/151747.551:VERBOSE1:components\segmentation_platform\internal\selection\segment_result_provider.cc:240] GetCachedModelScore: segment=OPTIMIZATION_TARGET_SEGMENTATION_SEARCH_USER has expired or unavailable result.
[14596:37520:1003/151747.551:VERBOSE1:components\segmentation_platform\internal\selection\segment_result_provider.cc:210] OnGotModelScore: segment=OPTIMIZATION_TARGET_SEGMENTATION_SEARCH_USER failed to get database model score, trying default model.
[14596:37520:1003/151747.551:VERBOSE1:components\segmentation_platform\internal\selection\segment_result_provider.cc:295] ExecuteModelAndGetScore: segment=OPTIMIZATION_TARGET_SEGMENTATION_SEARCH_USER signal collection not met
[14596:37520:1003/151747.551:VERBOSE1:components\segmentation_platform\internal\selection\segment_result_provider.cc:226] GetCachedModelScore: segment=OPTIMIZATION_TARGET_SEGMENTATION_SHOPPING_USER does not have a segment info.
[14596:37520:1003/151747.551:VERBOSE1:components\segmentation_platform\internal\selection\segment_result_provider.cc:172] OnGotModelScore: segment=OPTIMIZATION_TARGET_SEGMENTATION_SHOPPING_USER failed to get score from database, executing server model.
[14596:37520:1003/151747.551:VERBOSE1:components\segmentation_platform\internal\selection\segment_result_provider.cc:277] ExecuteModelAndGetScore: segment=OPTIMIZATION_TARGET_SEGMENTATION_SHOPPING_USER server segment info not available
[14596:37520:1003/151747.551:VERBOSE1:components\segmentation_platform\internal\selection\segment_result_provider.cc:201] OnGotModelScore: segment=OPTIMIZATION_TARGET_SEGMENTATION_SHOPPING_USER failed to get score from executing server model, getting score from default model from db.
[14596:37520:1003/151747.551:VERBOSE1:components\segmentation_platform\internal\selection\segment_result_provider.cc:240] GetCachedModelScore: segment=OPTIMIZATION_TARGET_SEGMENTATION_SHOPPING_USER has expired or unavailable result.
[14596:37520:1003/151747.551:VERBOSE1:components\segmentation_platform\internal\selection\segment_result_provider.cc:210] OnGotModelScore: segment=OPTIMIZATION_TARGET_SEGMENTATION_SHOPPING_USER failed to get database model score, trying default model.
[14596:37520:1003/151747.551:VERBOSE1:components\segmentation_platform\internal\selection\segment_result_provider.cc:226] GetCachedModelScore: segment=CROSS_DEVICE_USER_SEGMENT does not have a segment info.
[14596:37520:1003/151747.551:VERBOSE1:components\segmentation_platform\internal\selection\segment_result_provider.cc:172] OnGotModelScore: segment=CROSS_DEVICE_USER_SEGMENT failed to get score from database, executing server model.
[14596:37520:1003/151747.551:VERBOSE1:components\segmentation_platform\internal\selection\segment_result_provider.cc:277] ExecuteModelAndGetScore: segment=CROSS_DEVICE_USER_SEGMENT server segment info not available
[14596:37520:1003/151747.551:VERBOSE1:components\segmentation_platform\internal\selection\segment_result_provider.cc:201] OnGotModelScore: segment=CROSS_DEVICE_USER_SEGMENT failed to get score from executing server model, getting score from default model from db.
[14596:37520:1003/151747.551:VERBOSE1:components\segmentation_platform\internal\selection\segment_result_provider.cc:240] GetCachedModelScore: segment=CROSS_DEVICE_USER_SEGMENT has expired or unavailable result.
[14596:37520:1003/151747.551:VERBOSE1:components\segmentation_platform\internal\selection\segment_result_provider.cc:210] OnGotModelScore: segment=CROSS_DEVICE_USER_SEGMENT failed to get database model score, trying default model.
[14596:37520:1003/151747.551:VERBOSE1:components\segmentation_platform\internal\selection\segment_result_provider.cc:295] ExecuteModelAndGetScore: segment=CROSS_DEVICE_USER_SEGMENT signal collection not met
[14596:37520:1003/151747.551:VERBOSE1:components\segmentation_platform\internal\selection\segment_result_provider.cc:226] GetCachedModelScore: segment=RESUME_HEAVY_USER_SEGMENT does not have a segment info.
[14596:37520:1003/151747.551:VERBOSE1:components\segmentation_platform\internal\selection\segment_result_provider.cc:172] OnGotModelScore: segment=RESUME_HEAVY_USER_SEGMENT failed to get score from database, executing server model.
[14596:37520:1003/151747.551:VERBOSE1:components\segmentation_platform\internal\selection\segment_result_provider.cc:277] ExecuteModelAndGetScore: segment=RESUME_HEAVY_USER_SEGMENT server segment info not available
[14596:37520:1003/151747.551:VERBOSE1:components\segmentation_platform\internal\selection\segment_result_provider.cc:201] OnGotModelScore: segment=RESUME_HEAVY_USER_SEGMENT failed to get score from executing server model, getting score from default model from db.
[14596:37520:1003/151747.551:VERBOSE1:components\segmentation_platform\internal\selection\segment_result_provider.cc:240] GetCachedModelScore: segment=RESUME_HEAVY_USER_SEGMENT has expired or unavailable result.
[14596:37520:1003/151747.551:VERBOSE1:components\segmentation_platform\internal\selection\segment_result_provider.cc:210] OnGotModelScore: segment=RESUME_HEAVY_USER_SEGMENT failed to get database model score, trying default model.
[14596:37520:1003/151747.551:VERBOSE1:components\segmentation_platform\internal\selection\segment_result_provider.cc:295] ExecuteModelAndGetScore: segment=RESUME_HEAVY_USER_SEGMENT signal collection not met
[14596:37520:1003/151747.551:VERBOSE1:components\segmentation_platform\internal\selection\segment_result_provider.cc:226] GetCachedModelScore: segment=PASSWORD_MANAGER_USER does not have a segment info.
[14596:37520:1003/151747.551:VERBOSE1:components\segmentation_platform\internal\selection\segment_result_provider.cc:172] OnGotModelScore: segment=PASSWORD_MANAGER_USER failed to get score from database, executing server model.
[14596:37520:1003/151747.551:VERBOSE1:components\segmentation_platform\internal\selection\segment_result_provider.cc:277] ExecuteModelAndGetScore: segment=PASSWORD_MANAGER_USER server segment info not available
[14596:37520:1003/151747.551:VERBOSE1:components\segmentation_platform\internal\selection\segment_result_provider.cc:201] OnGotModelScore: segment=PASSWORD_MANAGER_USER failed to get score from executing server model, getting score from default model from db.
[14596:37520:1003/151747.551:VERBOSE1:components\segmentation_platform\internal\selection\segment_result_provider.cc:240] GetCachedModelScore: segment=PASSWORD_MANAGER_USER has expired or unavailable result.
[14596:65472:1003/151747.551:VERBOSE1:components\segmentation_platform\internal\database\ukm_database_backend.cc:355] Output from SQL query SELECT IFNULL(COUNT(metric_value),0)FROM uma_metrics WHERE metric_hash='1A94D82447638877' AND profile_id=? AND type=? AND metric_value IN(1)AND event_timestamp BETWEEN ? AND ? Bind values: 0:440156098 1:2 2:2026-09-26 13:17:47.552132 UTC 3:2026-10-03 13:17:47.552132 UTC  Result: 0.000000,
[14596:37520:1003/151747.551:VERBOSE1:components\segmentation_platform\internal\selection\segment_result_provider.cc:210] OnGotModelScore: segment=PASSWORD_MANAGER_USER failed to get database model score, trying default model.
[14596:37520:1003/151747.551:VERBOSE1:components\segmentation_platform\internal\selection\segment_result_provider.cc:295] ExecuteModelAndGetScore: segment=PASSWORD_MANAGER_USER signal collection not met
[14596:37520:1003/151747.551:VERBOSE1:components\segmentation_platform\internal\selection\segment_result_provider.cc:226] GetCachedModelScore: segment=CHROME_USER_ENGAGEMENT does not have a segment info.
[14596:37520:1003/151747.551:VERBOSE1:components\segmentation_platform\internal\selection\segment_result_provider.cc:172] OnGotModelScore: segment=CHROME_USER_ENGAGEMENT failed to get score from database, executing server model.
[14596:37520:1003/151747.551:VERBOSE1:components\segmentation_platform\internal\selection\segment_result_provider.cc:277] ExecuteModelAndGetScore: segment=CHROME_USER_ENGAGEMENT server segment info not available
[14596:37520:1003/151747.551:VERBOSE1:components\segmentation_platform\internal\selection\segment_result_provider.cc:201] OnGotModelScore: segment=CHROME_USER_ENGAGEMENT failed to get score from executing server model, getting score from default model from db.
[14596:37520:1003/151747.551:VERBOSE1:components\segmentation_platform\internal\selection\segment_result_provider.cc:240] GetCachedModelScore: segment=CHROME_USER_ENGAGEMENT has expired or unavailable result.
[14596:37520:1003/151747.551:VERBOSE1:components\segmentation_platform\internal\selection\segment_result_provider.cc:210] OnGotModelScore: segment=CHROME_USER_ENGAGEMENT failed to get database model score, trying default model.
[14596:65472:1003/151747.551:VERBOSE1:components\segmentation_platform\internal\database\ukm_database_backend.cc:355] Output from SQL query SELECT IFNULL(COUNT(metric_value),0)FROM uma_metrics WHERE metric_hash='8A5076C9026398BD' AND profile_id=? AND type=? AND event_timestamp BETWEEN ? AND ? Bind values: 0:440156098 1:1 2:2026-09-26 13:17:47.552132 UTC 3:2026-10-03 13:17:47.552132 UTC  Result: 0.000000,
[14596:37520:1003/151747.551:VERBOSE1:components\segmentation_platform\internal\selection\segment_result_provider.cc:295] ExecuteModelAndGetScore: segment=CHROME_USER_ENGAGEMENT signal collection not met
[14596:65472:1003/151747.551:VERBOSE1:components\segmentation_platform\internal\database\ukm_database_backend.cc:355] Output from SQL query SELECT COALESCE((SELECT metric_value FROM uma_metrics WHERE metric_hash='ED7CFEC70BF9942D' AND profile_id=? AND type=? AND event_timestamp BETWEEN ? AND ? ORDER BY event_timestamp DESC,id DESC LIMIT 1),0.000000) Bind values: 0:440156098 1:3 2:2026-09-26 13:17:47.552132 UTC 3:2026-10-03 13:17:47.552132 UTC  Result: 0.000000,
[14596:37520:1003/151747.551:VERBOSE1:components\segmentation_platform\internal\execution\model_executor_impl.cc:191] Segmentation model input:  feature 0: 0 feature 1: 0 feature 2: 0 feature 3: 0 for segment OPTIMIZATION_TARGET_SEGMENTATION_SHOPPING_USER
[14596:37520:1003/151747.552:VERBOSE1:components\segmentation_platform\internal\execution\model_executor_impl.cc:220] Segmentation model result:  output 0: 0 for segment OPTIMIZATION_TARGET_SEGMENTATION_SHOPPING_USER
[14596:37520:1003/151747.552:VERBOSE1:components\segmentation_platform\internal\execution\model_executor_impl.cc:278] Model: OPTIMIZATION_TARGET_SEGMENTATION_SHOPPING_USER version: 3 execution status: 0, output size: 1
[14596:37520:1003/151747.552:VERBOSE1:components\segmentation_platform\internal\selection\segment_result_provider.cc:29] ComputeDiscreteMapping: segment=: result=0, rank=0
[14596:37520:1003/151747.552:VERBOSE1:components\segmentation_platform\internal\selection\segment_result_provider.cc:359] OnModelExecuted: Default model executed successfully. Result: PredictionResult: timestamp: 13435507067552597 result 0: 0 for segment OPTIMIZATION_TARGET_SEGMENTATION_SHOPPING_USER
[14596:37520:1003/151747.552:VERBOSE1:components\segmentation_platform\internal\database\segment_info_database.cc:208] SaveSegmentResult: saving: PredictionResult: timestamp: 13435507067552597 result 0: 0 for segment id: OPTIMIZATION_TARGET_SEGMENTATION_SHOPPING_USER
[14596:37520:1003/151747.552:VERBOSE1:components\segmentation_platform\internal\database\cached_result_writer.cc:30] CachedResultWriter updating prefs with new result: PredictionResult: timestamp: 13435507067552597 result 0: 0 for segmentation key: shopping_user
