147197777.136	2026-10-03T01:29:14.7584215Z	43224	server	START	delayMs=3000 ppid=72108 parentImage=C:\Source\SixFive7\BrowserAI\.work\client-exit\rig\bin\ExitRig.exe cmdline=C:\Source\SixFive7\BrowserAI\.work\client-exit\rig\bin\ExitRig.dll server --logdir C:\Source\SixFive7\BrowserAI\.work\client-exit\runs\controls\K-exitself-r1 --delay-ms 3000
147197782.054	2026-10-03T01:29:14.7627815Z	43224	server	CONSOLE	consoleWindow=0x0 visible=False consoleProcs=[43224]
147197783.773	2026-10-03T01:29:14.7644883Z	43224	server	JOB	inJob=True immediateJobLimitFlags=0x800 assigned=264 listed=264 first64=[39440,50104,35556,51272,51872,45984,22960,45940,6632,38968,10768,51812,62328,46352,3576,488,18408,45384,57628,18992,16788,59796,59156,58924,60376,50468,60424,60272,19440,55088,16292,62980,38856,59696,23444,42364,62644,6256,40504,51072,10384,61548,46856,62112,63140,50680,37164,58964,50312,19416,45668,3740,17308,52060,13892,22968,50044,12228,15664,60436,59904,64172,45496,52276]
147197784.583	2026-10-03T01:29:14.7653061Z	43224	server	STDIO	stdin=pipe stdout=pipe stderr=pipe
147197786.143	2026-10-03T01:29:14.7668572Z	43224	server	PARENT_WATCH	pid=72108 image=C:\Source\SixFive7\BrowserAI\.work\client-exit\rig\bin\ExitRig.exe created=2026-10-03T01:29:14.5632858Z
147197797.046	2026-10-03T01:29:14.7777675Z	43224	server	STANDIN	pid=30700 jobFlagsReadBack=0x2000 
147197807.859	2026-10-03T01:29:14.7885786Z	43224	server	RECV	method=initialize id=1 bytes=155
147197813.976	2026-10-03T01:29:14.7946996Z	43224	server	SENT	id=1 for=initialize
147197814.497	2026-10-03T01:29:14.7952110Z	43224	server	RECV	method=notifications/initialized id=- bytes=54
147197814.561	2026-10-03T01:29:14.7952721Z	43224	server	RECV	method=tools/list id=2 bytes=46
147197814.795	2026-10-03T01:29:14.7955076Z	43224	server	SENT	id=2 for=tools/list
147197814.884	2026-10-03T01:29:14.7955948Z	43224	server	RECV	method=tools/call id=3 bytes=86
147197815.305	2026-10-03T01:29:14.7960176Z	43224	server	SENT	id=3 for=tools/call
147198129.651	2026-10-03T01:29:15.1103730Z	43224	server	EOF	how=EOF messagesReceived=4
147198133.329	2026-10-03T01:29:15.1140484Z	43224	server	PARENT_EXIT	pid=72108 code=5 exitUtc=2026-10-03T01:29:15.0991203Z
147198154.894	2026-10-03T01:29:15.1356144Z	43224	server	ALIVE	sinceEofMs=25.1
147198180.608	2026-10-03T01:29:15.1613252Z	43224	server	ALIVE	sinceEofMs=50.8
147198205.816	2026-10-03T01:29:15.1865383Z	43224	server	ALIVE	sinceEofMs=76.1
147198231.288	2026-10-03T01:29:15.2120026Z	43224	server	ALIVE	sinceEofMs=101.5
147198264.096	2026-10-03T01:29:15.2448178Z	43224	server	ALIVE	sinceEofMs=134.3
147198289.485	2026-10-03T01:29:15.2702047Z	43224	server	ALIVE	sinceEofMs=159.7
147198314.627	2026-10-03T01:29:15.2953446Z	43224	server	ALIVE	sinceEofMs=184.9
147198339.922	2026-10-03T01:29:15.3206405Z	43224	server	ALIVE	sinceEofMs=210.2
147198365.343	2026-10-03T01:29:15.3460645Z	43224	server	ALIVE	sinceEofMs=235.6
147198395.361	2026-10-03T01:29:15.3760787Z	43224	server	ALIVE	sinceEofMs=265.6
147198420.735	2026-10-03T01:29:15.4014625Z	43224	server	ALIVE	sinceEofMs=291.0
147198445.966	2026-10-03T01:29:15.4266820Z	43224	server	ALIVE	sinceEofMs=316.2
147198472.163	2026-10-03T01:29:15.4528817Z	43224	server	ALIVE	sinceEofMs=342.4
147198498.091	2026-10-03T01:29:15.4788230Z	43224	server	ALIVE	sinceEofMs=368.3
147198523.702	2026-10-03T01:29:15.5044263Z	43224	server	ALIVE	sinceEofMs=393.9
147198549.926	2026-10-03T01:29:15.5306418Z	43224	server	ALIVE	sinceEofMs=420.2
147198575.258	2026-10-03T01:29:15.5559737Z	43224	server	ALIVE	sinceEofMs=445.5
147198600.433	2026-10-03T01:29:15.5811488Z	43224	server	ALIVE	sinceEofMs=470.7
147198625.535	2026-10-03T01:29:15.6062492Z	43224	server	ALIVE	sinceEofMs=495.8
147198650.936	2026-10-03T01:29:15.6316621Z	43224	server	ALIVE	sinceEofMs=521.2
147198676.065	2026-10-03T01:29:15.6567817Z	43224	server	ALIVE	sinceEofMs=546.3
147198701.385	2026-10-03T01:29:15.6821022Z	43224	server	ALIVE	sinceEofMs=571.6
147198727.954	2026-10-03T01:29:15.7088182Z	43224	server	ALIVE	sinceEofMs=598.2
147198753.679	2026-10-03T01:29:15.7343949Z	43224	server	ALIVE	sinceEofMs=623.9
147198778.979	2026-10-03T01:29:15.7596949Z	43224	server	ALIVE	sinceEofMs=649.2
147198805.214	2026-10-03T01:29:15.7859424Z	43224	server	ALIVE	sinceEofMs=675.5
147198830.837	2026-10-03T01:29:15.8115517Z	43224	server	ALIVE	sinceEofMs=701.1
147198857.346	2026-10-03T01:29:15.8380628Z	43224	server	ALIVE	sinceEofMs=727.6
147198896.576	2026-10-03T01:29:15.8773089Z	43224	server	ALIVE	sinceEofMs=766.8
147198922.326	2026-10-03T01:29:15.9030405Z	43224	server	ALIVE	sinceEofMs=792.6
147198948.251	2026-10-03T01:29:15.9289645Z	43224	server	ALIVE	sinceEofMs=818.5
147198973.694	2026-10-03T01:29:15.9544073Z	43224	server	ALIVE	sinceEofMs=843.9
147198999.224	2026-10-03T01:29:15.9799371Z	43224	server	ALIVE	sinceEofMs=869.5
147199025.899	2026-10-03T01:29:16.0066125Z	43224	server	ALIVE	sinceEofMs=896.1
147199051.445	2026-10-03T01:29:16.0321576Z	43224	server	ALIVE	sinceEofMs=921.7
147199077.631	2026-10-03T01:29:16.0583427Z	43224	server	ALIVE	sinceEofMs=947.9
147199103.839	2026-10-03T01:29:16.0845516Z	43224	server	ALIVE	sinceEofMs=974.1
147199129.682	2026-10-03T01:29:16.1103944Z	43224	server	ALIVE	sinceEofMs=999.9
147199159.681	2026-10-03T01:29:16.1403975Z	43224	server	ALIVE	sinceEofMs=1029.9
147199185.570	2026-10-03T01:29:16.1662832Z	43224	server	ALIVE	sinceEofMs=1055.8
147199212.119	2026-10-03T01:29:16.1928326Z	43224	server	ALIVE	sinceEofMs=1082.4
147199238.253	2026-10-03T01:29:16.2189665Z	43224	server	ALIVE	sinceEofMs=1108.5
147199264.241	2026-10-03T01:29:16.2449550Z	43224	server	ALIVE	sinceEofMs=1134.5
147199289.336	2026-10-03T01:29:16.2700532Z	43224	server	ALIVE	sinceEofMs=1159.6
147199314.588	2026-10-03T01:29:16.2953019Z	43224	server	ALIVE	sinceEofMs=1184.8
147199340.536	2026-10-03T01:29:16.3212509Z	43224	server	ALIVE	sinceEofMs=1210.8
147199366.067	2026-10-03T01:29:16.3467815Z	43224	server	ALIVE	sinceEofMs=1236.3
147199391.213	2026-10-03T01:29:16.3719282Z	43224	server	ALIVE	sinceEofMs=1261.5
147199416.885	2026-10-03T01:29:16.3975985Z	43224	server	ALIVE	sinceEofMs=1287.1
147199442.930	2026-10-03T01:29:16.4236430Z	43224	server	ALIVE	sinceEofMs=1313.2
147199468.316	2026-10-03T01:29:16.4490297Z	43224	server	ALIVE	sinceEofMs=1338.6
147199494.091	2026-10-03T01:29:16.4748053Z	43224	server	ALIVE	sinceEofMs=1364.3
147199532.195	2026-10-03T01:29:16.5129112Z	43224	server	ALIVE	sinceEofMs=1402.4
147199557.911	2026-10-03T01:29:16.5386256Z	43224	server	ALIVE	sinceEofMs=1428.2
147199583.074	2026-10-03T01:29:16.5637890Z	43224	server	ALIVE	sinceEofMs=1453.3
147199608.470	2026-10-03T01:29:16.5891964Z	43224	server	ALIVE	sinceEofMs=1478.7
147199633.654	2026-10-03T01:29:16.6143675Z	43224	server	ALIVE	sinceEofMs=1503.9
147199660.859	2026-10-03T01:29:16.6415741Z	43224	server	ALIVE	sinceEofMs=1531.1
147199686.350	2026-10-03T01:29:16.6670650Z	43224	server	ALIVE	sinceEofMs=1556.6
147199711.777	2026-10-03T01:29:16.6924902Z	43224	server	ALIVE	sinceEofMs=1582.0
147199737.224	2026-10-03T01:29:16.7179355Z	43224	server	ALIVE	sinceEofMs=1607.5
147199762.725	2026-10-03T01:29:16.7434366Z	43224	server	ALIVE	sinceEofMs=1633.0
147199789.308	2026-10-03T01:29:16.7700199Z	43224	server	ALIVE	sinceEofMs=1659.6
147199815.400	2026-10-03T01:29:16.7961113Z	43224	server	ALIVE	sinceEofMs=1685.7
147199840.767	2026-10-03T01:29:16.8214779Z	43224	server	ALIVE	sinceEofMs=1711.0
147199865.859	2026-10-03T01:29:16.8465696Z	43224	server	ALIVE	sinceEofMs=1736.1
147199905.192	2026-10-03T01:29:16.8859044Z	43224	server	ALIVE	sinceEofMs=1775.4
147199931.043	2026-10-03T01:29:16.9117549Z	43224	server	ALIVE	sinceEofMs=1801.3
147199956.262	2026-10-03T01:29:16.9369726Z	43224	server	ALIVE	sinceEofMs=1826.5
147199982.481	2026-10-03T01:29:16.9631917Z	43224	server	ALIVE	sinceEofMs=1852.7
147200007.658	2026-10-03T01:29:16.9883695Z	43224	server	ALIVE	sinceEofMs=1877.9
147200039.279	2026-10-03T01:29:17.0199911Z	43224	server	ALIVE	sinceEofMs=1909.5
147200065.634	2026-10-03T01:29:17.0463460Z	43224	server	ALIVE	sinceEofMs=1935.9
147200090.903	2026-10-03T01:29:17.0716152Z	43224	server	ALIVE	sinceEofMs=1961.2
147200117.504	2026-10-03T01:29:17.0982154Z	43224	server	ALIVE	sinceEofMs=1987.8
147200142.632	2026-10-03T01:29:17.1233434Z	43224	server	ALIVE	sinceEofMs=2012.9
147200167.957	2026-10-03T01:29:17.1486684Z	43224	server	ALIVE	sinceEofMs=2038.2
147200194.299	2026-10-03T01:29:17.1750104Z	43224	server	ALIVE	sinceEofMs=2064.6
147200220.588	2026-10-03T01:29:17.2012995Z	43224	server	ALIVE	sinceEofMs=2090.8
147200245.687	2026-10-03T01:29:17.2263983Z	43224	server	ALIVE	sinceEofMs=2115.9
147200270.963	2026-10-03T01:29:17.2516738Z	43224	server	ALIVE	sinceEofMs=2141.2
147200296.201	2026-10-03T01:29:17.2769122Z	43224	server	ALIVE	sinceEofMs=2166.5
147200321.331	2026-10-03T01:29:17.3020423Z	43224	server	ALIVE	sinceEofMs=2191.6
147200346.631	2026-10-03T01:29:17.3273436Z	43224	server	ALIVE	sinceEofMs=2216.9
147200371.719	2026-10-03T01:29:17.3524309Z	43224	server	ALIVE	sinceEofMs=2242.0
147200397.185	2026-10-03T01:29:17.3778962Z	43224	server	ALIVE	sinceEofMs=2267.4
147200422.562	2026-10-03T01:29:17.4032735Z	43224	server	ALIVE	sinceEofMs=2292.8
147200448.034	2026-10-03T01:29:17.4287510Z	43224	server	ALIVE	sinceEofMs=2318.3
147200473.463	2026-10-03T01:29:17.4541743Z	43224	server	ALIVE	sinceEofMs=2343.7
147200498.815	2026-10-03T01:29:17.4795263Z	43224	server	ALIVE	sinceEofMs=2369.1
147200523.935	2026-10-03T01:29:17.5046465Z	43224	server	ALIVE	sinceEofMs=2394.2
147200549.408	2026-10-03T01:29:17.5301201Z	43224	server	ALIVE	sinceEofMs=2419.7
147200574.629	2026-10-03T01:29:17.5553403Z	43224	server	ALIVE	sinceEofMs=2444.9
147200599.784	2026-10-03T01:29:17.5804952Z	43224	server	ALIVE	sinceEofMs=2470.0
147200625.142	2026-10-03T01:29:17.6058539Z	43224	server	ALIVE	sinceEofMs=2495.4
147200650.486	2026-10-03T01:29:17.6312190Z	43224	server	ALIVE	sinceEofMs=2520.7
147200675.907	2026-10-03T01:29:17.6566181Z	43224	server	ALIVE	sinceEofMs=2546.2
147200701.239	2026-10-03T01:29:17.6819509Z	43224	server	ALIVE	sinceEofMs=2571.5
147200726.634	2026-10-03T01:29:17.7073466Z	43224	server	ALIVE	sinceEofMs=2596.9
147200751.740	2026-10-03T01:29:17.7324511Z	43224	server	ALIVE	sinceEofMs=2622.0
147200791.269	2026-10-03T01:29:17.7719819Z	43224	server	ALIVE	sinceEofMs=2661.5
147200816.408	2026-10-03T01:29:17.7971190Z	43224	server	ALIVE	sinceEofMs=2686.7
147200842.471	2026-10-03T01:29:17.8231825Z	43224	server	ALIVE	sinceEofMs=2712.7
147200867.538	2026-10-03T01:29:17.8482493Z	43224	server	ALIVE	sinceEofMs=2737.8
147200892.773	2026-10-03T01:29:17.8734848Z	43224	server	ALIVE	sinceEofMs=2763.0
147200921.798	2026-10-03T01:29:17.9025097Z	43224	server	ALIVE	sinceEofMs=2792.0
147200947.055	2026-10-03T01:29:17.9277662Z	43224	server	ALIVE	sinceEofMs=2817.3
147200972.553	2026-10-03T01:29:17.9532637Z	43224	server	ALIVE	sinceEofMs=2842.8
147200998.093	2026-10-03T01:29:17.9788049Z	43224	server	ALIVE	sinceEofMs=2868.3
147201023.538	2026-10-03T01:29:18.0042495Z	43224	server	ALIVE	sinceEofMs=2893.8
147201049.018	2026-10-03T01:29:18.0297297Z	43224	server	ALIVE	sinceEofMs=2919.3
147201075.359	2026-10-03T01:29:18.0560789Z	43224	server	ALIVE	sinceEofMs=2945.6
147201100.702	2026-10-03T01:29:18.0814134Z	43224	server	ALIVE	sinceEofMs=2971.0
147201125.848	2026-10-03T01:29:18.1065602Z	43224	server	ALIVE	sinceEofMs=2996.1
147201129.369	2026-10-03T01:29:18.1100807Z	43224	server	ALIVE	sinceEofMs=2999.6
147201130.441	2026-10-03T01:29:18.1111513Z	43224	server	ALIVE	sinceEofMs=3000.7
147201130.458	2026-10-03T01:29:18.1111686Z	43224	server	CLOSING_JOB	sinceEofMs=3000.7
147201130.540	2026-10-03T01:29:18.1112507Z	43224	server	EXIT	code=77
