2026-09-24T23:01:53.098Z +347.7 START node=v24.21.0 pid=82868 id=smoke-0002
2026-09-24T23:01:53.120Z +370.2 SPAWN pid=87336 C:\Source\SixFive7\BrowserAI\.work\firefox-launch\firefox-1549\firefox\firefox.exe -no-remote -headless -profile C:\Source\SixFive7\BrowserAI\.work\firefox-launch\runs\smoke\smoke-0002\firefox\profile -juggler-pipe about:blank
2026-09-24T23:01:53.201Z +451.1 [ff:err] *** You are running in headless mode.
2026-09-24T23:01:53.294Z +543.2 [ff:err] JavaScript warning: resource://services-settings/Utils.sys.mjs, line 125: unreachable code after return statement
2026-09-24T23:01:54.338Z +1587.6 [ff:out] Juggler listening to the pipe
2026-09-24T23:01:54.341Z +1591.1 [dbg]   pw:protocol SEND ► {"method":"Browser.enable","params":{"attachToDefaultContext":true,"userPrefs":[{"name":"toolkit.winRegisterApplicationRestart","value":false},{"name":"signon.rememberSignons","value":false}]},"id":1} +0ms
2026-09-24T23:01:54.342Z +1592.2 [dbg]   pw:protocol SEND ► {"method":"Browser.getInfo","id":2} +1ms
2026-09-24T23:01:54.344Z +1594.0 [dbg]   pw:protocol SEND ► {"method":"Browser.setInitScripts","params":{"scripts":[]},"id":3} +2ms
2026-09-24T23:01:54.344Z +1594.1 [dbg]   pw:protocol SEND ► {"method":"Browser.setDownloadOptions","params":{"downloadOptions":{"behavior":"saveToDisk","downloadsDir":"C:\\Source\\SixFive7\\BrowserAI\\.work\\firefox-launch\\runs\\smoke\\smoke-0002\\downloads"}},"id":4} +0ms
2026-09-24T23:01:54.345Z +1594.3 [dbg]   pw:protocol SEND ► {"method":"Browser.setDefaultViewport","params":{"viewport":{"viewportSize":{"width":1920,"height":1080},"deviceScaleFactor":1,"isMobile":false}},"id":5} +1ms
2026-09-24T23:01:54.345Z +1594.5 [dbg]   pw:protocol SEND ► {"method":"Browser.setLocaleOverride","params":{"locale":"nl-NL"},"id":6} +0ms
2026-09-24T23:01:54.345Z +1594.6 [dbg]   pw:protocol SEND ► {"method":"Browser.setTimezoneOverride","params":{"timezoneId":"Europe/Amsterdam"},"id":7} +0ms
2026-09-24T23:01:54.345Z +1594.7 [dbg]   pw:protocol SEND ► {"method":"Browser.setExtraHTTPHeaders","params":{"headers":[]},"id":8} +0ms
2026-09-24T23:01:54.345Z +1594.8 [dbg]   pw:protocol SEND ► {"method":"Browser.setColorScheme","params":{"colorScheme":"light"},"id":9} +0ms
2026-09-24T23:01:54.363Z +1612.9 [dbg]   pw:protocol ◀ RECV {"id":2,"result":{"version":"Firefox/156.0","userAgent":"Mozilla/5.0 (Windows NT 10.0; Win64; x64; rv:156.0) Gecko/20100101 Firefox/156.0"}} +18ms
2026-09-24T23:01:54.363Z +1613.2 [dbg]   pw:protocol ◀ RECV {"id":3} +0ms
2026-09-24T23:01:54.364Z +1613.3 [dbg]   pw:protocol ◀ RECV {"id":4} +1ms
2026-09-24T23:01:54.364Z +1613.3 [dbg]   pw:protocol ◀ RECV {"id":5} +0ms
2026-09-24T23:01:54.364Z +1613.3 [dbg]   pw:protocol ◀ RECV {"id":6} +0ms
2026-09-24T23:01:54.367Z +1616.8 [dbg]   pw:protocol ◀ RECV {"id":7} +3ms
2026-09-24T23:01:54.367Z +1617.0 [dbg]   pw:protocol ◀ RECV {"id":8} +0ms
2026-09-24T23:01:54.367Z +1617.1 [dbg]   pw:protocol ◀ RECV {"id":9} +0ms
2026-09-24T23:01:54.367Z +1617.2 [dbg]   pw:protocol SEND ► {"method":"Browser.setReducedMotion","params":{"reducedMotion":"no-preference"},"id":10} +0ms
2026-09-24T23:01:54.382Z +1631.8 [dbg]   pw:protocol ◀ RECV {"id":10} +15ms
2026-09-24T23:01:54.382Z +1631.9 [dbg]   pw:protocol SEND ► {"method":"Browser.setForcedColors","params":{"forcedColors":"none"},"id":11} +0ms
2026-09-24T23:01:54.400Z +1649.5 [dbg]   pw:protocol ◀ RECV {"id":11} +18ms
2026-09-24T23:01:54.400Z +1649.7 [dbg]   pw:protocol SEND ► {"method":"Browser.setContrast","params":{"contrast":"no-preference"},"id":12} +0ms
2026-09-24T23:01:54.437Z +1686.7 [dbg]   pw:protocol ◀ RECV {"id":12} +37ms
2026-09-24T23:01:55.394Z +2644.1 [ff:out] Crash Annotation Graphi
2026-09-24T23:01:55.395Z +2644.3 [ff:out] csCriticalError: |[0][GFX1-]: RenderCompositorSWGL failed mapping default framebuffer, no dt (t=2.26445) [GFX1-]: RenderCompositorSWGL failed mapping default framebuffer, no dt
2026-09-24T23:01:55.569Z +2818.6 [ff:err] JavaScript error: chrome://juggler/content/Helper.js, line 82: NS_ERROR_FAILURE: Component returned failure code: 0x80004005 (NS_ERROR_FAILURE) [nsIWebProgress.removeProgressListener]
2026-09-24T23:02:23.118Z +30367.3 SUSPECT no context after 30000 ms; firefoxPid=87336; profile files=21 bytes=850042
2026-09-24T23:04:53.107Z +180357.2 FAILED after 180009.3 ms: browserType.launchPersistentContext: Timeout 180000ms exceeded.
Call log:
  - <launching> C:\Source\SixFive7\BrowserAI\.work\firefox-launch\firefox-1549\firefox\firefox.exe -no-remote -headless -profile C:\Source\SixFive7\BrowserAI\.work\firefox-launch\runs\smoke\smoke-0002\firefox\profile -juggler-pipe about:blank
  - <launched> pid=87336
  - [pid=87336][err] *** You are running in headless mode.
  - [pid=87336][err] JavaScript warning: resource://services-settings/Utils.sys.mjs, line 125: unreachable code after return statement
  - [pid=87336][out]
  - [pid=87336][out] Juggler listening to the pipe
  - [pid=87336][out] Crash Annotation GraphicsCriticalError: |[0][GFX1-]: RenderCompositorSWGL failed mapping default framebuffer, no dt (t=2.26445) [GFX1-]: RenderCompositorSWGL failed mapping default framebuffer, no dt
  - [pid=87336][err] JavaScript error: chrome://juggler/content/Helper.js, line 82: NS_ERROR_FAILURE: Component returned failure code: 0x80004005 (NS_ERROR_FAILURE) [nsIWebProgress.removeProgressListener]

2026-09-24T23:04:53.113Z +180363.0 DONE {"id":"smoke-0002","batch":2,"mode":"b1","nodePid":82868,"startUtc":"2026-09-24T23:01:53.098Z","ok":false,"failMs":180009.3,"error":"browserType.launchPersistentContext: Timeout 180000ms exceeded.\nCall log:\n\u001b[2m  - <launching> C:\\Source\\SixFive7\\BrowserAI\\.work\\firefox-launch\\firefox-1549\\firefox\\firefox.exe -no-remote -headless -profile C:\\Source\\SixFive7\\BrowserAI\\.work\\firef
