Test pack only: the drift check is a release's, and was not read.
vpk 1.2.161 matches Velopack 1.2.161.
Packing version 1.1.1-alpha.0.324 on channel win.
Test pack only: the shipping feed in C:\Source\SixFive7\BrowserAI\.work\wt\next-velo\Releases is neither read nor written.
Copied the one executable, 1.1.1-alpha.0.324, from C:\Source\SixFive7\BrowserAI\.work\wt\next-velo\src\BrowserAI\bin\Release\net10.0-windows\win-x64\publish.
WARNING: -TestPackOnly: the ILC output check and the decorated-version-string scan are the release's, and did NOT run here; the gate reads each publish's log.
Nothing to clear in C:\Source\SixFive7\BrowserAI\.work\wt\next-velo\Releases\test-pack : the test-pack feed holds none of the files the next pack regenerates.
vpk pack --packId BrowserAI.app.test --packVersion 1.1.1-alpha.0.324 --packDir C:\Source\SixFive7\BrowserAI\.work\wt\next-velo\artifacts\publish-test-pack --packTitle BrowserAI (suite) --packAuthors Jori Huisman --channel win --outputDir C:\Source\SixFive7\BrowserAI\.work\wt\next-velo\Releases\test-pack --icon C:\Source\SixFive7\BrowserAI\.work\wt\next-velo\assets\BrowserAI.ico --mainExe BrowserAI.exe --shortcuts StartMenuRoot --delta None
[15:10:01 INF] Velopack CLI 1.2.161, for distributing applications.
[15:10:02 INF] Beginning to package Velopack release 1.1.1-alpha.0.324.
[15:10:02 INF] Releases Directory: C:\Source\SixFive7\BrowserAI\.work\wt\next-velo\Releases\test-pack
[15:10:02 INF] Starting: Pre-process steps
[15:10:02 INF] Shortcuts: StartMenuRoot
[15:10:03 WRN] No architecture specified with --runtime, defaulting to x86. If this was not intended please specify via the --runtime parameter
[15:10:03 WRN] No architecture specified with --runtime, defaulting to x86. If this was not intended please specify via the --runtime parameter
[15:10:03 INF] Complete: Pre-process steps
[15:10:03 INF] Starting: Code-sign application
[15:10:03 WRN] No signing parameters provided, 6 file(s) will not be signed.
[15:10:03 INF] Complete: Code-sign application
[15:10:03 INF] Starting: Building portable package
[15:10:03 INF] Starting: Building release 1.1.1-alpha.0.324
[15:10:10 INF] Complete: Building release 1.1.1-alpha.0.324
[15:10:10 INF] Complete: Building portable package
[15:10:10 INF] Starting: Building setup package
[15:10:11 INF] Setup bundle created 'BrowserAI.app.test-win-Setup.exe'.
[15:10:11 WRN] No signing parameters provided, 1 file(s) will not be signed.
[15:10:11 INF] Complete: Building setup package
[15:10:11 INF] Starting: Post-process steps
[15:10:11 INF] Complete: Post-process steps
[15:10:11 INF] Finished in 00:00:09.0448285.
vpk pack of BrowserAI.app.test took 10.9 s.
Packed the suite's own installer as BrowserAI.test-installer.exe under C:\Source\SixFive7\BrowserAI\.work\wt\next-velo\Releases\test-pack (pack id BrowserAI.app.test). It is NEVER published.
vpk pack --packId BrowserAI.app --packVersion 1.1.1-alpha.0.324 --packDir C:\Source\SixFive7\BrowserAI\.work\wt\next-velo\artifacts\publish-test-pack --packTitle BrowserAI --packAuthors Jori Huisman --channel win --outputDir C:\Source\SixFive7\BrowserAI\.work\wt\next-velo\Releases\test-pack\twin --icon C:\Source\SixFive7\BrowserAI\.work\wt\next-velo\assets\BrowserAI.ico --mainExe BrowserAI.exe --shortcuts StartMenuRoot --delta None
[15:10:12 INF] Velopack CLI 1.2.161, for distributing applications.
[15:10:12 INF] Beginning to package Velopack release 1.1.1-alpha.0.324.
[15:10:12 INF] Releases Directory: C:\Source\SixFive7\BrowserAI\.work\wt\next-velo\Releases\test-pack\twin
[15:10:12 INF] Starting: Pre-process steps
[15:10:12 INF] Shortcuts: StartMenuRoot
[15:10:13 WRN] No architecture specified with --runtime, defaulting to x86. If this was not intended please specify via the --runtime parameter
[15:10:13 WRN] No architecture specified with --runtime, defaulting to x86. If this was not intended please specify via the --runtime parameter
[15:10:13 INF] Complete: Pre-process steps
[15:10:13 INF] Starting: Code-sign application
[15:10:13 WRN] No signing parameters provided, 6 file(s) will not be signed.
[15:10:13 INF] Complete: Code-sign application
[15:10:13 INF] Starting: Building portable package
[15:10:13 INF] Starting: Building release 1.1.1-alpha.0.324
[15:10:20 INF] Complete: Building release 1.1.1-alpha.0.324
[15:10:20 INF] Complete: Building portable package
[15:10:20 INF] Starting: Building setup package
[15:10:20 INF] Setup bundle created 'BrowserAI.app-win-Setup.exe'.
[15:10:20 WRN] No signing parameters provided, 1 file(s) will not be signed.
[15:10:20 INF] Complete: Building setup package
[15:10:20 INF] Starting: Post-process steps
[15:10:20 INF] Complete: Post-process steps
[15:10:20 INF] Finished in 00:00:08.1503476.
vpk pack of the twin took 9.5 s.

Version         : 1.1.1-alpha.0.324
Channel         : win
TestSetup       : C:\Source\SixFive7\BrowserAI\.work\wt\next-velo\Releases\test-pack\BrowserAI.test-installer.exe
TestPackage     : C:\Source\SixFive7\BrowserAI\.work\wt\next-velo\Releases\test-pack\BrowserAI.app.test-1.1.1-alpha.0.3
                  24-full.nupkg
TwinPackage     : C:\Source\SixFive7\BrowserAI\.work\wt\next-velo\Releases\test-pack\twin\BrowserAI.app-1.1.1-alpha.0.3
                  24-full.nupkg
TestPackSeconds : 10,9
TwinPackSeconds : 9,5

exit=0
2026-10-10T13:10:21Z
