

------------------------------------------------------------------------------

               Total    Copied   Skipped  Mismatch    FAILED    Extras
    Dirs :         9         9         0         0         0         0
   Files :       307       307         0         0         0         0
   Bytes :  437.01 m  437.01 m         0         0         0         0
   Times :   0:00:00   0:00:00                       0:00:00   0:00:00


   Speed :           682.921.374 Bytes/sec.
   Speed :             39077,074 MegaBytes/min.
   Ended : zaterdag 3 oktober 2026 15:40:22



------------------------------------------------------------------------------

               Total    Copied   Skipped  Mismatch    FAILED    Extras
    Dirs :        16        16         0         0         0         0
   Files :        63        63         0         0         0         0
   Bytes :  345.04 m  345.04 m         0         0         0         0
   Times :   0:00:00   0:00:00                       0:00:00   0:00:00


   Speed :           1.501.267.443 Bytes/sec.
   Speed :               85903,211 MegaBytes/min.
   Ended : zaterdag 3 oktober 2026 15:40:22



------------------------------------------------------------------------------

               Total    Copied   Skipped  Mismatch    FAILED    Extras
    Dirs :        47        47         0         0         0         0
   Files :       199       199         0         0         0         0
   Bytes :  143.15 m  143.15 m         0         0         0         0
   Times :   0:00:00   0:00:00                       0:00:00   0:00:00


   Speed :           470.562.724 Bytes/sec.
   Speed :             26925,814 MegaBytes/min.
   Ended : zaterdag 3 oktober 2026 15:40:22

