server: {"listening":47911,"pid":96296}
[1/42] fx-ss1000-D1.75-r2 D=1,75 actualD=1,77 ck=True/True ls=0 idb=True cache=True tabs=[1,2] ss=[1,2] pref= exit= err= (16,6s)
[2/42] fx-base-D3-r2 D=3 actualD=3,009 ck=True/True ls=0 idb=True cache=True tabs=[] ss=[] pref= exit= err= (37,1s)
[3/42] fx-ss1000-D1-r2 D=1 actualD=1,014 ck=True/True ls=0 idb=True cache=True tabs=[] ss=[] pref= exit= err= (20,7s)
[4/42] fx-base-D13-r1 D=13 actualD=13,004 ck=True/True ls=40 idb=True cache=True tabs=[] ss=[] pref= exit= err= (45,9s)
[5/42] fx-base-D6-r1 D=6 actualD=6,004 ck=True/True ls=40 idb=True cache=True tabs=[] ss=[] pref= exit= err= (40s)
[6/42] fx-base-D16.5-r3 D=16,5 actualD=16,514 ck=True/True ls=40 idb=True cache=True tabs=[] ss=[] pref= exit= err= (52s)
[7/42] fx-ss0-D1.75-r1 D=1,75 actualD=1,761 ck=True/True ls=0 idb=True cache=True tabs=[1,2] ss=[1,2] pref= exit= err= (15,9s)
[8/42] fx-ss1000-D1.75-r3 D=1,75 actualD=1,755 ck=True/True ls=0 idb=True cache=True tabs=[1,2] ss=[1,2] pref= exit= err= (17,5s)
[9/42] fx-ss1000-D2.5-r2 D=2,5 actualD=2,505 ck=True/True ls=0 idb=True cache=True tabs=[] ss=[] pref= exit= err= (22,6s)
[10/42] fx-ss1000-D1-r1 D=1 actualD=1,016 ck=True/True ls=0 idb=True cache=True tabs=[] ss=[] pref= exit= err= (20s)
[11/42] fx-ss1000-D3.5-r3 D=3,5 actualD=3,503 ck=True/True ls=0 idb=True cache=True tabs=[1,2] ss=[1,2] pref= exit= err= (17s)
[12/42] fx-ss0-D2.5-r2 D=2,5 actualD=2,515 ck=True/True ls=0 idb=True cache=True tabs=[1,2] ss=[1,2] pref= exit= err= (14,3s)
[13/42] fx-pageclose-D0.2-r1 D=0,2 actualD=0,213 ck=True/True ls=40 idb=True cache=True tabs=[] ss=[] pref= exit= err= (18,5s)
[14/42] fx-base-D6-r3 D=6 actualD=6,014 ck=True/True ls=40 idb=True cache=True tabs=[] ss=[] pref= exit= err= (40,1s)
[15/42] fx-ss1000-D3.5-r2 D=3,5 actualD=3,516 ck=True/True ls=0 idb=True cache=True tabs=[1,2] ss=[1,2] pref= exit= err= (19,2s)
[16/42] fx-base-D0.5-r3 D=0,5 actualD=0,504 ck=True/True ls=0 idb=True cache=True tabs=[] ss=[] pref= exit= err= (34,6s)
[17/42] fx-ss1000-D2.5-r1 D=2,5 actualD=2,504 ck=True/True ls=0 idb=True cache=True tabs=[1,2] ss=[1,2] pref= exit= err= (18,8s)
[18/42] fx-base-D0.5-r1 D=0,5 actualD=0,517 ck=True/True ls=0 idb=True cache=True tabs=[] ss=[] pref= exit= err= (35,1s)
[19/42] fx-base-D4.5-r3 D=4,5 actualD=4,504 ck=True/True ls=0 idb=True cache=True tabs=[] ss=[] pref= exit= err= (46,8s)
[20/42] fx-base-D3-r1 D=3 actualD=3,013 ck=True/True ls=0 idb=True cache=True tabs=[] ss=[] pref= exit= err= (39,8s)
[21/42] fx-ss0-D2.5-r3 D=2,5 actualD=2,514 ck=True/True ls=0 idb=True cache=True tabs=[1,2] ss=[1,2] pref= exit= err= (15,3s)
[22/42] fx-base-D13-r3 D=13 actualD=13,004 ck=True/True ls=40 idb=True cache=True tabs=[] ss=[] pref= exit= err= (48,7s)
[23/42] fx-pageclose-D0.2-r2 D=0,2 actualD=1,121 ck=True/True ls=0 idb=True cache=True tabs=[] ss=[] pref= exit= err= (21,5s)
[24/42] fx-ss1000-D3.5-r1 D=3,5 actualD=3,505 ck=True/True ls=0 idb=True cache=True tabs=[1,2] ss=[1,2] pref= exit= err= (23,8s)
[25/42] fx-base-D13-r2 D=13 actualD=13,009 ck=True/True ls=40 idb=True cache=True tabs=[] ss=[] pref= exit= err= (48,8s)
[26/42] fx-base-D4.5-r1 D=4,5 actualD=4,513 ck=True/True ls=0 idb=True cache=True tabs=[] ss=[] pref= exit= err= (40,1s)
[27/42] fx-pageclose-D0.2-r3 D=0,2 actualD=0,205 ck=True/True ls=40 idb=True cache=True tabs=[] ss=[] pref= exit= err= (19,2s)
[28/42] fx-base-D4.5-r2 D=4,5 actualD=4,517 ck=True/True ls=0 idb=True cache=True tabs=[] ss=[] pref= exit= err= (40,3s)
[29/42] fx-ss1000-D1-r3 D=1 actualD=1,007 ck=True/True ls=0 idb=True cache=True tabs=[] ss=[] pref= exit= err= (21,7s)
[30/42] fx-noclose-D0.2-r3 D=0,2 actualD=0,215 ck=True/True ls=0 idb=True cache=True tabs=[] ss=[] pref= exit= err= (17,6s)
[31/42] fx-noclose-D0.2-r2 D=0,2 actualD=0,212 ck=True/True ls=0 idb=True cache=True tabs=[] ss=[] pref= exit= err= (17,3s)
[32/42] fx-base-D0.5-r2 D=0,5 actualD=0,522 ck=True/True ls=0 idb=True cache=True tabs=[] ss=[] pref= exit= err= (37,8s)
[33/42] fx-base-D6-r2 D=6 actualD=6,004 ck=True/True ls=40 idb=True cache=True tabs=[] ss=[] pref= exit= err= (42,7s)
[34/42] fx-base-D3-r3 D=3 actualD=3,014 ck=True/True ls=0 idb=True cache=True tabs=[] ss=[] pref= exit= err= (37,7s)
[35/42] fx-base-D16.5-r2 D=16,5 actualD=16,504 ck=True/True ls=40 idb=True cache=True tabs=[] ss=[] pref= exit= err= (50,6s)
[36/42] fx-ss1000-D2.5-r3 D=2,5 actualD=2,512 ck=True/True ls=0 idb=True cache=True tabs=[1,2] ss=[1,2] pref= exit= err= (19,8s)
[37/42] fx-ss1000-D1.75-r1 D=1,75 actualD=1,761 ck=True/True ls=0 idb=True cache=True tabs=[] ss=[] pref= exit= err= (21s)
[38/42] fx-noclose-D0.2-r1 D=0,2 actualD=0,202 ck=True/True ls=0 idb=True cache=True tabs=[] ss=[] pref= exit= err= (18,4s)
[39/42] fx-base-D16.5-r1 D=16,5 actualD=16,51 ck=True/True ls=40 idb=True cache=True tabs=[] ss=[] pref= exit= err= (49,4s)
[40/42] fx-ss0-D2.5-r1 D=2,5 actualD=2,503 ck=True/True ls=0 idb=True cache=True tabs=[1,2] ss=[1,2] pref= exit= err= (16,2s)
[41/42] fx-ss0-D1.75-r3 D=1,75 actualD=1,763 ck=True/True ls=0 idb=True cache=True tabs=[1,2] ss=[1,2] pref= exit= err= (12,9s)
[42/42] fx-ss0-D1.75-r2 D=1,75 actualD=1,763 ck=True/True ls=0 idb=True cache=True tabs=[1,2] ss=[1,2] pref= exit= err= (14s)
server exited: True
