server: {"listening":47911,"pid":19464}
[1/81] cr-cdpsetdel-D0-r3 D=0 actualD=0,063 ck=True/True ls=0 idb=True cache=True tabs=[] ss=[] pref= exit=Crashed err= (26,3s)
[2/81] cr-hide-D2-r3 D=2 actualD=2,007 ck=False/False ls=40 idb=True cache=True tabs=[] ss=[] pref= exit=Crashed err= (31,7s)
[3/81] cr-cdpsetdel-D0.25-r3 D=0,25 actualD=0,254 ck=True/True ls=0 idb=True cache=True tabs=[] ss=[] pref= exit=Crashed err= (26,2s)
[4/81] cr-noaggr-D1.5-r1 D=1,5 actualD=1,506 ck=False/False ls=0 idb=True cache=True tabs=[] ss=[] pref= exit=Crashed err= (27,4s)
[5/81] cr-cdpflush-D0.1-r3 D=0,1 actualD=0,108 ck=True/True ls=0 idb=True cache=True tabs=[] ss=[] pref= exit=Crashed err= (26,3s)
[6/81] cr-base-D31-r2 D=31 actualD=31,014 ck=True/True ls=40 idb=True cache=True tabs=[] ss=[] pref=True exit=Crashed err= (57,6s)
[7/81] cr-patch-D3.5-r3 D=3,5 actualD=3,514 ck=False/False ls=40 idb=True cache=True tabs=[1,2] ss=[1,2] pref= exit=Crashed err= (22,3s)
[8/81] cr-noaggr-D6-r2 D=6 actualD=6,005 ck=False/False ls=40 idb=True cache=True tabs=[] ss=[] pref= exit=Crashed err= (31,8s)
[9/81] cr-noaggr-D6-r1 D=6 actualD=6,015 ck=False/False ls=40 idb=True cache=True tabs=[] ss=[] pref= exit=Crashed err= (31,9s)
[10/81] cr-noaggr-D0.5-r3 D=0,5 actualD=0,506 ck=False/False ls=0 idb=True cache=True tabs=[] ss=[] pref= exit=Crashed err= (27,1s)
[11/81] cr-noclose-noaggr-D0.2-r2 D=0,2 actualD=0,222 ck=False/False ls=0 idb=True cache=True tabs=[] ss=[] pref= exit=Crashed err= (28,6s)
[12/81] cr-hide-D1.5-r2 D=1,5 actualD=1,517 ck=False/False ls=40 idb=True cache=True tabs=[] ss=[] pref= exit=Crashed err= (30,5s)
[13/81] cr-cdpflush-D0.25-r2 D=0,25 actualD=0,256 ck=True/True ls=0 idb=True cache=True tabs=[] ss=[] pref= exit=Crashed err= (30,3s)
[14/81] cr-hide-D2.5-r1 D=2,5 actualD=2,52 ck=False/False ls=40 idb=True cache=True tabs=[1,2] ss=[1,2] pref= exit=Crashed err= (21,8s)
[15/81] cr-patch-D3.5-r1 D=3,5 actualD=3,513 ck=False/False ls=40 idb=True cache=True tabs=[1,2] ss=[1,2] pref= exit=Crashed err= (22,2s)
[16/81] cr-cdpflush-D0.1-r2 D=0,1 actualD=0,112 ck=True/True ls=0 idb=True cache=True tabs=[] ss=[] pref= exit=Crashed err= (25,7s)
[17/81] cr-base-D0.5-r2 D=0,5 actualD=0,507 ck=False/False ls=0 idb=True cache=True tabs=[] ss=[] pref= exit=Crashed err= (26,1s)
[18/81] cr-base-D11-r3 D=11 actualD=11,015 ck=False/False ls=40 idb=True cache=True tabs=[] ss=[] pref=True exit=Crashed err= (36,5s)
[19/81] cr-noaggr-D0.5-r1 D=0,5 actualD=0,505 ck=False/False ls=0 idb=True cache=True tabs=[] ss=[] pref= exit=Crashed err= (26,4s)
[20/81] cr-cdpflush-D0-r3 D=0 actualD=0,007 ck=True/True ls=0 idb=True cache=True tabs=[] ss=[] pref= exit=Crashed err= (25,5s)
[21/81] cr-hide-D1-r2 D=1 actualD=1,018 ck=False/False ls=40 idb=True cache=True tabs=[] ss=[] pref= exit=Crashed err= (26,2s)
[22/81] cr-base-D3-r2 D=3 actualD=3,017 ck=False/False ls=40 idb=True cache=True tabs=[] ss=[] pref= exit=Crashed err= (29,1s)
[23/81] cr-noaggr-D0.5-r2 D=0,5 actualD=0,506 ck=False/False ls=0 idb=True cache=True tabs=[] ss=[] pref= exit=Crashed err= (26,6s)
[24/81] cr-cdpflush-D0.5-r3 D=0,5 actualD=0,513 ck=True/True ls=0 idb=True cache=True tabs=[] ss=[] pref= exit=Crashed err= (27,7s)
[25/81] cr-noaggr-D3-r1 D=3 actualD=3,005 ck=False/False ls=0 idb=True cache=True tabs=[] ss=[] pref= exit=Crashed err= (29,7s)
[26/81] cr-patch-D3.5-r2 D=3,5 actualD=3,509 ck=False/False ls=40 idb=True cache=True tabs=[1,2] ss=[1,2] pref= exit=Crashed err= (23,3s)
[27/81] cr-base-D1.5-r2 D=1,5 actualD=1,513 ck=False/False ls=40 idb=True cache=True tabs=[] ss=[] pref= exit=Crashed err= (29,4s)
[28/81] cr-cdpflush-D0.25-r3 D=0,25 actualD=0,258 ck=True/True ls=0 idb=True cache=True tabs=[] ss=[] pref= exit=Crashed err= (26,4s)
[29/81] cr-cdpsetdel-D0-r1 D=0 actualD=0,015 ck=True/True ls=0 idb=True cache=True tabs=[] ss=[] pref= exit=Crashed err= (26,7s)
[30/81] cr-base-D6-r2 D=6 actualD=6,009 ck=False/False ls=40 idb=True cache=True tabs=[] ss=[] pref= exit=Crashed err= (33,1s)
[31/81] cr-hide-D2.5-r2 D=2,5 actualD=2,507 ck=False/False ls=40 idb=True cache=True tabs=[1,2] ss=[1,2] pref= exit=Crashed err= (22,1s)
[32/81] cr-base-D3-r3 D=3 actualD=3,02 ck=False/False ls=40 idb=True cache=True tabs=[] ss=[] pref= exit=Crashed err= (28,9s)
[33/81] cr-cdpsetdel-D0.25-r1 D=0,25 actualD=0,259 ck=True/True ls=0 idb=True cache=True tabs=[] ss=[] pref= exit=Crashed err= (26s)
[34/81] cr-noaggr-D1.5-r3 D=1,5 actualD=1,523 ck=False/False ls=0 idb=True cache=True tabs=[] ss=[] pref= exit=Crashed err= (28,6s)
[35/81] cr-patch-D1.5-r1 D=1,5 actualD=1,514 ck=False/False ls=40 idb=True cache=True tabs=[] ss=[] pref= exit=Crashed err= (28s)
[36/81] cr-pageclose-noaggr-D0.2-r2 D=0,2 actualD=0,215 ck=False/False ls=40 idb=True cache=True tabs=[] ss=[] pref= exit=Crashed err= (28,3s)
[37/81] cr-hide-D2-r1 D=2 actualD=2,009 ck=False/False ls=40 idb=True cache=True tabs=[1,2] ss=[1,2] pref= exit=Crashed err= (21,5s)
[38/81] cr-base-D1.5-r3 D=1,5 actualD=1,509 ck=False/False ls=40 idb=True cache=True tabs=[] ss=[] pref= exit=Crashed err= (28,2s)
[39/81] cr-base-D9-r1 D=9 actualD=9,009 ck=False/False ls=40 idb=True cache=True tabs=[] ss=[] pref= exit=Crashed err= (34,8s)
[40/81] cr-cdpflush-D0-r2 D=0 actualD=0,007 ck=True/True ls=0 idb=True cache=True tabs=[] ss=[] pref= exit=Crashed err= (26,3s)
[41/81] cr-base-D31-r3 D=31 actualD=31,004 ck=True/True ls=40 idb=True cache=True tabs=[] ss=[] pref=True exit=Crashed err= (56,6s)
[42/81] cr-noaggr-D1.5-r2 D=1,5 actualD=1,511 ck=False/False ls=0 idb=True cache=True tabs=[] ss=[] pref= exit=Crashed err= (27,2s)
[43/81] cr-base-D29-r3 D=29 actualD=29,006 ck=False/False ls=40 idb=True cache=True tabs=[] ss=[] pref=True exit=Crashed err= (54,7s)
[44/81] cr-hide-D2.5-r3 D=2,5 actualD=2,508 ck=False/False ls=40 idb=True cache=True tabs=[1,2] ss=[1,2] pref= exit=Crashed err= (21,6s)
[45/81] cr-cdpsetdel-D0-r2 D=0 actualD=0,007 ck=True/True ls=0 idb=True cache=True tabs=[] ss=[] pref= exit=Crashed err= (26,2s)
[46/81] cr-base-D6-r3 D=6 actualD=6,018 ck=False/False ls=40 idb=True cache=True tabs=[] ss=[] pref= exit=Crashed err= (58,2s)
[47/81] cr-pageclose-noaggr-D0.2-r1 D=0,2 actualD=0,215 ck=False/False ls=40 idb=True cache=True tabs=[] ss=[] pref= exit=Crashed err= (33,4s)
[48/81] cr-cdpsetdel-D0.25-r2 D=0,25 actualD=0,256 ck=True/True ls=0 idb=True cache=True tabs=[] ss=[] pref= exit=Crashed err= (26,6s)
[49/81] cr-hide-D3.5-r3 D=3,5 actualD=3,505 ck=False/False ls=40 idb=True cache=True tabs=[1,2] ss=[1,2] pref= exit=Crashed err= (22,5s)
[50/81] cr-hide-D1.5-r3 D=1,5 actualD=1,506 ck=False/False ls=40 idb=True cache=True tabs=[] ss=[] pref= exit=Crashed err= (29,3s)
[51/81] cr-base-D31-r1 D=31 actualD=31,012 ck=True/True ls=40 idb=True cache=True tabs=[] ss=[] pref=True exit=Crashed err= (62,7s)
[52/81] cr-base-D29-r2 D=29 actualD=29,008 ck=False/False ls=40 idb=True cache=True tabs=[] ss=[] pref=True exit=Crashed err= (54,5s)
[53/81] cr-cdpflush-D0-r1 D=0 actualD=0,008 ck=True/True ls=0 idb=True cache=True tabs=[] ss=[] pref= exit=Crashed err= (25,1s)
[54/81] cr-base-D6-r1 D=6 actualD=6,018 ck=False/False ls=40 idb=True cache=True tabs=[] ss=[] pref= exit=Crashed err= (35,3s)
[55/81] cr-noaggr-D3-r2 D=3 actualD=3,005 ck=False/False ls=0 idb=True cache=True tabs=[] ss=[] pref= exit=Crashed err= (28,2s)
[56/81] cr-patch-D1.5-r3 D=1,5 actualD=1,505 ck=False/False ls=40 idb=True cache=True tabs=[] ss=[] pref= exit=Crashed err= (26,7s)
[57/81] cr-noaggr-D6-r3 D=6 actualD=6,005 ck=False/False ls=40 idb=True cache=True tabs=[] ss=[] pref= exit=Crashed err= (31,6s)
[58/81] cr-base-D9-r3 D=9 actualD=9,005 ck=False/False ls=40 idb=True cache=True tabs=[] ss=[] pref= exit=Crashed err= (34,7s)
[59/81] cr-pageclose-noaggr-D0.2-r3 D=0,2 actualD=0,212 ck=False/False ls=40 idb=True cache=True tabs=[] ss=[] pref= exit=Crashed err= (25s)
[60/81] cr-noclose-noaggr-D0.2-r3 D=0,2 actualD=0,215 ck=False/False ls=0 idb=True cache=True tabs=[] ss=[] pref= exit=Crashed err= (25,1s)
[61/81] cr-noaggr-D3-r3 D=3 actualD=3,005 ck=False/False ls=0 idb=True cache=True tabs=[] ss=[] pref= exit=Crashed err= (28,2s)
[62/81] cr-hide-D1.5-r1 D=1,5 actualD=1,507 ck=False/False ls=40 idb=True cache=True tabs=[1,2] ss=[1,2] pref= exit=Crashed err= (22,5s)
[63/81] cr-patch-D1.5-r2 D=1,5 actualD=1,52 ck=False/False ls=40 idb=True cache=True tabs=[] ss=[] pref= exit=Crashed err= (29,2s)
[64/81] cr-base-D11-r2 D=11 actualD=11,023 ck=False/False ls=40 idb=True cache=True tabs=[] ss=[] pref=True exit=Crashed err= (47s)
[65/81] cr-base-D11-r1 D=11 actualD=11,005 ck=False/False ls=40 idb=True cache=True tabs=[] ss=[] pref=True exit=Crashed err= (36,6s)
[66/81] cr-hide-D3.5-r1 D=3,5 actualD=3,506 ck=False/False ls=40 idb=True cache=True tabs=[1,2] ss=[1,2] pref= exit=Crashed err= (23,8s)
[67/81] cr-cdpflush-D0.1-r1 D=0,1 actualD=0,106 ck=True/True ls=0 idb=True cache=True tabs=[] ss=[] pref= exit=Crashed err= (29,3s)
[68/81] cr-base-D0.5-r3 D=0,5 actualD=0,506 ck=False/False ls=0 idb=True cache=True tabs=[] ss=[] pref= exit=Crashed err= (35,1s)
[69/81] cr-base-D3-r1 D=3 actualD=3,008 ck=False/False ls=40 idb=True cache=True tabs=[] ss=[] pref= exit=Crashed err= (31,3s)
[70/81] cr-hide-D1-r3 D=1 actualD=1,007 ck=False/False ls=40 idb=True cache=True tabs=[] ss=[] pref= exit=Crashed err= (27,7s)
[71/81] cr-cdpflush-D0.5-r1 D=0,5 actualD=0,509 ck=True/True ls=0 idb=True cache=True tabs=[] ss=[] pref= exit=Crashed err= (29s)
[72/81] cr-hide-D3.5-r2 D=3,5 actualD=3,509 ck=False/False ls=40 idb=True cache=True tabs=[1,2] ss=[1,2] pref= exit=Crashed err= (23,3s)
[73/81] cr-base-D9-r2 D=9 actualD=9,007 ck=False/False ls=40 idb=True cache=True tabs=[] ss=[] pref= exit=Crashed err= (34,7s)
[74/81] cr-cdpflush-D0.5-r2 D=0,5 actualD=0,505 ck=True/True ls=0 idb=True cache=True tabs=[] ss=[] pref= exit=Crashed err= (27,5s)
[75/81] cr-hide-D1-r1 D=1 actualD=1,005 ck=False/False ls=40 idb=True cache=True tabs=[] ss=[] pref= exit=Crashed err= (27,5s)
[76/81] cr-cdpflush-D0.25-r1 D=0,25 actualD=0,262 ck=True/True ls=0 idb=True cache=True tabs=[] ss=[] pref= exit=Crashed err= (26,4s)
[77/81] cr-base-D29-r1 D=29 actualD=29,014 ck=False/False ls=40 idb=True cache=True tabs=[] ss=[] pref=True exit=Crashed err= (54,8s)
[78/81] cr-hide-D2-r2 D=2 actualD=2,015 ck=False/False ls=40 idb=True cache=True tabs=[] ss=[] pref= exit=Crashed err= (27,3s)
[79/81] cr-base-D0.5-r1 D=0,5 actualD=0,527 ck=False/False ls=0 idb=True cache=True tabs=[] ss=[] pref= exit=Crashed err= (26,4s)
[80/81] cr-noclose-noaggr-D0.2-r1 D=0,2 actualD=0,205 ck=False/False ls=0 idb=True cache=True tabs=[] ss=[] pref= exit=Crashed err= (26,7s)
[81/81] cr-base-D1.5-r1 D=1,5 actualD=1,507 ck=False/False ls=40 idb=True cache=True tabs=[] ss=[] pref= exit=Crashed err= (27,1s)
server exited: True
