server: {"listening":47911,"pid":98784}
[1/18] form-fx-ss1000-r3 D= actualD= writeBytes=805745001 writeOps=707371 lagP99=76 ls= err= (74,9s)
[2/18] form-fx-ss0-r3 D= actualD= writeBytes=725375385 writeOps=646808 lagP99=45 ls= err= (75,9s)
[3/18] fx-base-D22-r1 D=22 actualD=22,022 ck=True/True ls=40 idb=True cache=True tabs=[1] ss=[1] pref= exit= err= (64,6s)
[4/18] form-fx-ss0-r2 D= actualD= writeBytes=833241835 writeOps=746185 lagP99=6 ls= err= (76,6s)
[5/18] form-fx-ss1000-r1 D= actualD= writeBytes=872595891 writeOps=787636 lagP99=9 ls= err= (75,6s)
[6/18] form-fx-ss1000-r2 D= actualD= writeBytes=868686636 writeOps=758740 lagP99=10 ls= err= (75,6s)
[7/18] form-fx-base-r3 D= actualD= writeBytes=875313963 writeOps=770062 lagP99=9 ls= err= (75,7s)
[8/18] form-fx-ss0-r1 D= actualD= writeBytes=466654817 writeOps=410060 lagP99=109 ls= err= (79s)
[9/18] fx-ss0-D1-r2 D=1 actualD=1,187 ck=True/True ls=0 idb=True cache=True tabs=[1] ss=[1] pref= exit= err= (38,5s)
[10/18] fx-base-D22-r3 D=22 actualD=22,007 ck=True/True ls=40 idb=True cache=True tabs=[1,2] ss=[1,2] pref= exit= err= (54,2s)
[11/18] form-fx-base-r2 D= actualD= writeBytes=638377188 writeOps=553097 lagP99=55 ls= err= (76s)
[12/18] fx-idle1s-default-D20-r4 D=20 actualD=20,013 ck=True/True ls=40 idb=True cache=True tabs=[1,2] ss=[1,2] pref= exit= err= (53,1s)
[13/18] fx-ss0-D1-r3 D=1 actualD=1,014 ck=True/True ls=0 idb=True cache=True tabs=[] ss=[] pref= exit= err= (24,6s)
[14/18] fx-idle1s-default-D20-r5 D=20 actualD=20,014 ck=True/True ls=40 idb=True cache=True tabs=[1] ss=[1] pref= exit= err= (60,9s)
[15/18] fx-ss0-D1-r1 D=1 actualD=1,031 ck=True/True ls=0 idb=True cache=True tabs=[1] ss=[1] pref= exit= err= (51,9s)
[16/18] form-fx-base-r1 D= actualD= writeBytes=602516193 writeOps=489477 lagP99=12 ls= err= (79,6s)
[17/18] fx-base-D22-r2 D=22 actualD=22,369 ck=True/True ls=40 idb=True cache=True tabs=[1] ss=[1] pref= exit= err= (67,1s)
[18/18] fx-idle1s-default-D20-r6 D=20 actualD=20,015 ck=True/True ls=40 idb=True cache=True tabs=[1,2] ss=[1,2] pref= exit= err= (51,3s)
server exited: True
