server: {"listening":47911,"pid":99276}
[1/21] work-cr-base-r3 D= actualD= writeBytes=3326984 writeOps=5945 lagP99=13,699999999254942 ls=600 err= (73,4s)
[2/21] work-cr-cdpflush1s-r1 D= actualD= writeBytes=5244516 writeOps=7272 lagP99=13,5 ls=600 err= (73,5s)
[3/21] work-fx-ss1000-r3 D= actualD= writeBytes=18068681 writeOps=4569 lagP99=2 ls=592 err= (74,9s)
[4/21] work-fx-base-r2 D= actualD= writeBytes=17713455 writeOps=4521 lagP99=19 ls=575 err= (74,9s)
[5/21] work-fx-base-r1 D= actualD= writeBytes=17962252 writeOps=4582 lagP99=2 ls=580 err= (74,7s)
[6/21] work-cr-noaggr-r3 D= actualD= writeBytes=2666518 writeOps=5273 lagP99=14,699999999254942 ls=600 err= (73,2s)
[7/21] work-cr-cdpflush1s-r3 D= actualD= writeBytes=4766371 writeOps=7076 lagP99=13,199999999254942 ls=600 err= (73,4s)
[8/21] work-fx-ss1000-r2 D= actualD= writeBytes=18110286 writeOps=4600 lagP99=2 ls=593 err= (74,7s)
[9/21] work-cr-noaggr-r2 D= actualD= writeBytes=3178497 writeOps=5503 lagP99=14,199999999254942 ls=600 err= (73,2s)
[10/21] work-cr-base-r2 D= actualD= writeBytes=3854485 writeOps=6131 lagP99=14,200000001117587 ls=600 err= (73,2s)
[11/21] work-cr-base-r1 D= actualD= writeBytes=3368570 writeOps=5941 lagP99=13,800000000745058 ls=600 err= (73,2s)
[12/21] work-cr-noaggr-r1 D= actualD= writeBytes=3150748 writeOps=5483 lagP99=14 ls=600 err= (73,3s)
[13/21] work-cr-cdpflush1s-r2 D= actualD= writeBytes=5289572 writeOps=7297 lagP99=13,400000000372529 ls=600 err= (73,7s)
[14/21] work-fx-base-r3 D= actualD= writeBytes=18094270 writeOps=4575 lagP99=2 ls=592 err= (75,3s)
[15/21] work-fx-ss1000-r1 D= actualD= writeBytes=17997369 writeOps=4606 lagP99=25 ls=586 err= (74,8s)
[16/21] work-fx-active15-r1 D= actualD= writeBytes=17944209 writeOps=4527 lagP99=2 ls=580 err= (74,7s)
[17/21] work-fx-active15-r2 D= actualD= writeBytes=17931343 writeOps=4526 lagP99=3 ls=580 err= (74,7s)
[18/21] work-fx-active15-r3 D= actualD= writeBytes=17955276 writeOps=4537 lagP99=2 ls=580 err= (74,8s)
[19/21] work-fx-ss0-r1 D= actualD= writeBytes=18004829 writeOps=4577 lagP99=2 ls=592 err= (75,2s)
[20/21] work-fx-ss0-r2 D= actualD= writeBytes=18091788 writeOps=4572 lagP99=2 ls=592 err= (75s)
[21/21] work-fx-ss0-r3 D= actualD= writeBytes=18003477 writeOps=4597 lagP99=2 ls=593 err= (74,8s)
server exited: True
