[69240:15592:1003/151807.541:VERBOSE1:components\policy\core\common\policy_service_impl.cc:632] Taking initial snapshot of POLICY_DOMAIN_CHROME policies
[69240:15592:1003/151807.543:VERBOSE1:components\variations\service\variations_field_trial_creator.cc:612] Applying FieldTrialTestingConfig
[69240:15592:1003/151807.544:VERBOSE1:components\variations\service\variations_field_trial_creator.cc:407] VariationsSetupComplete
[69240:15592:1003/151807.555:VERBOSE1:base\allocator\scheduler_loop_quarantine_config.cc:199] No entry found for browser/global.
[69240:15592:1003/151807.555:VERBOSE1:base\allocator\scheduler_loop_quarantine_config.cc:199] No entry found for browser/*.
[69240:15592:1003/151807.587:VERBOSE1:chrome\browser\media\webrtc\webrtc_event_log_manager.cc:126] WebRTC remote-bound event logging enabled.
[69240:15592:1003/151807.593:VERBOSE1:components\proxy_config\pref_proxy_config_tracker_impl.cc:510] 0x3884000bc780: set chrome proxy config service to 0x3884001ad0e0
[69240:15592:1003/151807.593:VERBOSE1:components\device_event_log\device_event_log_impl.cc:214] [15:18:07.594] Display: EVENT: screen_win.cc:1102 Displays updated, count: 1
[69240:15592:1003/151807.593:VERBOSE1:components\device_event_log\device_event_log_impl.cc:214] [15:18:07.594] Display: EVENT: screen_win.cc:1104 Display[2300000000] bounds=[0,0 800x600], workarea=[0,0 800x600], scale=1, rotation=0, panel_rotation=0 external detected
[69240:22728:1003/151807.605:VERBOSE1:components\component_updater\component_installer.cc:514] StartRegistration for Optimization Guide On DeviceModels Manifest
[69240:15592:1003/151807.605:VERBOSE1:components\enterprise\browser\controller\chrome_browser_cloud_management_controller.cc:206] Cloud management controller initialization aborted as CBCM is not enabled. Please use the `--enable-chrome-browser-cloud-management` command line flag to enable it if you are not using the official Google Chrome build.
[69240:15592:1003/151807.605:VERBOSE1:chrome\installer\util\install_util.cc:221] No existing Chrome install found.
[69240:15592:1003/151807.607:VERBOSE1:chrome\browser\enterprise\platform_auth\platform_auth_policy_observer.cc:108] PlatformAuthProviderManager enabled: 0
[69240:40696:1003/151807.607:ERROR:sandbox\policy\win\sandbox_win.cc:804] Sandbox cannot access executable %USERPROFILE%\AppData\Local\BrowserAI\browsers\chromium-1247\chrome-win64\chrome.exe. Check filesystem permissions are valid. See https://bit.ly/31yqMJR.: Access is denied. (0x5)
[69240:15592:1003/151807.612:VERBOSE1:components\policy\core\common\cloud\user_cloud_policy_store.cc:146] [policy_type=google/chrome/user] Initiating immediate policy load from disk
[69240:15592:1003/151807.613:VERBOSE1:components\policy\core\common\cloud\user_cloud_policy_store.cc:249] [policy_type=google/chrome/user] No policy found on disk
[69240:15592:1003/151807.613:VERBOSE1:components\policy\core\common\cloud\user_cloud_policy_store.cc:146] [policy_type=google/extension-install-cloud-policy/chrome/user] Initiating immediate policy load from disk
[69240:15592:1003/151807.613:VERBOSE1:components\policy\core\common\cloud\user_cloud_policy_store.cc:249] [policy_type=google/extension-install-cloud-policy/chrome/user] No policy found on disk
[69240:15592:1003/151807.613:VERBOSE1:components\policy\core\common\policy_service_impl.cc:632] Taking initial snapshot of POLICY_DOMAIN_CHROME policies
[69240:15592:1003/151807.623:VERBOSE1:components\signin\internal\identity_manager\mutable_profile_oauth2_token_service_delegate.cc:355] MutablePO2TS::MutablePO2TS
[69240:15592:1003/151807.623:VERBOSE1:components\proxy_config\pref_proxy_config_tracker_impl.cc:510] 0x3884000be1c0: set chrome proxy config service to 0x3884001b1280
[69240:15592:1003/151807.632:VERBOSE1:chrome\browser\permissions\prediction_service\prediction_model_handler_provider_factory.cc:62] [PermissionsAI]: PredictionModelHandlerProviderFactory::BuildServiceInstanceForBrowserContext
[69240:15592:1003/151807.632:VERBOSE1:chrome\browser\permissions\prediction_service\prediction_model_handler_provider_factory.cc:90] [PermissionsAI]: PassageEmbeddingsServiceController available, passage_embedder setup.true
[69240:15592:1003/151807.632:VERBOSE1:chrome\browser\permissions\prediction_service\prediction_model_handler_provider.cc:55] [PermissionsAI] PredictionModelHandlerProvider ctor passage_embedder available: true
[69240:15592:1003/151807.633:VERBOSE1:chrome\browser\permissions\prediction_service\prediction_model_handler_provider.cc:58] [PermissionsAI] PredictionModelHandlerProvider ctor optimization_guide available: true
[69240:15592:1003/151807.633:VERBOSE1:chrome\browser\permissions\prediction_service\prediction_model_handler_provider.cc:100] [PermissionsAI] PredictionModelHandlerProvider init AIv4
[69240:15592:1003/151807.633:VERBOSE1:components\signin\internal\identity_manager\mutable_profile_oauth2_token_service_delegate.cc:461] MutablePO2TS::RefreshTokenIsAvailable
[69240:15592:1003/151807.633:VERBOSE1:components\proxy_config\pref_proxy_config_tracker_impl.cc:510] 0x3884000bf480: set chrome proxy config service to 0x3884001b3f80
[69240:15592:1003/151807.634:VERBOSE1:components\signin\internal\identity_manager\mutable_profile_oauth2_token_service_delegate.cc:461] MutablePO2TS::RefreshTokenIsAvailable
[69240:15592:1003/151807.636:VERBOSE1:components\signin\internal\identity_manager\mutable_profile_oauth2_token_service_delegate.cc:461] MutablePO2TS::RefreshTokenIsAvailable
[69240:15592:1003/151807.636:VERBOSE1:components\actor\core\aggregated_journal.cc:145] [ActorTool]: GlicActorPolicyChecker::ComputeActOnWebCapability: outcome=kNo reasons=kAccountCapabilityIneligible 
[69240:15592:1003/151807.636:VERBOSE1:components\signin\internal\identity_manager\mutable_profile_oauth2_token_service_delegate.cc:461] MutablePO2TS::RefreshTokenIsAvailable
[69240:15592:1003/151807.636:VERBOSE1:components\actor\core\aggregated_journal.cc:145] [ActorTool]: GlicActorPolicyChecker::ComputeActOnWebCapability: outcome=kNo reasons=kAccountCapabilityIneligible 
[69240:15592:1003/151807.636:VERBOSE1:components\signin\internal\identity_manager\mutable_profile_oauth2_token_service_delegate.cc:461] MutablePO2TS::RefreshTokenIsAvailable
[69240:15592:1003/151807.636:VERBOSE1:components\signin\internal\identity_manager\mutable_profile_oauth2_token_service_delegate.cc:461] MutablePO2TS::RefreshTokenIsAvailable
[69240:15592:1003/151807.636:VERBOSE1:components\signin\internal\identity_manager\mutable_profile_oauth2_token_service_delegate.cc:461] MutablePO2TS::RefreshTokenIsAvailable
[69240:15592:1003/151807.636:VERBOSE1:components\signin\internal\identity_manager\mutable_profile_oauth2_token_service_delegate.cc:461] MutablePO2TS::RefreshTokenIsAvailable
[69240:15592:1003/151807.636:VERBOSE1:components\signin\internal\identity_manager\mutable_profile_oauth2_token_service_delegate.cc:461] MutablePO2TS::RefreshTokenIsAvailable
[69240:15592:1003/151807.636:VERBOSE1:components\signin\internal\identity_manager\mutable_profile_oauth2_token_service_delegate.cc:461] MutablePO2TS::RefreshTokenIsAvailable
[69240:15592:1003/151807.636:VERBOSE1:components\signin\internal\identity_manager\mutable_profile_oauth2_token_service_delegate.cc:461] MutablePO2TS::RefreshTokenIsAvailable
[69240:15592:1003/151807.636:VERBOSE1:components\signin\internal\identity_manager\mutable_profile_oauth2_token_service_delegate.cc:461] MutablePO2TS::RefreshTokenIsAvailable
[69240:15592:1003/151807.636:VERBOSE1:components\signin\internal\identity_manager\mutable_profile_oauth2_token_service_delegate.cc:461] MutablePO2TS::RefreshTokenIsAvailable
[69240:15592:1003/151807.637:VERBOSE1:google_apis\gaia\gaia_auth_util.cc:53] Canonicalized @gmail.com to @gmail.com
[69240:15592:1003/151807.637:VERBOSE1:google_apis\gaia\gaia_auth_util.cc:53] Canonicalized @gmail.com to @gmail.com
[69240:15592:1003/151807.637:VERBOSE1:components\signin\core\browser\account_reconcilor.cc:145] AccountReconcilor::AccountReconcilor
[69240:15592:1003/151807.637:VERBOSE1:components\signin\core\browser\account_reconcilor.cc:168] AccountReconcilor::Initialize
[69240:15592:1003/151807.637:VERBOSE1:components\signin\core\browser\account_reconcilor.cc:221] AccountReconcilor::RegisterWithContentSettings
[69240:15592:1003/151807.637:VERBOSE1:components\signin\core\browser\account_reconcilor.cc:244] AccountReconcilor::RegisterWithIdentityManager
[69240:15592:1003/151807.637:VERBOSE1:components\signin\internal\identity_manager\mutable_profile_oauth2_token_service_delegate.cc:461] MutablePO2TS::RefreshTokenIsAvailable
[69240:15592:1003/151807.639:VERBOSE1:components\signin\internal\identity_manager\mutable_profile_oauth2_token_service_delegate.cc:461] MutablePO2TS::RefreshTokenIsAvailable
[69240:15592:1003/151807.639:VERBOSE1:components\signin\internal\identity_manager\mutable_profile_oauth2_token_service_delegate.cc:461] MutablePO2TS::RefreshTokenIsAvailable
[69240:15592:1003/151807.644:VERBOSE1:extensions\browser\extension_registrar.cc:584] AddComponentExtension Chromium PDF Viewer
[69240:15592:1003/151807.647:VERBOSE1:extensions\browser\extension_registrar.cc:586] Component extension Chromium PDF Viewer (mhjfbmdgcfjbbpaeojofohoefgiehjai) installing/upgrading from '' to 1
[69240:15592:1003/151807.647:VERBOSE1:extensions\browser\extension_registrar.cc:584] AddComponentExtension Google Hangouts
[69240:15592:1003/151807.647:VERBOSE1:extensions\browser\extension_registrar.cc:586] Component extension Google Hangouts (nkeimhogjdpnpccoofpliimaahmaaome) installing/upgrading from '' to 1.4.5
[69240:15592:1003/151807.647:VERBOSE1:extensions\browser\extension_registrar.cc:584] AddComponentExtension Contextual Tasks
[69240:15592:1003/151807.647:VERBOSE1:extensions\browser\extension_registrar.cc:586] Component extension Contextual Tasks (glbjnfimcajjenihimblfaponejbkoph) installing/upgrading from '' to 1.0
[69240:15592:1003/151807.648:VERBOSE1:components\signin\internal\identity_manager\mutable_profile_oauth2_token_service_delegate.cc:461] MutablePO2TS::RefreshTokenIsAvailable
[69240:29972:1003/151807.648:ERROR:chrome\browser\extensions\external_registry_loader_win.cc:147] Missing value path for key Software\Google\Chrome\Extensions\dngcpimnedloihjnnfngkgjoidhnaolf.
[69240:29972:1003/151807.648:ERROR:chrome\browser\extensions\external_registry_loader_win.cc:147] Missing value path for key Software\Google\Chrome\Extensions\fcoeoabgfenejglbffodgkkbkcdhcgfn.
[69240:15592:1003/151807.648:VERBOSE1:components\signin\internal\identity_manager\mutable_profile_oauth2_token_service_delegate.cc:461] MutablePO2TS::RefreshTokenIsAvailable
[69240:15592:1003/151807.648:VERBOSE1:components\signin\internal\identity_manager\mutable_profile_oauth2_token_service_delegate.cc:461] MutablePO2TS::RefreshTokenIsAvailable
[69240:15592:1003/151807.648:VERBOSE1:components\component_updater\installer_policies\on_device_head_suggest_component_installer.cc:59] On Device Head Component will fetch model for locale: ENGB500000
[69240:15592:1003/151807.648:VERBOSE1:chrome\browser\component_updater\trust_token_key_commitments_component_installer.cc:22] Registering Trust Token Key Commitments component.
[69240:13456:1003/151807.648:VERBOSE1:components\component_updater\component_installer.cc:514] StartRegistration for Widevine Content Decryption Module
[69240:15592:1003/151807.648:VERBOSE1:chrome\browser\component_updater\first_party_sets_component_installer.cc:40] Registering Related Website Sets component.
[69240:15592:1003/151807.650:VERBOSE1:chrome\browser\component_updater\privacy_sandbox_attestations_component_installer.cc:181] Registering Privacy Sandbox Attestations component
[69240:67940:1003/151807.650:VERBOSE1:components\component_updater\component_installer.cc:514] StartRegistration for Related Website Sets
[69240:15592:1003/151807.650:VERBOSE1:components\component_updater\installer_policies\actor_safety_lists_component_installer.cc:140] Registering Actor Safety Lists Component.
[69240:12784:1003/151807.650:VERBOSE1:components\component_updater\component_installer.cc:514] StartRegistration for Privacy Sandbox Attestations
[69240:15592:1003/151807.650:VERBOSE1:chrome\browser\component_updater\indigo_component_installer.cc:131] Registering Indigo component.
[69240:15592:1003/151807.650:VERBOSE1:chrome\browser\component_updater\file_type_policies_component_installer.cc:126] Registering File Type Policies component.
[69240:15592:1003/151807.650:VERBOSE1:chrome\browser\component_updater\hyphenation_component_installer.cc:153] Registering Hyphenation component.
[69240:15592:1003/151807.650:VERBOSE1:chrome\browser\component_updater\dictation_connector_component_installer.cc:185] Registering Dictation Connector component.
[69240:15592:1003/151807.650:VERBOSE1:chrome\browser\component_updater\translate_kit_component_installer.cc:211] Registering TranslateKit component.
[69240:15592:1003/151807.650:VERBOSE1:chrome\browser\component_updater\wasm_tts_engine_component_installer.cc:306] Registering WASM TTS Engine component.
[69240:15592:1003/151807.650:VERBOSE1:chrome\browser\component_updater\captcha_provider_component_installer.cc:174] Registering Captcha Provider component.
[69240:15592:1003/151807.650:VERBOSE1:chrome\browser\component_updater\aim_eligibility_component_installer.cc:177] Uninstalling AIM Eligibility component.
[69240:15592:1003/151807.650:VERBOSE1:chrome\browser\profiles\profile_manager.cc:1400] AddKeepAlive(Default, kBrowserWindow). keep_alives=[kWaitingForFirstBrowserWindow (1), kBrowserWindow (1)]
[69240:15592:1003/151807.650:VERBOSE1:chrome\browser\profiles\profile_manager.cc:1482] ClearFirstBrowserWindowKeepAlive(Default). keep_alives=[kBrowserWindow (1)]
[69240:17528:1003/151807.650:VERBOSE1:components\component_updater\component_installer.cc:514] StartRegistration for Subresource Filter Rules
[69240:15592:1003/151807.651:VERBOSE1:components\signin\internal\identity_manager\mutable_profile_oauth2_token_service_delegate.cc:461] MutablePO2TS::RefreshTokenIsAvailable
[69240:15592:1003/151807.651:VERBOSE1:components\signin\internal\identity_manager\mutable_profile_oauth2_token_service_delegate.cc:461] MutablePO2TS::RefreshTokenIsAvailable
[69240:13456:1003/151807.651:VERBOSE1:components\component_updater\component_installer.cc:514] StartRegistration for OnDeviceHeadSuggest
[69240:12784:1003/151807.651:VERBOSE1:components\component_updater\component_installer.cc:514] StartRegistration for Optimization Hints
[69240:15592:1003/151807.653:VERBOSE1:components\signin\internal\identity_manager\mutable_profile_oauth2_token_service_delegate.cc:461] MutablePO2TS::RefreshTokenIsAvailable
[69240:15592:1003/151807.653:VERBOSE1:components\signin\internal\identity_manager\mutable_profile_oauth2_token_service_delegate.cc:461] MutablePO2TS::RefreshTokenIsAvailable
[69240:15592:1003/151807.653:VERBOSE1:components\signin\internal\identity_manager\mutable_profile_oauth2_token_service_delegate.cc:461] MutablePO2TS::RefreshTokenIsAvailable
[69240:15592:1003/151807.653:VERBOSE1:components\signin\internal\identity_manager\mutable_profile_oauth2_token_service_delegate.cc:461] MutablePO2TS::RefreshTokenIsAvailable
[69240:15592:1003/151807.653:VERBOSE1:components\signin\internal\identity_manager\mutable_profile_oauth2_token_service_delegate.cc:461] MutablePO2TS::RefreshTokenIsAvailable
[69240:15592:1003/151807.653:VERBOSE1:components\signin\internal\identity_manager\mutable_profile_oauth2_token_service_delegate.cc:461] MutablePO2TS::RefreshTokenIsAvailable
[69240:15592:1003/151807.653:VERBOSE1:components\signin\internal\identity_manager\mutable_profile_oauth2_token_service_delegate.cc:461] MutablePO2TS::RefreshTokenIsAvailable
[69240:15592:1003/151807.653:VERBOSE1:components\signin\internal\identity_manager\mutable_profile_oauth2_token_service_delegate.cc:461] MutablePO2TS::RefreshTokenIsAvailable
[69240:15592:1003/151807.653:VERBOSE1:components\signin\internal\identity_manager\mutable_profile_oauth2_token_service_delegate.cc:461] MutablePO2TS::RefreshTokenIsAvailable
[69240:15592:1003/151807.653:VERBOSE1:components\signin\internal\identity_manager\mutable_profile_oauth2_token_service_delegate.cc:461] MutablePO2TS::RefreshTokenIsAvailable
[69240:15592:1003/151807.653:VERBOSE1:components\signin\internal\identity_manager\mutable_profile_oauth2_token_service_delegate.cc:461] MutablePO2TS::RefreshTokenIsAvailable
[69240:15592:1003/151807.653:VERBOSE1:components\signin\internal\identity_manager\mutable_profile_oauth2_token_service_delegate.cc:461] MutablePO2TS::RefreshTokenIsAvailable
[69240:12784:1003/151807.657:VERBOSE1:components\component_updater\component_installer.cc:514] StartRegistration for Trust Token Key Commitments
[69240:54036:1003/151807.660:VERBOSE1:components\component_updater\component_installer.cc:514] StartRegistration for Actor Safety Lists
[69240:15592:1003/151807.661:VERBOSE1:components\signin\internal\identity_manager\mutable_profile_oauth2_token_service_delegate.cc:461] MutablePO2TS::RefreshTokenIsAvailable
[69240:13456:1003/151807.661:VERBOSE1:components\component_updater\component_installer.cc:514] StartRegistration for History Search
[69240:15592:1003/151807.661:VERBOSE1:components\signin\internal\identity_manager\mutable_profile_oauth2_token_service_delegate.cc:461] MutablePO2TS::RefreshTokenIsAvailable
[69240:45004:1003/151807.661:VERBOSE1:components\component_updater\component_installer.cc:514] StartRegistration for Certificate Error Assistant
[69240:39800:1003/151807.661:VERBOSE1:components\component_updater\component_installer.cc:514] StartRegistration for Indigo
[69240:12784:1003/151807.661:VERBOSE1:components\component_updater\component_installer.cc:514] StartRegistration for File Type Policies
[69240:17528:1003/151807.661:VERBOSE1:components\component_updater\component_installer.cc:514] StartRegistration for CRLSet
[69240:54036:1003/151807.662:VERBOSE1:components\component_updater\component_installer.cc:514] StartRegistration for Origin Trials
[69240:13456:1003/151807.664:VERBOSE1:components\component_updater\component_installer.cc:514] StartRegistration for MEI Preload
[69240:45004:1003/151807.664:VERBOSE1:components\component_updater\component_installer.cc:514] StartRegistration for PKI Metadata
[69240:17528:1003/151807.664:VERBOSE1:components\component_updater\component_installer.cc:514] StartRegistration for Safety Tips
[69240:12784:1003/151807.664:VERBOSE1:components\component_updater\component_installer.cc:514] StartRegistration for Crowd Deny
[69240:54036:1003/151807.666:VERBOSE1:components\component_updater\component_installer.cc:514] StartRegistration for Hyphenation
[69240:39800:1003/151807.666:VERBOSE1:components\component_updater\component_installer.cc:514] StartRegistration for Dictation Connector
[69240:13456:1003/151807.666:VERBOSE1:components\component_updater\component_installer.cc:333] Preinstalled component found for MEI Preload at %USERPROFILE%\AppData\Local\BrowserAI\browsers\chromium-1247\chrome-win64\MEIPreload with version 1.0.7.1652906823.
[69240:54036:1003/151807.666:VERBOSE1:components\component_updater\component_installer.cc:333] Preinstalled component found for Hyphenation at %USERPROFILE%\AppData\Local\BrowserAI\browsers\chromium-1247\chrome-win64\hyphen-data with version 1.0.0.0.
[69240:29972:1003/151807.666:VERBOSE1:components\component_updater\component_installer.cc:514] StartRegistration for Zxcvbn Data Dictionaries
[69240:45004:1003/151807.667:VERBOSE1:components\component_updater\component_installer.cc:514] StartRegistration for Amount Extraction Heuristic Regexes
[69240:12784:1003/151807.672:VERBOSE1:components\component_updater\component_installer.cc:514] StartRegistration for WASM TTS Engine
[69240:39800:1003/151807.673:VERBOSE1:components\component_updater\component_installer.cc:514] StartRegistration for Captcha Providers
[69240:17528:1003/151807.673:VERBOSE1:components\component_updater\component_installer.cc:514] StartRegistration for SODA Library
[69240:65544:1003/151807.673:VERBOSE1:components\component_updater\component_installer.cc:514] StartRegistration for SODA en-US Models
[69240:23492:1003/151807.713:VERBOSE1:components\signin\public\webdata\token_service_table.cc:259] Loaded tokens: result = 3 ; number of tokens loaded = 0
[69240:15592:1003/151807.721:VERBOSE1:components\signin\internal\identity_manager\mutable_profile_oauth2_token_service_delegate.cc:461] MutablePO2TS::RefreshTokenIsAvailable
[69240:15592:1003/151807.728:VERBOSE1:components\signin\internal\identity_manager\mutable_profile_oauth2_token_service_delegate.cc:461] MutablePO2TS::RefreshTokenIsAvailable
[69240:15592:1003/151807.740:VERBOSE1:components\signin\internal\identity_manager\mutable_profile_oauth2_token_service_delegate.cc:461] MutablePO2TS::RefreshTokenIsAvailable
[69240:15592:1003/151807.740:VERBOSE1:components\signin\internal\identity_manager\mutable_profile_oauth2_token_service_delegate.cc:461] MutablePO2TS::RefreshTokenIsAvailable
[69240:15592:1003/151807.758:VERBOSE1:components\signin\internal\identity_manager\mutable_profile_oauth2_token_service_delegate.cc:461] MutablePO2TS::RefreshTokenIsAvailable
[69240:15592:1003/151807.758:VERBOSE1:components\signin\internal\identity_manager\mutable_profile_oauth2_token_service_delegate.cc:461] MutablePO2TS::RefreshTokenIsAvailable
[69240:15592:1003/151807.758:VERBOSE1:components\signin\internal\identity_manager\mutable_profile_oauth2_token_service_delegate.cc:461] MutablePO2TS::RefreshTokenIsAvailable
[69240:15592:1003/151807.758:VERBOSE1:components\signin\internal\identity_manager\mutable_profile_oauth2_token_service_delegate.cc:461] MutablePO2TS::RefreshTokenIsAvailable
[69240:15592:1003/151807.758:VERBOSE1:components\signin\internal\identity_manager\mutable_profile_oauth2_token_service_delegate.cc:461] MutablePO2TS::RefreshTokenIsAvailable
[69240:15592:1003/151807.758:VERBOSE1:components\signin\internal\identity_manager\mutable_profile_oauth2_token_service_delegate.cc:461] MutablePO2TS::RefreshTokenIsAvailable
[69240:15592:1003/151807.763:VERBOSE1:chrome\browser\enterprise\data_protection\data_protection_navigation_observer.cc:270] enterprise.data_protection: same document navigation: 0
[69240:15592:1003/151807.763:VERBOSE1:chrome\browser\enterprise\data_protection\data_protection_navigation_observer.cc:272] enterprise.data_protection: URL to scan: about:blank
[69240:15592:1003/151807.767:WARNING:ui\aura\window.cc:1509] StackChildLayerRelativeTo called with unmanaged layer(s). child=WebContentsViewAura child_managed=0 target=WebContentsViewAura target_managed=0
[69240:15592:1003/151807.767:WARNING:ui\aura\window.cc:1509] StackChildLayerRelativeTo called with unmanaged layer(s). child=WebContentsViewAura child_managed=0 target=WebContentsViewAura target_managed=0
[69240:15592:1003/151807.769:VERBOSE1:chrome\browser\ui\views\omnibox\omnibox_popup_closer.cc:73] Closing omnibox popup with reason: kRevertAll
[69240:15592:1003/151807.783:VERBOSE1:components\signin\internal\identity_manager\mutable_profile_oauth2_token_service_delegate.cc:461] MutablePO2TS::RefreshTokenIsAvailable
[69240:15592:1003/151807.804:VERBOSE1:components\component_updater\component_installer.cc:585] FinishRegistration for Optimization Guide On DeviceModels Manifest
[69240:15592:1003/151807.804:VERBOSE1:components\component_updater\component_updater_service.cc:177] CrxUpdateService starting up. First update attempt will take place in 60 s seconds. Next update attempt will take place in 18000 s seconds. 
[69240:15592:1003/151807.804:ERROR:content\browser\network_service_instance_impl.cc:653] Network service crashed or was terminated, restarting service.
[69240:15592:1003/151807.807:VERBOSE1:components\segmentation_platform\internal\selection\request_dispatcher.cc:147] Computed result for chrome_user_engagement: Status: Failed
[69240:15592:1003/151807.808:VERBOSE1:chrome\browser\profiles\profile_manager.cc:1400] AddKeepAlive(Default, kExtensionUpdater). keep_alives=[kBrowserWindow (1), kExtensionUpdater (1)]
[69240:15592:1003/151807.808:VERBOSE1:components\component_updater\component_installer.cc:585] FinishRegistration for Widevine Content Decryption Module
[69240:15592:1003/151807.808:VERBOSE1:components\component_updater\component_installer.cc:585] FinishRegistration for Privacy Sandbox Attestations
[69240:15592:1003/151807.808:VERBOSE1:components\component_updater\component_installer.cc:585] FinishRegistration for Related Website Sets
[69240:15592:1003/151807.808:VERBOSE1:chrome\browser\component_updater\first_party_sets_component_installer.cc:45] Received Related Website Sets
[69240:15592:1003/151807.808:VERBOSE1:components\component_updater\component_installer.cc:585] FinishRegistration for Optimization Hints
[69240:15592:1003/151807.808:VERBOSE1:components\component_updater\component_installer.cc:585] FinishRegistration for OnDeviceHeadSuggest
[69240:15592:1003/151807.808:VERBOSE1:components\component_updater\component_installer.cc:585] FinishRegistration for Trust Token Key Commitments
[69240:15592:1003/151807.808:VERBOSE1:components\component_updater\component_installer.cc:585] FinishRegistration for Subresource Filter Rules
[69240:15592:1003/151807.808:VERBOSE1:components\component_updater\component_installer.cc:585] FinishRegistration for Actor Safety Lists
[69240:15592:1003/151807.808:VERBOSE1:components\component_updater\component_installer.cc:585] FinishRegistration for History Search
[69240:15592:1003/151807.808:VERBOSE1:components\component_updater\component_installer.cc:585] FinishRegistration for Certificate Error Assistant
[69240:15592:1003/151807.808:VERBOSE1:components\component_updater\component_installer.cc:585] FinishRegistration for CRLSet
[69240:15592:1003/151807.808:VERBOSE1:components\component_updater\component_installer.cc:585] FinishRegistration for File Type Policies
[69240:15592:1003/151807.808:VERBOSE1:components\component_updater\component_installer.cc:585] FinishRegistration for Origin Trials
[69240:15592:1003/151807.808:VERBOSE1:components\component_updater\component_installer.cc:585] FinishRegistration for Indigo
[69240:15592:1003/151807.808:VERBOSE1:components\component_updater\component_installer.cc:585] FinishRegistration for PKI Metadata
[69240:15592:1003/151807.809:VERBOSE1:components\component_updater\component_installer.cc:585] FinishRegistration for Crowd Deny
[69240:15592:1003/151807.809:VERBOSE1:components\component_updater\component_installer.cc:585] FinishRegistration for Dictation Connector
[69240:15592:1003/151807.809:VERBOSE1:components\component_updater\component_installer.cc:585] FinishRegistration for MEI Preload
[69240:15592:1003/151807.809:VERBOSE1:components\component_updater\component_installer.cc:623] Component ready, version 1.0.7.1652906823 in %USERPROFILE%\AppData\Local\BrowserAI\browsers\chromium-1247\chrome-win64\MEIPreload
[69240:15592:1003/151807.809:VERBOSE1:components\component_updater\component_installer.cc:585] FinishRegistration for Safety Tips
[69240:15592:1003/151807.810:VERBOSE1:components\component_updater\component_installer.cc:585] FinishRegistration for Hyphenation
[69240:15592:1003/151807.810:VERBOSE1:components\component_updater\component_installer.cc:623] Component ready, version 1.0.0.0 in %USERPROFILE%\AppData\Local\BrowserAI\browsers\chromium-1247\chrome-win64\hyphen-data
[69240:15592:1003/151807.810:VERBOSE1:chrome\browser\component_updater\hyphenation_component_installer.cc:113] Hyphenation Component ready, version 1.0.0.0 in %USERPROFILE%\AppData\Local\BrowserAI\browsers\chromium-1247\chrome-win64\hyphen-data
[69240:15592:1003/151807.810:VERBOSE1:components\component_updater\component_installer.cc:585] FinishRegistration for Zxcvbn Data Dictionaries
[69240:15592:1003/151807.810:VERBOSE1:components\component_updater\component_installer.cc:585] FinishRegistration for Amount Extraction Heuristic Regexes
[69240:15592:1003/151807.810:VERBOSE1:components\component_updater\component_installer.cc:585] FinishRegistration for WASM TTS Engine
[69240:15592:1003/151807.810:VERBOSE1:components\component_updater\component_installer.cc:585] FinishRegistration for Captcha Providers
[69240:15592:1003/151807.810:VERBOSE1:components\component_updater\component_installer.cc:585] FinishRegistration for SODA Library
[69240:15592:1003/151807.811:VERBOSE1:components\component_updater\component_installer.cc:585] FinishRegistration for SODA en-US Models
[69240:15592:1003/151807.812:VERBOSE1:components\signin\internal\identity_manager\mutable_profile_oauth2_token_service_delegate.cc:658] MutablePO2TS::OnWebDataServiceRequestDone. Result type: 6
[69240:15592:1003/151807.812:VERBOSE1:components\signin\internal\identity_manager\mutable_profile_oauth2_token_service_delegate.cc:720] MutablePO2TS::LoadAllCredentialsIntoMemory; 0 credential(s).
[69240:15592:1003/151807.812:VERBOSE1:components\signin\internal\identity_manager\mutable_profile_oauth2_token_service_delegate.cc:461] MutablePO2TS::RefreshTokenIsAvailable
[69240:15592:1003/151807.812:VERBOSE1:components\signin\internal\identity_manager\mutable_profile_oauth2_token_service_delegate.cc:461] MutablePO2TS::RefreshTokenIsAvailable
[69240:15592:1003/151807.812:VERBOSE1:components\signin\internal\identity_manager\mutable_profile_oauth2_token_service_delegate.cc:461] MutablePO2TS::RefreshTokenIsAvailable
[69240:15592:1003/151807.812:VERBOSE1:components\signin\internal\identity_manager\mutable_profile_oauth2_token_service_delegate.cc:461] MutablePO2TS::RefreshTokenIsAvailable
[69240:15592:1003/151807.812:VERBOSE1:components\signin\internal\identity_manager\mutable_profile_oauth2_token_service_delegate.cc:461] MutablePO2TS::RefreshTokenIsAvailable
[69240:15592:1003/151807.812:VERBOSE1:components\signin\internal\identity_manager\mutable_profile_oauth2_token_service_delegate.cc:461] MutablePO2TS::RefreshTokenIsAvailable
[69240:15592:1003/151807.812:VERBOSE1:components\signin\internal\identity_manager\mutable_profile_oauth2_token_service_delegate.cc:461] MutablePO2TS::RefreshTokenIsAvailable
[69240:15592:1003/151807.812:VERBOSE1:components\signin\internal\identity_manager\mutable_profile_oauth2_token_service_delegate.cc:461] MutablePO2TS::RefreshTokenIsAvailable
[69240:15592:1003/151807.812:VERBOSE1:components\signin\internal\identity_manager\mutable_profile_oauth2_token_service_delegate.cc:461] MutablePO2TS::RefreshTokenIsAvailable
[69240:15592:1003/151807.812:VERBOSE1:components\signin\internal\identity_manager\mutable_profile_oauth2_token_service_delegate.cc:461] MutablePO2TS::RefreshTokenIsAvailable
[69240:15592:1003/151807.812:VERBOSE1:components\signin\internal\identity_manager\mutable_profile_oauth2_token_service_delegate.cc:461] MutablePO2TS::RefreshTokenIsAvailable
[69240:15592:1003/151807.812:VERBOSE1:components\signin\internal\identity_manager\mutable_profile_oauth2_token_service_delegate.cc:461] MutablePO2TS::RefreshTokenIsAvailable
[69240:15592:1003/151807.812:VERBOSE1:components\signin\internal\identity_manager\mutable_profile_oauth2_token_service_delegate.cc:461] MutablePO2TS::RefreshTokenIsAvailable
[69240:15592:1003/151807.812:VERBOSE1:components\signin\internal\identity_manager\mutable_profile_oauth2_token_service_delegate.cc:461] MutablePO2TS::RefreshTokenIsAvailable
[69240:15592:1003/151807.812:VERBOSE1:components\signin\internal\identity_manager\mutable_profile_oauth2_token_service_delegate.cc:461] MutablePO2TS::RefreshTokenIsAvailable
[69240:15592:1003/151807.812:VERBOSE1:components\signin\internal\identity_manager\mutable_profile_oauth2_token_service_delegate.cc:461] MutablePO2TS::RefreshTokenIsAvailable
[69240:15592:1003/151807.812:VERBOSE1:components\signin\internal\identity_manager\mutable_profile_oauth2_token_service_delegate.cc:461] MutablePO2TS::RefreshTokenIsAvailable
[69240:15592:1003/151807.812:VERBOSE1:components\signin\internal\identity_manager\mutable_profile_oauth2_token_service_delegate.cc:461] MutablePO2TS::RefreshTokenIsAvailable
[69240:15592:1003/151807.812:VERBOSE1:components\signin\internal\identity_manager\mutable_profile_oauth2_token_service_delegate.cc:461] MutablePO2TS::RefreshTokenIsAvailable
[69240:15592:1003/151807.812:VERBOSE1:components\signin\internal\identity_manager\mutable_profile_oauth2_token_service_delegate.cc:461] MutablePO2TS::RefreshTokenIsAvailable
[69240:15592:1003/151807.812:VERBOSE1:components\signin\internal\identity_manager\mutable_profile_oauth2_token_service_delegate.cc:461] MutablePO2TS::RefreshTokenIsAvailable
[69240:15592:1003/151807.812:VERBOSE1:components\signin\internal\identity_manager\mutable_profile_oauth2_token_service_delegate.cc:461] MutablePO2TS::RefreshTokenIsAvailable
[69240:15592:1003/151807.813:VERBOSE1:components\signin\internal\identity_manager\mutable_profile_oauth2_token_service_delegate.cc:461] MutablePO2TS::RefreshTokenIsAvailable
[69240:15592:1003/151807.813:VERBOSE1:google_apis\gaia\gaia_auth_util.cc:53] Canonicalized @gmail.com to @gmail.com
[69240:15592:1003/151807.813:VERBOSE1:google_apis\gaia\gaia_auth_util.cc:53] Canonicalized @gmail.com to @gmail.com
[69240:15592:1003/151807.813:VERBOSE1:components\signin\internal\identity_manager\mutable_profile_oauth2_token_service_delegate.cc:461] MutablePO2TS::RefreshTokenIsAvailable
[69240:15592:1003/151807.813:VERBOSE1:components\signin\core\browser\account_reconcilor.cc:309] AccountReconcilor::OnEndBatchOfRefreshTokenStateChanges. Reconcilor state: 1
[69240:15592:1003/151807.826:VERBOSE1:extensions\browser\updater\extension_downloader.cc:749] Failed to fetch manifest 'https://clients2.google.com/service/update2/crx?os=win&arch=x64&prod=chromiumcrx&prodchannel=&prodversion=155.0.8059.12&lang=en-GB&acceptformat=crx3,puff&x=id%3Dljglajjnnkapghbckkcmodicjhacbfhk%26v%3D0.0.0.0%26installedby%3Dexternal%26uc%26ping%3Dr%253D-1%2526e%253D1' response code:-1
[69240:15592:1003/151807.828:VERBOSE1:components\signin\internal\identity_manager\mutable_profile_oauth2_token_service_delegate.cc:461] MutablePO2TS::RefreshTokenIsAvailable
[69240:15592:1003/151807.828:VERBOSE1:components\signin\internal\identity_manager\mutable_profile_oauth2_token_service_delegate.cc:461] MutablePO2TS::RefreshTokenIsAvailable
[69240:15592:1003/151807.828:VERBOSE1:components\signin\internal\identity_manager\mutable_profile_oauth2_token_service_delegate.cc:461] MutablePO2TS::RefreshTokenIsAvailable
[69240:15592:1003/151807.832:VERBOSE1:components\signin\internal\identity_manager\mutable_profile_oauth2_token_service_delegate.cc:461] MutablePO2TS::RefreshTokenIsAvailable
[69240:15592:1003/151807.839:VERBOSE1:chrome\browser\web_applications\locks\partitioned_lock_manager.cc:262] Acquiring <PartitionedLockId>{id: 0x31, partition: 0} for SynchronizeInstalledApps@chrome\browser\web_applications\externally_managed_app_manager.cc:186
[69240:15592:1003/151807.839:VERBOSE1:chrome\browser\web_applications\locks\partitioned_lock_manager.cc:243] All locks acquired for SynchronizeInstalledApps@chrome\browser\web_applications\externally_managed_app_manager.cc:186
[69240:15592:1003/151807.848:VERBOSE1:chrome\browser\web_applications\locks\partitioned_lock_manager.cc:286] Releasing <PartitionedLockId>{id: 0x31, partition: 0} requested by SynchronizeInstalledApps@chrome\browser\web_applications\externally_managed_app_manager.cc:186
[69240:15592:1003/151807.848:VERBOSE1:chrome\browser\web_applications\locks\partitioned_lock_manager.cc:318] Acquiring <PartitionedLockId>{id: 0x31, partition: 0} for ScheduleAllFixes@chrome\browser\web_applications\generated_icon_fix_manager.cc:79
[69240:15592:1003/151807.848:VERBOSE1:chrome\browser\web_applications\locks\partitioned_lock_manager.cc:243] All locks acquired for ScheduleAllFixes@chrome\browser\web_applications\generated_icon_fix_manager.cc:79
[69240:15592:1003/151807.850:VERBOSE1:components\device_event_log\device_event_log_impl.cc:214] [15:18:07.845] Geolocation: DEBUG: location_provider_manager.cc:103 LocationProviderManager::LocationProviderManager: provider_manager_mode_ is initialized to kPlatformOnly
[69240:15592:1003/151807.850:VERBOSE1:chrome\browser\web_applications\locks\partitioned_lock_manager.cc:286] Releasing <PartitionedLockId>{id: 0x31, partition: 0} requested by ScheduleAllFixes@chrome\browser\web_applications\generated_icon_fix_manager.cc:79
[69240:15592:1003/151807.850:VERBOSE1:chrome\browser\web_applications\locks\partitioned_lock_manager.cc:318] Acquiring <PartitionedLockId>{id: 0x31, partition: 0} for OnSyncBridgeReady@chrome\browser\web_applications\web_app_provider.cc:565
[69240:15592:1003/151807.850:VERBOSE1:chrome\browser\web_applications\locks\partitioned_lock_manager.cc:243] All locks acquired for OnSyncBridgeReady@chrome\browser\web_applications\web_app_provider.cc:565
[69240:15592:1003/151807.851:VERBOSE1:chrome\browser\web_applications\locks\partitioned_lock_manager.cc:286] Releasing <PartitionedLockId>{id: 0x31, partition: 0} requested by OnSyncBridgeReady@chrome\browser\web_applications\web_app_provider.cc:565
[69240:15592:1003/151807.852:VERBOSE1:components\device_event_log\device_event_log_impl.cc:214] [15:18:07.853] Geolocation: DEBUG: geolocation_provider_impl.cc:371 Stop provider.
[69240:15592:1003/151807.854:VERBOSE1:components\segmentation_platform\internal\signals\signal_filter_processor.cc:61] Segmentation platform started observing Session.TotalDuration
[69240:15592:1003/151807.854:VERBOSE1:components\segmentation_platform\internal\signals\signal_filter_processor.cc:61] Segmentation platform started observing Commerce.PriceDrops.ActiveTabNavigationComplete.IsProductDetailPage
[69240:15592:1003/151807.854:VERBOSE1:components\segmentation_platform\internal\signals\signal_filter_processor.cc:54] Segmentation platform started observing Autofill_PolledCreditCardSuggestions
[69240:15592:1003/151807.854:VERBOSE1:components\segmentation_platform\internal\signals\signal_filter_processor.cc:61] Segmentation platform started observing IOS.ParcelTracking.Tracked.AutoTrack
[69240:15592:1003/151807.854:VERBOSE1:components\segmentation_platform\internal\signals\signal_filter_processor.cc:61] Segmentation platform started observing Omnibox.SuggestionUsed.ClientSummarizedResultType
[69240:15592:1003/151807.854:VERBOSE1:components\segmentation_platform\internal\signals\signal_filter_processor.cc:54] Segmentation platform started observing MetadataWriter
[69240:15592:1003/151807.854:VERBOSE1:components\segmentation_platform\internal\signals\signal_filter_processor.cc:61] Segmentation platform started observing Blink.FedCm.AccountsDialogShown
[69240:15592:1003/151807.854:VERBOSE1:components\segmentation_platform\internal\signals\signal_filter_processor.cc:61] Segmentation platform started observing Blink.FedCm.Status.RequestIdToken
[69240:15592:1003/151807.854:VERBOSE1:components\segmentation_platform\internal\signals\signal_filter_processor.cc:61] Segmentation platform started observing Blink.FedCm.CancelReason
[69240:15592:1003/151807.854:VERBOSE1:components\segmentation_platform\internal\signals\signal_filter_processor.cc:61] Segmentation platform started observing Blink.FedCm.IsSignInUser
[69240:15592:1003/151807.854:VERBOSE1:components\segmentation_platform\internal\signals\signal_filter_processor.cc:61] Segmentation platform started observing Sync.DeviceCount2
[69240:15592:1003/151807.854:VERBOSE1:components\segmentation_platform\internal\signals\signal_filter_processor.cc:61] Segmentation platform started observing Sync.DeviceCount2.Phone
[69240:15592:1003/151807.854:VERBOSE1:components\segmentation_platform\internal\signals\signal_filter_processor.cc:61] Segmentation platform started observing Sync.DeviceCount2.Desktop
[69240:15592:1003/151807.854:VERBOSE1:components\segmentation_platform\internal\signals\signal_filter_processor.cc:61] Segmentation platform started observing Sync.DeviceCount2.Tablet
[69240:15592:1003/151807.854:VERBOSE1:components\segmentation_platform\internal\signals\signal_filter_processor.cc:54] Segmentation platform started observing MobileBookmarkManagerOpen
[69240:15592:1003/151807.854:VERBOSE1:components\segmentation_platform\internal\signals\signal_filter_processor.cc:54] Segmentation platform started observing NewTabPage.MostVisited.Clicked
[69240:15592:1003/151807.854:VERBOSE1:components\segmentation_platform\internal\signals\signal_filter_processor.cc:54] Segmentation platform started observing TabGroup.Created.OpenInNewTab
[69240:15592:1003/151807.854:VERBOSE1:components\segmentation_platform\internal\signals\signal_filter_processor.cc:54] Segmentation platform started observing Android.HistoryPage.OpenItem
[69240:15592:1003/151807.854:VERBOSE1:components\segmentation_platform\internal\signals\signal_filter_processor.cc:54] Segmentation platform started observing MobileMenuRecentTabs
[69240:15592:1003/151807.854:VERBOSE1:components\segmentation_platform\internal\signals\signal_filter_processor.cc:61] Segmentation platform started observing PasswordManager.ManagePasswordsReferrer
[69240:15592:1003/151807.854:VERBOSE1:components\segmentation_platform\internal\signals\signal_filter_processor.cc:61] Segmentation platform started observing PasswordManager.ProfileStore.TotalAccountsHiRes3.WithScheme.Https
[69240:15592:1003/151807.854:VERBOSE1:components\segmentation_platform\internal\signals\signal_filter_processor.cc:61] Segmentation platform started observing PasswordManager.FillingAssistance
[69240:15592:1003/151807.854:VERBOSE1:components\segmentation_platform\internal\signals\signal_filter_processor.cc:61] Segmentation platform started observing PasswordManager.SavedPasswordIsGenerated
[69240:15592:1003/151807.854:VERBOSE1:components\segmentation_platform\internal\signals\signal_filter_processor.cc:61] Segmentation platform started observing PasswordManager.SaveUIDismissalReason
[69240:15592:1003/151807.854:VERBOSE1:components\segmentation_platform\internal\signals\signal_filter_processor.cc:61] Segmentation platform started observing PasswordManager.SaveUIDismissalReason
[69240:15592:1003/151807.854:VERBOSE1:components\segmentation_platform\internal\signals\signal_filter_processor.cc:61] Segmentation platform started observing IOS.CredentialExtension.IsEnabled.Startup
[69240:15592:1003/151807.854:VERBOSE1:components\segmentation_platform\internal\signals\signal_filter_processor.cc:61] Segmentation platform started observing Session.TotalDuration
[69240:49240:1003/151807.892:VERBOSE1:net\disk_cache\simple\simple_index_file.cc:624] Simple Cache Index is being restored from disk.
[69240:15592:1003/151807.902:VERBOSE1:components\update_client\request_sender.cc:338] Request completed from url: https://update.googleapis.com/service/update2/json?cup2key=ML-DSA-44-16:jbkIpUxWXvq18MHIb7Ubz7xBxY3ubLmP599vKWYs8iA&cup2hreq=1dd223c90baa946b99ed3648543ce7187baa05264360b5e65d4c3f5c0ecc7314
[69240:15592:1003/151807.902:VERBOSE1:components\component_updater\component_updater_service.cc:507] Update completed with error 0
[69240:15592:1003/151807.910:VERBOSE1:components\signin\internal\identity_manager\mutable_profile_oauth2_token_service_delegate.cc:461] MutablePO2TS::RefreshTokenIsAvailable
[69240:15592:1003/151807.918:VERBOSE1:components\update_client\request_sender.cc:338] Request completed from url: https://update.googleapis.com/service/update2/json?cup2key=ML-DSA-44-16:8tkNqDv2kZh3xh1TsO5hcJ4rV35CNVHYJptCAODObp4&cup2hreq=36cb3a0b21e5bc3663c131f14fd9526f537a7552bc1fb6274535e39cf2bacb39
[69240:15592:1003/151807.918:VERBOSE1:components\component_updater\component_updater_service.cc:507] Update completed with error 0
[69240:15592:1003/151807.933:VERBOSE1:components\update_client\request_sender.cc:338] Request completed from url: https://update.googleapis.com/service/update2/json?cup2key=ML-DSA-44-16:lbZXF8a08jjACQWmc3FDNSjruVK02D_2FNRJTcvh_zI&cup2hreq=770268fe825654b034b33729151fc4f150f020c9703f0611b4181fadc23ce0cd
[69240:15592:1003/151807.934:VERBOSE1:components\component_updater\component_updater_service.cc:507] Update completed with error 0
[69240:15592:1003/151807.939:VERBOSE1:components\signin\internal\identity_manager\mutable_profile_oauth2_token_service_delegate.cc:461] MutablePO2TS::RefreshTokenIsAvailable
[69240:15592:1003/151807.977:VERBOSE1:components\signin\core\browser\account_reconcilor.cc:550] AccountReconcilor::OnAccountsInCookieUpdated: CookieJar 0 accounts, Reconcilor's state is 1, Error was 
[69240:15592:1003/151807.977:VERBOSE1:components\signin\core\browser\account_reconcilor.cc:644] AccountReconcilor::LoadValidAccountsFromTokenService: Chrome 0 accounts
[69240:15592:1003/151807.977:VERBOSE1:components\signin\core\browser\account_reconcilor.cc:786] AccountReconcilor::CalculateIfMultiloginReconcileIsDone: Error was 
[69240:15592:1003/151807.977:VERBOSE1:components\signin\core\browser\account_reconcilor.cc:680] AccountReconcilor::StartReconcileIfChromeAccountsChanged
[69240:15592:1003/151807.977:VERBOSE1:components\signin\core\browser\account_reconcilor.cc:550] AccountReconcilor::OnAccountsInCookieUpdated: CookieJar 0 accounts, Reconcilor's state is 1, Error was 
[69240:15592:1003/151807.977:VERBOSE1:components\signin\core\browser\account_reconcilor.cc:644] AccountReconcilor::LoadValidAccountsFromTokenService: Chrome 0 accounts
[69240:15592:1003/151807.977:VERBOSE1:components\signin\core\browser\account_reconcilor.cc:786] AccountReconcilor::CalculateIfMultiloginReconcileIsDone: Error was 
[69240:15592:1003/151807.977:VERBOSE1:components\signin\core\browser\account_reconcilor.cc:680] AccountReconcilor::StartReconcileIfChromeAccountsChanged
[69240:15592:1003/151808.056:VERBOSE1:components\segmentation_platform\internal\selection\segment_result_provider.cc:136] GetSegmentResult: segment=OPTIMIZATION_TARGET_SEGMENTATION_DEVICE_SWITCHER ignoring DB score, executing model.
[69240:15592:1003/151808.056:VERBOSE1:components\segmentation_platform\internal\selection\segment_result_provider.cc:277] ExecuteModelAndGetScore: segment=OPTIMIZATION_TARGET_SEGMENTATION_DEVICE_SWITCHER server segment info not available
[69240:15592:1003/151808.056:VERBOSE1:components\segmentation_platform\internal\selection\segment_result_provider.cc:210] OnGotModelScore: segment=OPTIMIZATION_TARGET_SEGMENTATION_DEVICE_SWITCHER failed to get database model score, trying default model.
[69240:51236:1003/151810.003:VERBOSE1:base\allocator\scheduler_loop_quarantine_config.cc:199] No entry found for browser/io.
[69240:15592:1003/151810.011:VERBOSE1:components\device_event_log\device_event_log_impl.cc:214] [15:18:10.011] USB: USER: usb_service_win.cc:663 USB device added: path=\\?\usb#vid_8087&pid_0029#8&29c54ea8&0&5#{a5dcbf10-6530-11d2-901f-00c04fb951ed} vendor=32903 "", product=41 "", serial="", driver="BTHUSB", guid=9aac547d-025f-4a4c-8fb6-3ef83361d345
[69240:15592:1003/151810.013:VERBOSE1:components\device_event_log\device_event_log_impl.cc:214] [15:18:10.013] USB: DEBUG: usb_device_handle_win.cc:1096 Failed to read descriptor from node connection: A device attached to the system is not functioning. (0x1F)
[69240:15592:1003/151810.018:VERBOSE1:components\device_event_log\device_event_log_impl.cc:214] [15:18:10.018] USB: USER: usb_service_win.cc:663 USB device added: path=\\?\usb#vid_0fd9&pid_006c#cl35j1a04316#{a5dcbf10-6530-11d2-901f-00c04fb951ed} vendor=4057 "Elgato", product=108 "Stream Deck XL", serial="CL35J1A04316", driver="HidUsb", guid=e661ec79-31c4-43a8-8e53-83f48306e816
[69240:15592:1003/151810.023:VERBOSE1:components\device_event_log\device_event_log_impl.cc:214] [15:18:10.023] USB: USER: usb_service_win.cc:663 USB device added: path=\\?\usb#vid_1532&pid_0024#9&b9def5f&0&3#{a5dcbf10-6530-11d2-901f-00c04fb951ed} vendor=5426 "Razer", product=36 "Razer Mamba", serial="", driver="usbccgp", guid=6b8336c8-a610-41f3-8c5d-3dc4206ad492
[69240:15592:1003/151810.023:VERBOSE1:components\device_event_log\device_event_log_impl.cc:214] [15:18:10.024] USB: USER: usb_service_win.cc:663 USB device added: path=\\?\usb#vid_045e&pid_02e6#504714#{a5dcbf10-6530-11d2-901f-00c04fb951ed} vendor=1118 "Microsoft Inc.", product=742 "XBOX ACC", serial="504714", driver="mt7612US", guid=b4712b38-0506-4b70-9ad8-1d72b108a64f
[69240:15592:1003/151810.023:VERBOSE1:components\device_event_log\device_event_log_impl.cc:214] [15:18:10.024] USB: DEBUG: usb_device_handle_win.cc:1096 Failed to read descriptor from node connection: A device attached to the system is not functioning. (0x1F)
[69240:15592:1003/151810.023:VERBOSE1:components\device_event_log\device_event_log_impl.cc:214] [15:18:10.024] USB: USER: usb_service_win.cc:663 USB device added: path=\\?\usb#vid_048d&pid_8297#8&2efe0359&0&1#{a5dcbf10-6530-11d2-901f-00c04fb951ed} vendor=1165 "", product=33431 "", serial="", driver="HidUsb", guid=c39a02b8-f431-4bc3-a90d-1ebf711a12aa
[69240:15592:1003/151810.025:VERBOSE1:components\device_event_log\device_event_log_impl.cc:214] [15:18:10.026] Geolocation: DEBUG: geolocation_provider_impl.cc:578 New system permission state is kAllowed
[69240:15592:1003/151810.027:VERBOSE1:components\device_event_log\device_event_log_impl.cc:214] [15:18:10.028] USB: USER: usb_service_win.cc:663 USB device added: path=\\?\usb#vid_046d&pid_c335#0f8a385a3635#{a5dcbf10-6530-11d2-901f-00c04fb951ed} vendor=1133 "Logitech", product=49973 "Gaming Keyboard G910", serial="0F8A385A3635", driver="usbccgp", guid=d9798e80-b744-4785-b9a8-d1e0c0d5e563
[69240:15592:1003/151810.033:VERBOSE1:components\device_event_log\device_event_log_impl.cc:214] [15:18:10.033] USB: USER: usb_service_win.cc:663 USB device added: path=\\?\usb#vid_0fd9&pid_0070#bs33j1a00303#{a5dcbf10-6530-11d2-901f-00c04fb951ed} vendor=4057 "Elgato Systems", product=112 "Elgato Wave:3", serial="BS33J1A00303", driver="usbccgp", guid=d28e5b0d-3e98-48b8-92cf-008c2f1819d4
[69240:15592:1003/151810.033:VERBOSE1:components\device_event_log\device_event_log_impl.cc:214] [15:18:10.033] USB: USER: usb_service_win.cc:663 USB device added: path=\\?\usb#vid_0fd9&pid_005e#09158a4318#{a5dcbf10-6530-11d2-901f-00c04fb951ed} vendor=4057 "Elgato Systems", product=94 "Game Capture HD60 S", serial="09158A4318", driver="CY3014.X64", guid=e38401a7-0cd8-4073-aa22-f82f1160c512
[69240:15592:1003/151810.109:VERBOSE1:chrome\browser\web_applications\locks\partitioned_lock_manager.cc:262] Acquiring <PartitionedLockId>{id: 0x31, partition: 0} for SynchronizeInstalledApps@chrome\browser\web_applications\externally_managed_app_manager.cc:186
[69240:15592:1003/151810.109:VERBOSE1:chrome\browser\web_applications\locks\partitioned_lock_manager.cc:243] All locks acquired for SynchronizeInstalledApps@chrome\browser\web_applications\externally_managed_app_manager.cc:186
[69240:15592:1003/151810.111:VERBOSE1:chrome\browser\web_applications\locks\partitioned_lock_manager.cc:286] Releasing <PartitionedLockId>{id: 0x31, partition: 0} requested by SynchronizeInstalledApps@chrome\browser\web_applications\externally_managed_app_manager.cc:186
[69240:15592:1003/151810.115:VERBOSE1:chrome\browser\profiles\profile_manager.cc:1400] AddKeepAlive(Default, kExtensionUpdater). keep_alives=[kBrowserWindow (1), kExtensionUpdater (2)]
[69240:51236:1003/151810.822:ERROR:google_apis\gcm\engine\registration_request.cc:291] Registration response error message: PHONE_REGISTRATION_ERROR
[69240:51236:1003/151810.822:VERBOSE1:google_apis\gcm\engine\registration_request.cc:256] Delaying GCM registration of app: com.google.chrome.fcm.invalidations-585406161706, for 21110 milliseconds.
[69240:51236:1003/151810.836:ERROR:google_apis\gcm\engine\registration_request.cc:291] Registration response error message: PHONE_REGISTRATION_ERROR
[69240:51236:1003/151810.836:VERBOSE1:google_apis\gcm\engine\registration_request.cc:256] Delaying GCM registration of app: com.google.chrome.fcm.invalidations-245350905893, for 24771 milliseconds.
[69240:51236:1003/151810.843:ERROR:google_apis\gcm\engine\registration_request.cc:291] Registration response error message: PHONE_REGISTRATION_ERROR
[69240:51236:1003/151810.843:VERBOSE1:google_apis\gcm\engine\registration_request.cc:256] Delaying GCM registration of app: com.google.android.gms, for 24471 milliseconds.
[69240:15592:1003/151810.909:VERBOSE1:chrome\browser\profiles\profile_manager.cc:1461] RemoveKeepAlive(Default, kExtensionUpdater). keep_alives=[kBrowserWindow (1), kExtensionUpdater (1)]
[69240:15592:1003/151810.910:VERBOSE1:chrome\browser\profiles\profile_manager.cc:1461] RemoveKeepAlive(Default, kExtensionUpdater). keep_alives=[kBrowserWindow (1)]
[69240:15592:1003/151812.857:VERBOSE1:components\segmentation_platform\internal\selection\segment_result_provider.cc:226] GetCachedModelScore: segment=OPTIMIZATION_TARGET_SEGMENTATION_CHROME_LOW_USER_ENGAGEMENT does not have a segment info.
[69240:15592:1003/151812.857:VERBOSE1:components\segmentation_platform\internal\selection\segment_result_provider.cc:172] OnGotModelScore: segment=OPTIMIZATION_TARGET_SEGMENTATION_CHROME_LOW_USER_ENGAGEMENT failed to get score from database, executing server model.
[69240:15592:1003/151812.857:VERBOSE1:components\segmentation_platform\internal\selection\segment_result_provider.cc:277] ExecuteModelAndGetScore: segment=OPTIMIZATION_TARGET_SEGMENTATION_CHROME_LOW_USER_ENGAGEMENT server segment info not available
[69240:15592:1003/151812.857:VERBOSE1:components\segmentation_platform\internal\selection\segment_result_provider.cc:201] OnGotModelScore: segment=OPTIMIZATION_TARGET_SEGMENTATION_CHROME_LOW_USER_ENGAGEMENT failed to get score from executing server model, getting score from default model from db.
[69240:15592:1003/151812.857:VERBOSE1:components\segmentation_platform\internal\selection\segment_result_provider.cc:240] GetCachedModelScore: segment=OPTIMIZATION_TARGET_SEGMENTATION_CHROME_LOW_USER_ENGAGEMENT has expired or unavailable result.
[69240:15592:1003/151812.857:VERBOSE1:components\segmentation_platform\internal\selection\segment_result_provider.cc:210] OnGotModelScore: segment=OPTIMIZATION_TARGET_SEGMENTATION_CHROME_LOW_USER_ENGAGEMENT failed to get database model score, trying default model.
[69240:15592:1003/151812.857:VERBOSE1:components\segmentation_platform\internal\selection\segment_result_provider.cc:295] ExecuteModelAndGetScore: segment=OPTIMIZATION_TARGET_SEGMENTATION_CHROME_LOW_USER_ENGAGEMENT signal collection not met
[69240:15592:1003/151812.857:VERBOSE1:components\segmentation_platform\internal\selection\segment_result_provider.cc:226] GetCachedModelScore: segment=OPTIMIZATION_TARGET_SEGMENTATION_SEARCH_USER does not have a segment info.
[69240:15592:1003/151812.857:VERBOSE1:components\segmentation_platform\internal\selection\segment_result_provider.cc:172] OnGotModelScore: segment=OPTIMIZATION_TARGET_SEGMENTATION_SEARCH_USER failed to get score from database, executing server model.
[69240:15592:1003/151812.857:VERBOSE1:components\segmentation_platform\internal\selection\segment_result_provider.cc:277] ExecuteModelAndGetScore: segment=OPTIMIZATION_TARGET_SEGMENTATION_SEARCH_USER server segment info not available
[69240:15592:1003/151812.857:VERBOSE1:components\segmentation_platform\internal\selection\segment_result_provider.cc:201] OnGotModelScore: segment=OPTIMIZATION_TARGET_SEGMENTATION_SEARCH_USER failed to get score from executing server model, getting score from default model from db.
[69240:15592:1003/151812.857:VERBOSE1:components\segmentation_platform\internal\selection\segment_result_provider.cc:240] GetCachedModelScore: segment=OPTIMIZATION_TARGET_SEGMENTATION_SEARCH_USER has expired or unavailable result.
[69240:15592:1003/151812.857:VERBOSE1:components\segmentation_platform\internal\selection\segment_result_provider.cc:210] OnGotModelScore: segment=OPTIMIZATION_TARGET_SEGMENTATION_SEARCH_USER failed to get database model score, trying default model.
[69240:15592:1003/151812.857:VERBOSE1:components\segmentation_platform\internal\selection\segment_result_provider.cc:295] ExecuteModelAndGetScore: segment=OPTIMIZATION_TARGET_SEGMENTATION_SEARCH_USER signal collection not met
[69240:15592:1003/151812.857:VERBOSE1:components\segmentation_platform\internal\selection\segment_result_provider.cc:226] GetCachedModelScore: segment=OPTIMIZATION_TARGET_SEGMENTATION_SHOPPING_USER does not have a segment info.
[69240:15592:1003/151812.857:VERBOSE1:components\segmentation_platform\internal\selection\segment_result_provider.cc:172] OnGotModelScore: segment=OPTIMIZATION_TARGET_SEGMENTATION_SHOPPING_USER failed to get score from database, executing server model.
[69240:15592:1003/151812.857:VERBOSE1:components\segmentation_platform\internal\selection\segment_result_provider.cc:277] ExecuteModelAndGetScore: segment=OPTIMIZATION_TARGET_SEGMENTATION_SHOPPING_USER server segment info not available
[69240:15592:1003/151812.857:VERBOSE1:components\segmentation_platform\internal\selection\segment_result_provider.cc:201] OnGotModelScore: segment=OPTIMIZATION_TARGET_SEGMENTATION_SHOPPING_USER failed to get score from executing server model, getting score from default model from db.
[69240:15592:1003/151812.857:VERBOSE1:components\segmentation_platform\internal\selection\segment_result_provider.cc:240] GetCachedModelScore: segment=OPTIMIZATION_TARGET_SEGMENTATION_SHOPPING_USER has expired or unavailable result.
[69240:15592:1003/151812.857:VERBOSE1:components\segmentation_platform\internal\selection\segment_result_provider.cc:210] OnGotModelScore: segment=OPTIMIZATION_TARGET_SEGMENTATION_SHOPPING_USER failed to get database model score, trying default model.
[69240:15592:1003/151812.857:VERBOSE1:components\segmentation_platform\internal\selection\segment_result_provider.cc:226] GetCachedModelScore: segment=CROSS_DEVICE_USER_SEGMENT does not have a segment info.
[69240:15592:1003/151812.857:VERBOSE1:components\segmentation_platform\internal\selection\segment_result_provider.cc:172] OnGotModelScore: segment=CROSS_DEVICE_USER_SEGMENT failed to get score from database, executing server model.
[69240:15592:1003/151812.857:VERBOSE1:components\segmentation_platform\internal\selection\segment_result_provider.cc:277] ExecuteModelAndGetScore: segment=CROSS_DEVICE_USER_SEGMENT server segment info not available
[69240:15592:1003/151812.857:VERBOSE1:components\segmentation_platform\internal\selection\segment_result_provider.cc:201] OnGotModelScore: segment=CROSS_DEVICE_USER_SEGMENT failed to get score from executing server model, getting score from default model from db.
[69240:15592:1003/151812.857:VERBOSE1:components\segmentation_platform\internal\selection\segment_result_provider.cc:240] GetCachedModelScore: segment=CROSS_DEVICE_USER_SEGMENT has expired or unavailable result.
[69240:15592:1003/151812.857:VERBOSE1:components\segmentation_platform\internal\selection\segment_result_provider.cc:210] OnGotModelScore: segment=CROSS_DEVICE_USER_SEGMENT failed to get database model score, trying default model.
[69240:15592:1003/151812.857:VERBOSE1:components\segmentation_platform\internal\selection\segment_result_provider.cc:295] ExecuteModelAndGetScore: segment=CROSS_DEVICE_USER_SEGMENT signal collection not met
[69240:15592:1003/151812.857:VERBOSE1:components\segmentation_platform\internal\selection\segment_result_provider.cc:226] GetCachedModelScore: segment=RESUME_HEAVY_USER_SEGMENT does not have a segment info.
[69240:15592:1003/151812.857:VERBOSE1:components\segmentation_platform\internal\selection\segment_result_provider.cc:172] OnGotModelScore: segment=RESUME_HEAVY_USER_SEGMENT failed to get score from database, executing server model.
[69240:15592:1003/151812.857:VERBOSE1:components\segmentation_platform\internal\selection\segment_result_provider.cc:277] ExecuteModelAndGetScore: segment=RESUME_HEAVY_USER_SEGMENT server segment info not available
[69240:15592:1003/151812.857:VERBOSE1:components\segmentation_platform\internal\selection\segment_result_provider.cc:201] OnGotModelScore: segment=RESUME_HEAVY_USER_SEGMENT failed to get score from executing server model, getting score from default model from db.
[69240:15592:1003/151812.857:VERBOSE1:components\segmentation_platform\internal\selection\segment_result_provider.cc:240] GetCachedModelScore: segment=RESUME_HEAVY_USER_SEGMENT has expired or unavailable result.
[69240:15592:1003/151812.857:VERBOSE1:components\segmentation_platform\internal\selection\segment_result_provider.cc:210] OnGotModelScore: segment=RESUME_HEAVY_USER_SEGMENT failed to get database model score, trying default model.
[69240:15592:1003/151812.857:VERBOSE1:components\segmentation_platform\internal\selection\segment_result_provider.cc:295] ExecuteModelAndGetScore: segment=RESUME_HEAVY_USER_SEGMENT signal collection not met
[69240:15592:1003/151812.857:VERBOSE1:components\segmentation_platform\internal\selection\segment_result_provider.cc:226] GetCachedModelScore: segment=PASSWORD_MANAGER_USER does not have a segment info.
[69240:15592:1003/151812.857:VERBOSE1:components\segmentation_platform\internal\selection\segment_result_provider.cc:172] OnGotModelScore: segment=PASSWORD_MANAGER_USER failed to get score from database, executing server model.
[69240:15592:1003/151812.857:VERBOSE1:components\segmentation_platform\internal\selection\segment_result_provider.cc:277] ExecuteModelAndGetScore: segment=PASSWORD_MANAGER_USER server segment info not available
[69240:15592:1003/151812.857:VERBOSE1:components\segmentation_platform\internal\selection\segment_result_provider.cc:201] OnGotModelScore: segment=PASSWORD_MANAGER_USER failed to get score from executing server model, getting score from default model from db.
[69240:49240:1003/151812.857:VERBOSE1:components\segmentation_platform\internal\database\ukm_database_backend.cc:355] Output from SQL query SELECT IFNULL(COUNT(metric_value),0)FROM uma_metrics WHERE metric_hash='1A94D82447638877' AND profile_id=? AND type=? AND metric_value IN(1)AND event_timestamp BETWEEN ? AND ? Bind values: 0:2211884532 1:2 2:2026-09-26 13:18:12.857314 UTC 3:2026-10-03 13:18:12.857314 UTC  Result: 0.000000,
[69240:15592:1003/151812.857:VERBOSE1:components\segmentation_platform\internal\selection\segment_result_provider.cc:240] GetCachedModelScore: segment=PASSWORD_MANAGER_USER has expired or unavailable result.
[69240:15592:1003/151812.857:VERBOSE1:components\segmentation_platform\internal\selection\segment_result_provider.cc:210] OnGotModelScore: segment=PASSWORD_MANAGER_USER failed to get database model score, trying default model.
[69240:15592:1003/151812.857:VERBOSE1:components\segmentation_platform\internal\selection\segment_result_provider.cc:295] ExecuteModelAndGetScore: segment=PASSWORD_MANAGER_USER signal collection not met
[69240:15592:1003/151812.857:VERBOSE1:components\segmentation_platform\internal\selection\segment_result_provider.cc:226] GetCachedModelScore: segment=CHROME_USER_ENGAGEMENT does not have a segment info.
[69240:15592:1003/151812.857:VERBOSE1:components\segmentation_platform\internal\selection\segment_result_provider.cc:172] OnGotModelScore: segment=CHROME_USER_ENGAGEMENT failed to get score from database, executing server model.
[69240:49240:1003/151812.857:VERBOSE1:components\segmentation_platform\internal\database\ukm_database_backend.cc:355] Output from SQL query SELECT IFNULL(COUNT(metric_value),0)FROM uma_metrics WHERE metric_hash='8A5076C9026398BD' AND profile_id=? AND type=? AND event_timestamp BETWEEN ? AND ? Bind values: 0:2211884532 1:1 2:2026-09-26 13:18:12.857314 UTC 3:2026-10-03 13:18:12.857314 UTC  Result: 0.000000,
[69240:15592:1003/151812.857:VERBOSE1:components\segmentation_platform\internal\selection\segment_result_provider.cc:277] ExecuteModelAndGetScore: segment=CHROME_USER_ENGAGEMENT server segment info not available
[69240:15592:1003/151812.857:VERBOSE1:components\segmentation_platform\internal\selection\segment_result_provider.cc:201] OnGotModelScore: segment=CHROME_USER_ENGAGEMENT failed to get score from executing server model, getting score from default model from db.
[69240:15592:1003/151812.857:VERBOSE1:components\segmentation_platform\internal\selection\segment_result_provider.cc:240] GetCachedModelScore: segment=CHROME_USER_ENGAGEMENT has expired or unavailable result.
[69240:15592:1003/151812.857:VERBOSE1:components\segmentation_platform\internal\selection\segment_result_provider.cc:210] OnGotModelScore: segment=CHROME_USER_ENGAGEMENT failed to get database model score, trying default model.
[69240:15592:1003/151812.857:VERBOSE1:components\segmentation_platform\internal\selection\segment_result_provider.cc:295] ExecuteModelAndGetScore: segment=CHROME_USER_ENGAGEMENT signal collection not met
[69240:49240:1003/151812.857:VERBOSE1:components\segmentation_platform\internal\database\ukm_database_backend.cc:355] Output from SQL query SELECT COALESCE((SELECT metric_value FROM uma_metrics WHERE metric_hash='ED7CFEC70BF9942D' AND profile_id=? AND type=? AND event_timestamp BETWEEN ? AND ? ORDER BY event_timestamp DESC,id DESC LIMIT 1),0.000000) Bind values: 0:2211884532 1:3 2:2026-09-26 13:18:12.857314 UTC 3:2026-10-03 13:18:12.857314 UTC  Result: 0.000000,
[69240:15592:1003/151812.857:VERBOSE1:components\segmentation_platform\internal\execution\model_executor_impl.cc:191] Segmentation model input:  feature 0: 0 feature 1: 0 feature 2: 0 feature 3: 0 for segment OPTIMIZATION_TARGET_SEGMENTATION_SHOPPING_USER
[69240:15592:1003/151812.857:VERBOSE1:components\segmentation_platform\internal\execution\model_executor_impl.cc:220] Segmentation model result:  output 0: 0 for segment OPTIMIZATION_TARGET_SEGMENTATION_SHOPPING_USER
[69240:15592:1003/151812.857:VERBOSE1:components\segmentation_platform\internal\execution\model_executor_impl.cc:278] Model: OPTIMIZATION_TARGET_SEGMENTATION_SHOPPING_USER version: 3 execution status: 0, output size: 1
[69240:15592:1003/151812.857:VERBOSE1:components\segmentation_platform\internal\selection\segment_result_provider.cc:29] ComputeDiscreteMapping: segment=: result=0, rank=0
[69240:15592:1003/151812.857:VERBOSE1:components\segmentation_platform\internal\selection\segment_result_provider.cc:359] OnModelExecuted: Default model executed successfully. Result: PredictionResult: timestamp: 13435507092857722 result 0: 0 for segment OPTIMIZATION_TARGET_SEGMENTATION_SHOPPING_USER
[69240:15592:1003/151812.857:VERBOSE1:components\segmentation_platform\internal\database\segment_info_database.cc:208] SaveSegmentResult: saving: PredictionResult: timestamp: 13435507092857722 result 0: 0 for segment id: OPTIMIZATION_TARGET_SEGMENTATION_SHOPPING_USER
[69240:15592:1003/151812.857:VERBOSE1:components\segmentation_platform\internal\database\cached_result_writer.cc:30] CachedResultWriter updating prefs with new result: PredictionResult: timestamp: 13435507092857722 result 0: 0 for segmentation key: shopping_user
