2026-10-04T14:28:45Z batch after-ab: waiting for the suite lock
2026-10-04T14:30:15Z lock taken
2026-10-04T14:30:15Z registry before: exit 0
2026-10-04T14:30:15Z BEGIN desk-probe: "C:\Program Files\PowerShell\7\pwsh.exe" -NoProfile -File "C:\Source\SixFive7\BrowserAI\.work\wt\behave\.work\rig\desk-probe.ps1" -Out "C:\Source\SixFive7\BrowserAI\.work\wt\behave\.work\runs\after-ab\desk-probe\probe.txt"
2026-10-04T14:30:22Z END desk-probe: launcher exit 0
2026-10-04T14:30:22Z BEGIN ua-chromium-headless-r1: C:\Source\SixFive7\BrowserAI\.work\wt\behave\payload\node\node.exe C:\Source\SixFive7\BrowserAI\.work\wt\behave\.work\rig\behave.mjs server=C:\Source\SixFive7\BrowserAI\.work\wt\behave\.work\bin-ab\BrowserAI.Server.exe browser=chromium scenario=ua headed=false run=r1 out=C:\Source\SixFive7\BrowserAI\.work\wt\behave\.work\runs\after-ab\ua-chromium-headless-r1\rig sessions=C:\Source\SixFive7\BrowserAI\.work\wt\behave\.work\sessions
2026-10-04T14:30:28Z END ua-chromium-headless-r1: launcher exit 0
2026-10-04T14:30:28Z BEGIN ua-chromium-headless-r2: C:\Source\SixFive7\BrowserAI\.work\wt\behave\payload\node\node.exe C:\Source\SixFive7\BrowserAI\.work\wt\behave\.work\rig\behave.mjs server=C:\Source\SixFive7\BrowserAI\.work\wt\behave\.work\bin-ab\BrowserAI.Server.exe browser=chromium scenario=ua headed=false run=r2 out=C:\Source\SixFive7\BrowserAI\.work\wt\behave\.work\runs\after-ab\ua-chromium-headless-r2\rig sessions=C:\Source\SixFive7\BrowserAI\.work\wt\behave\.work\sessions
2026-10-04T14:30:34Z END ua-chromium-headless-r2: launcher exit 0
2026-10-04T14:30:34Z BEGIN ua-chromium-headed-r1: C:\Source\SixFive7\BrowserAI\.work\wt\behave\payload\node\node.exe C:\Source\SixFive7\BrowserAI\.work\wt\behave\.work\rig\behave.mjs server=C:\Source\SixFive7\BrowserAI\.work\wt\behave\.work\bin-ab\BrowserAI.Server.exe browser=chromium scenario=ua headed=true run=r1 out=C:\Source\SixFive7\BrowserAI\.work\wt\behave\.work\runs\after-ab\ua-chromium-headed-r1\rig sessions=C:\Source\SixFive7\BrowserAI\.work\wt\behave\.work\sessions
2026-10-04T14:30:39Z END ua-chromium-headed-r1: launcher exit 0
2026-10-04T14:30:39Z BEGIN ua-chromium-headed-r2: C:\Source\SixFive7\BrowserAI\.work\wt\behave\payload\node\node.exe C:\Source\SixFive7\BrowserAI\.work\wt\behave\.work\rig\behave.mjs server=C:\Source\SixFive7\BrowserAI\.work\wt\behave\.work\bin-ab\BrowserAI.Server.exe browser=chromium scenario=ua headed=true run=r2 out=C:\Source\SixFive7\BrowserAI\.work\wt\behave\.work\runs\after-ab\ua-chromium-headed-r2\rig sessions=C:\Source\SixFive7\BrowserAI\.work\wt\behave\.work\sessions
2026-10-04T14:30:45Z END ua-chromium-headed-r2: launcher exit 0
2026-10-04T14:30:45Z BEGIN ua-firefox-headless-r1: C:\Source\SixFive7\BrowserAI\.work\wt\behave\payload\node\node.exe C:\Source\SixFive7\BrowserAI\.work\wt\behave\.work\rig\behave.mjs server=C:\Source\SixFive7\BrowserAI\.work\wt\behave\.work\bin-ab\BrowserAI.Server.exe browser=firefox scenario=ua headed=false run=r1 out=C:\Source\SixFive7\BrowserAI\.work\wt\behave\.work\runs\after-ab\ua-firefox-headless-r1\rig sessions=C:\Source\SixFive7\BrowserAI\.work\wt\behave\.work\sessions
2026-10-04T14:30:53Z END ua-firefox-headless-r1: launcher exit 0
2026-10-04T14:30:53Z BEGIN ua-firefox-headed-r1: C:\Source\SixFive7\BrowserAI\.work\wt\behave\payload\node\node.exe C:\Source\SixFive7\BrowserAI\.work\wt\behave\.work\rig\behave.mjs server=C:\Source\SixFive7\BrowserAI\.work\wt\behave\.work\bin-ab\BrowserAI.Server.exe browser=firefox scenario=ua headed=true run=r1 out=C:\Source\SixFive7\BrowserAI\.work\wt\behave\.work\runs\after-ab\ua-firefox-headed-r1\rig sessions=C:\Source\SixFive7\BrowserAI\.work\wt\behave\.work\sessions
2026-10-04T14:31:01Z END ua-firefox-headed-r1: launcher exit 0
2026-10-04T14:31:01Z BEGIN restore-chromium-from-headed-r1: C:\Source\SixFive7\BrowserAI\.work\wt\behave\payload\node\node.exe C:\Source\SixFive7\BrowserAI\.work\wt\behave\.work\rig\behave.mjs server=C:\Source\SixFive7\BrowserAI\.work\wt\behave\.work\bin-ab\BrowserAI.Server.exe browser=chromium scenario=restore headed=true run=r1 out=C:\Source\SixFive7\BrowserAI\.work\wt\behave\.work\runs\after-ab\restore-chromium-from-headed-r1\rig sessions=C:\Source\SixFive7\BrowserAI\.work\wt\behave\.work\sessions
2026-10-04T14:31:11Z END restore-chromium-from-headed-r1: launcher exit 0
2026-10-04T14:31:11Z BEGIN restore-chromium-from-headless-r1: C:\Source\SixFive7\BrowserAI\.work\wt\behave\payload\node\node.exe C:\Source\SixFive7\BrowserAI\.work\wt\behave\.work\rig\behave.mjs server=C:\Source\SixFive7\BrowserAI\.work\wt\behave\.work\bin-ab\BrowserAI.Server.exe browser=chromium scenario=restore headed=false run=r1 out=C:\Source\SixFive7\BrowserAI\.work\wt\behave\.work\runs\after-ab\restore-chromium-from-headless-r1\rig sessions=C:\Source\SixFive7\BrowserAI\.work\wt\behave\.work\sessions
2026-10-04T14:31:21Z END restore-chromium-from-headless-r1: launcher exit 0
2026-10-04T14:31:21Z BEGIN tall-chromium-headless-r1: C:\Source\SixFive7\BrowserAI\.work\wt\behave\payload\node\node.exe C:\Source\SixFive7\BrowserAI\.work\wt\behave\.work\rig\behave.mjs server=C:\Source\SixFive7\BrowserAI\.work\wt\behave\.work\bin-ab\BrowserAI.Server.exe browser=chromium scenario=tall headed=false run=r1 heights=16384,16385,20000 element=20000 wides=16384,16385 out=C:\Source\SixFive7\BrowserAI\.work\wt\behave\.work\runs\after-ab\tall-chromium-headless-r1\rig sessions=C:\Source\SixFive7\BrowserAI\.work\wt\behave\.work\sessions
2026-10-04T14:31:33Z END tall-chromium-headless-r1: launcher exit 0
2026-10-04T14:31:33Z BEGIN tall-chromium-headed-r1: C:\Source\SixFive7\BrowserAI\.work\wt\behave\payload\node\node.exe C:\Source\SixFive7\BrowserAI\.work\wt\behave\.work\rig\behave.mjs server=C:\Source\SixFive7\BrowserAI\.work\wt\behave\.work\bin-ab\BrowserAI.Server.exe browser=chromium scenario=tall headed=true run=r1 heights=16384,16385 out=C:\Source\SixFive7\BrowserAI\.work\wt\behave\.work\runs\after-ab\tall-chromium-headed-r1\rig sessions=C:\Source\SixFive7\BrowserAI\.work\wt\behave\.work\sessions
2026-10-04T14:31:41Z END tall-chromium-headed-r1: launcher exit 0
2026-10-04T14:31:41Z BEGIN tall-firefox-headless-r1: C:\Source\SixFive7\BrowserAI\.work\wt\behave\payload\node\node.exe C:\Source\SixFive7\BrowserAI\.work\wt\behave\.work\rig\behave.mjs server=C:\Source\SixFive7\BrowserAI\.work\wt\behave\.work\bin-ab\BrowserAI.Server.exe browser=firefox scenario=tall headed=false run=r1 heights=16385,32767 out=C:\Source\SixFive7\BrowserAI\.work\wt\behave\.work\runs\after-ab\tall-firefox-headless-r1\rig sessions=C:\Source\SixFive7\BrowserAI\.work\wt\behave\.work\sessions
2026-10-04T14:31:49Z END tall-firefox-headless-r1: launcher exit 0
2026-10-04T14:31:49Z registry after: exit 0
2026-10-04T14:31:49Z lock released
