[setup:9576] [11:41:37] [INFO] Starting Velopack Setup (1.2.158)
[setup:9576] [11:41:37] [INFO]     Location: "C:\\Source\\SixFive7\\BrowserAI\\Releases\\test-pack\\BrowserAI.test-installer.exe"
[setup:9576] [11:41:37] [INFO]     Silent: false
[setup:9576] [11:41:37] [INFO]     Verbose: true
[setup:9576] [11:41:37] [INFO]     Log: "C:\\Source\\SixFive7\\BrowserAI\\.work\\velopack-rows\\logs\\D1-same-version-cancel-setup.log"
[setup:9576] [11:41:37] [INFO]     Install To: Some("C:\\Source\\SixFive7\\BrowserAI\\.work\\velopack-rows\\root-a")
[setup:9576] [11:41:37] [TRACE] (2) os_info::imp: [C:\Users\runneradmin\.cargo\registry\src\index.crates.io-1949cf8c6b5b557f\os_info-3.15.0\src\windows\mod.rs:8] windows::current_platform is called
[setup:9576] [11:41:37] [TRACE] (2) os_info::imp: [C:\Users\runneradmin\.cargo\registry\src\index.crates.io-1949cf8c6b5b557f\os_info-3.15.0\src\windows\mod.rs:10] Returning Info { os_type: Windows, version: Semantic(10, 0, 26200), edition: Some("Windows 11 Professional"), codename: None, bitness: X64, architecture: Some("x86_64") }
[setup:9576] [11:41:37] [INFO] OS: Windows 10.0.26200 (Windows 11 Professional) [64-bit], Arch=Some(
    X64,
)
[setup:9576] [11:41:37] [INFO] Reading bundle header...
[setup:9576] [11:41:37] [INFO] Bundle offset = 7562752, length = 55022766
[setup:9576] [11:41:37] [INFO] Loading bundle from embedded zip...
[setup:9576] [11:41:37] [INFO] No channel override tag found in installer signature.
[setup:9576] [11:41:37] [INFO] Loading bundle from embedded zip...
[setup:9576] [11:41:37] [INFO] Reading package manifest...
[setup:9576] [11:41:37] [INFO] Package manifest loaded successfully.
[setup:9576] [11:41:37] [INFO]     Package ID: BrowserAI.app.test
[setup:9576] [11:41:37] [INFO]     Package Version: 1.1.0
[setup:9576] [11:41:37] [INFO]     Package Title: BrowserAI (suite)
[setup:9576] [11:41:37] [INFO]     Package Authors: Jori Huisman
[setup:9576] [11:41:37] [INFO]     Package Description: BrowserAI (suite)
[setup:9576] [11:41:37] [INFO]     Package Machine Architecture: x64
[setup:9576] [11:41:37] [INFO]     Package Runtime Dependencies: 
[setup:9576] [11:41:37] [INFO] Checking application pre-requisites...
[setup:9576] [11:41:37] [INFO] Determining install directory...
[setup:9576] [11:41:37] [INFO] Installation Directory: "C:\\Source\\SixFive7\\BrowserAI\\.work\\velopack-rows\\root-a"
[setup:9576] [11:41:37] [INFO] There is 382.48 GB free space available at destination, this package requires 253.22 MB.
[setup:9576] [11:41:37] [INFO] Auto-locating app manifest...
[setup:9576] [11:41:37] [INFO] Root directory 'C:\Source\SixFive7\BrowserAI\.work\velopack-rows\root-a' writable: true
[setup:9576] [11:41:37] [INFO] Using root packages directory: C:\Source\SixFive7\BrowserAI\.work\velopack-rows\root-a\packages
[setup:9576] [11:41:38] [ERROR] Directory already exists, and user cancelled overwrite.
