[lib-csharp:58880] [13:37:25] [Information] Initializing WindowsVelopackLocator
[lib-csharp:58880] [13:37:25] [Information] WindowsVelopackLocator: Update.exe in parent dir, Located valid manifest file at: C:\Source\SixFive7\BrowserAI\.work\velopack-rows\root-e\current\sq.version
[lib-csharp:58880] [13:37:25] [Information] Root directory is writable, using packages directory: C:\Source\SixFive7\BrowserAI\.work\velopack-rows\root-e\packages
[lib-csharp:58880] [13:37:25] [Information] Initialized WindowsVelopackLocator for BrowserAI.app.r124 v1.1.0
[lib-csharp:58880] [13:37:25] [Information] Starting VelopackApp.Run (library version 1.2.158).
[lib-csharp:58880] [13:37:25] [Information] Setting current process explicit AppUserModelID to 'velopack.BrowserAI.app.r124'
[lib-csharp:58880] [13:37:25] [Information] Found fast exit hook: --veloapp-install
[lib-csharp:58880] [13:37:25] [Information] Completed hook, exiting...
[lib-csharp:71436] [13:37:25] [Information] Initializing WindowsVelopackLocator
[lib-csharp:71436] [13:37:25] [Information] WindowsVelopackLocator: Update.exe in parent dir, Located valid manifest file at: C:\Source\SixFive7\BrowserAI\.work\velopack-rows\root-e\current\sq.version
[lib-csharp:71436] [13:37:25] [Information] Root directory is writable, using packages directory: C:\Source\SixFive7\BrowserAI\.work\velopack-rows\root-e\packages
[lib-csharp:71436] [13:37:25] [Information] Initialized WindowsVelopackLocator for BrowserAI.app.r124 v1.1.0
[lib-csharp:71436] [13:37:25] [Information] Starting VelopackApp.Run (library version 1.2.158).
[lib-csharp:71436] [13:37:25] [Information] Setting current process explicit AppUserModelID to 'velopack.BrowserAI.app.r124'
[update:55440] [13:38:15] [INFO] --
[update:55440] [13:38:15] [INFO] Starting Velopack Updater (1.2.158)
[update:55440] [13:38:15] [INFO]     Location: "C:\\Source\\SixFive7\\BrowserAI\\.work\\velopack-rows\\root-e\\Update.exe"
[update:55440] [13:38:15] [INFO]     CWD: "C:\\Source\\SixFive7\\BrowserAI\\.work\\velopack-rows\\root-e"
[update:55440] [13:38:15] [INFO]     Verbose: false
[update:55440] [13:38:15] [INFO]     Silent: true
[update:55440] [13:38:15] [INFO]     Root Directory: None
[update:55440] [13:38:15] [INFO]     Log File: "C:\\Users\\jori\\AppData\\Local\\velopack\\velopack_BrowserAI.app.r124.log"
[update:55440] [13:38:15] [INFO]     Context: IAmUpdateExe
[update:55440] [13:38:15] [INFO] Command: Uninstall
[update:55440] [13:38:15] [INFO] Auto-locating app manifest...
[update:55440] [13:38:15] [INFO] Root directory 'C:\Source\SixFive7\BrowserAI\.work\velopack-rows\root-e' writable: true
[update:55440] [13:38:15] [INFO] Using root packages directory: C:\Source\SixFive7\BrowserAI\.work\velopack-rows\root-e\packages
[update:55440] [13:38:15] [INFO] Command: Uninstall
[update:55440] [13:38:15] [INFO] Checking for running processes in: C:\Source\SixFive7\BrowserAI\.work\velopack-rows\root-e
[update:55440] [13:38:16] [INFO] Inspected 642 running processes in 192ms, 1 matched directory
[update:55440] [13:38:16] [WARN] Skipping killing self: C:\Source\SixFive7\BrowserAI\.work\velopack-rows\root-e\Update.exe (55440)
[update:55440] [13:38:16] [INFO] Force-stop check complete.
[update:55440] [13:38:16] [INFO] Running --veloapp-uninstall hook...
[update:55440] [13:38:16] [INFO] About to launch: 'WideString("C:\\Source\\SixFive7\\BrowserAI\\.work\\velopack-rows\\root-e\\current\\BrowserAI.Server.exe")' in dir 'Some(WideString("C:\\Source\\SixFive7\\BrowserAI\\.work\\velopack-rows\\root-e\\current"))' with arguments: WideString("\"C:\\Source\\SixFive7\\BrowserAI\\.work\\velopack-rows\\root-e\\current\\BrowserAI.Server.exe\" --veloapp-uninstall 1.1.0\0")
[update:55440] [13:38:16] [INFO] Environment block present: true, flags: PROCESS_CREATION_FLAGS(134218752)
[update:55440] [13:38:16] [INFO] Waiting 60000ms for process handle to exit.
[lib-csharp:2848] [13:38:16] [Information] Initializing WindowsVelopackLocator
[lib-csharp:2848] [13:38:16] [Information] WindowsVelopackLocator: Update.exe in parent dir, Located valid manifest file at: C:\Source\SixFive7\BrowserAI\.work\velopack-rows\root-e\current\sq.version
[lib-csharp:2848] [13:38:16] [Information] Root directory is writable, using packages directory: C:\Source\SixFive7\BrowserAI\.work\velopack-rows\root-e\packages
[lib-csharp:2848] [13:38:16] [Information] Initialized WindowsVelopackLocator for BrowserAI.app.r124 v1.1.0
[lib-csharp:2848] [13:38:16] [Information] Starting VelopackApp.Run (library version 1.2.158).
[lib-csharp:2848] [13:38:16] [Information] Setting current process explicit AppUserModelID to 'velopack.BrowserAI.app.r124'
[lib-csharp:2848] [13:38:16] [Information] Found fast exit hook: --veloapp-uninstall
[lib-csharp:2848] [13:38:16] [Information] Completed hook, exiting...
[update:55440] [13:38:16] [INFO] Hook executed successfully (took 58.7646ms)
[update:55440] [13:38:16] [INFO] Checking for running processes in: C:\Source\SixFive7\BrowserAI\.work\velopack-rows\root-e
[update:55440] [13:38:16] [INFO] Inspected 632 running processes in 205ms, 1 matched directory
[update:55440] [13:38:16] [WARN] Skipping killing self: C:\Source\SixFive7\BrowserAI\.work\velopack-rows\root-e\Update.exe (55440)
[update:55440] [13:38:16] [INFO] Force-stop check complete.
[update:55440] [13:38:16] [INFO] COM context initialized in 5ms
[update:55440] [13:38:16] [INFO] Searching for shortcuts containing root: '"C:\\Source\\SixFive7\\BrowserAI\\.work\\velopack-rows\\root-e"'
[update:55440] [13:38:16] [INFO] Searching for shortcuts in: ShortcutLocationFlags(DESKTOP) (C:\Users\jori\Desktop/*.lnk)
[update:55440] [13:38:16] [INFO] Selected shortcut for update '"C:\\Users\\jori\\Desktop\\BrowserAI (r124 probe).lnk"' because target '"C:\\Source\\SixFive7\\BrowserAI\\.work\\velopack-rows\\root-e\\current\\BrowserAI.Server.exe"' matched.
[update:55440] [13:38:16] [INFO] Searching for shortcuts in: ShortcutLocationFlags(STARTUP) (C:\Users\jori\AppData\Roaming\Microsoft\Windows\Start Menu\Programs\Startup/*.lnk)
[update:55440] [13:38:16] [INFO] Searching for shortcuts in: ShortcutLocationFlags(START_MENU) (C:\Users\jori\AppData\Roaming\Microsoft\Windows\Start Menu\Programs/**/*.lnk)
[update:55440] [13:38:16] [INFO] Selected shortcut for update '"C:\\Users\\jori\\AppData\\Roaming\\Microsoft\\Windows\\Start Menu\\Programs\\BrowserAI (r124 probe).lnk"' because target '"C:\\Source\\SixFive7\\BrowserAI\\.work\\velopack-rows\\root-e\\current\\BrowserAI.Server.exe"' matched.
[update:55440] [13:38:16] [INFO] Searching for shortcuts in: ShortcutLocationFlags(USER_PINNED) (C:\Users\jori\AppData\Roaming\Microsoft\Internet Explorer\Quick Launch\User Pinned/**/*.lnk)
[update:55440] [13:38:16] [INFO] Removing shortcut '"C:\\Users\\jori\\Desktop\\BrowserAI (r124 probe).lnk"' (ShortcutLocationFlags(DESKTOP)).
[update:55440] [13:38:16] [INFO] Removing shortcut '"C:\\Users\\jori\\AppData\\Roaming\\Microsoft\\Windows\\Start Menu\\Programs\\BrowserAI (r124 probe).lnk"' (ShortcutLocationFlags(START_MENU)).
[update:55440] [13:38:16] [INFO] Removing directory '"C:\\Source\\SixFive7\\BrowserAI\\.work\\velopack-rows\\root-e"'
[update:55440] [13:38:16] [INFO] Removing directory '"C:\\Users\\jori\\AppData\\Local\\Temp\\velopack_BrowserAI.app.r124"'
[update:55440] [13:38:16] [INFO] Removing uninstall registry keys...
[update:55440] [13:38:16] [INFO] Finished successfully.
[update:55440] [13:38:16] [INFO] Scheduling removal of install directory...
[update:55440] [13:38:16] [INFO] Running: cmd.exe /C choice /C Y /N /D Y /T 3 & rmdir /s /q "C:\Source\SixFive7\BrowserAI\.work\velopack-rows\root-e"
[lib-csharp:80756] [13:38:29] [Information] Initializing WindowsVelopackLocator
[lib-csharp:80756] [13:38:29] [Information] WindowsVelopackLocator: Update.exe in parent dir, Located valid manifest file at: C:\Source\SixFive7\BrowserAI\.work\velopack-rows\root-f\current\sq.version
[lib-csharp:80756] [13:38:29] [Information] Root directory is writable, using packages directory: C:\Source\SixFive7\BrowserAI\.work\velopack-rows\root-f\packages
[lib-csharp:80756] [13:38:29] [Information] Initialized WindowsVelopackLocator for BrowserAI.app.r124 v1.1.0
[lib-csharp:80756] [13:38:29] [Information] Starting VelopackApp.Run (library version 1.2.158).
[lib-csharp:80756] [13:38:29] [Information] Setting current process explicit AppUserModelID to 'velopack.BrowserAI.app.r124'
[lib-csharp:80756] [13:38:29] [Information] Found fast exit hook: --veloapp-install
[lib-csharp:80756] [13:38:29] [Information] Completed hook, exiting...
[lib-csharp:95440] [13:38:30] [Information] Initializing WindowsVelopackLocator
[lib-csharp:95440] [13:38:30] [Information] WindowsVelopackLocator: Update.exe in parent dir, Located valid manifest file at: C:\Source\SixFive7\BrowserAI\.work\velopack-rows\root-f\current\sq.version
[lib-csharp:95440] [13:38:30] [Information] Root directory is writable, using packages directory: C:\Source\SixFive7\BrowserAI\.work\velopack-rows\root-f\packages
[lib-csharp:95440] [13:38:30] [Information] Initialized WindowsVelopackLocator for BrowserAI.app.r124 v1.1.0
[lib-csharp:95440] [13:38:30] [Information] Starting VelopackApp.Run (library version 1.2.158).
[lib-csharp:95440] [13:38:30] [Information] Setting current process explicit AppUserModelID to 'velopack.BrowserAI.app.r124'
[update:15968] [13:38:40] [INFO] --
[update:15968] [13:38:40] [INFO] Starting Velopack Updater (1.2.158)
[update:15968] [13:38:40] [INFO]     Location: "C:\\Source\\SixFive7\\BrowserAI\\.work\\velopack-rows\\root-f\\Update.exe"
[update:15968] [13:38:40] [INFO]     CWD: "C:\\Source\\SixFive7\\BrowserAI\\.work\\velopack-rows\\root-f"
[update:15968] [13:38:40] [INFO]     Verbose: false
[update:15968] [13:38:40] [INFO]     Silent: true
[update:15968] [13:38:40] [INFO]     Root Directory: None
[update:15968] [13:38:40] [INFO]     Log File: "C:\\Users\\jori\\AppData\\Local\\velopack\\velopack_BrowserAI.app.r124.log"
[update:15968] [13:38:40] [INFO]     Context: IAmUpdateExe
[update:15968] [13:38:40] [INFO] Command: Uninstall
[update:15968] [13:38:40] [INFO] Auto-locating app manifest...
[update:15968] [13:38:40] [INFO] Root directory 'C:\Source\SixFive7\BrowserAI\.work\velopack-rows\root-f' writable: true
[update:15968] [13:38:40] [INFO] Using root packages directory: C:\Source\SixFive7\BrowserAI\.work\velopack-rows\root-f\packages
[update:15968] [13:38:40] [INFO] Command: Uninstall
[update:15968] [13:38:40] [INFO] Checking for running processes in: C:\Source\SixFive7\BrowserAI\.work\velopack-rows\root-f
[update:15968] [13:38:40] [INFO] Inspected 622 running processes in 200ms, 1 matched directory
[update:15968] [13:38:40] [WARN] Skipping killing self: C:\Source\SixFive7\BrowserAI\.work\velopack-rows\root-f\Update.exe (15968)
[update:15968] [13:38:40] [INFO] Force-stop check complete.
[update:15968] [13:38:40] [INFO] Running --veloapp-uninstall hook...
[update:15968] [13:38:40] [INFO] About to launch: 'WideString("C:\\Source\\SixFive7\\BrowserAI\\.work\\velopack-rows\\root-f\\current\\BrowserAI.Server.exe")' in dir 'Some(WideString("C:\\Source\\SixFive7\\BrowserAI\\.work\\velopack-rows\\root-f\\current"))' with arguments: WideString("\"C:\\Source\\SixFive7\\BrowserAI\\.work\\velopack-rows\\root-f\\current\\BrowserAI.Server.exe\" --veloapp-uninstall 1.1.0\0")
[update:15968] [13:38:40] [INFO] Environment block present: true, flags: PROCESS_CREATION_FLAGS(134218752)
[update:15968] [13:38:40] [INFO] Waiting 60000ms for process handle to exit.
[lib-csharp:95040] [13:38:40] [Information] Initializing WindowsVelopackLocator
[lib-csharp:95040] [13:38:40] [Information] WindowsVelopackLocator: Update.exe in parent dir, Located valid manifest file at: C:\Source\SixFive7\BrowserAI\.work\velopack-rows\root-f\current\sq.version
[lib-csharp:95040] [13:38:40] [Information] Root directory is writable, using packages directory: C:\Source\SixFive7\BrowserAI\.work\velopack-rows\root-f\packages
[lib-csharp:95040] [13:38:40] [Information] Initialized WindowsVelopackLocator for BrowserAI.app.r124 v1.1.0
[lib-csharp:95040] [13:38:40] [Information] Starting VelopackApp.Run (library version 1.2.158).
[lib-csharp:95040] [13:38:40] [Information] Setting current process explicit AppUserModelID to 'velopack.BrowserAI.app.r124'
[lib-csharp:95040] [13:38:40] [Information] Found fast exit hook: --veloapp-uninstall
[lib-csharp:95040] [13:38:40] [Information] Completed hook, exiting...
[update:15968] [13:38:40] [INFO] Hook executed successfully (took 61.3091ms)
[update:15968] [13:38:40] [INFO] Checking for running processes in: C:\Source\SixFive7\BrowserAI\.work\velopack-rows\root-f
[update:15968] [13:38:40] [INFO] Inspected 620 running processes in 185ms, 1 matched directory
[update:15968] [13:38:40] [WARN] Skipping killing self: C:\Source\SixFive7\BrowserAI\.work\velopack-rows\root-f\Update.exe (15968)
[update:15968] [13:38:40] [INFO] Force-stop check complete.
[update:15968] [13:38:40] [INFO] COM context initialized in 4ms
[update:15968] [13:38:40] [INFO] Searching for shortcuts containing root: '"C:\\Source\\SixFive7\\BrowserAI\\.work\\velopack-rows\\root-f"'
[update:15968] [13:38:40] [INFO] Searching for shortcuts in: ShortcutLocationFlags(DESKTOP) (C:\Users\jori\Desktop/*.lnk)
[update:15968] [13:38:40] [INFO] Selected shortcut for update '"C:\\Users\\jori\\Desktop\\BrowserAI (r124 probe).lnk"' because target '"C:\\Source\\SixFive7\\BrowserAI\\.work\\velopack-rows\\root-f\\current\\BrowserAI.Server.exe"' matched.
[update:15968] [13:38:40] [INFO] Searching for shortcuts in: ShortcutLocationFlags(STARTUP) (C:\Users\jori\AppData\Roaming\Microsoft\Windows\Start Menu\Programs\Startup/*.lnk)
[update:15968] [13:38:40] [INFO] Searching for shortcuts in: ShortcutLocationFlags(START_MENU) (C:\Users\jori\AppData\Roaming\Microsoft\Windows\Start Menu\Programs/**/*.lnk)
[update:15968] [13:38:40] [INFO] Selected shortcut for update '"C:\\Users\\jori\\AppData\\Roaming\\Microsoft\\Windows\\Start Menu\\Programs\\BrowserAI (r124 probe).lnk"' because target '"C:\\Source\\SixFive7\\BrowserAI\\.work\\velopack-rows\\root-f\\current\\BrowserAI.Server.exe"' matched.
[update:15968] [13:38:41] [INFO] Searching for shortcuts in: ShortcutLocationFlags(USER_PINNED) (C:\Users\jori\AppData\Roaming\Microsoft\Internet Explorer\Quick Launch\User Pinned/**/*.lnk)
[update:15968] [13:38:41] [INFO] Removing shortcut '"C:\\Users\\jori\\Desktop\\BrowserAI (r124 probe).lnk"' (ShortcutLocationFlags(DESKTOP)).
[update:15968] [13:38:41] [INFO] Removing shortcut '"C:\\Users\\jori\\AppData\\Roaming\\Microsoft\\Windows\\Start Menu\\Programs\\BrowserAI (r124 probe).lnk"' (ShortcutLocationFlags(START_MENU)).
[update:15968] [13:38:41] [INFO] Removing directory '"C:\\Source\\SixFive7\\BrowserAI\\.work\\velopack-rows\\root-f"'
[update:15968] [13:38:41] [INFO] Removing directory '"C:\\Users\\jori\\AppData\\Local\\Temp\\velopack_BrowserAI.app.r124"'
[update:15968] [13:38:41] [INFO] Removing uninstall registry keys...
[update:15968] [13:38:41] [INFO] Finished successfully.
[update:15968] [13:38:41] [INFO] Scheduling removal of install directory...
[update:15968] [13:38:41] [INFO] Running: cmd.exe /C choice /C Y /N /D Y /T 3 & rmdir /s /q "C:\Source\SixFive7\BrowserAI\.work\velopack-rows\root-f"
