[15:10:53.196] controller pid=49272 out=C:\Source\SixFive7\BrowserAI\.work\2026-08-27-desktop-heap\default-desktop
[15:10:53.217] chromium=C:\Users\jori\AppData\Local\BrowserAI\browsers\chromium-1237\chrome-win64\chrome.exe
[15:10:53.220] host=C:\Program Files\PowerShell\7\pwsh.exe
[15:10:53.225] machine before: processes=427 threads=11768 handles=259208 physicalFreeMiB=85561 physicalTotalMiB=130989 commitMiB=63586 commitLimitMiB=141229
[15:10:53.230] job object created (KILL_ON_JOB_CLOSE); every rig process is assigned to it
[15:10:53.238] running on the INHERITED desktop 'Default' -- UOI_HEAPSIZE = 20480 KB. Nothing is consumed.
[15:10:54.211] prober: pid=81892 error=0 :: created=0 lastError=0 userObjects=3 cap=0 heapKb=20480 station=WinSta0 desktop=Default
[15:11:06.927] healthy-before#1: pid=61084 died=False exit=57005 elapsedMs=12353 stdout=0B stderr=740B logLines=692
[15:11:06.932] healthy-before#1: message windows -> 54|61084:DeviceMonitorMessageWindow;80276:;61084:;61084:C:\Source\SixFive7\BrowserAI\.work\2026-08-27-desktop-heap\default-desktop\profile-healthy-before-1;61084:;47388:;59864:;59864:C:\Users\jori\AppData\Local\Programs\Stremio\stremio-shell-ng.exe.WebView2\EBWebView | static=1|16172:StartScreenManagerWindowService
[15:11:19.657] healthy-before#2: pid=79276 died=False exit=57005 elapsedMs=12369 stdout=0B stderr=1404B logLines=696
[15:11:19.658] healthy-before#2: message windows -> 54|79276:DeviceMonitorMessageWindow;75120:;79276:;79276:C:\Source\SixFive7\BrowserAI\.work\2026-08-27-desktop-heap\default-desktop\profile-healthy-before-2;79276:;47388:;59864:;59864:C:\Users\jori\AppData\Local\Programs\Stremio\stremio-shell-ng.exe.WebView2\EBWebView | static=1|16172:StartScreenManagerWindowService
[15:11:19.673] machine at end: processes=429 threads=12021 handles=262202 physicalFreeMiB=85379 physicalTotalMiB=130989 commitMiB=63226 commitLimitMiB=141229
[15:11:19.673] RESULTS C:\Source\SixFive7\BrowserAI\.work\2026-08-27-desktop-heap\default-desktop\results.json
[15:11:19.673] teardown
[15:11:21.685] job closed
[15:11:21.687] window stations now: WinSta0, Service-0x0-127b7b$
[15:11:21.689] desktops on WinSta0: sbox_alternate_desktop_local_winstation_0x7BC8, Default
[15:11:21.689] done
[15:11:22.422] controller pid=76552 out=C:\Source\SixFive7\BrowserAI\.work\2026-08-27-desktop-heap\grad-4637
[15:11:22.428] chromium=C:\Users\jori\AppData\Local\BrowserAI\browsers\chromium-1237\chrome-win64\chrome.exe
[15:11:22.429] host=C:\Program Files\PowerShell\7\pwsh.exe
[15:11:22.443] machine before: processes=433 threads=11996 handles=261929 physicalFreeMiB=86359 physicalTotalMiB=130989 commitMiB=62299 commitLimitMiB=141229
[15:11:22.445] job object created (KILL_ON_JOB_CLOSE); every rig process is assigned to it
[15:11:22.456] created desktop 'WinSta0\BaiG4637' -- UOI_HEAPSIZE = 20480 KB
[15:11:23.289] prober: pid=33880 error=0 :: created=0 lastError=0 userObjects=3 cap=0 heapKb=20480 station=WinSta0 desktop=BaiG4637
[15:11:23.291] filling 4637 windows of 2048-character title onto WinSta0\BaiG4637 (20480 KB) ...
[15:11:25.957] filler 1: pid=70236 error=0 :: created=4637 lastError=0 userObjects=4640 cap=4637 heapKb=20480 station=WinSta0 desktop=BaiG4637
[15:11:25.958] machine after fill: processes=430 threads=12021 handles=262355 physicalFreeMiB=86137 physicalTotalMiB=130989 commitMiB=62476 commitLimitMiB=141229
[15:11:26.642] cap4637#1: pid=28752 died=True exit=-2147483645 elapsedMs=352 stdout=0B stderr=0B logLines=6
[15:11:26.644] cap4637#1: message windows -> 0| | static=4637|70236:xxxxxxxxxxxxxxxxxxxxxxxxxxxxxxxxxxxxxxxxxxxxxxxxxxxxxxxxxxxxxxxxxxxxxxxxxxxxxxxxxxxxxxxxxxxxxxxxxxxxxxxxxxxxxxxxxxxxxxxx...;70236:xxxxxxxxxxxxxxxxxxxxxxxxxxxxxxxxxxxxxxxxxxxxxxxxxxxxxxxxxxxxxxxxxxxxxxxxxxxxxxxxxxxxxxxxxxxxxxxxxxxxxxxxxxxxxxxxxxxxxxxx...;70236:xxxxxxxxxxxxxxxxxxxxxxxxxxxxxxxxxxxxxxxxxxxxxxxxxxxxxxxxxxxxxxxxxxxxxxxxxxxxxxxxxxxxxxxxxxxxxxxxxxxxxxxxxxxxxxxxxxxxxxxx...;70236:xxxxxxxxxxxxxxxxxxxxxxxxxxxxxxxxxxxxxxxxxxxxxxxxxxxxxxxxxxxxxxxxxxxxxxxxxxxxxxxxxxxxxxxxxxxxxxxxxxxxxxxxxxxxxxxxxxxxxxxx...;70236:xxxxxxxxxxxxxxxxxxxxxxxxxxxxxxxxxxxxxxxxxxxxxxxxxxxxxxxxxxxxxxxxxxxxxxxxxxxxxxxxxxxxxxxxxxxxxxxxxxxxxxxxxxxxxxxxxxxxxxxx...;70236:xxxxxxxxxxxxxxxxxxxxxxxxxxxxxxxxxxxxxxxxxxxxxxxxxxxxxxxxxxxxxxxxxxxxxxxxxxxxxxxxxxxxxxxxxxxxxxxxxxxxxxxxxxxxxxxxxxxxxxxx...;70236:xxxxxxxxxxxxxxxxxxxxxxxxxxxxxxxxxxxxxxxxxxxxxxxxxxxxxxxxxxxxxxxxxxxxxxxxxxxxxxxxxxxxxxxxxxxxxxxxxxxxxxxxxxxxxxxxxxxxxxxx...;70236:xxxxxxxxxxxxxxxxxxxxxxxxxxxxxxxxxxxxxxxxxxxxxxxxxxxxxxxxxxxxxxxxxxxxxxxxxxxxxxxxxxxxxxxxxxxxxxxxxxxxxxxxxxxxxxxxxxxxxxxx...
[15:11:27.315] cap4637#2: pid=62360 died=True exit=-2147483645 elapsedMs=342 stdout=0B stderr=0B logLines=6
[15:11:27.316] cap4637#2: message windows -> 0| | static=4637|70236:xxxxxxxxxxxxxxxxxxxxxxxxxxxxxxxxxxxxxxxxxxxxxxxxxxxxxxxxxxxxxxxxxxxxxxxxxxxxxxxxxxxxxxxxxxxxxxxxxxxxxxxxxxxxxxxxxxxxxxxx...;70236:xxxxxxxxxxxxxxxxxxxxxxxxxxxxxxxxxxxxxxxxxxxxxxxxxxxxxxxxxxxxxxxxxxxxxxxxxxxxxxxxxxxxxxxxxxxxxxxxxxxxxxxxxxxxxxxxxxxxxxxx...;70236:xxxxxxxxxxxxxxxxxxxxxxxxxxxxxxxxxxxxxxxxxxxxxxxxxxxxxxxxxxxxxxxxxxxxxxxxxxxxxxxxxxxxxxxxxxxxxxxxxxxxxxxxxxxxxxxxxxxxxxxx...;70236:xxxxxxxxxxxxxxxxxxxxxxxxxxxxxxxxxxxxxxxxxxxxxxxxxxxxxxxxxxxxxxxxxxxxxxxxxxxxxxxxxxxxxxxxxxxxxxxxxxxxxxxxxxxxxxxxxxxxxxxx...;70236:xxxxxxxxxxxxxxxxxxxxxxxxxxxxxxxxxxxxxxxxxxxxxxxxxxxxxxxxxxxxxxxxxxxxxxxxxxxxxxxxxxxxxxxxxxxxxxxxxxxxxxxxxxxxxxxxxxxxxxxx...;70236:xxxxxxxxxxxxxxxxxxxxxxxxxxxxxxxxxxxxxxxxxxxxxxxxxxxxxxxxxxxxxxxxxxxxxxxxxxxxxxxxxxxxxxxxxxxxxxxxxxxxxxxxxxxxxxxxxxxxxxxx...;70236:xxxxxxxxxxxxxxxxxxxxxxxxxxxxxxxxxxxxxxxxxxxxxxxxxxxxxxxxxxxxxxxxxxxxxxxxxxxxxxxxxxxxxxxxxxxxxxxxxxxxxxxxxxxxxxxxxxxxxxxx...;70236:xxxxxxxxxxxxxxxxxxxxxxxxxxxxxxxxxxxxxxxxxxxxxxxxxxxxxxxxxxxxxxxxxxxxxxxxxxxxxxxxxxxxxxxxxxxxxxxxxxxxxxxxxxxxxxxxxxxxxxxx...
[15:11:27.991] cap4637#3: pid=80728 died=True exit=-2147483645 elapsedMs=351 stdout=0B stderr=0B logLines=6
[15:11:27.991] cap4637#3: message windows -> 0| | static=4637|70236:xxxxxxxxxxxxxxxxxxxxxxxxxxxxxxxxxxxxxxxxxxxxxxxxxxxxxxxxxxxxxxxxxxxxxxxxxxxxxxxxxxxxxxxxxxxxxxxxxxxxxxxxxxxxxxxxxxxxxxxx...;70236:xxxxxxxxxxxxxxxxxxxxxxxxxxxxxxxxxxxxxxxxxxxxxxxxxxxxxxxxxxxxxxxxxxxxxxxxxxxxxxxxxxxxxxxxxxxxxxxxxxxxxxxxxxxxxxxxxxxxxxxx...;70236:xxxxxxxxxxxxxxxxxxxxxxxxxxxxxxxxxxxxxxxxxxxxxxxxxxxxxxxxxxxxxxxxxxxxxxxxxxxxxxxxxxxxxxxxxxxxxxxxxxxxxxxxxxxxxxxxxxxxxxxx...;70236:xxxxxxxxxxxxxxxxxxxxxxxxxxxxxxxxxxxxxxxxxxxxxxxxxxxxxxxxxxxxxxxxxxxxxxxxxxxxxxxxxxxxxxxxxxxxxxxxxxxxxxxxxxxxxxxxxxxxxxxx...;70236:xxxxxxxxxxxxxxxxxxxxxxxxxxxxxxxxxxxxxxxxxxxxxxxxxxxxxxxxxxxxxxxxxxxxxxxxxxxxxxxxxxxxxxxxxxxxxxxxxxxxxxxxxxxxxxxxxxxxxxxx...;70236:xxxxxxxxxxxxxxxxxxxxxxxxxxxxxxxxxxxxxxxxxxxxxxxxxxxxxxxxxxxxxxxxxxxxxxxxxxxxxxxxxxxxxxxxxxxxxxxxxxxxxxxxxxxxxxxxxxxxxxxx...;70236:xxxxxxxxxxxxxxxxxxxxxxxxxxxxxxxxxxxxxxxxxxxxxxxxxxxxxxxxxxxxxxxxxxxxxxxxxxxxxxxxxxxxxxxxxxxxxxxxxxxxxxxxxxxxxxxxxxxxxxxx...;70236:xxxxxxxxxxxxxxxxxxxxxxxxxxxxxxxxxxxxxxxxxxxxxxxxxxxxxxxxxxxxxxxxxxxxxxxxxxxxxxxxxxxxxxxxxxxxxxxxxxxxxxxxxxxxxxxxxxxxxxxx...
[15:11:27.992] releasing the windows
[15:11:31.017] machine at end: processes=430 threads=12008 handles=262328 physicalFreeMiB=86152 physicalTotalMiB=130989 commitMiB=62457 commitLimitMiB=141229
[15:11:31.017] RESULTS C:\Source\SixFive7\BrowserAI\.work\2026-08-27-desktop-heap\grad-4637\results.json
[15:11:31.018] teardown
[15:11:33.041] CloseDesktop -> True
[15:11:33.042] job closed
[15:11:33.045] window stations now: WinSta0, Service-0x0-127b7b$
[15:11:33.047] desktops on WinSta0: sbox_alternate_desktop_local_winstation_0x7BC8, Default
[15:11:33.047] done
[15:11:33.825] controller pid=45388 out=C:\Source\SixFive7\BrowserAI\.work\2026-08-27-desktop-heap\grad-4620
[15:11:33.831] chromium=C:\Users\jori\AppData\Local\BrowserAI\browsers\chromium-1237\chrome-win64\chrome.exe
[15:11:33.832] host=C:\Program Files\PowerShell\7\pwsh.exe
[15:11:33.846] machine before: processes=428 threads=11960 handles=261223 physicalFreeMiB=86408 physicalTotalMiB=130989 commitMiB=62212 commitLimitMiB=141229
[15:11:33.848] job object created (KILL_ON_JOB_CLOSE); every rig process is assigned to it
[15:11:33.859] created desktop 'WinSta0\BaiG4620' -- UOI_HEAPSIZE = 20480 KB
[15:11:34.680] prober: pid=66768 error=0 :: created=0 lastError=0 userObjects=3 cap=0 heapKb=20480 station=WinSta0 desktop=BaiG4620
[15:11:34.683] filling 4620 windows of 2048-character title onto WinSta0\BaiG4620 (20480 KB) ...
[15:11:37.527] filler 1: pid=77076 error=0 :: created=4620 lastError=0 userObjects=4623 cap=4620 heapKb=20480 station=WinSta0 desktop=BaiG4620
[15:11:37.528] machine after fill: processes=430 threads=12008 handles=262314 physicalFreeMiB=86150 physicalTotalMiB=130989 commitMiB=62411 commitLimitMiB=141229
[15:11:50.222] cap4620#1: pid=79740 died=False exit=57005 elapsedMs=12363 stdout=0B stderr=1163B logLines=678
[15:11:50.224] cap4620#1: message windows -> 5|79740:DeviceMonitorMessageWindow;14244:;79740:;79740:C:\Source\SixFive7\BrowserAI\.work\2026-08-27-desktop-heap\grad-4620\profile-cap4620-1;79740: | static=4620|77076:xxxxxxxxxxxxxxxxxxxxxxxxxxxxxxxxxxxxxxxxxxxxxxxxxxxxxxxxxxxxxxxxxxxxxxxxxxxxxxxxxxxxxxxxxxxxxxxxxxxxxxxxxxxxxxxxxxxxxxxx...;77076:xxxxxxxxxxxxxxxxxxxxxxxxxxxxxxxxxxxxxxxxxxxxxxxxxxxxxxxxxxxxxxxxxxxxxxxxxxxxxxxxxxxxxxxxxxxxxxxxxxxxxxxxxxxxxxxxxxxxxxxx...;77076:xxxxxxxxxxxxxxxxxxxxxxxxxxxxxxxxxxxxxxxxxxxxxxxxxxxxxxxxxxxxxxxxxxxxxxxxxxxxxxxxxxxxxxxxxxxxxxxxxxxxxxxxxxxxxxxxxxxxxxxx...;77076:xxxxxxxxxxxxxxxxxxxxxxxxxxxxxxxxxxxxxxxxxxxxxxxxxxxxxxxxxxxxxxxxxxxxxxxxxxxxxxxxxxxxxxxxxxxxxxxxxxxxxxxxxxxxxxxxxxxxxxxx...;77076:xxxxxxxxxxxxxxxxxxxxxxxxxxxxxxxxxxxxxxxxxxxxxxxxxxxxxxxxxxxxxxxxxxxxxxxxxxxxxxxxxxxxxxxxxxxxxxxxxxxxxxxxxxxxxxxxxxxxxxxx...;77076:xxxxxxxxxxxxxxxxxxxxxxxxxxxxxxxxxxxxxxxxxxxxxxxxxxxxxxxxxxxxxxxxxxxxxxxxxxxxxxxxxxxxxxxxxxxxxxxxxxxxxxxxxxxxxxxxxxxxxxxx...;77076:xxxxxxxxxxxxxxxxxxxxxxxxxxxxxxxxxxxxxxxxxxxxxxxxxxxxxxxxxxxxxxxxxxxxxxxxxxxxxxxxxxxxxxxxxxxxxxxxxxxxxxxxxxxxxxxxxxxxxxxx...;77076:xxxxxxxxxxxxxxxxxxxxxxxxxxxxxxxxxxxxxxxxxxxxxxxxxxxxxxxxxxxxxxxxxxxxxxxxxxxxxxxxxxxxxxxxxxxxxxxxxxxxxxxxxxxxxxxxxxxxxxxx...
[15:12:02.866] cap4620#2: pid=79812 died=False exit=57005 elapsedMs=12310 stdout=0B stderr=890B logLines=676
[15:12:02.867] cap4620#2: message windows -> 5|79812:DeviceMonitorMessageWindow;5264:;79812:;79812:C:\Source\SixFive7\BrowserAI\.work\2026-08-27-desktop-heap\grad-4620\profile-cap4620-2;79812: | static=4620|77076:xxxxxxxxxxxxxxxxxxxxxxxxxxxxxxxxxxxxxxxxxxxxxxxxxxxxxxxxxxxxxxxxxxxxxxxxxxxxxxxxxxxxxxxxxxxxxxxxxxxxxxxxxxxxxxxxxxxxxxxx...;77076:xxxxxxxxxxxxxxxxxxxxxxxxxxxxxxxxxxxxxxxxxxxxxxxxxxxxxxxxxxxxxxxxxxxxxxxxxxxxxxxxxxxxxxxxxxxxxxxxxxxxxxxxxxxxxxxxxxxxxxxx...;77076:xxxxxxxxxxxxxxxxxxxxxxxxxxxxxxxxxxxxxxxxxxxxxxxxxxxxxxxxxxxxxxxxxxxxxxxxxxxxxxxxxxxxxxxxxxxxxxxxxxxxxxxxxxxxxxxxxxxxxxxx...;77076:xxxxxxxxxxxxxxxxxxxxxxxxxxxxxxxxxxxxxxxxxxxxxxxxxxxxxxxxxxxxxxxxxxxxxxxxxxxxxxxxxxxxxxxxxxxxxxxxxxxxxxxxxxxxxxxxxxxxxxxx...;77076:xxxxxxxxxxxxxxxxxxxxxxxxxxxxxxxxxxxxxxxxxxxxxxxxxxxxxxxxxxxxxxxxxxxxxxxxxxxxxxxxxxxxxxxxxxxxxxxxxxxxxxxxxxxxxxxxxxxxxxxx...;77076:xxxxxxxxxxxxxxxxxxxxxxxxxxxxxxxxxxxxxxxxxxxxxxxxxxxxxxxxxxxxxxxxxxxxxxxxxxxxxxxxxxxxxxxxxxxxxxxxxxxxxxxxxxxxxxxxxxxxxxxx...;77076:xxxxxxxxxxxxxxxxxxxxxxxxxxxxxxxxxxxxxxxxxxxxxxxxxxxxxxxxxxxxxxxxxxxxxxxxxxxxxxxxxxxxxxxxxxxxxxxxxxxxxxxxxxxxxxxxxxxxxxxx...;77076:xxxxxxxxxxxxxxxxxxxxxxxxxxxxxxxxxxxxxxxxxxxxxxxxxxxxxxxxxxxxxxxxxxxxxxxxxxxxxxxxxxxxxxxxxxxxxxxxxxxxxxxxxxxxxxxxxxxxxxxx...
[15:12:15.497] cap4620#3: pid=36464 died=False exit=57005 elapsedMs=12293 stdout=0B stderr=890B logLines=661
[15:12:15.497] cap4620#3: message windows -> 5|36464:DeviceMonitorMessageWindow;71704:;36464:;36464:C:\Source\SixFive7\BrowserAI\.work\2026-08-27-desktop-heap\grad-4620\profile-cap4620-3;36464: | static=4620|77076:xxxxxxxxxxxxxxxxxxxxxxxxxxxxxxxxxxxxxxxxxxxxxxxxxxxxxxxxxxxxxxxxxxxxxxxxxxxxxxxxxxxxxxxxxxxxxxxxxxxxxxxxxxxxxxxxxxxxxxxx...;77076:xxxxxxxxxxxxxxxxxxxxxxxxxxxxxxxxxxxxxxxxxxxxxxxxxxxxxxxxxxxxxxxxxxxxxxxxxxxxxxxxxxxxxxxxxxxxxxxxxxxxxxxxxxxxxxxxxxxxxxxx...;77076:xxxxxxxxxxxxxxxxxxxxxxxxxxxxxxxxxxxxxxxxxxxxxxxxxxxxxxxxxxxxxxxxxxxxxxxxxxxxxxxxxxxxxxxxxxxxxxxxxxxxxxxxxxxxxxxxxxxxxxxx...;77076:xxxxxxxxxxxxxxxxxxxxxxxxxxxxxxxxxxxxxxxxxxxxxxxxxxxxxxxxxxxxxxxxxxxxxxxxxxxxxxxxxxxxxxxxxxxxxxxxxxxxxxxxxxxxxxxxxxxxxxxx...;77076:xxxxxxxxxxxxxxxxxxxxxxxxxxxxxxxxxxxxxxxxxxxxxxxxxxxxxxxxxxxxxxxxxxxxxxxxxxxxxxxxxxxxxxxxxxxxxxxxxxxxxxxxxxxxxxxxxxxxxxxx...;77076:xxxxxxxxxxxxxxxxxxxxxxxxxxxxxxxxxxxxxxxxxxxxxxxxxxxxxxxxxxxxxxxxxxxxxxxxxxxxxxxxxxxxxxxxxxxxxxxxxxxxxxxxxxxxxxxxxxxxxxxx...;77076:xxxxxxxxxxxxxxxxxxxxxxxxxxxxxxxxxxxxxxxxxxxxxxxxxxxxxxxxxxxxxxxxxxxxxxxxxxxxxxxxxxxxxxxxxxxxxxxxxxxxxxxxxxxxxxxxxxxxxxxx...;77076:xxxxxxxxxxxxxxxxxxxxxxxxxxxxxxxxxxxxxxxxxxxxxxxxxxxxxxxxxxxxxxxxxxxxxxxxxxxxxxxxxxxxxxxxxxxxxxxxxxxxxxxxxxxxxxxxxxxxxxxx...
[15:12:15.498] releasing the windows
[15:12:18.519] machine at end: processes=430 threads=11840 handles=260178 physicalFreeMiB=86186 physicalTotalMiB=130989 commitMiB=62284 commitLimitMiB=141229
[15:12:18.520] RESULTS C:\Source\SixFive7\BrowserAI\.work\2026-08-27-desktop-heap\grad-4620\results.json
[15:12:18.520] teardown
[15:12:20.531] CloseDesktop -> True
[15:12:20.532] job closed
[15:12:20.535] window stations now: WinSta0, Service-0x0-127b7b$
[15:12:20.537] desktops on WinSta0: sbox_alternate_desktop_local_winstation_0x7BC8, Default
[15:12:20.537] done
[15:12:21.205] controller pid=64688 out=C:\Source\SixFive7\BrowserAI\.work\2026-08-27-desktop-heap\grad-4600
[15:12:21.210] chromium=C:\Users\jori\AppData\Local\BrowserAI\browsers\chromium-1237\chrome-win64\chrome.exe
[15:12:21.211] host=C:\Program Files\PowerShell\7\pwsh.exe
[15:12:21.224] machine before: processes=426 threads=11816 handles=259046 physicalFreeMiB=86429 physicalTotalMiB=130989 commitMiB=62031 commitLimitMiB=141229
[15:12:21.226] job object created (KILL_ON_JOB_CLOSE); every rig process is assigned to it
[15:12:21.238] created desktop 'WinSta0\BaiG4600' -- UOI_HEAPSIZE = 20480 KB
[15:12:22.066] prober: pid=66376 error=0 :: created=0 lastError=0 userObjects=3 cap=0 heapKb=20480 station=WinSta0 desktop=BaiG4600
[15:12:22.068] filling 4600 windows of 2048-character title onto WinSta0\BaiG4600 (20480 KB) ...
[15:12:24.751] filler 1: pid=8456 error=0 :: created=4600 lastError=0 userObjects=4603 cap=4600 heapKb=20480 station=WinSta0 desktop=BaiG4600
[15:12:24.752] machine after fill: processes=430 threads=11867 handles=260454 physicalFreeMiB=86166 physicalTotalMiB=130989 commitMiB=62302 commitLimitMiB=141229
[15:12:37.531] cap4600#1: pid=74860 died=False exit=57005 elapsedMs=12427 stdout=0B stderr=1163B logLines=648
[15:12:37.533] cap4600#1: message windows -> 5|74860:DeviceMonitorMessageWindow;77840:;74860:;74860:C:\Source\SixFive7\BrowserAI\.work\2026-08-27-desktop-heap\grad-4600\profile-cap4600-1;74860: | static=4600|8456:xxxxxxxxxxxxxxxxxxxxxxxxxxxxxxxxxxxxxxxxxxxxxxxxxxxxxxxxxxxxxxxxxxxxxxxxxxxxxxxxxxxxxxxxxxxxxxxxxxxxxxxxxxxxxxxxxxxxxxxx...;8456:xxxxxxxxxxxxxxxxxxxxxxxxxxxxxxxxxxxxxxxxxxxxxxxxxxxxxxxxxxxxxxxxxxxxxxxxxxxxxxxxxxxxxxxxxxxxxxxxxxxxxxxxxxxxxxxxxxxxxxxx...;8456:xxxxxxxxxxxxxxxxxxxxxxxxxxxxxxxxxxxxxxxxxxxxxxxxxxxxxxxxxxxxxxxxxxxxxxxxxxxxxxxxxxxxxxxxxxxxxxxxxxxxxxxxxxxxxxxxxxxxxxxx...;8456:xxxxxxxxxxxxxxxxxxxxxxxxxxxxxxxxxxxxxxxxxxxxxxxxxxxxxxxxxxxxxxxxxxxxxxxxxxxxxxxxxxxxxxxxxxxxxxxxxxxxxxxxxxxxxxxxxxxxxxxx...;8456:xxxxxxxxxxxxxxxxxxxxxxxxxxxxxxxxxxxxxxxxxxxxxxxxxxxxxxxxxxxxxxxxxxxxxxxxxxxxxxxxxxxxxxxxxxxxxxxxxxxxxxxxxxxxxxxxxxxxxxxx...;8456:xxxxxxxxxxxxxxxxxxxxxxxxxxxxxxxxxxxxxxxxxxxxxxxxxxxxxxxxxxxxxxxxxxxxxxxxxxxxxxxxxxxxxxxxxxxxxxxxxxxxxxxxxxxxxxxxxxxxxxxx...;8456:xxxxxxxxxxxxxxxxxxxxxxxxxxxxxxxxxxxxxxxxxxxxxxxxxxxxxxxxxxxxxxxxxxxxxxxxxxxxxxxxxxxxxxxxxxxxxxxxxxxxxxxxxxxxxxxxxxxxxxxx...;8456:xxxxxxxxxxxxxxxxxxxxxxxxxxxxxxxxxxxxxxxxxxxxxxxxxxxxxxxxxxxxxxxxxxxxxxxxxxxxxxxxxxxxxxxxxxxxxxxxxxxxxxxxxxxxxxxxxxxxxxxx...
[15:12:50.211] cap4600#2: pid=70556 died=False exit=57005 elapsedMs=12334 stdout=0B stderr=1163B logLines=682
[15:12:50.212] cap4600#2: message windows -> 5|70556:DeviceMonitorMessageWindow;74084:;70556:;70556:C:\Source\SixFive7\BrowserAI\.work\2026-08-27-desktop-heap\grad-4600\profile-cap4600-2;70556: | static=4600|8456:xxxxxxxxxxxxxxxxxxxxxxxxxxxxxxxxxxxxxxxxxxxxxxxxxxxxxxxxxxxxxxxxxxxxxxxxxxxxxxxxxxxxxxxxxxxxxxxxxxxxxxxxxxxxxxxxxxxxxxxx...;8456:xxxxxxxxxxxxxxxxxxxxxxxxxxxxxxxxxxxxxxxxxxxxxxxxxxxxxxxxxxxxxxxxxxxxxxxxxxxxxxxxxxxxxxxxxxxxxxxxxxxxxxxxxxxxxxxxxxxxxxxx...;8456:xxxxxxxxxxxxxxxxxxxxxxxxxxxxxxxxxxxxxxxxxxxxxxxxxxxxxxxxxxxxxxxxxxxxxxxxxxxxxxxxxxxxxxxxxxxxxxxxxxxxxxxxxxxxxxxxxxxxxxxx...;8456:xxxxxxxxxxxxxxxxxxxxxxxxxxxxxxxxxxxxxxxxxxxxxxxxxxxxxxxxxxxxxxxxxxxxxxxxxxxxxxxxxxxxxxxxxxxxxxxxxxxxxxxxxxxxxxxxxxxxxxxx...;8456:xxxxxxxxxxxxxxxxxxxxxxxxxxxxxxxxxxxxxxxxxxxxxxxxxxxxxxxxxxxxxxxxxxxxxxxxxxxxxxxxxxxxxxxxxxxxxxxxxxxxxxxxxxxxxxxxxxxxxxxx...;8456:xxxxxxxxxxxxxxxxxxxxxxxxxxxxxxxxxxxxxxxxxxxxxxxxxxxxxxxxxxxxxxxxxxxxxxxxxxxxxxxxxxxxxxxxxxxxxxxxxxxxxxxxxxxxxxxxxxxxxxxx...;8456:xxxxxxxxxxxxxxxxxxxxxxxxxxxxxxxxxxxxxxxxxxxxxxxxxxxxxxxxxxxxxxxxxxxxxxxxxxxxxxxxxxxxxxxxxxxxxxxxxxxxxxxxxxxxxxxxxxxxxxxx...;8456:xxxxxxxxxxxxxxxxxxxxxxxxxxxxxxxxxxxxxxxxxxxxxxxxxxxxxxxxxxxxxxxxxxxxxxxxxxxxxxxxxxxxxxxxxxxxxxxxxxxxxxxxxxxxxxxxxxxxxxxx...
[15:13:02.869] cap4600#3: pid=53172 died=False exit=57005 elapsedMs=12330 stdout=0B stderr=1163B logLines=663
[15:13:02.869] cap4600#3: message windows -> 5|53172:DeviceMonitorMessageWindow;81080:;53172:;53172:C:\Source\SixFive7\BrowserAI\.work\2026-08-27-desktop-heap\grad-4600\profile-cap4600-3;53172: | static=4600|8456:xxxxxxxxxxxxxxxxxxxxxxxxxxxxxxxxxxxxxxxxxxxxxxxxxxxxxxxxxxxxxxxxxxxxxxxxxxxxxxxxxxxxxxxxxxxxxxxxxxxxxxxxxxxxxxxxxxxxxxxx...;8456:xxxxxxxxxxxxxxxxxxxxxxxxxxxxxxxxxxxxxxxxxxxxxxxxxxxxxxxxxxxxxxxxxxxxxxxxxxxxxxxxxxxxxxxxxxxxxxxxxxxxxxxxxxxxxxxxxxxxxxxx...;8456:xxxxxxxxxxxxxxxxxxxxxxxxxxxxxxxxxxxxxxxxxxxxxxxxxxxxxxxxxxxxxxxxxxxxxxxxxxxxxxxxxxxxxxxxxxxxxxxxxxxxxxxxxxxxxxxxxxxxxxxx...;8456:xxxxxxxxxxxxxxxxxxxxxxxxxxxxxxxxxxxxxxxxxxxxxxxxxxxxxxxxxxxxxxxxxxxxxxxxxxxxxxxxxxxxxxxxxxxxxxxxxxxxxxxxxxxxxxxxxxxxxxxx...;8456:xxxxxxxxxxxxxxxxxxxxxxxxxxxxxxxxxxxxxxxxxxxxxxxxxxxxxxxxxxxxxxxxxxxxxxxxxxxxxxxxxxxxxxxxxxxxxxxxxxxxxxxxxxxxxxxxxxxxxxxx...;8456:xxxxxxxxxxxxxxxxxxxxxxxxxxxxxxxxxxxxxxxxxxxxxxxxxxxxxxxxxxxxxxxxxxxxxxxxxxxxxxxxxxxxxxxxxxxxxxxxxxxxxxxxxxxxxxxxxxxxxxxx...;8456:xxxxxxxxxxxxxxxxxxxxxxxxxxxxxxxxxxxxxxxxxxxxxxxxxxxxxxxxxxxxxxxxxxxxxxxxxxxxxxxxxxxxxxxxxxxxxxxxxxxxxxxxxxxxxxxxxxxxxxxx...;8456:xxxxxxxxxxxxxxxxxxxxxxxxxxxxxxxxxxxxxxxxxxxxxxxxxxxxxxxxxxxxxxxxxxxxxxxxxxxxxxxxxxxxxxxxxxxxxxxxxxxxxxxxxxxxxxxxxxxxxxxx...
[15:13:02.870] releasing the windows
[15:13:05.887] machine at end: processes=432 threads=11828 handles=260613 physicalFreeMiB=86139 physicalTotalMiB=130989 commitMiB=62385 commitLimitMiB=141229
[15:13:05.888] RESULTS C:\Source\SixFive7\BrowserAI\.work\2026-08-27-desktop-heap\grad-4600\results.json
[15:13:05.888] teardown
[15:13:07.905] CloseDesktop -> True
[15:13:07.906] job closed
[15:13:07.910] window stations now: WinSta0, Service-0x0-127b7b$
[15:13:07.911] desktops on WinSta0: sbox_alternate_desktop_local_winstation_0x7BC8, Default
[15:13:07.912] done
[15:13:08.613] controller pid=28020 out=C:\Source\SixFive7\BrowserAI\.work\2026-08-27-desktop-heap\grad-4550
[15:13:08.619] chromium=C:\Users\jori\AppData\Local\BrowserAI\browsers\chromium-1237\chrome-win64\chrome.exe
[15:13:08.620] host=C:\Program Files\PowerShell\7\pwsh.exe
[15:13:08.623] machine before: processes=426 threads=11794 handles=259061 physicalFreeMiB=86423 physicalTotalMiB=130989 commitMiB=62039 commitLimitMiB=141229
[15:13:08.635] job object created (KILL_ON_JOB_CLOSE); every rig process is assigned to it
[15:13:08.646] created desktop 'WinSta0\BaiG4550' -- UOI_HEAPSIZE = 20480 KB
[15:13:09.456] prober: pid=74556 error=0 :: created=0 lastError=0 userObjects=3 cap=0 heapKb=20480 station=WinSta0 desktop=BaiG4550
[15:13:09.458] filling 4550 windows of 2048-character title onto WinSta0\BaiG4550 (20480 KB) ...
[15:13:11.978] filler 1: pid=59324 error=0 :: created=4550 lastError=0 userObjects=4553 cap=4550 heapKb=20480 station=WinSta0 desktop=BaiG4550
[15:13:11.979] machine after fill: processes=430 threads=11853 handles=260440 physicalFreeMiB=86168 physicalTotalMiB=130989 commitMiB=62272 commitLimitMiB=141229
[15:13:24.748] cap4550#1: pid=7908 died=False exit=57005 elapsedMs=12416 stdout=0B stderr=1156B logLines=678
[15:13:24.749] cap4550#1: message windows -> 5|7908:DeviceMonitorMessageWindow;52836:;7908:;7908:C:\Source\SixFive7\BrowserAI\.work\2026-08-27-desktop-heap\grad-4550\profile-cap4550-1;7908: | static=4550|59324:xxxxxxxxxxxxxxxxxxxxxxxxxxxxxxxxxxxxxxxxxxxxxxxxxxxxxxxxxxxxxxxxxxxxxxxxxxxxxxxxxxxxxxxxxxxxxxxxxxxxxxxxxxxxxxxxxxxxxxxx...;59324:xxxxxxxxxxxxxxxxxxxxxxxxxxxxxxxxxxxxxxxxxxxxxxxxxxxxxxxxxxxxxxxxxxxxxxxxxxxxxxxxxxxxxxxxxxxxxxxxxxxxxxxxxxxxxxxxxxxxxxxx...;59324:xxxxxxxxxxxxxxxxxxxxxxxxxxxxxxxxxxxxxxxxxxxxxxxxxxxxxxxxxxxxxxxxxxxxxxxxxxxxxxxxxxxxxxxxxxxxxxxxxxxxxxxxxxxxxxxxxxxxxxxx...;59324:xxxxxxxxxxxxxxxxxxxxxxxxxxxxxxxxxxxxxxxxxxxxxxxxxxxxxxxxxxxxxxxxxxxxxxxxxxxxxxxxxxxxxxxxxxxxxxxxxxxxxxxxxxxxxxxxxxxxxxxx...;59324:xxxxxxxxxxxxxxxxxxxxxxxxxxxxxxxxxxxxxxxxxxxxxxxxxxxxxxxxxxxxxxxxxxxxxxxxxxxxxxxxxxxxxxxxxxxxxxxxxxxxxxxxxxxxxxxxxxxxxxxx...;59324:xxxxxxxxxxxxxxxxxxxxxxxxxxxxxxxxxxxxxxxxxxxxxxxxxxxxxxxxxxxxxxxxxxxxxxxxxxxxxxxxxxxxxxxxxxxxxxxxxxxxxxxxxxxxxxxxxxxxxxxx...;59324:xxxxxxxxxxxxxxxxxxxxxxxxxxxxxxxxxxxxxxxxxxxxxxxxxxxxxxxxxxxxxxxxxxxxxxxxxxxxxxxxxxxxxxxxxxxxxxxxxxxxxxxxxxxxxxxxxxxxxxxx...;59324:xxxxxxxxxxxxxxxxxxxxxxxxxxxxxxxxxxxxxxxxxxxxxxxxxxxxxxxxxxxxxxxxxxxxxxxxxxxxxxxxxxxxxxxxxxxxxxxxxxxxxxxxxxxxxxxxxxxxxxxx...
[15:13:37.406] cap4550#2: pid=12256 died=False exit=57005 elapsedMs=12309 stdout=0B stderr=890B logLines=679
[15:13:37.407] cap4550#2: message windows -> 5|12256:DeviceMonitorMessageWindow;75844:;12256:;12256:C:\Source\SixFive7\BrowserAI\.work\2026-08-27-desktop-heap\grad-4550\profile-cap4550-2;12256: | static=4550|59324:xxxxxxxxxxxxxxxxxxxxxxxxxxxxxxxxxxxxxxxxxxxxxxxxxxxxxxxxxxxxxxxxxxxxxxxxxxxxxxxxxxxxxxxxxxxxxxxxxxxxxxxxxxxxxxxxxxxxxxxx...;59324:xxxxxxxxxxxxxxxxxxxxxxxxxxxxxxxxxxxxxxxxxxxxxxxxxxxxxxxxxxxxxxxxxxxxxxxxxxxxxxxxxxxxxxxxxxxxxxxxxxxxxxxxxxxxxxxxxxxxxxxx...;59324:xxxxxxxxxxxxxxxxxxxxxxxxxxxxxxxxxxxxxxxxxxxxxxxxxxxxxxxxxxxxxxxxxxxxxxxxxxxxxxxxxxxxxxxxxxxxxxxxxxxxxxxxxxxxxxxxxxxxxxxx...;59324:xxxxxxxxxxxxxxxxxxxxxxxxxxxxxxxxxxxxxxxxxxxxxxxxxxxxxxxxxxxxxxxxxxxxxxxxxxxxxxxxxxxxxxxxxxxxxxxxxxxxxxxxxxxxxxxxxxxxxxxx...;59324:xxxxxxxxxxxxxxxxxxxxxxxxxxxxxxxxxxxxxxxxxxxxxxxxxxxxxxxxxxxxxxxxxxxxxxxxxxxxxxxxxxxxxxxxxxxxxxxxxxxxxxxxxxxxxxxxxxxxxxxx...;59324:xxxxxxxxxxxxxxxxxxxxxxxxxxxxxxxxxxxxxxxxxxxxxxxxxxxxxxxxxxxxxxxxxxxxxxxxxxxxxxxxxxxxxxxxxxxxxxxxxxxxxxxxxxxxxxxxxxxxxxxx...;59324:xxxxxxxxxxxxxxxxxxxxxxxxxxxxxxxxxxxxxxxxxxxxxxxxxxxxxxxxxxxxxxxxxxxxxxxxxxxxxxxxxxxxxxxxxxxxxxxxxxxxxxxxxxxxxxxxxxxxxxxx...;59324:xxxxxxxxxxxxxxxxxxxxxxxxxxxxxxxxxxxxxxxxxxxxxxxxxxxxxxxxxxxxxxxxxxxxxxxxxxxxxxxxxxxxxxxxxxxxxxxxxxxxxxxxxxxxxxxxxxxxxxxx...
[15:13:50.048] cap4550#3: pid=40840 died=False exit=57005 elapsedMs=12305 stdout=0B stderr=890B logLines=661
[15:13:50.049] cap4550#3: message windows -> 5|40840:DeviceMonitorMessageWindow;71436:;40840:;40840:C:\Source\SixFive7\BrowserAI\.work\2026-08-27-desktop-heap\grad-4550\profile-cap4550-3;40840: | static=4550|59324:xxxxxxxxxxxxxxxxxxxxxxxxxxxxxxxxxxxxxxxxxxxxxxxxxxxxxxxxxxxxxxxxxxxxxxxxxxxxxxxxxxxxxxxxxxxxxxxxxxxxxxxxxxxxxxxxxxxxxxxx...;59324:xxxxxxxxxxxxxxxxxxxxxxxxxxxxxxxxxxxxxxxxxxxxxxxxxxxxxxxxxxxxxxxxxxxxxxxxxxxxxxxxxxxxxxxxxxxxxxxxxxxxxxxxxxxxxxxxxxxxxxxx...;59324:xxxxxxxxxxxxxxxxxxxxxxxxxxxxxxxxxxxxxxxxxxxxxxxxxxxxxxxxxxxxxxxxxxxxxxxxxxxxxxxxxxxxxxxxxxxxxxxxxxxxxxxxxxxxxxxxxxxxxxxx...;59324:xxxxxxxxxxxxxxxxxxxxxxxxxxxxxxxxxxxxxxxxxxxxxxxxxxxxxxxxxxxxxxxxxxxxxxxxxxxxxxxxxxxxxxxxxxxxxxxxxxxxxxxxxxxxxxxxxxxxxxxx...;59324:xxxxxxxxxxxxxxxxxxxxxxxxxxxxxxxxxxxxxxxxxxxxxxxxxxxxxxxxxxxxxxxxxxxxxxxxxxxxxxxxxxxxxxxxxxxxxxxxxxxxxxxxxxxxxxxxxxxxxxxx...;59324:xxxxxxxxxxxxxxxxxxxxxxxxxxxxxxxxxxxxxxxxxxxxxxxxxxxxxxxxxxxxxxxxxxxxxxxxxxxxxxxxxxxxxxxxxxxxxxxxxxxxxxxxxxxxxxxxxxxxxxxx...;59324:xxxxxxxxxxxxxxxxxxxxxxxxxxxxxxxxxxxxxxxxxxxxxxxxxxxxxxxxxxxxxxxxxxxxxxxxxxxxxxxxxxxxxxxxxxxxxxxxxxxxxxxxxxxxxxxxxxxxxxxx...;59324:xxxxxxxxxxxxxxxxxxxxxxxxxxxxxxxxxxxxxxxxxxxxxxxxxxxxxxxxxxxxxxxxxxxxxxxxxxxxxxxxxxxxxxxxxxxxxxxxxxxxxxxxxxxxxxxxxxxxxxxx...
[15:13:50.050] releasing the windows
[15:13:53.068] machine at end: processes=434 threads=11893 handles=261840 physicalFreeMiB=86134 physicalTotalMiB=130989 commitMiB=62332 commitLimitMiB=141229
[15:13:53.068] RESULTS C:\Source\SixFive7\BrowserAI\.work\2026-08-27-desktop-heap\grad-4550\results.json
[15:13:53.069] teardown
[15:13:55.080] CloseDesktop -> True
[15:13:55.081] job closed
[15:13:55.083] window stations now: WinSta0, Service-0x0-127b7b$
[15:13:55.085] desktops on WinSta0: sbox_alternate_desktop_local_winstation_0x7BC8, Default
[15:13:55.085] done
[15:13:56.018] controller pid=74036 out=C:\Source\SixFive7\BrowserAI\.work\2026-08-27-desktop-heap\grad-4500
[15:13:56.024] chromium=C:\Users\jori\AppData\Local\BrowserAI\browsers\chromium-1237\chrome-win64\chrome.exe
[15:13:56.025] host=C:\Program Files\PowerShell\7\pwsh.exe
[15:13:56.027] machine before: processes=432 threads=11854 handles=260771 physicalFreeMiB=86377 physicalTotalMiB=130989 commitMiB=62070 commitLimitMiB=141229
[15:13:56.029] job object created (KILL_ON_JOB_CLOSE); every rig process is assigned to it
[15:13:56.040] created desktop 'WinSta0\BaiG4500' -- UOI_HEAPSIZE = 20480 KB
[15:13:57.043] prober: pid=55448 error=0 :: created=0 lastError=0 userObjects=3 cap=0 heapKb=20480 station=WinSta0 desktop=BaiG4500
[15:13:57.046] filling 4500 windows of 2048-character title onto WinSta0\BaiG4500 (20480 KB) ...
[15:13:59.760] filler 1: pid=73116 error=0 :: created=4500 lastError=0 userObjects=4503 cap=4500 heapKb=20480 station=WinSta0 desktop=BaiG4500
[15:13:59.761] machine after fill: processes=435 threads=11955 handles=262353 physicalFreeMiB=86105 physicalTotalMiB=130989 commitMiB=62322 commitLimitMiB=141229
[15:14:12.459] cap4500#1: pid=79724 died=False exit=57005 elapsedMs=12352 stdout=0B stderr=890B logLines=658
[15:14:12.461] cap4500#1: message windows -> 5|79724:DeviceMonitorMessageWindow;29912:;79724:;79724:C:\Source\SixFive7\BrowserAI\.work\2026-08-27-desktop-heap\grad-4500\profile-cap4500-1;79724: | static=4500|73116:xxxxxxxxxxxxxxxxxxxxxxxxxxxxxxxxxxxxxxxxxxxxxxxxxxxxxxxxxxxxxxxxxxxxxxxxxxxxxxxxxxxxxxxxxxxxxxxxxxxxxxxxxxxxxxxxxxxxxxxx...;73116:xxxxxxxxxxxxxxxxxxxxxxxxxxxxxxxxxxxxxxxxxxxxxxxxxxxxxxxxxxxxxxxxxxxxxxxxxxxxxxxxxxxxxxxxxxxxxxxxxxxxxxxxxxxxxxxxxxxxxxxx...;73116:xxxxxxxxxxxxxxxxxxxxxxxxxxxxxxxxxxxxxxxxxxxxxxxxxxxxxxxxxxxxxxxxxxxxxxxxxxxxxxxxxxxxxxxxxxxxxxxxxxxxxxxxxxxxxxxxxxxxxxxx...;73116:xxxxxxxxxxxxxxxxxxxxxxxxxxxxxxxxxxxxxxxxxxxxxxxxxxxxxxxxxxxxxxxxxxxxxxxxxxxxxxxxxxxxxxxxxxxxxxxxxxxxxxxxxxxxxxxxxxxxxxxx...;73116:xxxxxxxxxxxxxxxxxxxxxxxxxxxxxxxxxxxxxxxxxxxxxxxxxxxxxxxxxxxxxxxxxxxxxxxxxxxxxxxxxxxxxxxxxxxxxxxxxxxxxxxxxxxxxxxxxxxxxxxx...;73116:xxxxxxxxxxxxxxxxxxxxxxxxxxxxxxxxxxxxxxxxxxxxxxxxxxxxxxxxxxxxxxxxxxxxxxxxxxxxxxxxxxxxxxxxxxxxxxxxxxxxxxxxxxxxxxxxxxxxxxxx...;73116:xxxxxxxxxxxxxxxxxxxxxxxxxxxxxxxxxxxxxxxxxxxxxxxxxxxxxxxxxxxxxxxxxxxxxxxxxxxxxxxxxxxxxxxxxxxxxxxxxxxxxxxxxxxxxxxxxxxxxxxx...;73116:xxxxxxxxxxxxxxxxxxxxxxxxxxxxxxxxxxxxxxxxxxxxxxxxxxxxxxxxxxxxxxxxxxxxxxxxxxxxxxxxxxxxxxxxxxxxxxxxxxxxxxxxxxxxxxxxxxxxxxxx...
[15:14:25.124] cap4500#2: pid=72068 died=False exit=57005 elapsedMs=12321 stdout=0B stderr=1163B logLines=678
[15:14:25.125] cap4500#2: message windows -> 5|72068:DeviceMonitorMessageWindow;32124:;72068:;72068:C:\Source\SixFive7\BrowserAI\.work\2026-08-27-desktop-heap\grad-4500\profile-cap4500-2;72068: | static=4500|73116:xxxxxxxxxxxxxxxxxxxxxxxxxxxxxxxxxxxxxxxxxxxxxxxxxxxxxxxxxxxxxxxxxxxxxxxxxxxxxxxxxxxxxxxxxxxxxxxxxxxxxxxxxxxxxxxxxxxxxxxx...;73116:xxxxxxxxxxxxxxxxxxxxxxxxxxxxxxxxxxxxxxxxxxxxxxxxxxxxxxxxxxxxxxxxxxxxxxxxxxxxxxxxxxxxxxxxxxxxxxxxxxxxxxxxxxxxxxxxxxxxxxxx...;73116:xxxxxxxxxxxxxxxxxxxxxxxxxxxxxxxxxxxxxxxxxxxxxxxxxxxxxxxxxxxxxxxxxxxxxxxxxxxxxxxxxxxxxxxxxxxxxxxxxxxxxxxxxxxxxxxxxxxxxxxx...;73116:xxxxxxxxxxxxxxxxxxxxxxxxxxxxxxxxxxxxxxxxxxxxxxxxxxxxxxxxxxxxxxxxxxxxxxxxxxxxxxxxxxxxxxxxxxxxxxxxxxxxxxxxxxxxxxxxxxxxxxxx...;73116:xxxxxxxxxxxxxxxxxxxxxxxxxxxxxxxxxxxxxxxxxxxxxxxxxxxxxxxxxxxxxxxxxxxxxxxxxxxxxxxxxxxxxxxxxxxxxxxxxxxxxxxxxxxxxxxxxxxxxxxx...;73116:xxxxxxxxxxxxxxxxxxxxxxxxxxxxxxxxxxxxxxxxxxxxxxxxxxxxxxxxxxxxxxxxxxxxxxxxxxxxxxxxxxxxxxxxxxxxxxxxxxxxxxxxxxxxxxxxxxxxxxxx...;73116:xxxxxxxxxxxxxxxxxxxxxxxxxxxxxxxxxxxxxxxxxxxxxxxxxxxxxxxxxxxxxxxxxxxxxxxxxxxxxxxxxxxxxxxxxxxxxxxxxxxxxxxxxxxxxxxxxxxxxxxx...;73116:xxxxxxxxxxxxxxxxxxxxxxxxxxxxxxxxxxxxxxxxxxxxxxxxxxxxxxxxxxxxxxxxxxxxxxxxxxxxxxxxxxxxxxxxxxxxxxxxxxxxxxxxxxxxxxxxxxxxxxxx...
[15:14:37.768] cap4500#3: pid=49776 died=False exit=57005 elapsedMs=12302 stdout=0B stderr=890B logLines=658
[15:14:37.769] cap4500#3: message windows -> 5|49776:DeviceMonitorMessageWindow;67328:;49776:;49776:C:\Source\SixFive7\BrowserAI\.work\2026-08-27-desktop-heap\grad-4500\profile-cap4500-3;49776: | static=4500|73116:xxxxxxxxxxxxxxxxxxxxxxxxxxxxxxxxxxxxxxxxxxxxxxxxxxxxxxxxxxxxxxxxxxxxxxxxxxxxxxxxxxxxxxxxxxxxxxxxxxxxxxxxxxxxxxxxxxxxxxxx...;73116:xxxxxxxxxxxxxxxxxxxxxxxxxxxxxxxxxxxxxxxxxxxxxxxxxxxxxxxxxxxxxxxxxxxxxxxxxxxxxxxxxxxxxxxxxxxxxxxxxxxxxxxxxxxxxxxxxxxxxxxx...;73116:xxxxxxxxxxxxxxxxxxxxxxxxxxxxxxxxxxxxxxxxxxxxxxxxxxxxxxxxxxxxxxxxxxxxxxxxxxxxxxxxxxxxxxxxxxxxxxxxxxxxxxxxxxxxxxxxxxxxxxxx...;73116:xxxxxxxxxxxxxxxxxxxxxxxxxxxxxxxxxxxxxxxxxxxxxxxxxxxxxxxxxxxxxxxxxxxxxxxxxxxxxxxxxxxxxxxxxxxxxxxxxxxxxxxxxxxxxxxxxxxxxxxx...;73116:xxxxxxxxxxxxxxxxxxxxxxxxxxxxxxxxxxxxxxxxxxxxxxxxxxxxxxxxxxxxxxxxxxxxxxxxxxxxxxxxxxxxxxxxxxxxxxxxxxxxxxxxxxxxxxxxxxxxxxxx...;73116:xxxxxxxxxxxxxxxxxxxxxxxxxxxxxxxxxxxxxxxxxxxxxxxxxxxxxxxxxxxxxxxxxxxxxxxxxxxxxxxxxxxxxxxxxxxxxxxxxxxxxxxxxxxxxxxxxxxxxxxx...;73116:xxxxxxxxxxxxxxxxxxxxxxxxxxxxxxxxxxxxxxxxxxxxxxxxxxxxxxxxxxxxxxxxxxxxxxxxxxxxxxxxxxxxxxxxxxxxxxxxxxxxxxxxxxxxxxxxxxxxxxxx...;73116:xxxxxxxxxxxxxxxxxxxxxxxxxxxxxxxxxxxxxxxxxxxxxxxxxxxxxxxxxxxxxxxxxxxxxxxxxxxxxxxxxxxxxxxxxxxxxxxxxxxxxxxxxxxxxxxxxxxxxxxx...
[15:14:37.770] releasing the windows
[15:14:40.786] machine at end: processes=435 threads=12245 handles=262549 physicalFreeMiB=86102 physicalTotalMiB=130989 commitMiB=62361 commitLimitMiB=141229
[15:14:40.787] RESULTS C:\Source\SixFive7\BrowserAI\.work\2026-08-27-desktop-heap\grad-4500\results.json
[15:14:40.787] teardown
[15:14:42.800] CloseDesktop -> True
[15:14:42.801] job closed
[15:14:42.804] window stations now: WinSta0, Service-0x0-127b7b$
[15:14:42.806] desktops on WinSta0: sbox_alternate_desktop_local_winstation_0x7BC8, Default
[15:14:42.806] done
[15:14:43.487] controller pid=55832 out=C:\Source\SixFive7\BrowserAI\.work\2026-08-27-desktop-heap\grad-4400
[15:14:43.492] chromium=C:\Users\jori\AppData\Local\BrowserAI\browsers\chromium-1237\chrome-win64\chrome.exe
[15:14:43.493] host=C:\Program Files\PowerShell\7\pwsh.exe
[15:14:43.506] machine before: processes=431 threads=12201 handles=261248 physicalFreeMiB=86365 physicalTotalMiB=130989 commitMiB=62084 commitLimitMiB=141229
[15:14:43.508] job object created (KILL_ON_JOB_CLOSE); every rig process is assigned to it
[15:14:43.519] created desktop 'WinSta0\BaiG4400' -- UOI_HEAPSIZE = 20480 KB
[15:14:44.335] prober: pid=70016 error=0 :: created=0 lastError=0 userObjects=3 cap=0 heapKb=20480 station=WinSta0 desktop=BaiG4400
[15:14:44.337] filling 4400 windows of 2048-character title onto WinSta0\BaiG4400 (20480 KB) ...
[15:14:46.854] filler 1: pid=53540 error=0 :: created=4400 lastError=0 userObjects=4403 cap=4400 heapKb=20480 station=WinSta0 desktop=BaiG4400
[15:14:46.855] machine after fill: processes=435 threads=12248 handles=262546 physicalFreeMiB=86115 physicalTotalMiB=130989 commitMiB=62346 commitLimitMiB=141229
[15:14:59.543] cap4400#1: pid=53544 died=False exit=57005 elapsedMs=12341 stdout=0B stderr=890B logLines=676
[15:14:59.545] cap4400#1: message windows -> 5|53544:DeviceMonitorMessageWindow;48964:;53544:;53544:C:\Source\SixFive7\BrowserAI\.work\2026-08-27-desktop-heap\grad-4400\profile-cap4400-1;53544: | static=4400|53540:xxxxxxxxxxxxxxxxxxxxxxxxxxxxxxxxxxxxxxxxxxxxxxxxxxxxxxxxxxxxxxxxxxxxxxxxxxxxxxxxxxxxxxxxxxxxxxxxxxxxxxxxxxxxxxxxxxxxxxxx...;53540:xxxxxxxxxxxxxxxxxxxxxxxxxxxxxxxxxxxxxxxxxxxxxxxxxxxxxxxxxxxxxxxxxxxxxxxxxxxxxxxxxxxxxxxxxxxxxxxxxxxxxxxxxxxxxxxxxxxxxxxx...;53540:xxxxxxxxxxxxxxxxxxxxxxxxxxxxxxxxxxxxxxxxxxxxxxxxxxxxxxxxxxxxxxxxxxxxxxxxxxxxxxxxxxxxxxxxxxxxxxxxxxxxxxxxxxxxxxxxxxxxxxxx...;53540:xxxxxxxxxxxxxxxxxxxxxxxxxxxxxxxxxxxxxxxxxxxxxxxxxxxxxxxxxxxxxxxxxxxxxxxxxxxxxxxxxxxxxxxxxxxxxxxxxxxxxxxxxxxxxxxxxxxxxxxx...;53540:xxxxxxxxxxxxxxxxxxxxxxxxxxxxxxxxxxxxxxxxxxxxxxxxxxxxxxxxxxxxxxxxxxxxxxxxxxxxxxxxxxxxxxxxxxxxxxxxxxxxxxxxxxxxxxxxxxxxxxxx...;53540:xxxxxxxxxxxxxxxxxxxxxxxxxxxxxxxxxxxxxxxxxxxxxxxxxxxxxxxxxxxxxxxxxxxxxxxxxxxxxxxxxxxxxxxxxxxxxxxxxxxxxxxxxxxxxxxxxxxxxxxx...;53540:xxxxxxxxxxxxxxxxxxxxxxxxxxxxxxxxxxxxxxxxxxxxxxxxxxxxxxxxxxxxxxxxxxxxxxxxxxxxxxxxxxxxxxxxxxxxxxxxxxxxxxxxxxxxxxxxxxxxxxxx...;53540:xxxxxxxxxxxxxxxxxxxxxxxxxxxxxxxxxxxxxxxxxxxxxxxxxxxxxxxxxxxxxxxxxxxxxxxxxxxxxxxxxxxxxxxxxxxxxxxxxxxxxxxxxxxxxxxxxxxxxxxx...
[15:15:12.200] cap4400#2: pid=46076 died=False exit=57005 elapsedMs=12310 stdout=0B stderr=880B logLines=675
[15:15:12.200] cap4400#2: message windows -> 5|46076:DeviceMonitorMessageWindow;31784:;46076:;46076:C:\Source\SixFive7\BrowserAI\.work\2026-08-27-desktop-heap\grad-4400\profile-cap4400-2;46076: | static=4400|53540:xxxxxxxxxxxxxxxxxxxxxxxxxxxxxxxxxxxxxxxxxxxxxxxxxxxxxxxxxxxxxxxxxxxxxxxxxxxxxxxxxxxxxxxxxxxxxxxxxxxxxxxxxxxxxxxxxxxxxxxx...;53540:xxxxxxxxxxxxxxxxxxxxxxxxxxxxxxxxxxxxxxxxxxxxxxxxxxxxxxxxxxxxxxxxxxxxxxxxxxxxxxxxxxxxxxxxxxxxxxxxxxxxxxxxxxxxxxxxxxxxxxxx...;53540:xxxxxxxxxxxxxxxxxxxxxxxxxxxxxxxxxxxxxxxxxxxxxxxxxxxxxxxxxxxxxxxxxxxxxxxxxxxxxxxxxxxxxxxxxxxxxxxxxxxxxxxxxxxxxxxxxxxxxxxx...;53540:xxxxxxxxxxxxxxxxxxxxxxxxxxxxxxxxxxxxxxxxxxxxxxxxxxxxxxxxxxxxxxxxxxxxxxxxxxxxxxxxxxxxxxxxxxxxxxxxxxxxxxxxxxxxxxxxxxxxxxxx...;53540:xxxxxxxxxxxxxxxxxxxxxxxxxxxxxxxxxxxxxxxxxxxxxxxxxxxxxxxxxxxxxxxxxxxxxxxxxxxxxxxxxxxxxxxxxxxxxxxxxxxxxxxxxxxxxxxxxxxxxxxx...;53540:xxxxxxxxxxxxxxxxxxxxxxxxxxxxxxxxxxxxxxxxxxxxxxxxxxxxxxxxxxxxxxxxxxxxxxxxxxxxxxxxxxxxxxxxxxxxxxxxxxxxxxxxxxxxxxxxxxxxxxxx...;53540:xxxxxxxxxxxxxxxxxxxxxxxxxxxxxxxxxxxxxxxxxxxxxxxxxxxxxxxxxxxxxxxxxxxxxxxxxxxxxxxxxxxxxxxxxxxxxxxxxxxxxxxxxxxxxxxxxxxxxxxx...;53540:xxxxxxxxxxxxxxxxxxxxxxxxxxxxxxxxxxxxxxxxxxxxxxxxxxxxxxxxxxxxxxxxxxxxxxxxxxxxxxxxxxxxxxxxxxxxxxxxxxxxxxxxxxxxxxxxxxxxxxxx...
[15:15:24.860] cap4400#3: pid=74380 died=False exit=57005 elapsedMs=12320 stdout=0B stderr=585B logLines=659
[15:15:24.861] cap4400#3: message windows -> 5|74380:DeviceMonitorMessageWindow;78252:;74380:;74380:C:\Source\SixFive7\BrowserAI\.work\2026-08-27-desktop-heap\grad-4400\profile-cap4400-3;74380: | static=4400|53540:xxxxxxxxxxxxxxxxxxxxxxxxxxxxxxxxxxxxxxxxxxxxxxxxxxxxxxxxxxxxxxxxxxxxxxxxxxxxxxxxxxxxxxxxxxxxxxxxxxxxxxxxxxxxxxxxxxxxxxxx...;53540:xxxxxxxxxxxxxxxxxxxxxxxxxxxxxxxxxxxxxxxxxxxxxxxxxxxxxxxxxxxxxxxxxxxxxxxxxxxxxxxxxxxxxxxxxxxxxxxxxxxxxxxxxxxxxxxxxxxxxxxx...;53540:xxxxxxxxxxxxxxxxxxxxxxxxxxxxxxxxxxxxxxxxxxxxxxxxxxxxxxxxxxxxxxxxxxxxxxxxxxxxxxxxxxxxxxxxxxxxxxxxxxxxxxxxxxxxxxxxxxxxxxxx...;53540:xxxxxxxxxxxxxxxxxxxxxxxxxxxxxxxxxxxxxxxxxxxxxxxxxxxxxxxxxxxxxxxxxxxxxxxxxxxxxxxxxxxxxxxxxxxxxxxxxxxxxxxxxxxxxxxxxxxxxxxx...;53540:xxxxxxxxxxxxxxxxxxxxxxxxxxxxxxxxxxxxxxxxxxxxxxxxxxxxxxxxxxxxxxxxxxxxxxxxxxxxxxxxxxxxxxxxxxxxxxxxxxxxxxxxxxxxxxxxxxxxxxxx...;53540:xxxxxxxxxxxxxxxxxxxxxxxxxxxxxxxxxxxxxxxxxxxxxxxxxxxxxxxxxxxxxxxxxxxxxxxxxxxxxxxxxxxxxxxxxxxxxxxxxxxxxxxxxxxxxxxxxxxxxxxx...;53540:xxxxxxxxxxxxxxxxxxxxxxxxxxxxxxxxxxxxxxxxxxxxxxxxxxxxxxxxxxxxxxxxxxxxxxxxxxxxxxxxxxxxxxxxxxxxxxxxxxxxxxxxxxxxxxxxxxxxxxxx...;53540:xxxxxxxxxxxxxxxxxxxxxxxxxxxxxxxxxxxxxxxxxxxxxxxxxxxxxxxxxxxxxxxxxxxxxxxxxxxxxxxxxxxxxxxxxxxxxxxxxxxxxxxxxxxxxxxxxxxxxxxx...
[15:15:24.861] releasing the windows
[15:15:27.883] machine at end: processes=435 threads=12350 handles=263334 physicalFreeMiB=86136 physicalTotalMiB=130989 commitMiB=62310 commitLimitMiB=141229
[15:15:27.884] RESULTS C:\Source\SixFive7\BrowserAI\.work\2026-08-27-desktop-heap\grad-4400\results.json
[15:15:27.884] teardown
[15:15:29.905] CloseDesktop -> True
[15:15:29.906] job closed
[15:15:29.909] window stations now: WinSta0, Service-0x0-127b7b$
[15:15:29.911] desktops on WinSta0: sbox_alternate_desktop_local_winstation_0x7BC8, Default
[15:15:29.911] done
[15:15:30.588] controller pid=47008 out=C:\Source\SixFive7\BrowserAI\.work\2026-08-27-desktop-heap\grad-4200
[15:15:30.594] chromium=C:\Users\jori\AppData\Local\BrowserAI\browsers\chromium-1237\chrome-win64\chrome.exe
[15:15:30.595] host=C:\Program Files\PowerShell\7\pwsh.exe
[15:15:30.597] machine before: processes=430 threads=12299 handles=261862 physicalFreeMiB=86398 physicalTotalMiB=130989 commitMiB=62034 commitLimitMiB=141229
[15:15:30.610] job object created (KILL_ON_JOB_CLOSE); every rig process is assigned to it
[15:15:30.621] created desktop 'WinSta0\BaiG4200' -- UOI_HEAPSIZE = 20480 KB
[15:15:31.444] prober: pid=67044 error=0 :: created=0 lastError=0 userObjects=3 cap=0 heapKb=20480 station=WinSta0 desktop=BaiG4200
[15:15:31.446] filling 4200 windows of 2048-character title onto WinSta0\BaiG4200 (20480 KB) ...
[15:15:33.814] filler 1: pid=66864 error=0 :: created=4200 lastError=0 userObjects=4203 cap=4200 heapKb=20480 station=WinSta0 desktop=BaiG4200
[15:15:33.815] machine after fill: processes=434 threads=12252 handles=263048 physicalFreeMiB=86159 physicalTotalMiB=130989 commitMiB=62283 commitLimitMiB=141229
[15:15:46.483] cap4200#1: pid=73276 died=False exit=57005 elapsedMs=12322 stdout=0B stderr=1163B logLines=678
[15:15:46.485] cap4200#1: message windows -> 5|73276:DeviceMonitorMessageWindow;72116:;73276:;73276:C:\Source\SixFive7\BrowserAI\.work\2026-08-27-desktop-heap\grad-4200\profile-cap4200-1;73276: | static=4200|66864:xxxxxxxxxxxxxxxxxxxxxxxxxxxxxxxxxxxxxxxxxxxxxxxxxxxxxxxxxxxxxxxxxxxxxxxxxxxxxxxxxxxxxxxxxxxxxxxxxxxxxxxxxxxxxxxxxxxxxxxx...;66864:xxxxxxxxxxxxxxxxxxxxxxxxxxxxxxxxxxxxxxxxxxxxxxxxxxxxxxxxxxxxxxxxxxxxxxxxxxxxxxxxxxxxxxxxxxxxxxxxxxxxxxxxxxxxxxxxxxxxxxxx...;66864:xxxxxxxxxxxxxxxxxxxxxxxxxxxxxxxxxxxxxxxxxxxxxxxxxxxxxxxxxxxxxxxxxxxxxxxxxxxxxxxxxxxxxxxxxxxxxxxxxxxxxxxxxxxxxxxxxxxxxxxx...;66864:xxxxxxxxxxxxxxxxxxxxxxxxxxxxxxxxxxxxxxxxxxxxxxxxxxxxxxxxxxxxxxxxxxxxxxxxxxxxxxxxxxxxxxxxxxxxxxxxxxxxxxxxxxxxxxxxxxxxxxxx...;66864:xxxxxxxxxxxxxxxxxxxxxxxxxxxxxxxxxxxxxxxxxxxxxxxxxxxxxxxxxxxxxxxxxxxxxxxxxxxxxxxxxxxxxxxxxxxxxxxxxxxxxxxxxxxxxxxxxxxxxxxx...;66864:xxxxxxxxxxxxxxxxxxxxxxxxxxxxxxxxxxxxxxxxxxxxxxxxxxxxxxxxxxxxxxxxxxxxxxxxxxxxxxxxxxxxxxxxxxxxxxxxxxxxxxxxxxxxxxxxxxxxxxxx...;66864:xxxxxxxxxxxxxxxxxxxxxxxxxxxxxxxxxxxxxxxxxxxxxxxxxxxxxxxxxxxxxxxxxxxxxxxxxxxxxxxxxxxxxxxxxxxxxxxxxxxxxxxxxxxxxxxxxxxxxxxx...;66864:xxxxxxxxxxxxxxxxxxxxxxxxxxxxxxxxxxxxxxxxxxxxxxxxxxxxxxxxxxxxxxxxxxxxxxxxxxxxxxxxxxxxxxxxxxxxxxxxxxxxxxxxxxxxxxxxxxxxxxxx...
[15:15:59.133] cap4200#2: pid=71396 died=False exit=57005 elapsedMs=12313 stdout=0B stderr=1163B logLines=678
[15:15:59.133] cap4200#2: message windows -> 5|71396:DeviceMonitorMessageWindow;50776:;71396:;71396:C:\Source\SixFive7\BrowserAI\.work\2026-08-27-desktop-heap\grad-4200\profile-cap4200-2;71396: | static=4200|66864:xxxxxxxxxxxxxxxxxxxxxxxxxxxxxxxxxxxxxxxxxxxxxxxxxxxxxxxxxxxxxxxxxxxxxxxxxxxxxxxxxxxxxxxxxxxxxxxxxxxxxxxxxxxxxxxxxxxxxxxx...;66864:xxxxxxxxxxxxxxxxxxxxxxxxxxxxxxxxxxxxxxxxxxxxxxxxxxxxxxxxxxxxxxxxxxxxxxxxxxxxxxxxxxxxxxxxxxxxxxxxxxxxxxxxxxxxxxxxxxxxxxxx...;66864:xxxxxxxxxxxxxxxxxxxxxxxxxxxxxxxxxxxxxxxxxxxxxxxxxxxxxxxxxxxxxxxxxxxxxxxxxxxxxxxxxxxxxxxxxxxxxxxxxxxxxxxxxxxxxxxxxxxxxxxx...;66864:xxxxxxxxxxxxxxxxxxxxxxxxxxxxxxxxxxxxxxxxxxxxxxxxxxxxxxxxxxxxxxxxxxxxxxxxxxxxxxxxxxxxxxxxxxxxxxxxxxxxxxxxxxxxxxxxxxxxxxxx...;66864:xxxxxxxxxxxxxxxxxxxxxxxxxxxxxxxxxxxxxxxxxxxxxxxxxxxxxxxxxxxxxxxxxxxxxxxxxxxxxxxxxxxxxxxxxxxxxxxxxxxxxxxxxxxxxxxxxxxxxxxx...;66864:xxxxxxxxxxxxxxxxxxxxxxxxxxxxxxxxxxxxxxxxxxxxxxxxxxxxxxxxxxxxxxxxxxxxxxxxxxxxxxxxxxxxxxxxxxxxxxxxxxxxxxxxxxxxxxxxxxxxxxxx...;66864:xxxxxxxxxxxxxxxxxxxxxxxxxxxxxxxxxxxxxxxxxxxxxxxxxxxxxxxxxxxxxxxxxxxxxxxxxxxxxxxxxxxxxxxxxxxxxxxxxxxxxxxxxxxxxxxxxxxxxxxx...;66864:xxxxxxxxxxxxxxxxxxxxxxxxxxxxxxxxxxxxxxxxxxxxxxxxxxxxxxxxxxxxxxxxxxxxxxxxxxxxxxxxxxxxxxxxxxxxxxxxxxxxxxxxxxxxxxxxxxxxxxxx...
[15:16:11.788] cap4200#3: pid=33840 died=False exit=57005 elapsedMs=12321 stdout=0B stderr=1163B logLines=679
[15:16:11.788] cap4200#3: message windows -> 5|33840:DeviceMonitorMessageWindow;74044:;33840:;33840:C:\Source\SixFive7\BrowserAI\.work\2026-08-27-desktop-heap\grad-4200\profile-cap4200-3;33840: | static=4200|66864:xxxxxxxxxxxxxxxxxxxxxxxxxxxxxxxxxxxxxxxxxxxxxxxxxxxxxxxxxxxxxxxxxxxxxxxxxxxxxxxxxxxxxxxxxxxxxxxxxxxxxxxxxxxxxxxxxxxxxxxx...;66864:xxxxxxxxxxxxxxxxxxxxxxxxxxxxxxxxxxxxxxxxxxxxxxxxxxxxxxxxxxxxxxxxxxxxxxxxxxxxxxxxxxxxxxxxxxxxxxxxxxxxxxxxxxxxxxxxxxxxxxxx...;66864:xxxxxxxxxxxxxxxxxxxxxxxxxxxxxxxxxxxxxxxxxxxxxxxxxxxxxxxxxxxxxxxxxxxxxxxxxxxxxxxxxxxxxxxxxxxxxxxxxxxxxxxxxxxxxxxxxxxxxxxx...;66864:xxxxxxxxxxxxxxxxxxxxxxxxxxxxxxxxxxxxxxxxxxxxxxxxxxxxxxxxxxxxxxxxxxxxxxxxxxxxxxxxxxxxxxxxxxxxxxxxxxxxxxxxxxxxxxxxxxxxxxxx...;66864:xxxxxxxxxxxxxxxxxxxxxxxxxxxxxxxxxxxxxxxxxxxxxxxxxxxxxxxxxxxxxxxxxxxxxxxxxxxxxxxxxxxxxxxxxxxxxxxxxxxxxxxxxxxxxxxxxxxxxxxx...;66864:xxxxxxxxxxxxxxxxxxxxxxxxxxxxxxxxxxxxxxxxxxxxxxxxxxxxxxxxxxxxxxxxxxxxxxxxxxxxxxxxxxxxxxxxxxxxxxxxxxxxxxxxxxxxxxxxxxxxxxxx...;66864:xxxxxxxxxxxxxxxxxxxxxxxxxxxxxxxxxxxxxxxxxxxxxxxxxxxxxxxxxxxxxxxxxxxxxxxxxxxxxxxxxxxxxxxxxxxxxxxxxxxxxxxxxxxxxxxxxxxxxxxx...;66864:xxxxxxxxxxxxxxxxxxxxxxxxxxxxxxxxxxxxxxxxxxxxxxxxxxxxxxxxxxxxxxxxxxxxxxxxxxxxxxxxxxxxxxxxxxxxxxxxxxxxxxxxxxxxxxxxxxxxxxxx...
[15:16:11.789] releasing the windows
[15:16:14.809] machine at end: processes=434 threads=12066 handles=263940 physicalFreeMiB=85953 physicalTotalMiB=130989 commitMiB=62458 commitLimitMiB=141229
[15:16:14.810] RESULTS C:\Source\SixFive7\BrowserAI\.work\2026-08-27-desktop-heap\grad-4200\results.json
[15:16:14.810] teardown
[15:16:16.818] CloseDesktop -> True
[15:16:16.819] job closed
[15:16:16.822] window stations now: WinSta0, Service-0x0-127b7b$
[15:16:16.824] desktops on WinSta0: sbox_alternate_desktop_local_winstation_0x7BC8, Default
[15:16:16.824] done
[15:16:17.542] controller pid=25840 out=C:\Source\SixFive7\BrowserAI\.work\2026-08-27-desktop-heap\grad-4000
[15:16:17.547] chromium=C:\Users\jori\AppData\Local\BrowserAI\browsers\chromium-1237\chrome-win64\chrome.exe
[15:16:17.548] host=C:\Program Files\PowerShell\7\pwsh.exe
[15:16:17.550] machine before: processes=430 threads=12031 handles=262639 physicalFreeMiB=86195 physicalTotalMiB=130989 commitMiB=62205 commitLimitMiB=141229
[15:16:17.552] job object created (KILL_ON_JOB_CLOSE); every rig process is assigned to it
[15:16:17.564] created desktop 'WinSta0\BaiG4000' -- UOI_HEAPSIZE = 20480 KB
[15:16:18.409] prober: pid=71768 error=0 :: created=0 lastError=0 userObjects=3 cap=0 heapKb=20480 station=WinSta0 desktop=BaiG4000
[15:16:18.411] filling 4000 windows of 2048-character title onto WinSta0\BaiG4000 (20480 KB) ...
[15:16:20.762] filler 1: pid=64172 error=0 :: created=4000 lastError=0 userObjects=4003 cap=4000 heapKb=20480 station=WinSta0 desktop=BaiG4000
[15:16:20.763] machine after fill: processes=434 threads=12097 handles=263986 physicalFreeMiB=85935 physicalTotalMiB=130989 commitMiB=62495 commitLimitMiB=141229
[15:16:33.458] cap4000#1: pid=53796 died=False exit=57005 elapsedMs=12338 stdout=0B stderr=889B logLines=643
[15:16:33.460] cap4000#1: message windows -> 5|53796:DeviceMonitorMessageWindow;76480:;53796:;53796:C:\Source\SixFive7\BrowserAI\.work\2026-08-27-desktop-heap\grad-4000\profile-cap4000-1;53796: | static=4000|64172:xxxxxxxxxxxxxxxxxxxxxxxxxxxxxxxxxxxxxxxxxxxxxxxxxxxxxxxxxxxxxxxxxxxxxxxxxxxxxxxxxxxxxxxxxxxxxxxxxxxxxxxxxxxxxxxxxxxxxxxx...;64172:xxxxxxxxxxxxxxxxxxxxxxxxxxxxxxxxxxxxxxxxxxxxxxxxxxxxxxxxxxxxxxxxxxxxxxxxxxxxxxxxxxxxxxxxxxxxxxxxxxxxxxxxxxxxxxxxxxxxxxxx...;64172:xxxxxxxxxxxxxxxxxxxxxxxxxxxxxxxxxxxxxxxxxxxxxxxxxxxxxxxxxxxxxxxxxxxxxxxxxxxxxxxxxxxxxxxxxxxxxxxxxxxxxxxxxxxxxxxxxxxxxxxx...;64172:xxxxxxxxxxxxxxxxxxxxxxxxxxxxxxxxxxxxxxxxxxxxxxxxxxxxxxxxxxxxxxxxxxxxxxxxxxxxxxxxxxxxxxxxxxxxxxxxxxxxxxxxxxxxxxxxxxxxxxxx...;64172:xxxxxxxxxxxxxxxxxxxxxxxxxxxxxxxxxxxxxxxxxxxxxxxxxxxxxxxxxxxxxxxxxxxxxxxxxxxxxxxxxxxxxxxxxxxxxxxxxxxxxxxxxxxxxxxxxxxxxxxx...;64172:xxxxxxxxxxxxxxxxxxxxxxxxxxxxxxxxxxxxxxxxxxxxxxxxxxxxxxxxxxxxxxxxxxxxxxxxxxxxxxxxxxxxxxxxxxxxxxxxxxxxxxxxxxxxxxxxxxxxxxxx...;64172:xxxxxxxxxxxxxxxxxxxxxxxxxxxxxxxxxxxxxxxxxxxxxxxxxxxxxxxxxxxxxxxxxxxxxxxxxxxxxxxxxxxxxxxxxxxxxxxxxxxxxxxxxxxxxxxxxxxxxxxx...;64172:xxxxxxxxxxxxxxxxxxxxxxxxxxxxxxxxxxxxxxxxxxxxxxxxxxxxxxxxxxxxxxxxxxxxxxxxxxxxxxxxxxxxxxxxxxxxxxxxxxxxxxxxxxxxxxxxxxxxxxxx...
[15:16:46.200] cap4000#2: pid=75884 died=False exit=57005 elapsedMs=12377 stdout=0B stderr=890B logLines=678
[15:16:46.201] cap4000#2: message windows -> 5|75884:DeviceMonitorMessageWindow;72056:;75884:;75884:C:\Source\SixFive7\BrowserAI\.work\2026-08-27-desktop-heap\grad-4000\profile-cap4000-2;75884: | static=4000|64172:xxxxxxxxxxxxxxxxxxxxxxxxxxxxxxxxxxxxxxxxxxxxxxxxxxxxxxxxxxxxxxxxxxxxxxxxxxxxxxxxxxxxxxxxxxxxxxxxxxxxxxxxxxxxxxxxxxxxxxxx...;64172:xxxxxxxxxxxxxxxxxxxxxxxxxxxxxxxxxxxxxxxxxxxxxxxxxxxxxxxxxxxxxxxxxxxxxxxxxxxxxxxxxxxxxxxxxxxxxxxxxxxxxxxxxxxxxxxxxxxxxxxx...;64172:xxxxxxxxxxxxxxxxxxxxxxxxxxxxxxxxxxxxxxxxxxxxxxxxxxxxxxxxxxxxxxxxxxxxxxxxxxxxxxxxxxxxxxxxxxxxxxxxxxxxxxxxxxxxxxxxxxxxxxxx...;64172:xxxxxxxxxxxxxxxxxxxxxxxxxxxxxxxxxxxxxxxxxxxxxxxxxxxxxxxxxxxxxxxxxxxxxxxxxxxxxxxxxxxxxxxxxxxxxxxxxxxxxxxxxxxxxxxxxxxxxxxx...;64172:xxxxxxxxxxxxxxxxxxxxxxxxxxxxxxxxxxxxxxxxxxxxxxxxxxxxxxxxxxxxxxxxxxxxxxxxxxxxxxxxxxxxxxxxxxxxxxxxxxxxxxxxxxxxxxxxxxxxxxxx...;64172:xxxxxxxxxxxxxxxxxxxxxxxxxxxxxxxxxxxxxxxxxxxxxxxxxxxxxxxxxxxxxxxxxxxxxxxxxxxxxxxxxxxxxxxxxxxxxxxxxxxxxxxxxxxxxxxxxxxxxxxx...;64172:xxxxxxxxxxxxxxxxxxxxxxxxxxxxxxxxxxxxxxxxxxxxxxxxxxxxxxxxxxxxxxxxxxxxxxxxxxxxxxxxxxxxxxxxxxxxxxxxxxxxxxxxxxxxxxxxxxxxxxxx...;64172:xxxxxxxxxxxxxxxxxxxxxxxxxxxxxxxxxxxxxxxxxxxxxxxxxxxxxxxxxxxxxxxxxxxxxxxxxxxxxxxxxxxxxxxxxxxxxxxxxxxxxxxxxxxxxxxxxxxxxxxx...
[15:16:58.849] cap4000#3: pid=81372 died=False exit=57005 elapsedMs=12307 stdout=0B stderr=1163B logLines=678
[15:16:58.849] cap4000#3: message windows -> 5|81372:DeviceMonitorMessageWindow;46244:;81372:;81372:C:\Source\SixFive7\BrowserAI\.work\2026-08-27-desktop-heap\grad-4000\profile-cap4000-3;81372: | static=4000|64172:xxxxxxxxxxxxxxxxxxxxxxxxxxxxxxxxxxxxxxxxxxxxxxxxxxxxxxxxxxxxxxxxxxxxxxxxxxxxxxxxxxxxxxxxxxxxxxxxxxxxxxxxxxxxxxxxxxxxxxxx...;64172:xxxxxxxxxxxxxxxxxxxxxxxxxxxxxxxxxxxxxxxxxxxxxxxxxxxxxxxxxxxxxxxxxxxxxxxxxxxxxxxxxxxxxxxxxxxxxxxxxxxxxxxxxxxxxxxxxxxxxxxx...;64172:xxxxxxxxxxxxxxxxxxxxxxxxxxxxxxxxxxxxxxxxxxxxxxxxxxxxxxxxxxxxxxxxxxxxxxxxxxxxxxxxxxxxxxxxxxxxxxxxxxxxxxxxxxxxxxxxxxxxxxxx...;64172:xxxxxxxxxxxxxxxxxxxxxxxxxxxxxxxxxxxxxxxxxxxxxxxxxxxxxxxxxxxxxxxxxxxxxxxxxxxxxxxxxxxxxxxxxxxxxxxxxxxxxxxxxxxxxxxxxxxxxxxx...;64172:xxxxxxxxxxxxxxxxxxxxxxxxxxxxxxxxxxxxxxxxxxxxxxxxxxxxxxxxxxxxxxxxxxxxxxxxxxxxxxxxxxxxxxxxxxxxxxxxxxxxxxxxxxxxxxxxxxxxxxxx...;64172:xxxxxxxxxxxxxxxxxxxxxxxxxxxxxxxxxxxxxxxxxxxxxxxxxxxxxxxxxxxxxxxxxxxxxxxxxxxxxxxxxxxxxxxxxxxxxxxxxxxxxxxxxxxxxxxxxxxxxxxx...;64172:xxxxxxxxxxxxxxxxxxxxxxxxxxxxxxxxxxxxxxxxxxxxxxxxxxxxxxxxxxxxxxxxxxxxxxxxxxxxxxxxxxxxxxxxxxxxxxxxxxxxxxxxxxxxxxxxxxxxxxxx...;64172:xxxxxxxxxxxxxxxxxxxxxxxxxxxxxxxxxxxxxxxxxxxxxxxxxxxxxxxxxxxxxxxxxxxxxxxxxxxxxxxxxxxxxxxxxxxxxxxxxxxxxxxxxxxxxxxxxxxxxxxx...
[15:16:58.850] releasing the windows
[15:17:01.876] machine at end: processes=434 threads=11963 handles=262780 physicalFreeMiB=86164 physicalTotalMiB=130989 commitMiB=62228 commitLimitMiB=141229
[15:17:01.876] RESULTS C:\Source\SixFive7\BrowserAI\.work\2026-08-27-desktop-heap\grad-4000\results.json
[15:17:01.877] teardown
[15:17:03.898] CloseDesktop -> True
[15:17:03.899] job closed
[15:17:03.903] window stations now: WinSta0, Service-0x0-127b7b$
[15:17:03.905] desktops on WinSta0: sbox_alternate_desktop_local_winstation_0x7BC8, Default
[15:17:03.905] done
[15:17:04.609] controller pid=70104 out=C:\Source\SixFive7\BrowserAI\.work\2026-08-27-desktop-heap\grad-3600
[15:17:04.615] chromium=C:\Users\jori\AppData\Local\BrowserAI\browsers\chromium-1237\chrome-win64\chrome.exe
[15:17:04.616] host=C:\Program Files\PowerShell\7\pwsh.exe
[15:17:04.629] machine before: processes=430 threads=11929 handles=261431 physicalFreeMiB=86396 physicalTotalMiB=130989 commitMiB=61970 commitLimitMiB=141229
[15:17:04.631] job object created (KILL_ON_JOB_CLOSE); every rig process is assigned to it
[15:17:04.642] created desktop 'WinSta0\BaiG3600' -- UOI_HEAPSIZE = 20480 KB
[15:17:05.462] prober: pid=72812 error=0 :: created=0 lastError=0 userObjects=3 cap=0 heapKb=20480 station=WinSta0 desktop=BaiG3600
[15:17:05.464] filling 3600 windows of 2048-character title onto WinSta0\BaiG3600 (20480 KB) ...
[15:17:07.672] filler 1: pid=77772 error=0 :: created=3600 lastError=0 userObjects=3603 cap=3600 heapKb=20480 station=WinSta0 desktop=BaiG3600
[15:17:07.673] machine after fill: processes=434 threads=11990 handles=262833 physicalFreeMiB=86162 physicalTotalMiB=130989 commitMiB=62216 commitLimitMiB=141229
[15:17:20.340] cap3600#1: pid=37960 died=False exit=57005 elapsedMs=12335 stdout=0B stderr=1163B logLines=648
[15:17:20.342] cap3600#1: message windows -> 5|37960:DeviceMonitorMessageWindow;46844:;37960:;37960:C:\Source\SixFive7\BrowserAI\.work\2026-08-27-desktop-heap\grad-3600\profile-cap3600-1;37960: | static=3600|77772:xxxxxxxxxxxxxxxxxxxxxxxxxxxxxxxxxxxxxxxxxxxxxxxxxxxxxxxxxxxxxxxxxxxxxxxxxxxxxxxxxxxxxxxxxxxxxxxxxxxxxxxxxxxxxxxxxxxxxxxx...;77772:xxxxxxxxxxxxxxxxxxxxxxxxxxxxxxxxxxxxxxxxxxxxxxxxxxxxxxxxxxxxxxxxxxxxxxxxxxxxxxxxxxxxxxxxxxxxxxxxxxxxxxxxxxxxxxxxxxxxxxxx...;77772:xxxxxxxxxxxxxxxxxxxxxxxxxxxxxxxxxxxxxxxxxxxxxxxxxxxxxxxxxxxxxxxxxxxxxxxxxxxxxxxxxxxxxxxxxxxxxxxxxxxxxxxxxxxxxxxxxxxxxxxx...;77772:xxxxxxxxxxxxxxxxxxxxxxxxxxxxxxxxxxxxxxxxxxxxxxxxxxxxxxxxxxxxxxxxxxxxxxxxxxxxxxxxxxxxxxxxxxxxxxxxxxxxxxxxxxxxxxxxxxxxxxxx...;77772:xxxxxxxxxxxxxxxxxxxxxxxxxxxxxxxxxxxxxxxxxxxxxxxxxxxxxxxxxxxxxxxxxxxxxxxxxxxxxxxxxxxxxxxxxxxxxxxxxxxxxxxxxxxxxxxxxxxxxxxx...;77772:xxxxxxxxxxxxxxxxxxxxxxxxxxxxxxxxxxxxxxxxxxxxxxxxxxxxxxxxxxxxxxxxxxxxxxxxxxxxxxxxxxxxxxxxxxxxxxxxxxxxxxxxxxxxxxxxxxxxxxxx...;77772:xxxxxxxxxxxxxxxxxxxxxxxxxxxxxxxxxxxxxxxxxxxxxxxxxxxxxxxxxxxxxxxxxxxxxxxxxxxxxxxxxxxxxxxxxxxxxxxxxxxxxxxxxxxxxxxxxxxxxxxx...;77772:xxxxxxxxxxxxxxxxxxxxxxxxxxxxxxxxxxxxxxxxxxxxxxxxxxxxxxxxxxxxxxxxxxxxxxxxxxxxxxxxxxxxxxxxxxxxxxxxxxxxxxxxxxxxxxxxxxxxxxxx...
[15:17:33.050] cap3600#2: pid=62136 died=False exit=57005 elapsedMs=12371 stdout=0B stderr=890B logLines=661
[15:17:33.051] cap3600#2: message windows -> 5|62136:DeviceMonitorMessageWindow;67048:;62136:;62136:C:\Source\SixFive7\BrowserAI\.work\2026-08-27-desktop-heap\grad-3600\profile-cap3600-2;62136: | static=3600|77772:xxxxxxxxxxxxxxxxxxxxxxxxxxxxxxxxxxxxxxxxxxxxxxxxxxxxxxxxxxxxxxxxxxxxxxxxxxxxxxxxxxxxxxxxxxxxxxxxxxxxxxxxxxxxxxxxxxxxxxxx...;77772:xxxxxxxxxxxxxxxxxxxxxxxxxxxxxxxxxxxxxxxxxxxxxxxxxxxxxxxxxxxxxxxxxxxxxxxxxxxxxxxxxxxxxxxxxxxxxxxxxxxxxxxxxxxxxxxxxxxxxxxx...;77772:xxxxxxxxxxxxxxxxxxxxxxxxxxxxxxxxxxxxxxxxxxxxxxxxxxxxxxxxxxxxxxxxxxxxxxxxxxxxxxxxxxxxxxxxxxxxxxxxxxxxxxxxxxxxxxxxxxxxxxxx...;77772:xxxxxxxxxxxxxxxxxxxxxxxxxxxxxxxxxxxxxxxxxxxxxxxxxxxxxxxxxxxxxxxxxxxxxxxxxxxxxxxxxxxxxxxxxxxxxxxxxxxxxxxxxxxxxxxxxxxxxxxx...;77772:xxxxxxxxxxxxxxxxxxxxxxxxxxxxxxxxxxxxxxxxxxxxxxxxxxxxxxxxxxxxxxxxxxxxxxxxxxxxxxxxxxxxxxxxxxxxxxxxxxxxxxxxxxxxxxxxxxxxxxxx...;77772:xxxxxxxxxxxxxxxxxxxxxxxxxxxxxxxxxxxxxxxxxxxxxxxxxxxxxxxxxxxxxxxxxxxxxxxxxxxxxxxxxxxxxxxxxxxxxxxxxxxxxxxxxxxxxxxxxxxxxxxx...;77772:xxxxxxxxxxxxxxxxxxxxxxxxxxxxxxxxxxxxxxxxxxxxxxxxxxxxxxxxxxxxxxxxxxxxxxxxxxxxxxxxxxxxxxxxxxxxxxxxxxxxxxxxxxxxxxxxxxxxxxxx...;77772:xxxxxxxxxxxxxxxxxxxxxxxxxxxxxxxxxxxxxxxxxxxxxxxxxxxxxxxxxxxxxxxxxxxxxxxxxxxxxxxxxxxxxxxxxxxxxxxxxxxxxxxxxxxxxxxxxxxxxxxx...
[15:17:45.694] cap3600#3: pid=59424 died=False exit=57005 elapsedMs=12298 stdout=0B stderr=1163B logLines=603
[15:17:45.695] cap3600#3: message windows -> 5|59424:DeviceMonitorMessageWindow;61064:;59424:;59424:C:\Source\SixFive7\BrowserAI\.work\2026-08-27-desktop-heap\grad-3600\profile-cap3600-3;59424: | static=3600|77772:xxxxxxxxxxxxxxxxxxxxxxxxxxxxxxxxxxxxxxxxxxxxxxxxxxxxxxxxxxxxxxxxxxxxxxxxxxxxxxxxxxxxxxxxxxxxxxxxxxxxxxxxxxxxxxxxxxxxxxxx...;77772:xxxxxxxxxxxxxxxxxxxxxxxxxxxxxxxxxxxxxxxxxxxxxxxxxxxxxxxxxxxxxxxxxxxxxxxxxxxxxxxxxxxxxxxxxxxxxxxxxxxxxxxxxxxxxxxxxxxxxxxx...;77772:xxxxxxxxxxxxxxxxxxxxxxxxxxxxxxxxxxxxxxxxxxxxxxxxxxxxxxxxxxxxxxxxxxxxxxxxxxxxxxxxxxxxxxxxxxxxxxxxxxxxxxxxxxxxxxxxxxxxxxxx...;77772:xxxxxxxxxxxxxxxxxxxxxxxxxxxxxxxxxxxxxxxxxxxxxxxxxxxxxxxxxxxxxxxxxxxxxxxxxxxxxxxxxxxxxxxxxxxxxxxxxxxxxxxxxxxxxxxxxxxxxxxx...;77772:xxxxxxxxxxxxxxxxxxxxxxxxxxxxxxxxxxxxxxxxxxxxxxxxxxxxxxxxxxxxxxxxxxxxxxxxxxxxxxxxxxxxxxxxxxxxxxxxxxxxxxxxxxxxxxxxxxxxxxxx...;77772:xxxxxxxxxxxxxxxxxxxxxxxxxxxxxxxxxxxxxxxxxxxxxxxxxxxxxxxxxxxxxxxxxxxxxxxxxxxxxxxxxxxxxxxxxxxxxxxxxxxxxxxxxxxxxxxxxxxxxxxx...;77772:xxxxxxxxxxxxxxxxxxxxxxxxxxxxxxxxxxxxxxxxxxxxxxxxxxxxxxxxxxxxxxxxxxxxxxxxxxxxxxxxxxxxxxxxxxxxxxxxxxxxxxxxxxxxxxxxxxxxxxxx...;77772:xxxxxxxxxxxxxxxxxxxxxxxxxxxxxxxxxxxxxxxxxxxxxxxxxxxxxxxxxxxxxxxxxxxxxxxxxxxxxxxxxxxxxxxxxxxxxxxxxxxxxxxxxxxxxxxxxxxxxxxx...
[15:17:45.695] releasing the windows
[15:17:48.724] machine at end: processes=438 threads=11937 handles=263119 physicalFreeMiB=86091 physicalTotalMiB=130989 commitMiB=62302 commitLimitMiB=141229
[15:17:48.724] RESULTS C:\Source\SixFive7\BrowserAI\.work\2026-08-27-desktop-heap\grad-3600\results.json
[15:17:48.725] teardown
[15:17:50.745] CloseDesktop -> True
[15:17:50.747] job closed
[15:17:50.749] window stations now: WinSta0, Service-0x0-127b7b$
[15:17:50.751] desktops on WinSta0: sbox_alternate_desktop_local_winstation_0x7BC8, Default
[15:17:50.751] done
