[15:17:51.439] controller pid=62340 out=C:\Source\SixFive7\BrowserAI\.work\2026-08-27-desktop-heap\fine-4636
[15:17:51.446] chromium=C:\Users\jori\AppData\Local\BrowserAI\browsers\chromium-1237\chrome-win64\chrome.exe
[15:17:51.459] host=C:\Program Files\PowerShell\7\pwsh.exe
[15:17:51.464] machine before: processes=432 threads=11853 handles=260964 physicalFreeMiB=86387 physicalTotalMiB=130989 commitMiB=61977 commitLimitMiB=141229
[15:17:51.468] job object created (KILL_ON_JOB_CLOSE); every rig process is assigned to it
[15:17:51.481] created desktop 'WinSta0\BaiF4636' -- UOI_HEAPSIZE = 20480 KB
[15:17:52.301] prober: pid=48780 error=0 :: created=0 lastError=0 userObjects=3 cap=0 heapKb=20480 station=WinSta0 desktop=BaiF4636
[15:17:52.303] filling 4636 windows of 2048-character title onto WinSta0\BaiF4636 (20480 KB) ...
[15:17:54.969] filler 1: pid=78808 error=0 :: created=4636 lastError=0 userObjects=4639 cap=4636 heapKb=20480 station=WinSta0 desktop=BaiF4636
[15:17:54.970] machine after fill: processes=436 threads=11905 handles=262336 physicalFreeMiB=86126 physicalTotalMiB=130989 commitMiB=62263 commitLimitMiB=141229
[15:17:55.875] cap4636#1: pid=70332 died=True exit=-2147483645 elapsedMs=579 stdout=0B stderr=440B logLines=63
[15:17:55.877] cap4636#1: message windows -> 0| | static=4636|78808:xxxxxxxxxxxxxxxxxxxxxxxxxxxxxxxxxxxxxxxxxxxxxxxxxxxxxxxxxxxxxxxxxxxxxxxxxxxxxxxxxxxxxxxxxxxxxxxxxxxxxxxxxxxxxxxxxxxxxxxx...;78808:xxxxxxxxxxxxxxxxxxxxxxxxxxxxxxxxxxxxxxxxxxxxxxxxxxxxxxxxxxxxxxxxxxxxxxxxxxxxxxxxxxxxxxxxxxxxxxxxxxxxxxxxxxxxxxxxxxxxxxxx...;78808:xxxxxxxxxxxxxxxxxxxxxxxxxxxxxxxxxxxxxxxxxxxxxxxxxxxxxxxxxxxxxxxxxxxxxxxxxxxxxxxxxxxxxxxxxxxxxxxxxxxxxxxxxxxxxxxxxxxxxxxx...;78808:xxxxxxxxxxxxxxxxxxxxxxxxxxxxxxxxxxxxxxxxxxxxxxxxxxxxxxxxxxxxxxxxxxxxxxxxxxxxxxxxxxxxxxxxxxxxxxxxxxxxxxxxxxxxxxxxxxxxxxxx...;78808:xxxxxxxxxxxxxxxxxxxxxxxxxxxxxxxxxxxxxxxxxxxxxxxxxxxxxxxxxxxxxxxxxxxxxxxxxxxxxxxxxxxxxxxxxxxxxxxxxxxxxxxxxxxxxxxxxxxxxxxx...;78808:xxxxxxxxxxxxxxxxxxxxxxxxxxxxxxxxxxxxxxxxxxxxxxxxxxxxxxxxxxxxxxxxxxxxxxxxxxxxxxxxxxxxxxxxxxxxxxxxxxxxxxxxxxxxxxxxxxxxxxxx...;78808:xxxxxxxxxxxxxxxxxxxxxxxxxxxxxxxxxxxxxxxxxxxxxxxxxxxxxxxxxxxxxxxxxxxxxxxxxxxxxxxxxxxxxxxxxxxxxxxxxxxxxxxxxxxxxxxxxxxxxxxx...;78808:xxxxxxxxxxxxxxxxxxxxxxxxxxxxxxxxxxxxxxxxxxxxxxxxxxxxxxxxxxxxxxxxxxxxxxxxxxxxxxxxxxxxxxxxxxxxxxxxxxxxxxxxxxxxxxxxxxxxxxxx...
[15:17:56.786] cap4636#2: pid=59708 died=True exit=-2147483645 elapsedMs=573 stdout=0B stderr=439B logLines=63
[15:17:56.787] cap4636#2: message windows -> 0| | static=4636|78808:xxxxxxxxxxxxxxxxxxxxxxxxxxxxxxxxxxxxxxxxxxxxxxxxxxxxxxxxxxxxxxxxxxxxxxxxxxxxxxxxxxxxxxxxxxxxxxxxxxxxxxxxxxxxxxxxxxxxxxxx...;78808:xxxxxxxxxxxxxxxxxxxxxxxxxxxxxxxxxxxxxxxxxxxxxxxxxxxxxxxxxxxxxxxxxxxxxxxxxxxxxxxxxxxxxxxxxxxxxxxxxxxxxxxxxxxxxxxxxxxxxxxx...;78808:xxxxxxxxxxxxxxxxxxxxxxxxxxxxxxxxxxxxxxxxxxxxxxxxxxxxxxxxxxxxxxxxxxxxxxxxxxxxxxxxxxxxxxxxxxxxxxxxxxxxxxxxxxxxxxxxxxxxxxxx...;78808:xxxxxxxxxxxxxxxxxxxxxxxxxxxxxxxxxxxxxxxxxxxxxxxxxxxxxxxxxxxxxxxxxxxxxxxxxxxxxxxxxxxxxxxxxxxxxxxxxxxxxxxxxxxxxxxxxxxxxxxx...;78808:xxxxxxxxxxxxxxxxxxxxxxxxxxxxxxxxxxxxxxxxxxxxxxxxxxxxxxxxxxxxxxxxxxxxxxxxxxxxxxxxxxxxxxxxxxxxxxxxxxxxxxxxxxxxxxxxxxxxxxxx...;78808:xxxxxxxxxxxxxxxxxxxxxxxxxxxxxxxxxxxxxxxxxxxxxxxxxxxxxxxxxxxxxxxxxxxxxxxxxxxxxxxxxxxxxxxxxxxxxxxxxxxxxxxxxxxxxxxxxxxxxxxx...;78808:xxxxxxxxxxxxxxxxxxxxxxxxxxxxxxxxxxxxxxxxxxxxxxxxxxxxxxxxxxxxxxxxxxxxxxxxxxxxxxxxxxxxxxxxxxxxxxxxxxxxxxxxxxxxxxxxxxxxxxxx...;78808:xxxxxxxxxxxxxxxxxxxxxxxxxxxxxxxxxxxxxxxxxxxxxxxxxxxxxxxxxxxxxxxxxxxxxxxxxxxxxxxxxxxxxxxxxxxxxxxxxxxxxxxxxxxxxxxxxxxxxxxx...
[15:17:57.663] cap4636#3: pid=37740 died=True exit=-2147483645 elapsedMs=559 stdout=0B stderr=440B logLines=61
[15:17:57.664] cap4636#3: message windows -> 0| | static=4636|78808:xxxxxxxxxxxxxxxxxxxxxxxxxxxxxxxxxxxxxxxxxxxxxxxxxxxxxxxxxxxxxxxxxxxxxxxxxxxxxxxxxxxxxxxxxxxxxxxxxxxxxxxxxxxxxxxxxxxxxxxx...;78808:xxxxxxxxxxxxxxxxxxxxxxxxxxxxxxxxxxxxxxxxxxxxxxxxxxxxxxxxxxxxxxxxxxxxxxxxxxxxxxxxxxxxxxxxxxxxxxxxxxxxxxxxxxxxxxxxxxxxxxxx...;78808:xxxxxxxxxxxxxxxxxxxxxxxxxxxxxxxxxxxxxxxxxxxxxxxxxxxxxxxxxxxxxxxxxxxxxxxxxxxxxxxxxxxxxxxxxxxxxxxxxxxxxxxxxxxxxxxxxxxxxxxx...;78808:xxxxxxxxxxxxxxxxxxxxxxxxxxxxxxxxxxxxxxxxxxxxxxxxxxxxxxxxxxxxxxxxxxxxxxxxxxxxxxxxxxxxxxxxxxxxxxxxxxxxxxxxxxxxxxxxxxxxxxxx...;78808:xxxxxxxxxxxxxxxxxxxxxxxxxxxxxxxxxxxxxxxxxxxxxxxxxxxxxxxxxxxxxxxxxxxxxxxxxxxxxxxxxxxxxxxxxxxxxxxxxxxxxxxxxxxxxxxxxxxxxxxx...;78808:xxxxxxxxxxxxxxxxxxxxxxxxxxxxxxxxxxxxxxxxxxxxxxxxxxxxxxxxxxxxxxxxxxxxxxxxxxxxxxxxxxxxxxxxxxxxxxxxxxxxxxxxxxxxxxxxxxxxxxxx...;78808:xxxxxxxxxxxxxxxxxxxxxxxxxxxxxxxxxxxxxxxxxxxxxxxxxxxxxxxxxxxxxxxxxxxxxxxxxxxxxxxxxxxxxxxxxxxxxxxxxxxxxxxxxxxxxxxxxxxxxxxx...;78808:xxxxxxxxxxxxxxxxxxxxxxxxxxxxxxxxxxxxxxxxxxxxxxxxxxxxxxxxxxxxxxxxxxxxxxxxxxxxxxxxxxxxxxxxxxxxxxxxxxxxxxxxxxxxxxxxxxxxxxxx...
[15:17:57.665] releasing the windows
[15:18:00.683] machine at end: processes=432 threads=11889 handles=261623 physicalFreeMiB=86106 physicalTotalMiB=130989 commitMiB=62317 commitLimitMiB=141229
[15:18:00.683] RESULTS C:\Source\SixFive7\BrowserAI\.work\2026-08-27-desktop-heap\fine-4636\results.json
[15:18:00.683] teardown
[15:18:02.695] CloseDesktop -> True
[15:18:02.696] job closed
[15:18:02.699] window stations now: WinSta0, Service-0x0-127b7b$
[15:18:02.701] desktops on WinSta0: sbox_alternate_desktop_local_winstation_0x7BC8, Default
[15:18:02.701] done
[15:18:03.463] controller pid=4672 out=C:\Source\SixFive7\BrowserAI\.work\2026-08-27-desktop-heap\fine-4635
[15:18:03.468] chromium=C:\Users\jori\AppData\Local\BrowserAI\browsers\chromium-1237\chrome-win64\chrome.exe
[15:18:03.469] host=C:\Program Files\PowerShell\7\pwsh.exe
[15:18:03.472] machine before: processes=428 threads=11814 handles=260250 physicalFreeMiB=86373 physicalTotalMiB=130989 commitMiB=62011 commitLimitMiB=141229
[15:18:03.485] job object created (KILL_ON_JOB_CLOSE); every rig process is assigned to it
[15:18:03.496] created desktop 'WinSta0\BaiF4635' -- UOI_HEAPSIZE = 20480 KB
[15:18:04.320] prober: pid=12928 error=0 :: created=0 lastError=0 userObjects=3 cap=0 heapKb=20480 station=WinSta0 desktop=BaiF4635
[15:18:04.322] filling 4635 windows of 2048-character title onto WinSta0\BaiF4635 (20480 KB) ...
[15:18:06.853] filler 1: pid=60592 error=0 :: created=4635 lastError=0 userObjects=4638 cap=4635 heapKb=20480 station=WinSta0 desktop=BaiF4635
[15:18:06.853] machine after fill: processes=431 threads=11871 handles=261367 physicalFreeMiB=86103 physicalTotalMiB=130989 commitMiB=62304 commitLimitMiB=141229
[15:18:07.865] cap4635#1: pid=80512 died=True exit=-2147483645 elapsedMs=676 stdout=0B stderr=440B logLines=107
[15:18:07.868] cap4635#1: message windows -> 0| | static=4635|60592:xxxxxxxxxxxxxxxxxxxxxxxxxxxxxxxxxxxxxxxxxxxxxxxxxxxxxxxxxxxxxxxxxxxxxxxxxxxxxxxxxxxxxxxxxxxxxxxxxxxxxxxxxxxxxxxxxxxxxxxx...;60592:xxxxxxxxxxxxxxxxxxxxxxxxxxxxxxxxxxxxxxxxxxxxxxxxxxxxxxxxxxxxxxxxxxxxxxxxxxxxxxxxxxxxxxxxxxxxxxxxxxxxxxxxxxxxxxxxxxxxxxxx...;60592:xxxxxxxxxxxxxxxxxxxxxxxxxxxxxxxxxxxxxxxxxxxxxxxxxxxxxxxxxxxxxxxxxxxxxxxxxxxxxxxxxxxxxxxxxxxxxxxxxxxxxxxxxxxxxxxxxxxxxxxx...;60592:xxxxxxxxxxxxxxxxxxxxxxxxxxxxxxxxxxxxxxxxxxxxxxxxxxxxxxxxxxxxxxxxxxxxxxxxxxxxxxxxxxxxxxxxxxxxxxxxxxxxxxxxxxxxxxxxxxxxxxxx...;60592:xxxxxxxxxxxxxxxxxxxxxxxxxxxxxxxxxxxxxxxxxxxxxxxxxxxxxxxxxxxxxxxxxxxxxxxxxxxxxxxxxxxxxxxxxxxxxxxxxxxxxxxxxxxxxxxxxxxxxxxx...;60592:xxxxxxxxxxxxxxxxxxxxxxxxxxxxxxxxxxxxxxxxxxxxxxxxxxxxxxxxxxxxxxxxxxxxxxxxxxxxxxxxxxxxxxxxxxxxxxxxxxxxxxxxxxxxxxxxxxxxxxxx...;60592:xxxxxxxxxxxxxxxxxxxxxxxxxxxxxxxxxxxxxxxxxxxxxxxxxxxxxxxxxxxxxxxxxxxxxxxxxxxxxxxxxxxxxxxxxxxxxxxxxxxxxxxxxxxxxxxxxxxxxxxx...;60592:xxxxxxxxxxxxxxxxxxxxxxxxxxxxxxxxxxxxxxxxxxxxxxxxxxxxxxxxxxxxxxxxxxxxxxxxxxxxxxxxxxxxxxxxxxxxxxxxxxxxxxxxxxxxxxxxxxxxxxxx...
[15:18:08.864] cap4635#2: pid=71992 died=True exit=-2147483645 elapsedMs=667 stdout=0B stderr=440B logLines=104
[15:18:08.865] cap4635#2: message windows -> 0| | static=4635|60592:xxxxxxxxxxxxxxxxxxxxxxxxxxxxxxxxxxxxxxxxxxxxxxxxxxxxxxxxxxxxxxxxxxxxxxxxxxxxxxxxxxxxxxxxxxxxxxxxxxxxxxxxxxxxxxxxxxxxxxxx...;60592:xxxxxxxxxxxxxxxxxxxxxxxxxxxxxxxxxxxxxxxxxxxxxxxxxxxxxxxxxxxxxxxxxxxxxxxxxxxxxxxxxxxxxxxxxxxxxxxxxxxxxxxxxxxxxxxxxxxxxxxx...;60592:xxxxxxxxxxxxxxxxxxxxxxxxxxxxxxxxxxxxxxxxxxxxxxxxxxxxxxxxxxxxxxxxxxxxxxxxxxxxxxxxxxxxxxxxxxxxxxxxxxxxxxxxxxxxxxxxxxxxxxxx...;60592:xxxxxxxxxxxxxxxxxxxxxxxxxxxxxxxxxxxxxxxxxxxxxxxxxxxxxxxxxxxxxxxxxxxxxxxxxxxxxxxxxxxxxxxxxxxxxxxxxxxxxxxxxxxxxxxxxxxxxxxx...;60592:xxxxxxxxxxxxxxxxxxxxxxxxxxxxxxxxxxxxxxxxxxxxxxxxxxxxxxxxxxxxxxxxxxxxxxxxxxxxxxxxxxxxxxxxxxxxxxxxxxxxxxxxxxxxxxxxxxxxxxxx...;60592:xxxxxxxxxxxxxxxxxxxxxxxxxxxxxxxxxxxxxxxxxxxxxxxxxxxxxxxxxxxxxxxxxxxxxxxxxxxxxxxxxxxxxxxxxxxxxxxxxxxxxxxxxxxxxxxxxxxxxxxx...;60592:xxxxxxxxxxxxxxxxxxxxxxxxxxxxxxxxxxxxxxxxxxxxxxxxxxxxxxxxxxxxxxxxxxxxxxxxxxxxxxxxxxxxxxxxxxxxxxxxxxxxxxxxxxxxxxxxxxxxxxxx...;60592:xxxxxxxxxxxxxxxxxxxxxxxxxxxxxxxxxxxxxxxxxxxxxxxxxxxxxxxxxxxxxxxxxxxxxxxxxxxxxxxxxxxxxxxxxxxxxxxxxxxxxxxxxxxxxxxxxxxxxxxx...
[15:18:17.479] cap4635#3: pid=80376 died=False exit=57005 elapsedMs=8272 stdout=0B stderr=852B logLines=378
[15:18:17.479] cap4635#3: message windows -> 3|80376:;80376:C:\Source\SixFive7\BrowserAI\.work\2026-08-27-desktop-heap\fine-4635\profile-cap4635-3;80376: | static=4635|60592:xxxxxxxxxxxxxxxxxxxxxxxxxxxxxxxxxxxxxxxxxxxxxxxxxxxxxxxxxxxxxxxxxxxxxxxxxxxxxxxxxxxxxxxxxxxxxxxxxxxxxxxxxxxxxxxxxxxxxxxx...;60592:xxxxxxxxxxxxxxxxxxxxxxxxxxxxxxxxxxxxxxxxxxxxxxxxxxxxxxxxxxxxxxxxxxxxxxxxxxxxxxxxxxxxxxxxxxxxxxxxxxxxxxxxxxxxxxxxxxxxxxxx...;60592:xxxxxxxxxxxxxxxxxxxxxxxxxxxxxxxxxxxxxxxxxxxxxxxxxxxxxxxxxxxxxxxxxxxxxxxxxxxxxxxxxxxxxxxxxxxxxxxxxxxxxxxxxxxxxxxxxxxxxxxx...;60592:xxxxxxxxxxxxxxxxxxxxxxxxxxxxxxxxxxxxxxxxxxxxxxxxxxxxxxxxxxxxxxxxxxxxxxxxxxxxxxxxxxxxxxxxxxxxxxxxxxxxxxxxxxxxxxxxxxxxxxxx...;60592:xxxxxxxxxxxxxxxxxxxxxxxxxxxxxxxxxxxxxxxxxxxxxxxxxxxxxxxxxxxxxxxxxxxxxxxxxxxxxxxxxxxxxxxxxxxxxxxxxxxxxxxxxxxxxxxxxxxxxxxx...;60592:xxxxxxxxxxxxxxxxxxxxxxxxxxxxxxxxxxxxxxxxxxxxxxxxxxxxxxxxxxxxxxxxxxxxxxxxxxxxxxxxxxxxxxxxxxxxxxxxxxxxxxxxxxxxxxxxxxxxxxxx...;60592:xxxxxxxxxxxxxxxxxxxxxxxxxxxxxxxxxxxxxxxxxxxxxxxxxxxxxxxxxxxxxxxxxxxxxxxxxxxxxxxxxxxxxxxxxxxxxxxxxxxxxxxxxxxxxxxxxxxxxxxx...;60592:xxxxxxxxxxxxxxxxxxxxxxxxxxxxxxxxxxxxxxxxxxxxxxxxxxxxxxxxxxxxxxxxxxxxxxxxxxxxxxxxxxxxxxxxxxxxxxxxxxxxxxxxxxxxxxxxxxxxxxxx...
[15:18:17.480] releasing the windows
[15:18:20.496] machine at end: processes=435 threads=11957 handles=262519 physicalFreeMiB=86078 physicalTotalMiB=130989 commitMiB=62310 commitLimitMiB=141229
[15:18:20.497] RESULTS C:\Source\SixFive7\BrowserAI\.work\2026-08-27-desktop-heap\fine-4635\results.json
[15:18:20.497] teardown
[15:18:22.507] CloseDesktop -> True
[15:18:22.507] job closed
[15:18:22.511] window stations now: WinSta0, Service-0x0-127b7b$
[15:18:22.513] desktops on WinSta0: sbox_alternate_desktop_local_winstation_0x7BC8, Default
[15:18:22.513] done
[15:18:23.188] controller pid=60516 out=C:\Source\SixFive7\BrowserAI\.work\2026-08-27-desktop-heap\fine-4634
[15:18:23.193] chromium=C:\Users\jori\AppData\Local\BrowserAI\browsers\chromium-1237\chrome-win64\chrome.exe
[15:18:23.194] host=C:\Program Files\PowerShell\7\pwsh.exe
[15:18:23.208] machine before: processes=431 threads=11894 handles=260768 physicalFreeMiB=86331 physicalTotalMiB=130989 commitMiB=62035 commitLimitMiB=141229
[15:18:23.210] job object created (KILL_ON_JOB_CLOSE); every rig process is assigned to it
[15:18:23.220] created desktop 'WinSta0\BaiF4634' -- UOI_HEAPSIZE = 20480 KB
[15:18:24.055] prober: pid=52784 error=0 :: created=0 lastError=0 userObjects=3 cap=0 heapKb=20480 station=WinSta0 desktop=BaiF4634
[15:18:24.058] filling 4634 windows of 2048-character title onto WinSta0\BaiF4634 (20480 KB) ...
[15:18:26.583] filler 1: pid=48580 error=0 :: created=4634 lastError=0 userObjects=4637 cap=4634 heapKb=20480 station=WinSta0 desktop=BaiF4634
[15:18:26.584] machine after fill: processes=435 threads=12062 handles=263153 physicalFreeMiB=86074 physicalTotalMiB=130989 commitMiB=62356 commitLimitMiB=141229
[15:18:35.319] cap4634#1: pid=62484 died=False exit=57005 elapsedMs=8388 stdout=0B stderr=1163B logLines=678
[15:18:35.321] cap4634#1: message windows -> 5|62484:DeviceMonitorMessageWindow;66516:;62484:;62484:C:\Source\SixFive7\BrowserAI\.work\2026-08-27-desktop-heap\fine-4634\profile-cap4634-1;62484: | static=4634|48580:xxxxxxxxxxxxxxxxxxxxxxxxxxxxxxxxxxxxxxxxxxxxxxxxxxxxxxxxxxxxxxxxxxxxxxxxxxxxxxxxxxxxxxxxxxxxxxxxxxxxxxxxxxxxxxxxxxxxxxxx...;48580:xxxxxxxxxxxxxxxxxxxxxxxxxxxxxxxxxxxxxxxxxxxxxxxxxxxxxxxxxxxxxxxxxxxxxxxxxxxxxxxxxxxxxxxxxxxxxxxxxxxxxxxxxxxxxxxxxxxxxxxx...;48580:xxxxxxxxxxxxxxxxxxxxxxxxxxxxxxxxxxxxxxxxxxxxxxxxxxxxxxxxxxxxxxxxxxxxxxxxxxxxxxxxxxxxxxxxxxxxxxxxxxxxxxxxxxxxxxxxxxxxxxxx...;48580:xxxxxxxxxxxxxxxxxxxxxxxxxxxxxxxxxxxxxxxxxxxxxxxxxxxxxxxxxxxxxxxxxxxxxxxxxxxxxxxxxxxxxxxxxxxxxxxxxxxxxxxxxxxxxxxxxxxxxxxx...;48580:xxxxxxxxxxxxxxxxxxxxxxxxxxxxxxxxxxxxxxxxxxxxxxxxxxxxxxxxxxxxxxxxxxxxxxxxxxxxxxxxxxxxxxxxxxxxxxxxxxxxxxxxxxxxxxxxxxxxxxxx...;48580:xxxxxxxxxxxxxxxxxxxxxxxxxxxxxxxxxxxxxxxxxxxxxxxxxxxxxxxxxxxxxxxxxxxxxxxxxxxxxxxxxxxxxxxxxxxxxxxxxxxxxxxxxxxxxxxxxxxxxxxx...;48580:xxxxxxxxxxxxxxxxxxxxxxxxxxxxxxxxxxxxxxxxxxxxxxxxxxxxxxxxxxxxxxxxxxxxxxxxxxxxxxxxxxxxxxxxxxxxxxxxxxxxxxxxxxxxxxxxxxxxxxxx...;48580:xxxxxxxxxxxxxxxxxxxxxxxxxxxxxxxxxxxxxxxxxxxxxxxxxxxxxxxxxxxxxxxxxxxxxxxxxxxxxxxxxxxxxxxxxxxxxxxxxxxxxxxxxxxxxxxxxxxxxxxx...
[15:18:43.992] cap4634#2: pid=42700 died=False exit=57005 elapsedMs=8333 stdout=0B stderr=890B logLines=676
[15:18:43.992] cap4634#2: message windows -> 5|42700:DeviceMonitorMessageWindow;64088:;42700:;42700:C:\Source\SixFive7\BrowserAI\.work\2026-08-27-desktop-heap\fine-4634\profile-cap4634-2;42700: | static=4634|48580:xxxxxxxxxxxxxxxxxxxxxxxxxxxxxxxxxxxxxxxxxxxxxxxxxxxxxxxxxxxxxxxxxxxxxxxxxxxxxxxxxxxxxxxxxxxxxxxxxxxxxxxxxxxxxxxxxxxxxxxx...;48580:xxxxxxxxxxxxxxxxxxxxxxxxxxxxxxxxxxxxxxxxxxxxxxxxxxxxxxxxxxxxxxxxxxxxxxxxxxxxxxxxxxxxxxxxxxxxxxxxxxxxxxxxxxxxxxxxxxxxxxxx...;48580:xxxxxxxxxxxxxxxxxxxxxxxxxxxxxxxxxxxxxxxxxxxxxxxxxxxxxxxxxxxxxxxxxxxxxxxxxxxxxxxxxxxxxxxxxxxxxxxxxxxxxxxxxxxxxxxxxxxxxxxx...;48580:xxxxxxxxxxxxxxxxxxxxxxxxxxxxxxxxxxxxxxxxxxxxxxxxxxxxxxxxxxxxxxxxxxxxxxxxxxxxxxxxxxxxxxxxxxxxxxxxxxxxxxxxxxxxxxxxxxxxxxxx...;48580:xxxxxxxxxxxxxxxxxxxxxxxxxxxxxxxxxxxxxxxxxxxxxxxxxxxxxxxxxxxxxxxxxxxxxxxxxxxxxxxxxxxxxxxxxxxxxxxxxxxxxxxxxxxxxxxxxxxxxxxx...;48580:xxxxxxxxxxxxxxxxxxxxxxxxxxxxxxxxxxxxxxxxxxxxxxxxxxxxxxxxxxxxxxxxxxxxxxxxxxxxxxxxxxxxxxxxxxxxxxxxxxxxxxxxxxxxxxxxxxxxxxxx...;48580:xxxxxxxxxxxxxxxxxxxxxxxxxxxxxxxxxxxxxxxxxxxxxxxxxxxxxxxxxxxxxxxxxxxxxxxxxxxxxxxxxxxxxxxxxxxxxxxxxxxxxxxxxxxxxxxxxxxxxxxx...;48580:xxxxxxxxxxxxxxxxxxxxxxxxxxxxxxxxxxxxxxxxxxxxxxxxxxxxxxxxxxxxxxxxxxxxxxxxxxxxxxxxxxxxxxxxxxxxxxxxxxxxxxxxxxxxxxxxxxxxxxxx...
[15:18:52.670] cap4634#3: pid=78676 died=False exit=57005 elapsedMs=8331 stdout=0B stderr=890B logLines=676
[15:18:52.671] cap4634#3: message windows -> 5|78676:DeviceMonitorMessageWindow;34864:;78676:;78676:C:\Source\SixFive7\BrowserAI\.work\2026-08-27-desktop-heap\fine-4634\profile-cap4634-3;78676: | static=4634|48580:xxxxxxxxxxxxxxxxxxxxxxxxxxxxxxxxxxxxxxxxxxxxxxxxxxxxxxxxxxxxxxxxxxxxxxxxxxxxxxxxxxxxxxxxxxxxxxxxxxxxxxxxxxxxxxxxxxxxxxxx...;48580:xxxxxxxxxxxxxxxxxxxxxxxxxxxxxxxxxxxxxxxxxxxxxxxxxxxxxxxxxxxxxxxxxxxxxxxxxxxxxxxxxxxxxxxxxxxxxxxxxxxxxxxxxxxxxxxxxxxxxxxx...;48580:xxxxxxxxxxxxxxxxxxxxxxxxxxxxxxxxxxxxxxxxxxxxxxxxxxxxxxxxxxxxxxxxxxxxxxxxxxxxxxxxxxxxxxxxxxxxxxxxxxxxxxxxxxxxxxxxxxxxxxxx...;48580:xxxxxxxxxxxxxxxxxxxxxxxxxxxxxxxxxxxxxxxxxxxxxxxxxxxxxxxxxxxxxxxxxxxxxxxxxxxxxxxxxxxxxxxxxxxxxxxxxxxxxxxxxxxxxxxxxxxxxxxx...;48580:xxxxxxxxxxxxxxxxxxxxxxxxxxxxxxxxxxxxxxxxxxxxxxxxxxxxxxxxxxxxxxxxxxxxxxxxxxxxxxxxxxxxxxxxxxxxxxxxxxxxxxxxxxxxxxxxxxxxxxxx...;48580:xxxxxxxxxxxxxxxxxxxxxxxxxxxxxxxxxxxxxxxxxxxxxxxxxxxxxxxxxxxxxxxxxxxxxxxxxxxxxxxxxxxxxxxxxxxxxxxxxxxxxxxxxxxxxxxxxxxxxxxx...;48580:xxxxxxxxxxxxxxxxxxxxxxxxxxxxxxxxxxxxxxxxxxxxxxxxxxxxxxxxxxxxxxxxxxxxxxxxxxxxxxxxxxxxxxxxxxxxxxxxxxxxxxxxxxxxxxxxxxxxxxxx...;48580:xxxxxxxxxxxxxxxxxxxxxxxxxxxxxxxxxxxxxxxxxxxxxxxxxxxxxxxxxxxxxxxxxxxxxxxxxxxxxxxxxxxxxxxxxxxxxxxxxxxxxxxxxxxxxxxxxxxxxxxx...
[15:18:52.672] releasing the windows
[15:18:55.696] machine at end: processes=439 threads=12029 handles=265397 physicalFreeMiB=85969 physicalTotalMiB=130989 commitMiB=62450 commitLimitMiB=141229
[15:18:55.697] RESULTS C:\Source\SixFive7\BrowserAI\.work\2026-08-27-desktop-heap\fine-4634\results.json
[15:18:55.697] teardown
[15:18:57.719] CloseDesktop -> True
[15:18:57.720] job closed
[15:18:57.723] window stations now: WinSta0, Service-0x0-127b7b$
[15:18:57.726] desktops on WinSta0: sbox_alternate_desktop_local_winstation_0x7BC8, Default
[15:18:57.726] done
[15:18:58.412] controller pid=36972 out=C:\Source\SixFive7\BrowserAI\.work\2026-08-27-desktop-heap\fine-4632
[15:18:58.417] chromium=C:\Users\jori\AppData\Local\BrowserAI\browsers\chromium-1237\chrome-win64\chrome.exe
[15:18:58.418] host=C:\Program Files\PowerShell\7\pwsh.exe
[15:18:58.432] machine before: processes=436 threads=12005 handles=264242 physicalFreeMiB=86235 physicalTotalMiB=130989 commitMiB=62167 commitLimitMiB=141229
[15:18:58.434] job object created (KILL_ON_JOB_CLOSE); every rig process is assigned to it
[15:18:58.445] created desktop 'WinSta0\BaiF4632' -- UOI_HEAPSIZE = 20480 KB
[15:18:59.270] prober: pid=58856 error=0 :: created=0 lastError=0 userObjects=3 cap=0 heapKb=20480 station=WinSta0 desktop=BaiF4632
[15:18:59.272] filling 4632 windows of 2048-character title onto WinSta0\BaiF4632 (20480 KB) ...
[15:19:01.950] filler 1: pid=47504 error=0 :: created=4632 lastError=0 userObjects=4635 cap=4632 heapKb=20480 station=WinSta0 desktop=BaiF4632
[15:19:01.951] machine after fill: processes=440 threads=12055 handles=265490 physicalFreeMiB=86010 physicalTotalMiB=130989 commitMiB=62414 commitLimitMiB=141229
[15:19:10.638] cap4632#1: pid=45072 died=False exit=57005 elapsedMs=8338 stdout=0B stderr=890B logLines=677
[15:19:10.640] cap4632#1: message windows -> 5|45072:DeviceMonitorMessageWindow;65476:;45072:;45072:C:\Source\SixFive7\BrowserAI\.work\2026-08-27-desktop-heap\fine-4632\profile-cap4632-1;45072: | static=4632|47504:xxxxxxxxxxxxxxxxxxxxxxxxxxxxxxxxxxxxxxxxxxxxxxxxxxxxxxxxxxxxxxxxxxxxxxxxxxxxxxxxxxxxxxxxxxxxxxxxxxxxxxxxxxxxxxxxxxxxxxxx...;47504:xxxxxxxxxxxxxxxxxxxxxxxxxxxxxxxxxxxxxxxxxxxxxxxxxxxxxxxxxxxxxxxxxxxxxxxxxxxxxxxxxxxxxxxxxxxxxxxxxxxxxxxxxxxxxxxxxxxxxxxx...;47504:xxxxxxxxxxxxxxxxxxxxxxxxxxxxxxxxxxxxxxxxxxxxxxxxxxxxxxxxxxxxxxxxxxxxxxxxxxxxxxxxxxxxxxxxxxxxxxxxxxxxxxxxxxxxxxxxxxxxxxxx...;47504:xxxxxxxxxxxxxxxxxxxxxxxxxxxxxxxxxxxxxxxxxxxxxxxxxxxxxxxxxxxxxxxxxxxxxxxxxxxxxxxxxxxxxxxxxxxxxxxxxxxxxxxxxxxxxxxxxxxxxxxx...;47504:xxxxxxxxxxxxxxxxxxxxxxxxxxxxxxxxxxxxxxxxxxxxxxxxxxxxxxxxxxxxxxxxxxxxxxxxxxxxxxxxxxxxxxxxxxxxxxxxxxxxxxxxxxxxxxxxxxxxxxxx...;47504:xxxxxxxxxxxxxxxxxxxxxxxxxxxxxxxxxxxxxxxxxxxxxxxxxxxxxxxxxxxxxxxxxxxxxxxxxxxxxxxxxxxxxxxxxxxxxxxxxxxxxxxxxxxxxxxxxxxxxxxx...;47504:xxxxxxxxxxxxxxxxxxxxxxxxxxxxxxxxxxxxxxxxxxxxxxxxxxxxxxxxxxxxxxxxxxxxxxxxxxxxxxxxxxxxxxxxxxxxxxxxxxxxxxxxxxxxxxxxxxxxxxxx...;47504:xxxxxxxxxxxxxxxxxxxxxxxxxxxxxxxxxxxxxxxxxxxxxxxxxxxxxxxxxxxxxxxxxxxxxxxxxxxxxxxxxxxxxxxxxxxxxxxxxxxxxxxxxxxxxxxxxxxxxxxx...
[15:19:19.282] cap4632#2: pid=47512 died=False exit=57005 elapsedMs=8312 stdout=0B stderr=890B logLines=676
[15:19:19.283] cap4632#2: message windows -> 5|47512:DeviceMonitorMessageWindow;50840:;47512:;47512:C:\Source\SixFive7\BrowserAI\.work\2026-08-27-desktop-heap\fine-4632\profile-cap4632-2;47512: | static=4632|47504:xxxxxxxxxxxxxxxxxxxxxxxxxxxxxxxxxxxxxxxxxxxxxxxxxxxxxxxxxxxxxxxxxxxxxxxxxxxxxxxxxxxxxxxxxxxxxxxxxxxxxxxxxxxxxxxxxxxxxxxx...;47504:xxxxxxxxxxxxxxxxxxxxxxxxxxxxxxxxxxxxxxxxxxxxxxxxxxxxxxxxxxxxxxxxxxxxxxxxxxxxxxxxxxxxxxxxxxxxxxxxxxxxxxxxxxxxxxxxxxxxxxxx...;47504:xxxxxxxxxxxxxxxxxxxxxxxxxxxxxxxxxxxxxxxxxxxxxxxxxxxxxxxxxxxxxxxxxxxxxxxxxxxxxxxxxxxxxxxxxxxxxxxxxxxxxxxxxxxxxxxxxxxxxxxx...;47504:xxxxxxxxxxxxxxxxxxxxxxxxxxxxxxxxxxxxxxxxxxxxxxxxxxxxxxxxxxxxxxxxxxxxxxxxxxxxxxxxxxxxxxxxxxxxxxxxxxxxxxxxxxxxxxxxxxxxxxxx...;47504:xxxxxxxxxxxxxxxxxxxxxxxxxxxxxxxxxxxxxxxxxxxxxxxxxxxxxxxxxxxxxxxxxxxxxxxxxxxxxxxxxxxxxxxxxxxxxxxxxxxxxxxxxxxxxxxxxxxxxxxx...;47504:xxxxxxxxxxxxxxxxxxxxxxxxxxxxxxxxxxxxxxxxxxxxxxxxxxxxxxxxxxxxxxxxxxxxxxxxxxxxxxxxxxxxxxxxxxxxxxxxxxxxxxxxxxxxxxxxxxxxxxxx...;47504:xxxxxxxxxxxxxxxxxxxxxxxxxxxxxxxxxxxxxxxxxxxxxxxxxxxxxxxxxxxxxxxxxxxxxxxxxxxxxxxxxxxxxxxxxxxxxxxxxxxxxxxxxxxxxxxxxxxxxxxx...;47504:xxxxxxxxxxxxxxxxxxxxxxxxxxxxxxxxxxxxxxxxxxxxxxxxxxxxxxxxxxxxxxxxxxxxxxxxxxxxxxxxxxxxxxxxxxxxxxxxxxxxxxxxxxxxxxxxxxxxxxxx...
[15:19:27.942] cap4632#3: pid=25432 died=False exit=57005 elapsedMs=8318 stdout=0B stderr=890B logLines=677
[15:19:27.943] cap4632#3: message windows -> 5|25432:DeviceMonitorMessageWindow;77508:;25432:;25432:C:\Source\SixFive7\BrowserAI\.work\2026-08-27-desktop-heap\fine-4632\profile-cap4632-3;25432: | static=4632|47504:xxxxxxxxxxxxxxxxxxxxxxxxxxxxxxxxxxxxxxxxxxxxxxxxxxxxxxxxxxxxxxxxxxxxxxxxxxxxxxxxxxxxxxxxxxxxxxxxxxxxxxxxxxxxxxxxxxxxxxxx...;47504:xxxxxxxxxxxxxxxxxxxxxxxxxxxxxxxxxxxxxxxxxxxxxxxxxxxxxxxxxxxxxxxxxxxxxxxxxxxxxxxxxxxxxxxxxxxxxxxxxxxxxxxxxxxxxxxxxxxxxxxx...;47504:xxxxxxxxxxxxxxxxxxxxxxxxxxxxxxxxxxxxxxxxxxxxxxxxxxxxxxxxxxxxxxxxxxxxxxxxxxxxxxxxxxxxxxxxxxxxxxxxxxxxxxxxxxxxxxxxxxxxxxxx...;47504:xxxxxxxxxxxxxxxxxxxxxxxxxxxxxxxxxxxxxxxxxxxxxxxxxxxxxxxxxxxxxxxxxxxxxxxxxxxxxxxxxxxxxxxxxxxxxxxxxxxxxxxxxxxxxxxxxxxxxxxx...;47504:xxxxxxxxxxxxxxxxxxxxxxxxxxxxxxxxxxxxxxxxxxxxxxxxxxxxxxxxxxxxxxxxxxxxxxxxxxxxxxxxxxxxxxxxxxxxxxxxxxxxxxxxxxxxxxxxxxxxxxxx...;47504:xxxxxxxxxxxxxxxxxxxxxxxxxxxxxxxxxxxxxxxxxxxxxxxxxxxxxxxxxxxxxxxxxxxxxxxxxxxxxxxxxxxxxxxxxxxxxxxxxxxxxxxxxxxxxxxxxxxxxxxx...;47504:xxxxxxxxxxxxxxxxxxxxxxxxxxxxxxxxxxxxxxxxxxxxxxxxxxxxxxxxxxxxxxxxxxxxxxxxxxxxxxxxxxxxxxxxxxxxxxxxxxxxxxxxxxxxxxxxxxxxxxxx...;47504:xxxxxxxxxxxxxxxxxxxxxxxxxxxxxxxxxxxxxxxxxxxxxxxxxxxxxxxxxxxxxxxxxxxxxxxxxxxxxxxxxxxxxxxxxxxxxxxxxxxxxxxxxxxxxxxxxxxxxxxx...
[15:19:27.944] releasing the windows
[15:19:30.960] machine at end: processes=440 threads=12054 handles=265006 physicalFreeMiB=86096 physicalTotalMiB=130989 commitMiB=62325 commitLimitMiB=141229
[15:19:30.960] RESULTS C:\Source\SixFive7\BrowserAI\.work\2026-08-27-desktop-heap\fine-4632\results.json
[15:19:30.961] teardown
[15:19:32.978] CloseDesktop -> True
[15:19:32.979] job closed
[15:19:32.983] window stations now: WinSta0, Service-0x0-127b7b$
[15:19:32.985] desktops on WinSta0: sbox_alternate_desktop_local_winstation_0x7BC8, Default
[15:19:32.986] done
[15:19:33.712] controller pid=74880 out=C:\Source\SixFive7\BrowserAI\.work\2026-08-27-desktop-heap\fine-4630
[15:19:33.719] chromium=C:\Users\jori\AppData\Local\BrowserAI\browsers\chromium-1237\chrome-win64\chrome.exe
[15:19:33.720] host=C:\Program Files\PowerShell\7\pwsh.exe
[15:19:33.723] machine before: processes=436 threads=12016 handles=263673 physicalFreeMiB=86331 physicalTotalMiB=130989 commitMiB=62048 commitLimitMiB=141229
[15:19:33.736] job object created (KILL_ON_JOB_CLOSE); every rig process is assigned to it
[15:19:33.747] created desktop 'WinSta0\BaiF4630' -- UOI_HEAPSIZE = 20480 KB
[15:19:34.566] prober: pid=62264 error=0 :: created=0 lastError=0 userObjects=3 cap=0 heapKb=20480 station=WinSta0 desktop=BaiF4630
[15:19:34.568] filling 4630 windows of 2048-character title onto WinSta0\BaiF4630 (20480 KB) ...
[15:19:37.228] filler 1: pid=2448 error=0 :: created=4630 lastError=0 userObjects=4633 cap=4630 heapKb=20480 station=WinSta0 desktop=BaiF4630
[15:19:37.229] machine after fill: processes=440 threads=12080 handles=265086 physicalFreeMiB=86078 physicalTotalMiB=130989 commitMiB=62333 commitLimitMiB=141229
[15:19:46.619] cap4630#1: pid=22468 died=False exit=57005 elapsedMs=9050 stdout=0B stderr=440B logLines=543
[15:19:46.621] cap4630#1: message windows -> 5|22468:DeviceMonitorMessageWindow;60300:;22468:;22468:C:\Source\SixFive7\BrowserAI\.work\2026-08-27-desktop-heap\fine-4630\profile-cap4630-1;22468: | static=4630|2448:xxxxxxxxxxxxxxxxxxxxxxxxxxxxxxxxxxxxxxxxxxxxxxxxxxxxxxxxxxxxxxxxxxxxxxxxxxxxxxxxxxxxxxxxxxxxxxxxxxxxxxxxxxxxxxxxxxxxxxxx...;2448:xxxxxxxxxxxxxxxxxxxxxxxxxxxxxxxxxxxxxxxxxxxxxxxxxxxxxxxxxxxxxxxxxxxxxxxxxxxxxxxxxxxxxxxxxxxxxxxxxxxxxxxxxxxxxxxxxxxxxxxx...;2448:xxxxxxxxxxxxxxxxxxxxxxxxxxxxxxxxxxxxxxxxxxxxxxxxxxxxxxxxxxxxxxxxxxxxxxxxxxxxxxxxxxxxxxxxxxxxxxxxxxxxxxxxxxxxxxxxxxxxxxxx...;2448:xxxxxxxxxxxxxxxxxxxxxxxxxxxxxxxxxxxxxxxxxxxxxxxxxxxxxxxxxxxxxxxxxxxxxxxxxxxxxxxxxxxxxxxxxxxxxxxxxxxxxxxxxxxxxxxxxxxxxxxx...;2448:xxxxxxxxxxxxxxxxxxxxxxxxxxxxxxxxxxxxxxxxxxxxxxxxxxxxxxxxxxxxxxxxxxxxxxxxxxxxxxxxxxxxxxxxxxxxxxxxxxxxxxxxxxxxxxxxxxxxxxxx...;2448:xxxxxxxxxxxxxxxxxxxxxxxxxxxxxxxxxxxxxxxxxxxxxxxxxxxxxxxxxxxxxxxxxxxxxxxxxxxxxxxxxxxxxxxxxxxxxxxxxxxxxxxxxxxxxxxxxxxxxxxx...;2448:xxxxxxxxxxxxxxxxxxxxxxxxxxxxxxxxxxxxxxxxxxxxxxxxxxxxxxxxxxxxxxxxxxxxxxxxxxxxxxxxxxxxxxxxxxxxxxxxxxxxxxxxxxxxxxxxxxxxxxxx...;2448:xxxxxxxxxxxxxxxxxxxxxxxxxxxxxxxxxxxxxxxxxxxxxxxxxxxxxxxxxxxxxxxxxxxxxxxxxxxxxxxxxxxxxxxxxxxxxxxxxxxxxxxxxxxxxxxxxxxxxxxx...
[15:19:55.437] cap4630#2: pid=64420 died=False exit=57005 elapsedMs=8468 stdout=0B stderr=440B logLines=322
[15:19:55.437] cap4630#2: message windows -> 5|64420:DeviceMonitorMessageWindow;47628:;64420:;64420:C:\Source\SixFive7\BrowserAI\.work\2026-08-27-desktop-heap\fine-4630\profile-cap4630-2;64420: | static=4630|2448:xxxxxxxxxxxxxxxxxxxxxxxxxxxxxxxxxxxxxxxxxxxxxxxxxxxxxxxxxxxxxxxxxxxxxxxxxxxxxxxxxxxxxxxxxxxxxxxxxxxxxxxxxxxxxxxxxxxxxxxx...;2448:xxxxxxxxxxxxxxxxxxxxxxxxxxxxxxxxxxxxxxxxxxxxxxxxxxxxxxxxxxxxxxxxxxxxxxxxxxxxxxxxxxxxxxxxxxxxxxxxxxxxxxxxxxxxxxxxxxxxxxxx...;2448:xxxxxxxxxxxxxxxxxxxxxxxxxxxxxxxxxxxxxxxxxxxxxxxxxxxxxxxxxxxxxxxxxxxxxxxxxxxxxxxxxxxxxxxxxxxxxxxxxxxxxxxxxxxxxxxxxxxxxxxx...;2448:xxxxxxxxxxxxxxxxxxxxxxxxxxxxxxxxxxxxxxxxxxxxxxxxxxxxxxxxxxxxxxxxxxxxxxxxxxxxxxxxxxxxxxxxxxxxxxxxxxxxxxxxxxxxxxxxxxxxxxxx...;2448:xxxxxxxxxxxxxxxxxxxxxxxxxxxxxxxxxxxxxxxxxxxxxxxxxxxxxxxxxxxxxxxxxxxxxxxxxxxxxxxxxxxxxxxxxxxxxxxxxxxxxxxxxxxxxxxxxxxxxxxx...;2448:xxxxxxxxxxxxxxxxxxxxxxxxxxxxxxxxxxxxxxxxxxxxxxxxxxxxxxxxxxxxxxxxxxxxxxxxxxxxxxxxxxxxxxxxxxxxxxxxxxxxxxxxxxxxxxxxxxxxxxxx...;2448:xxxxxxxxxxxxxxxxxxxxxxxxxxxxxxxxxxxxxxxxxxxxxxxxxxxxxxxxxxxxxxxxxxxxxxxxxxxxxxxxxxxxxxxxxxxxxxxxxxxxxxxxxxxxxxxxxxxxxxxx...;2448:xxxxxxxxxxxxxxxxxxxxxxxxxxxxxxxxxxxxxxxxxxxxxxxxxxxxxxxxxxxxxxxxxxxxxxxxxxxxxxxxxxxxxxxxxxxxxxxxxxxxxxxxxxxxxxxxxxxxxxxx...
[15:20:04.267] cap4630#3: pid=74460 died=False exit=57005 elapsedMs=8502 stdout=0B stderr=439B logLines=512
[15:20:04.268] cap4630#3: message windows -> 5|74460:DeviceMonitorMessageWindow;63276:;74460:;74460:C:\Source\SixFive7\BrowserAI\.work\2026-08-27-desktop-heap\fine-4630\profile-cap4630-3;74460: | static=4630|2448:xxxxxxxxxxxxxxxxxxxxxxxxxxxxxxxxxxxxxxxxxxxxxxxxxxxxxxxxxxxxxxxxxxxxxxxxxxxxxxxxxxxxxxxxxxxxxxxxxxxxxxxxxxxxxxxxxxxxxxxx...;2448:xxxxxxxxxxxxxxxxxxxxxxxxxxxxxxxxxxxxxxxxxxxxxxxxxxxxxxxxxxxxxxxxxxxxxxxxxxxxxxxxxxxxxxxxxxxxxxxxxxxxxxxxxxxxxxxxxxxxxxxx...;2448:xxxxxxxxxxxxxxxxxxxxxxxxxxxxxxxxxxxxxxxxxxxxxxxxxxxxxxxxxxxxxxxxxxxxxxxxxxxxxxxxxxxxxxxxxxxxxxxxxxxxxxxxxxxxxxxxxxxxxxxx...;2448:xxxxxxxxxxxxxxxxxxxxxxxxxxxxxxxxxxxxxxxxxxxxxxxxxxxxxxxxxxxxxxxxxxxxxxxxxxxxxxxxxxxxxxxxxxxxxxxxxxxxxxxxxxxxxxxxxxxxxxxx...;2448:xxxxxxxxxxxxxxxxxxxxxxxxxxxxxxxxxxxxxxxxxxxxxxxxxxxxxxxxxxxxxxxxxxxxxxxxxxxxxxxxxxxxxxxxxxxxxxxxxxxxxxxxxxxxxxxxxxxxxxxx...;2448:xxxxxxxxxxxxxxxxxxxxxxxxxxxxxxxxxxxxxxxxxxxxxxxxxxxxxxxxxxxxxxxxxxxxxxxxxxxxxxxxxxxxxxxxxxxxxxxxxxxxxxxxxxxxxxxxxxxxxxxx...;2448:xxxxxxxxxxxxxxxxxxxxxxxxxxxxxxxxxxxxxxxxxxxxxxxxxxxxxxxxxxxxxxxxxxxxxxxxxxxxxxxxxxxxxxxxxxxxxxxxxxxxxxxxxxxxxxxxxxxxxxxx...;2448:xxxxxxxxxxxxxxxxxxxxxxxxxxxxxxxxxxxxxxxxxxxxxxxxxxxxxxxxxxxxxxxxxxxxxxxxxxxxxxxxxxxxxxxxxxxxxxxxxxxxxxxxxxxxxxxxxxxxxxxx...
[15:20:04.269] releasing the windows
[15:20:07.295] machine at end: processes=441 threads=12021 handles=265159 physicalFreeMiB=85226 physicalTotalMiB=130989 commitMiB=62630 commitLimitMiB=141229
[15:20:07.296] RESULTS C:\Source\SixFive7\BrowserAI\.work\2026-08-27-desktop-heap\fine-4630\results.json
[15:20:07.296] teardown
[15:20:09.305] CloseDesktop -> True
[15:20:09.306] job closed
[15:20:09.310] window stations now: WinSta0, Service-0x0-127b7b$
[15:20:09.312] desktops on WinSta0: sbox_alternate_desktop_local_winstation_0x7BC8, Default
[15:20:09.312] done
[15:20:10.059] controller pid=55620 out=C:\Source\SixFive7\BrowserAI\.work\2026-08-27-desktop-heap\fine-4626
[15:20:10.076] chromium=C:\Users\jori\AppData\Local\BrowserAI\browsers\chromium-1237\chrome-win64\chrome.exe
[15:20:10.077] host=C:\Program Files\PowerShell\7\pwsh.exe
[15:20:10.080] machine before: processes=438 threads=11996 handles=264284 physicalFreeMiB=85572 physicalTotalMiB=130989 commitMiB=62398 commitLimitMiB=141229
[15:20:10.082] job object created (KILL_ON_JOB_CLOSE); every rig process is assigned to it
[15:20:10.093] created desktop 'WinSta0\BaiF4626' -- UOI_HEAPSIZE = 20480 KB
[15:20:10.906] prober: pid=72272 error=0 :: created=0 lastError=0 userObjects=3 cap=0 heapKb=20480 station=WinSta0 desktop=BaiF4626
[15:20:10.908] filling 4626 windows of 2048-character title onto WinSta0\BaiF4626 (20480 KB) ...
[15:20:13.746] filler 1: pid=71028 error=0 :: created=4626 lastError=0 userObjects=4629 cap=4626 heapKb=20480 station=WinSta0 desktop=BaiF4626
[15:20:13.747] machine after fill: processes=443 threads=12095 handles=266110 physicalFreeMiB=85115 physicalTotalMiB=130989 commitMiB=62681 commitLimitMiB=141229
[15:20:22.485] cap4626#1: pid=73648 died=False exit=57005 elapsedMs=8397 stdout=0B stderr=439B logLines=325
[15:20:22.487] cap4626#1: message windows -> 5|73648:DeviceMonitorMessageWindow;80112:;73648:;73648:C:\Source\SixFive7\BrowserAI\.work\2026-08-27-desktop-heap\fine-4626\profile-cap4626-1;73648: | static=4626|71028:xxxxxxxxxxxxxxxxxxxxxxxxxxxxxxxxxxxxxxxxxxxxxxxxxxxxxxxxxxxxxxxxxxxxxxxxxxxxxxxxxxxxxxxxxxxxxxxxxxxxxxxxxxxxxxxxxxxxxxxx...;71028:xxxxxxxxxxxxxxxxxxxxxxxxxxxxxxxxxxxxxxxxxxxxxxxxxxxxxxxxxxxxxxxxxxxxxxxxxxxxxxxxxxxxxxxxxxxxxxxxxxxxxxxxxxxxxxxxxxxxxxxx...;71028:xxxxxxxxxxxxxxxxxxxxxxxxxxxxxxxxxxxxxxxxxxxxxxxxxxxxxxxxxxxxxxxxxxxxxxxxxxxxxxxxxxxxxxxxxxxxxxxxxxxxxxxxxxxxxxxxxxxxxxxx...;71028:xxxxxxxxxxxxxxxxxxxxxxxxxxxxxxxxxxxxxxxxxxxxxxxxxxxxxxxxxxxxxxxxxxxxxxxxxxxxxxxxxxxxxxxxxxxxxxxxxxxxxxxxxxxxxxxxxxxxxxxx...;71028:xxxxxxxxxxxxxxxxxxxxxxxxxxxxxxxxxxxxxxxxxxxxxxxxxxxxxxxxxxxxxxxxxxxxxxxxxxxxxxxxxxxxxxxxxxxxxxxxxxxxxxxxxxxxxxxxxxxxxxxx...;71028:xxxxxxxxxxxxxxxxxxxxxxxxxxxxxxxxxxxxxxxxxxxxxxxxxxxxxxxxxxxxxxxxxxxxxxxxxxxxxxxxxxxxxxxxxxxxxxxxxxxxxxxxxxxxxxxxxxxxxxxx...;71028:xxxxxxxxxxxxxxxxxxxxxxxxxxxxxxxxxxxxxxxxxxxxxxxxxxxxxxxxxxxxxxxxxxxxxxxxxxxxxxxxxxxxxxxxxxxxxxxxxxxxxxxxxxxxxxxxxxxxxxxx...;71028:xxxxxxxxxxxxxxxxxxxxxxxxxxxxxxxxxxxxxxxxxxxxxxxxxxxxxxxxxxxxxxxxxxxxxxxxxxxxxxxxxxxxxxxxxxxxxxxxxxxxxxxxxxxxxxxxxxxxxxxx...
[15:20:31.194] cap4626#2: pid=52048 died=False exit=57005 elapsedMs=8366 stdout=0B stderr=890B logLines=661
[15:20:31.194] cap4626#2: message windows -> 5|52048:DeviceMonitorMessageWindow;67304:;52048:;52048:C:\Source\SixFive7\BrowserAI\.work\2026-08-27-desktop-heap\fine-4626\profile-cap4626-2;52048: | static=4626|71028:xxxxxxxxxxxxxxxxxxxxxxxxxxxxxxxxxxxxxxxxxxxxxxxxxxxxxxxxxxxxxxxxxxxxxxxxxxxxxxxxxxxxxxxxxxxxxxxxxxxxxxxxxxxxxxxxxxxxxxxx...;71028:xxxxxxxxxxxxxxxxxxxxxxxxxxxxxxxxxxxxxxxxxxxxxxxxxxxxxxxxxxxxxxxxxxxxxxxxxxxxxxxxxxxxxxxxxxxxxxxxxxxxxxxxxxxxxxxxxxxxxxxx...;71028:xxxxxxxxxxxxxxxxxxxxxxxxxxxxxxxxxxxxxxxxxxxxxxxxxxxxxxxxxxxxxxxxxxxxxxxxxxxxxxxxxxxxxxxxxxxxxxxxxxxxxxxxxxxxxxxxxxxxxxxx...;71028:xxxxxxxxxxxxxxxxxxxxxxxxxxxxxxxxxxxxxxxxxxxxxxxxxxxxxxxxxxxxxxxxxxxxxxxxxxxxxxxxxxxxxxxxxxxxxxxxxxxxxxxxxxxxxxxxxxxxxxxx...;71028:xxxxxxxxxxxxxxxxxxxxxxxxxxxxxxxxxxxxxxxxxxxxxxxxxxxxxxxxxxxxxxxxxxxxxxxxxxxxxxxxxxxxxxxxxxxxxxxxxxxxxxxxxxxxxxxxxxxxxxxx...;71028:xxxxxxxxxxxxxxxxxxxxxxxxxxxxxxxxxxxxxxxxxxxxxxxxxxxxxxxxxxxxxxxxxxxxxxxxxxxxxxxxxxxxxxxxxxxxxxxxxxxxxxxxxxxxxxxxxxxxxxxx...;71028:xxxxxxxxxxxxxxxxxxxxxxxxxxxxxxxxxxxxxxxxxxxxxxxxxxxxxxxxxxxxxxxxxxxxxxxxxxxxxxxxxxxxxxxxxxxxxxxxxxxxxxxxxxxxxxxxxxxxxxxx...;71028:xxxxxxxxxxxxxxxxxxxxxxxxxxxxxxxxxxxxxxxxxxxxxxxxxxxxxxxxxxxxxxxxxxxxxxxxxxxxxxxxxxxxxxxxxxxxxxxxxxxxxxxxxxxxxxxxxxxxxxxx...
[15:20:39.836] cap4626#3: pid=14768 died=False exit=57005 elapsedMs=8311 stdout=0B stderr=1163B logLines=678
[15:20:39.836] cap4626#3: message windows -> 5|14768:DeviceMonitorMessageWindow;70728:;14768:;14768:C:\Source\SixFive7\BrowserAI\.work\2026-08-27-desktop-heap\fine-4626\profile-cap4626-3;14768: | static=4626|71028:xxxxxxxxxxxxxxxxxxxxxxxxxxxxxxxxxxxxxxxxxxxxxxxxxxxxxxxxxxxxxxxxxxxxxxxxxxxxxxxxxxxxxxxxxxxxxxxxxxxxxxxxxxxxxxxxxxxxxxxx...;71028:xxxxxxxxxxxxxxxxxxxxxxxxxxxxxxxxxxxxxxxxxxxxxxxxxxxxxxxxxxxxxxxxxxxxxxxxxxxxxxxxxxxxxxxxxxxxxxxxxxxxxxxxxxxxxxxxxxxxxxxx...;71028:xxxxxxxxxxxxxxxxxxxxxxxxxxxxxxxxxxxxxxxxxxxxxxxxxxxxxxxxxxxxxxxxxxxxxxxxxxxxxxxxxxxxxxxxxxxxxxxxxxxxxxxxxxxxxxxxxxxxxxxx...;71028:xxxxxxxxxxxxxxxxxxxxxxxxxxxxxxxxxxxxxxxxxxxxxxxxxxxxxxxxxxxxxxxxxxxxxxxxxxxxxxxxxxxxxxxxxxxxxxxxxxxxxxxxxxxxxxxxxxxxxxxx...;71028:xxxxxxxxxxxxxxxxxxxxxxxxxxxxxxxxxxxxxxxxxxxxxxxxxxxxxxxxxxxxxxxxxxxxxxxxxxxxxxxxxxxxxxxxxxxxxxxxxxxxxxxxxxxxxxxxxxxxxxxx...;71028:xxxxxxxxxxxxxxxxxxxxxxxxxxxxxxxxxxxxxxxxxxxxxxxxxxxxxxxxxxxxxxxxxxxxxxxxxxxxxxxxxxxxxxxxxxxxxxxxxxxxxxxxxxxxxxxxxxxxxxxx...;71028:xxxxxxxxxxxxxxxxxxxxxxxxxxxxxxxxxxxxxxxxxxxxxxxxxxxxxxxxxxxxxxxxxxxxxxxxxxxxxxxxxxxxxxxxxxxxxxxxxxxxxxxxxxxxxxxxxxxxxxxx...;71028:xxxxxxxxxxxxxxxxxxxxxxxxxxxxxxxxxxxxxxxxxxxxxxxxxxxxxxxxxxxxxxxxxxxxxxxxxxxxxxxxxxxxxxxxxxxxxxxxxxxxxxxxxxxxxxxxxxxxxxxx...
[15:20:39.837] releasing the windows
[15:20:42.857] machine at end: processes=439 threads=12001 handles=263828 physicalFreeMiB=85345 physicalTotalMiB=130989 commitMiB=63049 commitLimitMiB=141229
[15:20:42.858] RESULTS C:\Source\SixFive7\BrowserAI\.work\2026-08-27-desktop-heap\fine-4626\results.json
[15:20:42.858] teardown
[15:20:44.879] CloseDesktop -> True
[15:20:44.880] job closed
[15:20:44.883] window stations now: WinSta0, Service-0x0-127b7b$
[15:20:44.884] desktops on WinSta0: sbox_alternate_desktop_local_winstation_0x7BC8, Default
[15:20:44.885] done
[15:20:45.637] controller pid=4304 out=C:\Source\SixFive7\BrowserAI\.work\2026-08-27-desktop-heap\small-windows
[15:20:45.644] chromium=C:\Users\jori\AppData\Local\BrowserAI\browsers\chromium-1237\chrome-win64\chrome.exe
[15:20:45.645] host=C:\Program Files\PowerShell\7\pwsh.exe
[15:20:45.648] machine before: processes=435 threads=11966 handles=262547 physicalFreeMiB=85449 physicalTotalMiB=130989 commitMiB=62904 commitLimitMiB=141229
[15:20:45.650] job object created (KILL_ON_JOB_CLOSE); every rig process is assigned to it
[15:20:45.662] created desktop 'WinSta0\BaiSmall' -- UOI_HEAPSIZE = 20480 KB
[15:20:46.488] prober: pid=76420 error=0 :: created=0 lastError=0 userObjects=3 cap=0 heapKb=20480 station=WinSta0 desktop=BaiSmall
[15:20:46.490] filling the desktop heap of WinSta0\BaiSmall (20480 KB) ...
[15:20:51.353] filler 1: pid=66548 error=0 :: created=9997 lastError=1158 userObjects=10000 cap=60000 heapKb=20480 station=WinSta0 desktop=BaiSmall
[15:20:57.494] filler 2: pid=44088 error=0 :: created=9997 lastError=1158 userObjects=10000 cap=60000 heapKb=20480 station=WinSta0 desktop=BaiSmall
[15:21:00.491] filler 3: pid=67440 error=0 :: created=3724 lastError=1158 userObjects=3727 cap=60000 heapKb=20480 station=WinSta0 desktop=BaiSmall
[15:21:01.300] filler 4: pid=41788 error=0 :: created=0 lastError=1158 userObjects=2 cap=60000 heapKb=20480 station=WinSta0 desktop=BaiSmall
[15:21:01.301] filler 4 created only 0 windows -- the desktop heap is spent
[15:21:01.301] fill complete: 4 filler processes, 23718 windows on WinSta0\BaiSmall
[15:21:01.301] machine after fill: processes=440 threads=12080 handles=264769 physicalFreeMiB=85269 physicalTotalMiB=130989 commitMiB=63113 commitLimitMiB=141229
[15:21:01.990] exhausted#1: pid=15940 died=True exit=-2147483645 elapsedMs=367 stdout=0B stderr=0B logLines=0
[15:21:01.992] exhausted#1: message windows -> 0| | static=23718|66548:h;66548:h;66548:h;66548:h;66548:h;66548:h;66548:h;66548:h
[15:21:02.597] exhausted#2: pid=48188 died=True exit=-2147483645 elapsedMs=272 stdout=0B stderr=0B logLines=0
[15:21:02.598] exhausted#2: message windows -> 0| | static=23718|66548:h;66548:h;66548:h;66548:h;66548:h;66548:h;66548:h;66548:h
[15:21:03.174] exhausted#3: pid=22736 died=True exit=-2147483645 elapsedMs=262 stdout=0B stderr=0B logLines=0
[15:21:03.175] exhausted#3: message windows -> 0| | static=23718|66548:h;66548:h;66548:h;66548:h;66548:h;66548:h;66548:h;66548:h
[15:21:03.764] exhausted#4: pid=57180 died=True exit=-2147483645 elapsedMs=277 stdout=0B stderr=0B logLines=0
[15:21:03.765] exhausted#4: message windows -> 0| | static=23718|66548:h;66548:h;66548:h;66548:h;66548:h;66548:h;66548:h;66548:h
[15:21:04.340] exhausted#5: pid=81548 died=True exit=-2147483645 elapsedMs=263 stdout=0B stderr=0B logLines=0
[15:21:04.341] exhausted#5: message windows -> 0| | static=23718|66548:h;66548:h;66548:h;66548:h;66548:h;66548:h;66548:h;66548:h
[15:21:04.341] releasing the windows
[15:21:07.369] machine at end: processes=444 threads=12053 handles=265275 physicalFreeMiB=85308 physicalTotalMiB=130989 commitMiB=63075 commitLimitMiB=141229
[15:21:07.369] RESULTS C:\Source\SixFive7\BrowserAI\.work\2026-08-27-desktop-heap\small-windows\results.json
[15:21:07.369] teardown
[15:21:09.384] CloseDesktop -> True
[15:21:09.385] job closed
[15:21:09.387] window stations now: WinSta0, Service-0x0-127b7b$
[15:21:09.389] desktops on WinSta0: sbox_alternate_desktop_local_winstation_0x7BC8, Default
[15:21:09.389] done
