2026-10-04T13:55:43Z batch before2: waiting for the suite lock
2026-10-04T13:55:44Z lock taken
2026-10-04T13:55:44Z registry before: exit 0
2026-10-04T13:55:44Z BEGIN desk-probe: "C:\Program Files\PowerShell\7\pwsh.exe" -NoProfile -File "C:\Source\SixFive7\BrowserAI\.work\wt\behave\.work\rig\desk-probe.ps1" -Out "C:\Source\SixFive7\BrowserAI\.work\wt\behave\.work\runs\before2\desk-probe\probe.txt"
2026-10-04T13:55:50Z END desk-probe: launcher exit 0
2026-10-04T13:55:50Z BEGIN raw2-ua-arms: C:\Source\SixFive7\BrowserAI\.work\wt\behave\payload\node\node.exe C:\Source\SixFive7\BrowserAI\.work\wt\behave\.work\rig\raw2.mjs payload=C:\Source\SixFive7\BrowserAI\.work\wt\behave\payload out=C:\Source\SixFive7\BrowserAI\.work\wt\behave\.work\runs\before2\raw2-ua-arms\rig
2026-10-04T13:56:28Z END raw2-ua-arms: launcher exit 0
2026-10-04T13:56:28Z BEGIN tall-chromium-headless-r1: C:\Source\SixFive7\BrowserAI\.work\wt\behave\payload\node\node.exe C:\Source\SixFive7\BrowserAI\.work\wt\behave\.work\rig\behave.mjs server=C:\Source\SixFive7\BrowserAI\.work\wt\behave\.work\bin-baseline\BrowserAI.Server.exe browser=chromium scenario=tall headed=false run=r1 heights=16383,16384,16385,16386,20000 element=20000 wides=16384,16385,20000 out=C:\Source\SixFive7\BrowserAI\.work\wt\behave\.work\runs\before2\tall-chromium-headless-r1\rig sessions=C:\Source\SixFive7\BrowserAI\.work\wt\behave\.work\sessions
2026-10-04T13:56:46Z END tall-chromium-headless-r1: launcher exit 0
2026-10-04T13:56:46Z BEGIN tall-chromium-headless-r2: C:\Source\SixFive7\BrowserAI\.work\wt\behave\payload\node\node.exe C:\Source\SixFive7\BrowserAI\.work\wt\behave\.work\rig\behave.mjs server=C:\Source\SixFive7\BrowserAI\.work\wt\behave\.work\bin-baseline\BrowserAI.Server.exe browser=chromium scenario=tall headed=false run=r2 heights=16384,16385 wides=16384,16385 out=C:\Source\SixFive7\BrowserAI\.work\wt\behave\.work\runs\before2\tall-chromium-headless-r2\rig sessions=C:\Source\SixFive7\BrowserAI\.work\wt\behave\.work\sessions
2026-10-04T13:56:55Z END tall-chromium-headless-r2: launcher exit 0
2026-10-04T13:56:55Z BEGIN tall-chromium-headed-r1: C:\Source\SixFive7\BrowserAI\.work\wt\behave\payload\node\node.exe C:\Source\SixFive7\BrowserAI\.work\wt\behave\.work\rig\behave.mjs server=C:\Source\SixFive7\BrowserAI\.work\wt\behave\.work\bin-baseline\BrowserAI.Server.exe browser=chromium scenario=tall headed=true run=r1 heights=16384,16385,20000 out=C:\Source\SixFive7\BrowserAI\.work\wt\behave\.work\runs\before2\tall-chromium-headed-r1\rig sessions=C:\Source\SixFive7\BrowserAI\.work\wt\behave\.work\sessions
2026-10-04T13:57:06Z END tall-chromium-headed-r1: launcher exit 0
2026-10-04T13:57:06Z BEGIN tall-firefox-headless-r1: C:\Source\SixFive7\BrowserAI\.work\wt\behave\payload\node\node.exe C:\Source\SixFive7\BrowserAI\.work\wt\behave\.work\rig\behave.mjs server=C:\Source\SixFive7\BrowserAI\.work\wt\behave\.work\bin-baseline\BrowserAI.Server.exe browser=firefox scenario=tall headed=false run=r1 heights=16385,32767,32768 out=C:\Source\SixFive7\BrowserAI\.work\wt\behave\.work\runs\before2\tall-firefox-headless-r1\rig sessions=C:\Source\SixFive7\BrowserAI\.work\wt\behave\.work\sessions
2026-10-04T13:57:14Z END tall-firefox-headless-r1: launcher exit 0
2026-10-04T13:57:14Z BEGIN windowclose-chromium-r1: C:\Source\SixFive7\BrowserAI\.work\wt\behave\payload\node\node.exe C:\Source\SixFive7\BrowserAI\.work\wt\behave\.work\rig\behave.mjs server=C:\Source\SixFive7\BrowserAI\.work\wt\behave\.work\bin-baseline\BrowserAI.Server.exe browser=chromium scenario=windowclose headed=true run=r1 out=C:\Source\SixFive7\BrowserAI\.work\wt\behave\.work\runs\before2\windowclose-chromium-r1\rig sessions=C:\Source\SixFive7\BrowserAI\.work\wt\behave\.work\sessions
2026-10-04T13:57:27Z END windowclose-chromium-r1: launcher exit 0
2026-10-04T13:57:27Z BEGIN windowclose-chromium-r2: C:\Source\SixFive7\BrowserAI\.work\wt\behave\payload\node\node.exe C:\Source\SixFive7\BrowserAI\.work\wt\behave\.work\rig\behave.mjs server=C:\Source\SixFive7\BrowserAI\.work\wt\behave\.work\bin-baseline\BrowserAI.Server.exe browser=chromium scenario=windowclose headed=true run=r2 out=C:\Source\SixFive7\BrowserAI\.work\wt\behave\.work\runs\before2\windowclose-chromium-r2\rig sessions=C:\Source\SixFive7\BrowserAI\.work\wt\behave\.work\sessions
2026-10-04T13:57:39Z END windowclose-chromium-r2: launcher exit 0
2026-10-04T13:57:39Z BEGIN windowclose-firefox-r1: C:\Source\SixFive7\BrowserAI\.work\wt\behave\payload\node\node.exe C:\Source\SixFive7\BrowserAI\.work\wt\behave\.work\rig\behave.mjs server=C:\Source\SixFive7\BrowserAI\.work\wt\behave\.work\bin-baseline\BrowserAI.Server.exe browser=firefox scenario=windowclose headed=true run=r1 out=C:\Source\SixFive7\BrowserAI\.work\wt\behave\.work\runs\before2\windowclose-firefox-r1\rig sessions=C:\Source\SixFive7\BrowserAI\.work\wt\behave\.work\sessions
2026-10-04T13:57:56Z END windowclose-firefox-r1: launcher exit 0
2026-10-04T13:57:56Z BEGIN windowclose-firefox-r2: C:\Source\SixFive7\BrowserAI\.work\wt\behave\payload\node\node.exe C:\Source\SixFive7\BrowserAI\.work\wt\behave\.work\rig\behave.mjs server=C:\Source\SixFive7\BrowserAI\.work\wt\behave\.work\bin-baseline\BrowserAI.Server.exe browser=firefox scenario=windowclose headed=true run=r2 out=C:\Source\SixFive7\BrowserAI\.work\wt\behave\.work\runs\before2\windowclose-firefox-r2\rig sessions=C:\Source\SixFive7\BrowserAI\.work\wt\behave\.work\sessions
2026-10-04T13:58:19Z END windowclose-firefox-r2: launcher exit 0
2026-10-04T13:58:19Z BEGIN kill-chromium-headless-r1: C:\Source\SixFive7\BrowserAI\.work\wt\behave\payload\node\node.exe C:\Source\SixFive7\BrowserAI\.work\wt\behave\.work\rig\behave.mjs server=C:\Source\SixFive7\BrowserAI\.work\wt\behave\.work\bin-baseline\BrowserAI.Server.exe browser=chromium scenario=kill headed=false run=r1 out=C:\Source\SixFive7\BrowserAI\.work\wt\behave\.work\runs\before2\kill-chromium-headless-r1\rig sessions=C:\Source\SixFive7\BrowserAI\.work\wt\behave\.work\sessions
2026-10-04T13:58:30Z END kill-chromium-headless-r1: launcher exit 0
2026-10-04T13:58:30Z BEGIN kill-firefox-headless-r1: C:\Source\SixFive7\BrowserAI\.work\wt\behave\payload\node\node.exe C:\Source\SixFive7\BrowserAI\.work\wt\behave\.work\rig\behave.mjs server=C:\Source\SixFive7\BrowserAI\.work\wt\behave\.work\bin-baseline\BrowserAI.Server.exe browser=firefox scenario=kill headed=false run=r1 out=C:\Source\SixFive7\BrowserAI\.work\wt\behave\.work\runs\before2\kill-firefox-headless-r1\rig sessions=C:\Source\SixFive7\BrowserAI\.work\wt\behave\.work\sessions
2026-10-04T13:58:45Z END kill-firefox-headless-r1: launcher exit 0
2026-10-04T13:58:45Z BEGIN lasttab-chromium-headless-r1: C:\Source\SixFive7\BrowserAI\.work\wt\behave\payload\node\node.exe C:\Source\SixFive7\BrowserAI\.work\wt\behave\.work\rig\behave.mjs server=C:\Source\SixFive7\BrowserAI\.work\wt\behave\.work\bin-baseline\BrowserAI.Server.exe browser=chromium scenario=lasttab headed=false run=r1 out=C:\Source\SixFive7\BrowserAI\.work\wt\behave\.work\runs\before2\lasttab-chromium-headless-r1\rig sessions=C:\Source\SixFive7\BrowserAI\.work\wt\behave\.work\sessions
2026-10-04T13:58:52Z END lasttab-chromium-headless-r1: launcher exit 0
2026-10-04T13:58:52Z BEGIN lasttab-firefox-headless-r1: C:\Source\SixFive7\BrowserAI\.work\wt\behave\payload\node\node.exe C:\Source\SixFive7\BrowserAI\.work\wt\behave\.work\rig\behave.mjs server=C:\Source\SixFive7\BrowserAI\.work\wt\behave\.work\bin-baseline\BrowserAI.Server.exe browser=firefox scenario=lasttab headed=false run=r1 out=C:\Source\SixFive7\BrowserAI\.work\wt\behave\.work\runs\before2\lasttab-firefox-headless-r1\rig sessions=C:\Source\SixFive7\BrowserAI\.work\wt\behave\.work\sessions
2026-10-04T13:59:03Z END lasttab-firefox-headless-r1: launcher exit 0
2026-10-04T13:59:03Z BEGIN ownclose-chromium-headless-r1: C:\Source\SixFive7\BrowserAI\.work\wt\behave\payload\node\node.exe C:\Source\SixFive7\BrowserAI\.work\wt\behave\.work\rig\behave.mjs server=C:\Source\SixFive7\BrowserAI\.work\wt\behave\.work\bin-baseline\BrowserAI.Server.exe browser=chromium scenario=ownclose headed=false run=r1 out=C:\Source\SixFive7\BrowserAI\.work\wt\behave\.work\runs\before2\ownclose-chromium-headless-r1\rig sessions=C:\Source\SixFive7\BrowserAI\.work\wt\behave\.work\sessions
2026-10-04T13:59:10Z END ownclose-chromium-headless-r1: launcher exit 0
2026-10-04T13:59:10Z BEGIN ownclose-firefox-headless-r1: C:\Source\SixFive7\BrowserAI\.work\wt\behave\payload\node\node.exe C:\Source\SixFive7\BrowserAI\.work\wt\behave\.work\rig\behave.mjs server=C:\Source\SixFive7\BrowserAI\.work\wt\behave\.work\bin-baseline\BrowserAI.Server.exe browser=firefox scenario=ownclose headed=false run=r1 out=C:\Source\SixFive7\BrowserAI\.work\wt\behave\.work\runs\before2\ownclose-firefox-headless-r1\rig sessions=C:\Source\SixFive7\BrowserAI\.work\wt\behave\.work\sessions
2026-10-04T13:59:18Z END ownclose-firefox-headless-r1: launcher exit 0
2026-10-04T13:59:18Z registry after: exit 0
2026-10-04T13:59:18Z lock released
