blank 0 nav 473 snap 6 chars 178
blank 1 nav 41 snap 5 chars 148
blank 2 nav 38 snap 4 chars 148
blank 3 nav 43 snap 4 chars 148
blank 4 nav 39 snap 4 chars 148
form 0 nav 50 snap 6 chars 2082
form 1 nav 46 snap 5 chars 2082
form 2 nav 40 snap 5 chars 2082
form 3 nav 40 snap 5 chars 2082
form 4 nav 46 snap 6 chars 2082
table 0 nav 427 snap 284 chars 254295
table 1 nav 358 snap 245 chars 254295
table 2 nav 378 snap 233 chars 254295
table 3 nav 477 snap 265 chars 254295
table 4 nav 439 snap 276 chars 254295
iframes 0 nav 128 snap 12 chars 932
iframes 1 nav 94 snap 10 chars 932
iframes 2 nav 91 snap 10 chars 932
iframes 3 nav 110 snap 12 chars 932
iframes 4 nav 117 snap 12 chars 932
shadow 0 nav 46 snap 4 chars 401
shadow 1 nav 44 snap 4 chars 401
shadow 2 nav 44 snap 4 chars 401
shadow 3 nav 40 snap 5 chars 401
shadow 4 nav 40 snap 4 chars 401
example.com 0 nav 80 snap 4 chars 535
example.com 1 nav 45 snap 4 chars 535
example.com 2 nav 41 snap 4 chars 535
wikipedia-playwright 0 nav 399 snap 101 chars 75820
wikipedia-playwright 1 nav 268 snap 99 chars 75708
wikipedia-playwright 2 nav 245 snap 113 chars 75708
hn-front 0 nav 898 snap 60 chars 62020
hn-front 1 nav 264 snap 64 chars 62020
hn-front 2 nav 425 snap 63 chars 62020
github-stagehand 0 nav 1479 snap 130 chars 59802
github-stagehand 1 nav 755 snap 182 chars 63842
github-stagehand 2 nav 759 snap 195 chars 63842
