blank 0 nav 483 snap 6 chars 178
blank 1 nav 40 snap 4 chars 148
blank 2 nav 38 snap 4 chars 148
blank 3 nav 34 snap 4 chars 148
blank 4 nav 33 snap 4 chars 148
form 0 nav 48 snap 6 chars 2082
form 1 nav 48 snap 8 chars 2082
form 2 nav 49 snap 7 chars 2082
form 3 nav 49 snap 7 chars 2082
form 4 nav 54 snap 7 chars 2082
table 0 nav 430 snap 279 chars 254295
table 1 nav 348 snap 271 chars 254295
table 2 nav 433 snap 277 chars 254295
table 3 nav 352 snap 250 chars 254295
table 4 nav 514 snap 275 chars 254295
iframes 0 nav 113 snap 11 chars 932
iframes 1 nav 99 snap 12 chars 932
iframes 2 nav 93 snap 12 chars 932
iframes 3 nav 97 snap 9 chars 932
iframes 4 nav 93 snap 10 chars 932
shadow 0 nav 44 snap 4 chars 401
shadow 1 nav 50 snap 6 chars 401
shadow 2 nav 45 snap 5 chars 401
shadow 3 nav 43 snap 6 chars 401
shadow 4 nav 47 snap 5 chars 401
example.com 0 nav 90 snap 9 chars 535
example.com 1 nav 52 snap 5 chars 535
example.com 2 nav 44 snap 6 chars 535
wikipedia-playwright 0 nav 391 snap 100 chars 75820
wikipedia-playwright 1 nav 412 snap 178 chars 75708
wikipedia-playwright 2 nav 358 snap 149 chars 75708
hn-front 0 nav 1028 snap 73 chars 62020
hn-front 1 nav 265 snap 73 chars 62020
hn-front 2 nav 433 snap 80 chars 62020
github-stagehand 0 nav 1105 snap 251 chars 59802
github-stagehand 1 nav 781 snap 195 chars 82434
github-stagehand 2 nav 764 snap 186 chars 82434
