blank 0 nav 34 snap 13 chars 101
blank 1 nav 20 snap 9 chars 103
blank 2 nav 19 snap 7 chars 103
blank 3 nav 20 snap 11 chars 103
blank 4 nav 21 snap 8 chars 103
form 0 nav 34 snap 17 chars 1536
form 1 nav 24 snap 12 chars 1567
form 2 nav 25 snap 11 chars 1567
form 3 nav 21 snap 13 chars 1567
form 4 nav 23 snap 13 chars 1567
table 0 nav 122 snap 394 chars 138911
table 1 nav 101 snap 448 chars 142484
table 2 nav 105 snap 436 chars 142924
table 3 nav 127 snap 425 chars 142924
table 4 nav 85 snap 365 chars 142924
iframes 0 nav 41 snap 16 chars 858
iframes 1 nav 36 snap 15 chars 858
iframes 2 nav 33 snap 16 chars 858
iframes 3 nav 31 snap 14 chars 858
iframes 4 nav 30 snap 14 chars 863
[stagehand] ERROR CDP response failed {"requestId":274,"method":"DOM.getFrameOwner","error":"-32000 Frame with the given id was not found.","targetId":"C5DF41220388C9388D2A856F14FC0028"}
[stagehand] ERROR CDP response failed {"requestId":278,"method":"Accessibility.getFullAXTree","error":"-32602 Frame with the given frameId is not found.","targetId":"C5DF41220388C9388D2A856F14FC0028"}
[stagehand] ERROR CDP response failed {"requestId":280,"method":"DOM.getFrameOwner","error":"-32000 Frame with the given id was not found.","targetId":"C5DF41220388C9388D2A856F14FC0028"}
[stagehand] ERROR CDP response failed {"requestId":284,"method":"Accessibility.getFullAXTree","error":"-32602 Frame with the given frameId is not found.","targetId":"C5DF41220388C9388D2A856F14FC0028"}
[stagehand] ERROR CDP response failed {"requestId":286,"method":"DOM.getFrameOwner","error":"-32000 Frame with the given id was not found.","targetId":"C5DF41220388C9388D2A856F14FC0028"}
[stagehand] ERROR CDP response failed {"requestId":287,"method":"DOM.getFrameOwner","error":"-32000 Frame with the given id was not found.","targetId":"C5DF41220388C9388D2A856F14FC0028"}
shadow 0 nav 24 snap 18 chars 357
[stagehand] ERROR CDP response failed {"requestId":297,"method":"DOM.getFrameOwner","error":"-32000 Frame with the given id was not found.","targetId":"C5DF41220388C9388D2A856F14FC0028"}
[stagehand] ERROR CDP response failed {"requestId":301,"method":"Accessibility.getFullAXTree","error":"-32602 Frame with the given frameId is not found.","targetId":"C5DF41220388C9388D2A856F14FC0028"}
[stagehand] ERROR CDP response failed {"requestId":303,"method":"DOM.getFrameOwner","error":"-32000 Frame with the given id was not found.","targetId":"C5DF41220388C9388D2A856F14FC0028"}
[stagehand] ERROR CDP response failed {"requestId":307,"method":"Accessibility.getFullAXTree","error":"-32602 Frame with the given frameId is not found.","targetId":"C5DF41220388C9388D2A856F14FC0028"}
[stagehand] ERROR CDP response failed {"requestId":309,"method":"DOM.getFrameOwner","error":"-32000 Frame with the given id was not found.","targetId":"C5DF41220388C9388D2A856F14FC0028"}
[stagehand] ERROR CDP response failed {"requestId":310,"method":"DOM.getFrameOwner","error":"-32000 Frame with the given id was not found.","targetId":"C5DF41220388C9388D2A856F14FC0028"}
shadow 1 nav 24 snap 32 chars 357
[stagehand] ERROR CDP response failed {"requestId":320,"method":"DOM.getFrameOwner","error":"-32000 Frame with the given id was not found.","targetId":"C5DF41220388C9388D2A856F14FC0028"}
[stagehand] ERROR CDP response failed {"requestId":324,"method":"Accessibility.getFullAXTree","error":"-32602 Frame with the given frameId is not found.","targetId":"C5DF41220388C9388D2A856F14FC0028"}
[stagehand] ERROR CDP response failed {"requestId":326,"method":"DOM.getFrameOwner","error":"-32000 Frame with the given id was not found.","targetId":"C5DF41220388C9388D2A856F14FC0028"}
[stagehand] ERROR CDP response failed {"requestId":330,"method":"Accessibility.getFullAXTree","error":"-32602 Frame with the given frameId is not found.","targetId":"C5DF41220388C9388D2A856F14FC0028"}
[stagehand] ERROR CDP response failed {"requestId":332,"method":"DOM.getFrameOwner","error":"-32000 Frame with the given id was not found.","targetId":"C5DF41220388C9388D2A856F14FC0028"}
[stagehand] ERROR CDP response failed {"requestId":333,"method":"DOM.getFrameOwner","error":"-32000 Frame with the given id was not found.","targetId":"C5DF41220388C9388D2A856F14FC0028"}
shadow 2 nav 23 snap 24 chars 357
[stagehand] ERROR CDP response failed {"requestId":343,"method":"DOM.getFrameOwner","error":"-32000 Frame with the given id was not found.","targetId":"C5DF41220388C9388D2A856F14FC0028"}
[stagehand] ERROR CDP response failed {"requestId":347,"method":"Accessibility.getFullAXTree","error":"-32602 Frame with the given frameId is not found.","targetId":"C5DF41220388C9388D2A856F14FC0028"}
[stagehand] ERROR CDP response failed {"requestId":349,"method":"DOM.getFrameOwner","error":"-32000 Frame with the given id was not found.","targetId":"C5DF41220388C9388D2A856F14FC0028"}
[stagehand] ERROR CDP response failed {"requestId":353,"method":"Accessibility.getFullAXTree","error":"-32602 Frame with the given frameId is not found.","targetId":"C5DF41220388C9388D2A856F14FC0028"}
[stagehand] ERROR CDP response failed {"requestId":355,"method":"DOM.getFrameOwner","error":"-32000 Frame with the given id was not found.","targetId":"C5DF41220388C9388D2A856F14FC0028"}
[stagehand] ERROR CDP response failed {"requestId":356,"method":"DOM.getFrameOwner","error":"-32000 Frame with the given id was not found.","targetId":"C5DF41220388C9388D2A856F14FC0028"}
shadow 3 nav 22 snap 23 chars 357
[stagehand] ERROR CDP response failed {"requestId":366,"method":"DOM.getFrameOwner","error":"-32000 Frame with the given id was not found.","targetId":"C5DF41220388C9388D2A856F14FC0028"}
[stagehand] ERROR CDP response failed {"requestId":370,"method":"Accessibility.getFullAXTree","error":"-32602 Frame with the given frameId is not found.","targetId":"C5DF41220388C9388D2A856F14FC0028"}
[stagehand] ERROR CDP response failed {"requestId":372,"method":"DOM.getFrameOwner","error":"-32000 Frame with the given id was not found.","targetId":"C5DF41220388C9388D2A856F14FC0028"}
[stagehand] ERROR CDP response failed {"requestId":376,"method":"Accessibility.getFullAXTree","error":"-32602 Frame with the given frameId is not found.","targetId":"C5DF41220388C9388D2A856F14FC0028"}
[stagehand] ERROR CDP response failed {"requestId":378,"method":"DOM.getFrameOwner","error":"-32000 Frame with the given id was not found.","targetId":"C5DF41220388C9388D2A856F14FC0028"}
[stagehand] ERROR CDP response failed {"requestId":379,"method":"DOM.getFrameOwner","error":"-32000 Frame with the given id was not found.","targetId":"C5DF41220388C9388D2A856F14FC0028"}
shadow 4 nav 22 snap 22 chars 357
[stagehand] ERROR CDP response failed {"requestId":389,"method":"DOM.getFrameOwner","error":"-32000 Frame with the given id was not found.","targetId":"C5DF41220388C9388D2A856F14FC0028"}
[stagehand] ERROR CDP response failed {"requestId":393,"method":"Accessibility.getFullAXTree","error":"-32602 Frame with the given frameId is not found.","targetId":"C5DF41220388C9388D2A856F14FC0028"}
[stagehand] ERROR CDP response failed {"requestId":395,"method":"DOM.getFrameOwner","error":"-32000 Frame with the given id was not found.","targetId":"C5DF41220388C9388D2A856F14FC0028"}
[stagehand] ERROR CDP response failed {"requestId":399,"method":"Accessibility.getFullAXTree","error":"-32602 Frame with the given frameId is not found.","targetId":"C5DF41220388C9388D2A856F14FC0028"}
[stagehand] ERROR CDP response failed {"requestId":401,"method":"DOM.getFrameOwner","error":"-32000 Frame with the given id was not found.","targetId":"C5DF41220388C9388D2A856F14FC0028"}
[stagehand] ERROR CDP response failed {"requestId":402,"method":"DOM.getFrameOwner","error":"-32000 Frame with the given id was not found.","targetId":"C5DF41220388C9388D2A856F14FC0028"}
example.com 0 nav 61 snap 20 chars 316
[stagehand] ERROR CDP response failed {"requestId":412,"method":"DOM.getFrameOwner","error":"-32000 Frame with the given id was not found.","targetId":"C5DF41220388C9388D2A856F14FC0028"}
[stagehand] ERROR CDP response failed {"requestId":416,"method":"Accessibility.getFullAXTree","error":"-32602 Frame with the given frameId is not found.","targetId":"C5DF41220388C9388D2A856F14FC0028"}
[stagehand] ERROR CDP response failed {"requestId":418,"method":"DOM.getFrameOwner","error":"-32000 Frame with the given id was not found.","targetId":"C5DF41220388C9388D2A856F14FC0028"}
[stagehand] ERROR CDP response failed {"requestId":422,"method":"Accessibility.getFullAXTree","error":"-32602 Frame with the given frameId is not found.","targetId":"C5DF41220388C9388D2A856F14FC0028"}
[stagehand] ERROR CDP response failed {"requestId":424,"method":"DOM.getFrameOwner","error":"-32000 Frame with the given id was not found.","targetId":"C5DF41220388C9388D2A856F14FC0028"}
[stagehand] ERROR CDP response failed {"requestId":425,"method":"DOM.getFrameOwner","error":"-32000 Frame with the given id was not found.","targetId":"C5DF41220388C9388D2A856F14FC0028"}
example.com 1 nav 22 snap 20 chars 319
[stagehand] ERROR CDP response failed {"requestId":435,"method":"DOM.getFrameOwner","error":"-32000 Frame with the given id was not found.","targetId":"C5DF41220388C9388D2A856F14FC0028"}
[stagehand] ERROR CDP response failed {"requestId":439,"method":"Accessibility.getFullAXTree","error":"-32602 Frame with the given frameId is not found.","targetId":"C5DF41220388C9388D2A856F14FC0028"}
[stagehand] ERROR CDP response failed {"requestId":441,"method":"DOM.getFrameOwner","error":"-32000 Frame with the given id was not found.","targetId":"C5DF41220388C9388D2A856F14FC0028"}
[stagehand] ERROR CDP response failed {"requestId":445,"method":"Accessibility.getFullAXTree","error":"-32602 Frame with the given frameId is not found.","targetId":"C5DF41220388C9388D2A856F14FC0028"}
[stagehand] ERROR CDP response failed {"requestId":447,"method":"DOM.getFrameOwner","error":"-32000 Frame with the given id was not found.","targetId":"C5DF41220388C9388D2A856F14FC0028"}
[stagehand] ERROR CDP response failed {"requestId":448,"method":"DOM.getFrameOwner","error":"-32000 Frame with the given id was not found.","targetId":"C5DF41220388C9388D2A856F14FC0028"}
example.com 2 nav 24 snap 21 chars 319
[stagehand] ERROR CDP response failed {"requestId":459,"method":"DOM.getFrameOwner","error":"-32000 Frame with the given id was not found.","targetId":"C5DF41220388C9388D2A856F14FC0028"}
[stagehand] ERROR CDP response failed {"requestId":463,"method":"Accessibility.getFullAXTree","error":"-32602 Frame with the given frameId is not found.","targetId":"C5DF41220388C9388D2A856F14FC0028"}
[stagehand] ERROR CDP response failed {"requestId":465,"method":"DOM.getFrameOwner","error":"-32000 Frame with the given id was not found.","targetId":"C5DF41220388C9388D2A856F14FC0028"}
[stagehand] ERROR CDP response failed {"requestId":469,"method":"Accessibility.getFullAXTree","error":"-32602 Frame with the given frameId is not found.","targetId":"C5DF41220388C9388D2A856F14FC0028"}
[stagehand] ERROR CDP response failed {"requestId":471,"method":"DOM.getFrameOwner","error":"-32000 Frame with the given id was not found.","targetId":"C5DF41220388C9388D2A856F14FC0028"}
[stagehand] ERROR CDP response failed {"requestId":472,"method":"DOM.getFrameOwner","error":"-32000 Frame with the given id was not found.","targetId":"C5DF41220388C9388D2A856F14FC0028"}
wikipedia-playwright 0 nav 213 snap 735 chars 98130
[stagehand] ERROR CDP response failed {"requestId":483,"method":"DOM.getFrameOwner","error":"-32000 Frame with the given id was not found.","targetId":"C5DF41220388C9388D2A856F14FC0028"}
[stagehand] ERROR CDP response failed {"requestId":487,"method":"Accessibility.getFullAXTree","error":"-32602 Frame with the given frameId is not found.","targetId":"C5DF41220388C9388D2A856F14FC0028"}
[stagehand] ERROR CDP response failed {"requestId":489,"method":"DOM.getFrameOwner","error":"-32000 Frame with the given id was not found.","targetId":"C5DF41220388C9388D2A856F14FC0028"}
[stagehand] ERROR CDP response failed {"requestId":493,"method":"Accessibility.getFullAXTree","error":"-32602 Frame with the given frameId is not found.","targetId":"C5DF41220388C9388D2A856F14FC0028"}
[stagehand] ERROR CDP response failed {"requestId":495,"method":"DOM.getFrameOwner","error":"-32000 Frame with the given id was not found.","targetId":"C5DF41220388C9388D2A856F14FC0028"}
[stagehand] ERROR CDP response failed {"requestId":496,"method":"DOM.getFrameOwner","error":"-32000 Frame with the given id was not found.","targetId":"C5DF41220388C9388D2A856F14FC0028"}
wikipedia-playwright 1 nav 139 snap 772 chars 57312
[stagehand] ERROR CDP response failed {"requestId":507,"method":"DOM.getFrameOwner","error":"-32000 Frame with the given id was not found.","targetId":"C5DF41220388C9388D2A856F14FC0028"}
[stagehand] ERROR CDP response failed {"requestId":511,"method":"Accessibility.getFullAXTree","error":"-32602 Frame with the given frameId is not found.","targetId":"C5DF41220388C9388D2A856F14FC0028"}
[stagehand] ERROR CDP response failed {"requestId":513,"method":"DOM.getFrameOwner","error":"-32000 Frame with the given id was not found.","targetId":"C5DF41220388C9388D2A856F14FC0028"}
[stagehand] ERROR CDP response failed {"requestId":517,"method":"Accessibility.getFullAXTree","error":"-32602 Frame with the given frameId is not found.","targetId":"C5DF41220388C9388D2A856F14FC0028"}
[stagehand] ERROR CDP response failed {"requestId":519,"method":"DOM.getFrameOwner","error":"-32000 Frame with the given id was not found.","targetId":"C5DF41220388C9388D2A856F14FC0028"}
[stagehand] ERROR CDP response failed {"requestId":520,"method":"DOM.getFrameOwner","error":"-32000 Frame with the given id was not found.","targetId":"C5DF41220388C9388D2A856F14FC0028"}
wikipedia-playwright 2 nav 163 snap 637 chars 60313
[stagehand] ERROR CDP response failed {"requestId":533,"method":"DOM.getFrameOwner","error":"-32000 Frame with the given id was not found.","targetId":"C5DF41220388C9388D2A856F14FC0028"}
[stagehand] ERROR CDP response failed {"requestId":537,"method":"Accessibility.getFullAXTree","error":"-32602 Frame with the given frameId is not found.","targetId":"C5DF41220388C9388D2A856F14FC0028"}
[stagehand] ERROR CDP response failed {"requestId":539,"method":"DOM.getFrameOwner","error":"-32000 Frame with the given id was not found.","targetId":"C5DF41220388C9388D2A856F14FC0028"}
[stagehand] ERROR CDP response failed {"requestId":543,"method":"Accessibility.getFullAXTree","error":"-32602 Frame with the given frameId is not found.","targetId":"C5DF41220388C9388D2A856F14FC0028"}
[stagehand] ERROR CDP response failed {"requestId":545,"method":"DOM.getFrameOwner","error":"-32000 Frame with the given id was not found.","targetId":"C5DF41220388C9388D2A856F14FC0028"}
[stagehand] ERROR CDP response failed {"requestId":546,"method":"DOM.getFrameOwner","error":"-32000 Frame with the given id was not found.","targetId":"C5DF41220388C9388D2A856F14FC0028"}
hn-front 0 nav 781 snap 415 chars 33833
[stagehand] ERROR CDP response failed {"requestId":556,"method":"DOM.getFrameOwner","error":"-32000 Frame with the given id was not found.","targetId":"C5DF41220388C9388D2A856F14FC0028"}
[stagehand] ERROR CDP response failed {"requestId":560,"method":"Accessibility.getFullAXTree","error":"-32602 Frame with the given frameId is not found.","targetId":"C5DF41220388C9388D2A856F14FC0028"}
[stagehand] ERROR CDP response failed {"requestId":562,"method":"DOM.getFrameOwner","error":"-32000 Frame with the given id was not found.","targetId":"C5DF41220388C9388D2A856F14FC0028"}
[stagehand] ERROR CDP response failed {"requestId":566,"method":"Accessibility.getFullAXTree","error":"-32602 Frame with the given frameId is not found.","targetId":"C5DF41220388C9388D2A856F14FC0028"}
[stagehand] ERROR CDP response failed {"requestId":568,"method":"DOM.getFrameOwner","error":"-32000 Frame with the given id was not found.","targetId":"C5DF41220388C9388D2A856F14FC0028"}
[stagehand] ERROR CDP response failed {"requestId":569,"method":"DOM.getFrameOwner","error":"-32000 Frame with the given id was not found.","targetId":"C5DF41220388C9388D2A856F14FC0028"}
hn-front 1 nav 193 snap 357 chars 34455
[stagehand] ERROR CDP response failed {"requestId":579,"method":"DOM.getFrameOwner","error":"-32000 Frame with the given id was not found.","targetId":"C5DF41220388C9388D2A856F14FC0028"}
[stagehand] ERROR CDP response failed {"requestId":583,"method":"Accessibility.getFullAXTree","error":"-32602 Frame with the given frameId is not found.","targetId":"C5DF41220388C9388D2A856F14FC0028"}
[stagehand] ERROR CDP response failed {"requestId":585,"method":"DOM.getFrameOwner","error":"-32000 Frame with the given id was not found.","targetId":"C5DF41220388C9388D2A856F14FC0028"}
[stagehand] ERROR CDP response failed {"requestId":589,"method":"Accessibility.getFullAXTree","error":"-32602 Frame with the given frameId is not found.","targetId":"C5DF41220388C9388D2A856F14FC0028"}
[stagehand] ERROR CDP response failed {"requestId":591,"method":"DOM.getFrameOwner","error":"-32000 Frame with the given id was not found.","targetId":"C5DF41220388C9388D2A856F14FC0028"}
[stagehand] ERROR CDP response failed {"requestId":592,"method":"DOM.getFrameOwner","error":"-32000 Frame with the given id was not found.","targetId":"C5DF41220388C9388D2A856F14FC0028"}
hn-front 2 nav 382 snap 642 chars 34455
[stagehand] ERROR CDP response failed {"requestId":605,"method":"DOM.getFrameOwner","error":"-32000 Frame with the given id was not found.","targetId":"C5DF41220388C9388D2A856F14FC0028"}
[stagehand] ERROR CDP response failed {"requestId":609,"method":"Accessibility.getFullAXTree","error":"-32602 Frame with the given frameId is not found.","targetId":"C5DF41220388C9388D2A856F14FC0028"}
[stagehand] ERROR CDP response failed {"requestId":611,"method":"DOM.getFrameOwner","error":"-32000 Frame with the given id was not found.","targetId":"C5DF41220388C9388D2A856F14FC0028"}
[stagehand] ERROR CDP response failed {"requestId":615,"method":"Accessibility.getFullAXTree","error":"-32602 Frame with the given frameId is not found.","targetId":"C5DF41220388C9388D2A856F14FC0028"}
[stagehand] ERROR CDP response failed {"requestId":617,"method":"DOM.getFrameOwner","error":"-32000 Frame with the given id was not found.","targetId":"C5DF41220388C9388D2A856F14FC0028"}
[stagehand] ERROR CDP response failed {"requestId":618,"method":"DOM.getFrameOwner","error":"-32000 Frame with the given id was not found.","targetId":"C5DF41220388C9388D2A856F14FC0028"}
github-stagehand 0 nav 1465 snap 1319 chars 61678
[stagehand] ERROR CDP response failed {"requestId":630,"method":"DOM.getFrameOwner","error":"-32000 Frame with the given id was not found.","targetId":"C5DF41220388C9388D2A856F14FC0028"}
[stagehand] ERROR CDP response failed {"requestId":634,"method":"Accessibility.getFullAXTree","error":"-32602 Frame with the given frameId is not found.","targetId":"C5DF41220388C9388D2A856F14FC0028"}
[stagehand] ERROR CDP response failed {"requestId":636,"method":"DOM.getFrameOwner","error":"-32000 Frame with the given id was not found.","targetId":"C5DF41220388C9388D2A856F14FC0028"}
[stagehand] ERROR CDP response failed {"requestId":640,"method":"Accessibility.getFullAXTree","error":"-32602 Frame with the given frameId is not found.","targetId":"C5DF41220388C9388D2A856F14FC0028"}
[stagehand] ERROR CDP response failed {"requestId":642,"method":"DOM.getFrameOwner","error":"-32000 Frame with the given id was not found.","targetId":"C5DF41220388C9388D2A856F14FC0028"}
[stagehand] ERROR CDP response failed {"requestId":643,"method":"DOM.getFrameOwner","error":"-32000 Frame with the given id was not found.","targetId":"C5DF41220388C9388D2A856F14FC0028"}
github-stagehand 1 nav 487 snap 1077 chars 74421
[stagehand] ERROR CDP response failed {"requestId":654,"method":"DOM.getFrameOwner","error":"-32000 Frame with the given id was not found.","targetId":"C5DF41220388C9388D2A856F14FC0028"}
[stagehand] ERROR CDP response failed {"requestId":658,"method":"Accessibility.getFullAXTree","error":"-32602 Frame with the given frameId is not found.","targetId":"C5DF41220388C9388D2A856F14FC0028"}
[stagehand] ERROR CDP response failed {"requestId":660,"method":"DOM.getFrameOwner","error":"-32000 Frame with the given id was not found.","targetId":"C5DF41220388C9388D2A856F14FC0028"}
[stagehand] ERROR CDP response failed {"requestId":664,"method":"Accessibility.getFullAXTree","error":"-32602 Frame with the given frameId is not found.","targetId":"C5DF41220388C9388D2A856F14FC0028"}
[stagehand] ERROR CDP response failed {"requestId":666,"method":"DOM.getFrameOwner","error":"-32000 Frame with the given id was not found.","targetId":"C5DF41220388C9388D2A856F14FC0028"}
[stagehand] ERROR CDP response failed {"requestId":667,"method":"DOM.getFrameOwner","error":"-32000 Frame with the given id was not found.","targetId":"C5DF41220388C9388D2A856F14FC0028"}
github-stagehand 2 nav 375 snap 1083 chars 75574
