2026-10-04T15:06:01Z batch after-c: waiting for the suite lock
2026-10-04T15:06:01Z lock taken
2026-10-04T15:06:01Z registry before: exit 0
2026-10-04T15:06:01Z BEGIN desk-probe: "C:\Program Files\PowerShell\7\pwsh.exe" -NoProfile -File "C:\Source\SixFive7\BrowserAI\.work\wt\behave\.work\rig\desk-probe.ps1" -Out "C:\Source\SixFive7\BrowserAI\.work\wt\behave\.work\runs\after-c\desk-probe\probe.txt"
2026-10-04T15:06:08Z END desk-probe: launcher exit 0
2026-10-04T15:06:08Z BEGIN windowclose-chromium-r1: C:\Source\SixFive7\BrowserAI\.work\wt\behave\payload\node\node.exe C:\Source\SixFive7\BrowserAI\.work\wt\behave\.work\rig\behave.mjs server=C:\Source\SixFive7\BrowserAI\.work\wt\behave\.work\bin-c\BrowserAI.Server.exe browser=chromium scenario=windowclose headed=true run=r1 out=C:\Source\SixFive7\BrowserAI\.work\wt\behave\.work\runs\after-c\windowclose-chromium-r1\rig sessions=C:\Source\SixFive7\BrowserAI\.work\wt\behave\.work\sessions
2026-10-04T15:06:28Z END windowclose-chromium-r1: launcher exit 0
2026-10-04T15:06:28Z BEGIN windowclose-chromium-r2: C:\Source\SixFive7\BrowserAI\.work\wt\behave\payload\node\node.exe C:\Source\SixFive7\BrowserAI\.work\wt\behave\.work\rig\behave.mjs server=C:\Source\SixFive7\BrowserAI\.work\wt\behave\.work\bin-c\BrowserAI.Server.exe browser=chromium scenario=windowclose headed=true run=r2 out=C:\Source\SixFive7\BrowserAI\.work\wt\behave\.work\runs\after-c\windowclose-chromium-r2\rig sessions=C:\Source\SixFive7\BrowserAI\.work\wt\behave\.work\sessions
2026-10-04T15:06:47Z END windowclose-chromium-r2: launcher exit 0
2026-10-04T15:06:47Z BEGIN windowclose-firefox-r1: C:\Source\SixFive7\BrowserAI\.work\wt\behave\payload\node\node.exe C:\Source\SixFive7\BrowserAI\.work\wt\behave\.work\rig\behave.mjs server=C:\Source\SixFive7\BrowserAI\.work\wt\behave\.work\bin-c\BrowserAI.Server.exe browser=firefox scenario=windowclose headed=true run=r1 out=C:\Source\SixFive7\BrowserAI\.work\wt\behave\.work\runs\after-c\windowclose-firefox-r1\rig sessions=C:\Source\SixFive7\BrowserAI\.work\wt\behave\.work\sessions
2026-10-04T15:07:09Z END windowclose-firefox-r1: launcher exit 0
2026-10-04T15:07:09Z BEGIN windowclose-firefox-r2: C:\Source\SixFive7\BrowserAI\.work\wt\behave\payload\node\node.exe C:\Source\SixFive7\BrowserAI\.work\wt\behave\.work\rig\behave.mjs server=C:\Source\SixFive7\BrowserAI\.work\wt\behave\.work\bin-c\BrowserAI.Server.exe browser=firefox scenario=windowclose headed=true run=r2 out=C:\Source\SixFive7\BrowserAI\.work\wt\behave\.work\runs\after-c\windowclose-firefox-r2\rig sessions=C:\Source\SixFive7\BrowserAI\.work\wt\behave\.work\sessions
2026-10-04T15:07:32Z END windowclose-firefox-r2: launcher exit 0
2026-10-04T15:07:32Z BEGIN kill-chromium-headless-r1: C:\Source\SixFive7\BrowserAI\.work\wt\behave\payload\node\node.exe C:\Source\SixFive7\BrowserAI\.work\wt\behave\.work\rig\behave.mjs server=C:\Source\SixFive7\BrowserAI\.work\wt\behave\.work\bin-c\BrowserAI.Server.exe browser=chromium scenario=kill headed=false run=r1 out=C:\Source\SixFive7\BrowserAI\.work\wt\behave\.work\runs\after-c\kill-chromium-headless-r1\rig sessions=C:\Source\SixFive7\BrowserAI\.work\wt\behave\.work\sessions
2026-10-04T15:07:50Z END kill-chromium-headless-r1: launcher exit 0
2026-10-04T15:07:50Z BEGIN lasttab-chromium-headless-r1: C:\Source\SixFive7\BrowserAI\.work\wt\behave\payload\node\node.exe C:\Source\SixFive7\BrowserAI\.work\wt\behave\.work\rig\behave.mjs server=C:\Source\SixFive7\BrowserAI\.work\wt\behave\.work\bin-c\BrowserAI.Server.exe browser=chromium scenario=lasttab headed=false run=r1 out=C:\Source\SixFive7\BrowserAI\.work\wt\behave\.work\runs\after-c\lasttab-chromium-headless-r1\rig sessions=C:\Source\SixFive7\BrowserAI\.work\wt\behave\.work\sessions
2026-10-04T15:08:17Z END lasttab-chromium-headless-r1: launcher exit 0
2026-10-04T15:08:17Z BEGIN ownclose-chromium-headless-r1: C:\Source\SixFive7\BrowserAI\.work\wt\behave\payload\node\node.exe C:\Source\SixFive7\BrowserAI\.work\wt\behave\.work\rig\behave.mjs server=C:\Source\SixFive7\BrowserAI\.work\wt\behave\.work\bin-c\BrowserAI.Server.exe browser=chromium scenario=ownclose headed=false run=r1 out=C:\Source\SixFive7\BrowserAI\.work\wt\behave\.work\runs\after-c\ownclose-chromium-headless-r1\rig sessions=C:\Source\SixFive7\BrowserAI\.work\wt\behave\.work\sessions
2026-10-04T15:08:22Z END ownclose-chromium-headless-r1: launcher exit 0
2026-10-04T15:08:22Z BEGIN kill-firefox-headless-r1: C:\Source\SixFive7\BrowserAI\.work\wt\behave\payload\node\node.exe C:\Source\SixFive7\BrowserAI\.work\wt\behave\.work\rig\behave.mjs server=C:\Source\SixFive7\BrowserAI\.work\wt\behave\.work\bin-c\BrowserAI.Server.exe browser=firefox scenario=kill headed=false run=r1 out=C:\Source\SixFive7\BrowserAI\.work\wt\behave\.work\runs\after-c\kill-firefox-headless-r1\rig sessions=C:\Source\SixFive7\BrowserAI\.work\wt\behave\.work\sessions
2026-10-04T15:08:42Z END kill-firefox-headless-r1: launcher exit 0
2026-10-04T15:08:42Z BEGIN lasttab-firefox-headless-r1: C:\Source\SixFive7\BrowserAI\.work\wt\behave\payload\node\node.exe C:\Source\SixFive7\BrowserAI\.work\wt\behave\.work\rig\behave.mjs server=C:\Source\SixFive7\BrowserAI\.work\wt\behave\.work\bin-c\BrowserAI.Server.exe browser=firefox scenario=lasttab headed=false run=r1 out=C:\Source\SixFive7\BrowserAI\.work\wt\behave\.work\runs\after-c\lasttab-firefox-headless-r1\rig sessions=C:\Source\SixFive7\BrowserAI\.work\wt\behave\.work\sessions
2026-10-04T15:08:51Z END lasttab-firefox-headless-r1: launcher exit 0
2026-10-04T15:08:51Z BEGIN ownclose-firefox-headless-r1: C:\Source\SixFive7\BrowserAI\.work\wt\behave\payload\node\node.exe C:\Source\SixFive7\BrowserAI\.work\wt\behave\.work\rig\behave.mjs server=C:\Source\SixFive7\BrowserAI\.work\wt\behave\.work\bin-c\BrowserAI.Server.exe browser=firefox scenario=ownclose headed=false run=r1 out=C:\Source\SixFive7\BrowserAI\.work\wt\behave\.work\runs\after-c\ownclose-firefox-headless-r1\rig sessions=C:\Source\SixFive7\BrowserAI\.work\wt\behave\.work\sessions
2026-10-04T15:08:58Z END ownclose-firefox-headless-r1: launcher exit 0
2026-10-04T15:08:58Z BEGIN tall-chromium-headless-r1: C:\Source\SixFive7\BrowserAI\.work\wt\behave\payload\node\node.exe C:\Source\SixFive7\BrowserAI\.work\wt\behave\.work\rig\behave.mjs server=C:\Source\SixFive7\BrowserAI\.work\wt\behave\.work\bin-c\BrowserAI.Server.exe browser=chromium scenario=tall headed=false run=r1 heights=16384,16385 element=20000 wides=16384,16385 out=C:\Source\SixFive7\BrowserAI\.work\wt\behave\.work\runs\after-c\tall-chromium-headless-r1\rig sessions=C:\Source\SixFive7\BrowserAI\.work\wt\behave\.work\sessions
2026-10-04T15:09:08Z END tall-chromium-headless-r1: launcher exit 0
2026-10-04T15:09:08Z BEGIN ua-chromium-headless-r1: C:\Source\SixFive7\BrowserAI\.work\wt\behave\payload\node\node.exe C:\Source\SixFive7\BrowserAI\.work\wt\behave\.work\rig\behave.mjs server=C:\Source\SixFive7\BrowserAI\.work\wt\behave\.work\bin-c\BrowserAI.Server.exe browser=chromium scenario=ua headed=false run=r1 out=C:\Source\SixFive7\BrowserAI\.work\wt\behave\.work\runs\after-c\ua-chromium-headless-r1\rig sessions=C:\Source\SixFive7\BrowserAI\.work\wt\behave\.work\sessions
2026-10-04T15:09:13Z END ua-chromium-headless-r1: launcher exit 0
2026-10-04T15:09:13Z BEGIN ua-chromium-headed-r1: C:\Source\SixFive7\BrowserAI\.work\wt\behave\payload\node\node.exe C:\Source\SixFive7\BrowserAI\.work\wt\behave\.work\rig\behave.mjs server=C:\Source\SixFive7\BrowserAI\.work\wt\behave\.work\bin-c\BrowserAI.Server.exe browser=chromium scenario=ua headed=true run=r1 out=C:\Source\SixFive7\BrowserAI\.work\wt\behave\.work\runs\after-c\ua-chromium-headed-r1\rig sessions=C:\Source\SixFive7\BrowserAI\.work\wt\behave\.work\sessions
2026-10-04T15:09:19Z END ua-chromium-headed-r1: launcher exit 0
2026-10-04T15:09:19Z registry after: exit 0
2026-10-04T15:09:19Z lock released
