147189649.732	2026-10-03T01:29:06.6310693Z	25680	server	START	delayMs=1000 ppid=47292 parentImage=C:\Source\SixFive7\BrowserAI\.work\client-exit\rig\bin\ExitRig.exe cmdline=C:\Source\SixFive7\BrowserAI\.work\client-exit\rig\bin\ExitRig.dll server --logdir C:\Source\SixFive7\BrowserAI\.work\client-exit\runs\controls\K-close-r1 --delay-ms 1000
147189654.782	2026-10-03T01:29:06.6355101Z	25680	server	CONSOLE	consoleWindow=0x0 visible=False consoleProcs=[25680]
147189656.497	2026-10-03T01:29:06.6372121Z	25680	server	JOB	inJob=True immediateJobLimitFlags=0x800 assigned=280 listed=280 first64=[39440,50104,35556,51272,51872,45984,22960,45940,6632,38968,10768,51812,62328,46352,3576,488,18408,45384,57628,18992,16788,59796,59156,58924,60376,50468,60424,60272,19440,55088,16292,62980,38856,59696,23444,42364,62644,6256,40504,51072,10384,61548,46856,62112,63140,50680,37164,58964,50312,19416,45668,3740,17308,52060,13892,22968,50044,12228,15664,60436,59904,64172,45496,52276]
147189657.041	2026-10-03T01:29:06.6377539Z	25680	server	STDIO	stdin=pipe stdout=pipe stderr=pipe
147189658.644	2026-10-03T01:29:06.6393641Z	25680	server	PARENT_WATCH	pid=47292 image=C:\Source\SixFive7\BrowserAI\.work\client-exit\rig\bin\ExitRig.exe created=2026-10-03T01:29:06.4518917Z
147189671.602	2026-10-03T01:29:06.6523191Z	25680	server	STANDIN	pid=30232 jobFlagsReadBack=0x2000 
147189683.397	2026-10-03T01:29:06.6641183Z	25680	server	RECV	method=initialize id=1 bytes=155
147189690.391	2026-10-03T01:29:06.6711151Z	25680	server	SENT	id=1 for=initialize
147189690.775	2026-10-03T01:29:06.6714875Z	25680	server	RECV	method=notifications/initialized id=- bytes=54
147189690.824	2026-10-03T01:29:06.6715346Z	25680	server	RECV	method=tools/list id=2 bytes=46
147189691.059	2026-10-03T01:29:06.6717720Z	25680	server	SENT	id=2 for=tools/list
147189691.188	2026-10-03T01:29:06.6719054Z	25680	server	RECV	method=tools/call id=3 bytes=86
147189691.661	2026-10-03T01:29:06.6723750Z	25680	server	SENT	id=3 for=tools/call
147189992.763	2026-10-03T01:29:06.9734843Z	25680	server	EOF	how=EOF messagesReceived=4
147190018.403	2026-10-03T01:29:06.9991237Z	25680	server	ALIVE	sinceEofMs=25.5
147190044.472	2026-10-03T01:29:07.0251941Z	25680	server	ALIVE	sinceEofMs=51.6
147190070.097	2026-10-03T01:29:07.0508176Z	25680	server	ALIVE	sinceEofMs=77.2
147190095.345	2026-10-03T01:29:07.0760635Z	25680	server	ALIVE	sinceEofMs=102.5
147190120.799	2026-10-03T01:29:07.1015511Z	25680	server	ALIVE	sinceEofMs=127.9
147190147.689	2026-10-03T01:29:07.1284126Z	25680	server	ALIVE	sinceEofMs=154.8
147190173.103	2026-10-03T01:29:07.1538320Z	25680	server	ALIVE	sinceEofMs=180.2
147190198.433	2026-10-03T01:29:07.1791508Z	25680	server	ALIVE	sinceEofMs=205.6
147190224.415	2026-10-03T01:29:07.2051472Z	25680	server	ALIVE	sinceEofMs=231.6
147190258.955	2026-10-03T01:29:07.2396717Z	25680	server	ALIVE	sinceEofMs=266.1
147190284.592	2026-10-03T01:29:07.2653085Z	25680	server	ALIVE	sinceEofMs=291.7
147190310.618	2026-10-03T01:29:07.2913415Z	25680	server	ALIVE	sinceEofMs=317.7
147190335.849	2026-10-03T01:29:07.3165698Z	25680	server	ALIVE	sinceEofMs=343.0
147190361.744	2026-10-03T01:29:07.3424605Z	25680	server	ALIVE	sinceEofMs=368.9
147190387.921	2026-10-03T01:29:07.3687036Z	25680	server	ALIVE	sinceEofMs=395.0
147190413.849	2026-10-03T01:29:07.3945658Z	25680	server	ALIVE	sinceEofMs=421.0
147190439.624	2026-10-03T01:29:07.4203431Z	25680	server	ALIVE	sinceEofMs=446.8
147190465.109	2026-10-03T01:29:07.4458271Z	25680	server	ALIVE	sinceEofMs=472.2
147190490.421	2026-10-03T01:29:07.4711383Z	25680	server	ALIVE	sinceEofMs=497.6
147190515.910	2026-10-03T01:29:07.4966401Z	25680	server	ALIVE	sinceEofMs=523.1
147190541.824	2026-10-03T01:29:07.5225415Z	25680	server	ALIVE	sinceEofMs=549.0
147190567.236	2026-10-03T01:29:07.5479531Z	25680	server	ALIVE	sinceEofMs=574.4
147190592.392	2026-10-03T01:29:07.5731294Z	25680	server	ALIVE	sinceEofMs=599.5
147190629.306	2026-10-03T01:29:07.6100233Z	25680	server	ALIVE	sinceEofMs=636.4
147190654.627	2026-10-03T01:29:07.6353437Z	25680	server	ALIVE	sinceEofMs=661.8
147190680.081	2026-10-03T01:29:07.6607998Z	25680	server	ALIVE	sinceEofMs=687.2
147190705.521	2026-10-03T01:29:07.6862624Z	25680	server	ALIVE	sinceEofMs=712.7
147190731.000	2026-10-03T01:29:07.7117293Z	25680	server	ALIVE	sinceEofMs=738.1
147190756.643	2026-10-03T01:29:07.7373607Z	25680	server	ALIVE	sinceEofMs=763.7
147190781.886	2026-10-03T01:29:07.7626217Z	25680	server	ALIVE	sinceEofMs=789.0
147190807.348	2026-10-03T01:29:07.7880641Z	25680	server	ALIVE	sinceEofMs=814.5
147190832.680	2026-10-03T01:29:07.8134212Z	25680	server	ALIVE	sinceEofMs=839.8
147190857.945	2026-10-03T01:29:07.8386585Z	25680	server	ALIVE	sinceEofMs=865.1
147190883.965	2026-10-03T01:29:07.8646789Z	25680	server	ALIVE	sinceEofMs=891.1
147190910.087	2026-10-03T01:29:07.8908017Z	25680	server	ALIVE	sinceEofMs=917.2
147190935.391	2026-10-03T01:29:07.9161037Z	25680	server	ALIVE	sinceEofMs=942.5
147190960.965	2026-10-03T01:29:07.9416794Z	25680	server	ALIVE	sinceEofMs=968.1
147190996.775	2026-10-03T01:29:07.9774890Z	25680	server	ALIVE	sinceEofMs=1003.9
147190996.824	2026-10-03T01:29:07.9775348Z	25680	server	CLOSING_JOB	sinceEofMs=1004.0
147190996.902	2026-10-03T01:29:07.9776129Z	25680	server	EXIT	code=77
