5514577.273	2026-10-03T13:38:40.7717028Z	72468	host	START	ppid=44784 parentImage=C:\Source\SixFive7\BrowserAI\.work\c-scratch\m1\rig\binw\ExitRig.exe
5514579.534	2026-10-03T13:38:40.7733746Z	72468	host	JOB	inJob=True immediateJobLimitFlags=0x2000 assigned=1 listed=1 first64=[72468]
5514742.005	2026-10-03T13:38:40.9358442Z	72468	host	REQUEST	ping -> pong host pid=72468
5517187.543	2026-10-03T13:38:43.3813827Z	72468	host	BROWSER_STARTED	id=surv-20261003T133840-b1-r1 pid=70920 created=134355083233760802 jobFlags=0x2000 
5517187.597	2026-10-03T13:38:43.3814294Z	72468	host	REQUEST	start surv-20261003T133840-b1-r1 C:\Source\SixFive7\BrowserAI\.work\c-scratch\m1\runs\surv-20261003T133840\b1-r1 -> ok pid=70920 created=134355083233760802 
5520188.192	2026-10-03T13:38:46.3820345Z	72468	host	REQUEST	status surv-20261003T133840-b1-r1 -> alive pid=70920
5523190.105	2026-10-03T13:38:49.3839491Z	72468	host	REQUEST	status surv-20261003T133840-b1-r1 -> alive pid=70920
5523195.530	2026-10-03T13:38:49.3893708Z	72468	host	RELEASED	id=surv-20261003T133840-b1-r1 wasAlive=True died=True code=0
5523195.575	2026-10-03T13:38:49.3894092Z	72468	host	REQUEST	release surv-20261003T133840-b1-r1 -> released wasAlive=True diedWithin10s=True code=0
5523195.874	2026-10-03T13:38:49.3897119Z	72468	host	REQUEST	status surv-20261003T133840-b1-r1 -> exited pid=70920 code=0
5525395.861	2026-10-03T13:38:51.5897123Z	72468	host	BROWSER_STARTED	id=surv-20261003T133840-b1-r2 pid=20740 created=134355083315842603 jobFlags=0x2000 
5525395.912	2026-10-03T13:38:51.5897448Z	72468	host	REQUEST	start surv-20261003T133840-b1-r2 C:\Source\SixFive7\BrowserAI\.work\c-scratch\m1\runs\surv-20261003T133840\b1-r2 -> ok pid=20740 created=134355083315842603 
5528351.548	2026-10-03T13:38:54.5453910Z	72468	host	REQUEST	status surv-20261003T133840-b1-r2 -> alive pid=20740
5531352.726	2026-10-03T13:38:57.5465693Z	72468	host	REQUEST	status surv-20261003T133840-b1-r2 -> alive pid=20740
5531365.352	2026-10-03T13:38:57.5592238Z	72468	host	RELEASED	id=surv-20261003T133840-b1-r2 wasAlive=True died=True code=0
5531365.442	2026-10-03T13:38:57.5592755Z	72468	host	REQUEST	release surv-20261003T133840-b1-r2 -> released wasAlive=True diedWithin10s=True code=0
5531365.859	2026-10-03T13:38:57.5597065Z	72468	host	REQUEST	status surv-20261003T133840-b1-r2 -> exited pid=20740 code=0
5533772.168	2026-10-03T13:38:59.9660123Z	72468	host	BROWSER_STARTED	id=surv-20261003T133840-b1-r3 pid=39948 created=134355083399594243 jobFlags=0x2000 
5533772.230	2026-10-03T13:38:59.9660635Z	72468	host	REQUEST	start surv-20261003T133840-b1-r3 C:\Source\SixFive7\BrowserAI\.work\c-scratch\m1\runs\surv-20261003T133840\b1-r3 -> ok pid=39948 created=134355083399594243 
5537632.539	2026-10-03T13:39:03.8263869Z	72468	host	REQUEST	status surv-20261003T133840-b1-r3 -> alive pid=39948
5540633.079	2026-10-03T13:39:06.8269231Z	72468	host	REQUEST	status surv-20261003T133840-b1-r3 -> alive pid=39948
5540638.462	2026-10-03T13:39:06.8323062Z	72468	host	RELEASED	id=surv-20261003T133840-b1-r3 wasAlive=True died=True code=0
5540638.499	2026-10-03T13:39:06.8323317Z	72468	host	REQUEST	release surv-20261003T133840-b1-r3 -> released wasAlive=True diedWithin10s=True code=0
5540638.812	2026-10-03T13:39:06.8326504Z	72468	host	REQUEST	status surv-20261003T133840-b1-r3 -> exited pid=39948 code=0
5542850.820	2026-10-03T13:39:09.0446610Z	72468	host	BROWSER_STARTED	id=surv-20261003T133840-b2-r1 pid=40164 created=134355083490401179 jobFlags=0x2000 
5542850.858	2026-10-03T13:39:09.0446904Z	72468	host	REQUEST	start surv-20261003T133840-b2-r1 C:\Source\SixFive7\BrowserAI\.work\c-scratch\m1\runs\surv-20261003T133840\b2-r1 -> ok pid=40164 created=134355083490401179 
5545378.975	2026-10-03T13:39:11.5728159Z	72468	host	REQUEST	status surv-20261003T133840-b2-r1 -> alive pid=40164
5548380.082	2026-10-03T13:39:14.5739245Z	72468	host	REQUEST	status surv-20261003T133840-b2-r1 -> alive pid=40164
5548384.667	2026-10-03T13:39:14.5785162Z	72468	host	RELEASED	id=surv-20261003T133840-b2-r1 wasAlive=True died=True code=0
5548384.744	2026-10-03T13:39:14.5785834Z	72468	host	REQUEST	release surv-20261003T133840-b2-r1 -> released wasAlive=True diedWithin10s=True code=0
5548385.199	2026-10-03T13:39:14.5790394Z	72468	host	REQUEST	status surv-20261003T133840-b2-r1 -> exited pid=40164 code=0
5550647.391	2026-10-03T13:39:16.8412328Z	72468	host	BROWSER_STARTED	id=surv-20261003T133840-b2-r2 pid=10280 created=134355083568334085 jobFlags=0x2000 
5550647.448	2026-10-03T13:39:16.8413577Z	72468	host	REQUEST	start surv-20261003T133840-b2-r2 C:\Source\SixFive7\BrowserAI\.work\c-scratch\m1\runs\surv-20261003T133840\b2-r2 -> ok pid=10280 created=134355083568334085 
5553197.291	2026-10-03T13:39:19.3911311Z	72468	host	REQUEST	status surv-20261003T133840-b2-r2 -> alive pid=10280
5556214.359	2026-10-03T13:39:22.4082032Z	72468	host	REQUEST	status surv-20261003T133840-b2-r2 -> alive pid=10280
5556244.317	2026-10-03T13:39:22.4381685Z	72468	host	RELEASED	id=surv-20261003T133840-b2-r2 wasAlive=True died=True code=0
5556244.383	2026-10-03T13:39:22.4382159Z	72468	host	REQUEST	release surv-20261003T133840-b2-r2 -> released wasAlive=True diedWithin10s=True code=0
5556244.762	2026-10-03T13:39:22.4385998Z	72468	host	REQUEST	status surv-20261003T133840-b2-r2 -> exited pid=10280 code=0
5559057.124	2026-10-03T13:39:25.2509627Z	72468	host	BROWSER_STARTED	id=surv-20261003T133840-b2-r3 pid=51764 created=134355083652453691 jobFlags=0x2000 
5559057.159	2026-10-03T13:39:25.2509915Z	72468	host	REQUEST	start surv-20261003T133840-b2-r3 C:\Source\SixFive7\BrowserAI\.work\c-scratch\m1\runs\surv-20261003T133840\b2-r3 -> ok pid=51764 created=134355083652453691 
5561605.071	2026-10-03T13:39:27.7989110Z	72468	host	REQUEST	status surv-20261003T133840-b2-r3 -> alive pid=51764
5564605.964	2026-10-03T13:39:30.7998034Z	72468	host	REQUEST	status surv-20261003T133840-b2-r3 -> alive pid=51764
5564612.885	2026-10-03T13:39:30.8067296Z	72468	host	RELEASED	id=surv-20261003T133840-b2-r3 wasAlive=True died=True code=0
5564612.921	2026-10-03T13:39:30.8067539Z	72468	host	REQUEST	release surv-20261003T133840-b2-r3 -> released wasAlive=True diedWithin10s=True code=0
5564613.260	2026-10-03T13:39:30.8071015Z	72468	host	REQUEST	status surv-20261003T133840-b2-r3 -> exited pid=51764 code=0
5567668.704	2026-10-03T13:39:33.8625412Z	72468	host	BROWSER_STARTED	id=surv-20261003T133840-e5-r1 pid=67588 created=134355083738574179 jobFlags=0x2000 
5567668.734	2026-10-03T13:39:33.8625662Z	72468	host	REQUEST	start surv-20261003T133840-e5-r1 C:\Source\SixFive7\BrowserAI\.work\c-scratch\m1\runs\surv-20261003T133840\e5-r1 -> ok pid=67588 created=134355083738574179 
5570363.604	2026-10-03T13:39:36.5574441Z	72468	host	REQUEST	status surv-20261003T133840-e5-r1 -> alive pid=67588
5573364.452	2026-10-03T13:39:39.5582972Z	72468	host	REQUEST	status surv-20261003T133840-e5-r1 -> alive pid=67588
5573376.463	2026-10-03T13:39:39.5703129Z	72468	host	RELEASED	id=surv-20261003T133840-e5-r1 wasAlive=True died=True code=0
5573376.599	2026-10-03T13:39:39.5704322Z	72468	host	REQUEST	release surv-20261003T133840-e5-r1 -> released wasAlive=True diedWithin10s=True code=0
5573376.931	2026-10-03T13:39:39.5707687Z	72468	host	REQUEST	status surv-20261003T133840-e5-r1 -> exited pid=67588 code=0
5575620.512	2026-10-03T13:39:41.8143492Z	72468	host	BROWSER_STARTED	id=surv-20261003T133840-e5-r2 pid=71436 created=134355083818094036 jobFlags=0x2000 
5575620.542	2026-10-03T13:39:41.8143756Z	72468	host	REQUEST	start surv-20261003T133840-e5-r2 C:\Source\SixFive7\BrowserAI\.work\c-scratch\m1\runs\surv-20261003T133840\e5-r2 -> ok pid=71436 created=134355083818094036 
5578197.277	2026-10-03T13:39:44.3911354Z	72468	host	REQUEST	status surv-20261003T133840-e5-r2 -> alive pid=71436
5581199.158	2026-10-03T13:39:47.3929969Z	72468	host	REQUEST	status surv-20261003T133840-e5-r2 -> alive pid=71436
5581210.027	2026-10-03T13:39:47.4038824Z	72468	host	RELEASED	id=surv-20261003T133840-e5-r2 wasAlive=True died=True code=0
5581210.075	2026-10-03T13:39:47.4039083Z	72468	host	REQUEST	release surv-20261003T133840-e5-r2 -> released wasAlive=True diedWithin10s=True code=0
5581210.371	2026-10-03T13:39:47.4042057Z	72468	host	REQUEST	status surv-20261003T133840-e5-r2 -> exited pid=71436 code=0
5583762.487	2026-10-03T13:39:49.9563236Z	72468	host	BROWSER_STARTED	id=surv-20261003T133840-e5-r3 pid=36472 created=134355083899497051 jobFlags=0x2000 
5583762.520	2026-10-03T13:39:49.9563528Z	72468	host	REQUEST	start surv-20261003T133840-e5-r3 C:\Source\SixFive7\BrowserAI\.work\c-scratch\m1\runs\surv-20261003T133840\e5-r3 -> ok pid=36472 created=134355083899497051 
5586407.735	2026-10-03T13:39:52.6015745Z	72468	host	REQUEST	status surv-20261003T133840-e5-r3 -> alive pid=36472
5589409.391	2026-10-03T13:39:55.6032393Z	72468	host	REQUEST	status surv-20261003T133840-e5-r3 -> alive pid=36472
5589414.004	2026-10-03T13:39:55.6078443Z	72468	host	RELEASED	id=surv-20261003T133840-e5-r3 wasAlive=True died=True code=0
5589414.031	2026-10-03T13:39:55.6078638Z	72468	host	REQUEST	release surv-20261003T133840-e5-r3 -> released wasAlive=True diedWithin10s=True code=0
5589414.216	2026-10-03T13:39:55.6080525Z	72468	host	REQUEST	status surv-20261003T133840-e5-r3 -> exited pid=36472 code=0
5591276.294	2026-10-03T13:39:57.4701291Z	72468	host	BROWSER_STARTED	id=surv-20261003T133840-d1-r1 pid=41672 created=134355083974652980 jobFlags=0x2000 
5591276.334	2026-10-03T13:39:57.4701667Z	72468	host	REQUEST	start surv-20261003T133840-d1-r1 C:\Source\SixFive7\BrowserAI\.work\c-scratch\m1\runs\surv-20261003T133840\d1-r1 -> ok pid=41672 created=134355083974652980 
5591994.048	2026-10-03T13:39:58.1878862Z	72468	host	REQUEST	status surv-20261003T133840-d1-r1 -> alive pid=41672
5594995.329	2026-10-03T13:40:01.1891636Z	72468	host	REQUEST	status surv-20261003T133840-d1-r1 -> alive pid=41672
5595000.312	2026-10-03T13:40:01.1941456Z	72468	host	RELEASED	id=surv-20261003T133840-d1-r1 wasAlive=True died=True code=0
5595000.330	2026-10-03T13:40:01.1941622Z	72468	host	REQUEST	release surv-20261003T133840-d1-r1 -> released wasAlive=True diedWithin10s=True code=0
5595000.541	2026-10-03T13:40:01.1943737Z	72468	host	REQUEST	status surv-20261003T133840-d1-r1 -> exited pid=41672 code=0
5596870.272	2026-10-03T13:40:03.0641081Z	72468	host	BROWSER_STARTED	id=surv-20261003T133840-d1-r2 pid=57424 created=134355084030592482 jobFlags=0x2000 
5596870.305	2026-10-03T13:40:03.0641377Z	72468	host	REQUEST	start surv-20261003T133840-d1-r2 C:\Source\SixFive7\BrowserAI\.work\c-scratch\m1\runs\surv-20261003T133840\d1-r2 -> ok pid=57424 created=134355084030592482 
5597537.868	2026-10-03T13:40:03.7317047Z	72468	host	REQUEST	status surv-20261003T133840-d1-r2 -> alive pid=57424
5600538.582	2026-10-03T13:40:06.7324163Z	72468	host	REQUEST	status surv-20261003T133840-d1-r2 -> alive pid=57424
5600543.689	2026-10-03T13:40:06.7375333Z	72468	host	RELEASED	id=surv-20261003T133840-d1-r2 wasAlive=True died=True code=0
5600543.721	2026-10-03T13:40:06.7375532Z	72468	host	REQUEST	release surv-20261003T133840-d1-r2 -> released wasAlive=True diedWithin10s=True code=0
5600543.950	2026-10-03T13:40:06.7377861Z	72468	host	REQUEST	status surv-20261003T133840-d1-r2 -> exited pid=57424 code=0
5602350.318	2026-10-03T13:40:08.5441521Z	72468	host	BROWSER_STARTED	id=surv-20261003T133840-d1-r3 pid=72056 created=134355084085391708 jobFlags=0x2000 
5602350.341	2026-10-03T13:40:08.5441731Z	72468	host	REQUEST	start surv-20261003T133840-d1-r3 C:\Source\SixFive7\BrowserAI\.work\c-scratch\m1\runs\surv-20261003T133840\d1-r3 -> ok pid=72056 created=134355084085391708 
5603083.575	2026-10-03T13:40:09.2774094Z	72468	host	REQUEST	status surv-20261003T133840-d1-r3 -> alive pid=72056
5606084.909	2026-10-03T13:40:12.2787456Z	72468	host	REQUEST	status surv-20261003T133840-d1-r3 -> alive pid=72056
5606096.429	2026-10-03T13:40:12.2902687Z	72468	host	RELEASED	id=surv-20261003T133840-d1-r3 wasAlive=True died=True code=0
5606096.462	2026-10-03T13:40:12.2902948Z	72468	host	REQUEST	release surv-20261003T133840-d1-r3 -> released wasAlive=True diedWithin10s=True code=0
5606096.769	2026-10-03T13:40:12.2906045Z	72468	host	REQUEST	status surv-20261003T133840-d1-r3 -> exited pid=72056 code=0
5607966.666	2026-10-03T13:40:14.1605002Z	72468	host	BROWSER_STARTED	id=surv-20261003T133840-d2-r1 pid=15236 created=134355084141555392 jobFlags=0x2000 
5607966.699	2026-10-03T13:40:14.1605319Z	72468	host	REQUEST	start surv-20261003T133840-d2-r1 C:\Source\SixFive7\BrowserAI\.work\c-scratch\m1\runs\surv-20261003T133840\d2-r1 -> ok pid=15236 created=134355084141555392 
5610556.656	2026-10-03T13:40:16.7504899Z	72468	host	REQUEST	status surv-20261003T133840-d2-r1 -> alive pid=15236
5613557.438	2026-10-03T13:40:19.7512781Z	72468	host	REQUEST	status surv-20261003T133840-d2-r1 -> alive pid=15236
5613563.349	2026-10-03T13:40:19.7571941Z	72468	host	RELEASED	id=surv-20261003T133840-d2-r1 wasAlive=True died=True code=0
5613563.390	2026-10-03T13:40:19.7572226Z	72468	host	REQUEST	release surv-20261003T133840-d2-r1 -> released wasAlive=True diedWithin10s=True code=0
5613563.659	2026-10-03T13:40:19.7574957Z	72468	host	REQUEST	status surv-20261003T133840-d2-r1 -> exited pid=15236 code=0
5615429.466	2026-10-03T13:40:21.6233004Z	72468	host	BROWSER_STARTED	id=surv-20261003T133840-d2-r2 pid=48492 created=134355084216180914 jobFlags=0x2000 
5615429.488	2026-10-03T13:40:21.6233207Z	72468	host	REQUEST	start surv-20261003T133840-d2-r2 C:\Source\SixFive7\BrowserAI\.work\c-scratch\m1\runs\surv-20261003T133840\d2-r2 -> ok pid=48492 created=134355084216180914 
5618053.304	2026-10-03T13:40:24.2471384Z	72468	host	REQUEST	status surv-20261003T133840-d2-r2 -> alive pid=48492
5621054.844	2026-10-03T13:40:27.2486784Z	72468	host	REQUEST	status surv-20261003T133840-d2-r2 -> alive pid=48492
5621063.589	2026-10-03T13:40:27.2574231Z	72468	host	RELEASED	id=surv-20261003T133840-d2-r2 wasAlive=True died=True code=0
5621063.611	2026-10-03T13:40:27.2574435Z	72468	host	REQUEST	release surv-20261003T133840-d2-r2 -> released wasAlive=True diedWithin10s=True code=0
5621063.846	2026-10-03T13:40:27.2576791Z	72468	host	REQUEST	status surv-20261003T133840-d2-r2 -> exited pid=48492 code=0
5622992.590	2026-10-03T13:40:29.1864255Z	72468	host	BROWSER_STARTED	id=surv-20261003T133840-d2-r3 pid=47768 created=134355084291801192 jobFlags=0x2000 
5622992.636	2026-10-03T13:40:29.1864688Z	72468	host	REQUEST	start surv-20261003T133840-d2-r3 C:\Source\SixFive7\BrowserAI\.work\c-scratch\m1\runs\surv-20261003T133840\d2-r3 -> ok pid=47768 created=134355084291801192 
5625592.206	2026-10-03T13:40:31.7860450Z	72468	host	REQUEST	status surv-20261003T133840-d2-r3 -> alive pid=47768
5628593.207	2026-10-03T13:40:34.7870466Z	72468	host	REQUEST	status surv-20261003T133840-d2-r3 -> alive pid=47768
5628615.398	2026-10-03T13:40:34.8092404Z	72468	host	RELEASED	id=surv-20261003T133840-d2-r3 wasAlive=True died=True code=0
5628615.433	2026-10-03T13:40:34.8092661Z	72468	host	REQUEST	release surv-20261003T133840-d2-r3 -> released wasAlive=True diedWithin10s=True code=0
5628615.727	2026-10-03T13:40:34.8095600Z	72468	host	REQUEST	status surv-20261003T133840-d2-r3 -> exited pid=47768 code=0
5631227.347	2026-10-03T13:40:37.4211835Z	72468	host	BROWSER_STARTED	id=surv-20261003T133840-n1-r1 pid=10744 created=134355084374151692 jobFlags=0x2000 
5631227.391	2026-10-03T13:40:37.4212236Z	72468	host	REQUEST	start surv-20261003T133840-n1-r1 C:\Source\SixFive7\BrowserAI\.work\c-scratch\m1\runs\surv-20261003T133840\n1-r1 -> ok pid=10744 created=134355084374151692 
5632036.936	2026-10-03T13:40:38.2307721Z	72468	host	REQUEST	status surv-20261003T133840-n1-r1 -> alive pid=10744
5635037.793	2026-10-03T13:40:41.2316281Z	72468	host	REQUEST	status surv-20261003T133840-n1-r1 -> alive pid=10744
5635042.851	2026-10-03T13:40:41.2366933Z	72468	host	RELEASED	id=surv-20261003T133840-n1-r1 wasAlive=True died=True code=0
5635042.881	2026-10-03T13:40:41.2367137Z	72468	host	REQUEST	release surv-20261003T133840-n1-r1 -> released wasAlive=True diedWithin10s=True code=0
5635043.141	2026-10-03T13:40:41.2369782Z	72468	host	REQUEST	status surv-20261003T133840-n1-r1 -> exited pid=10744 code=0
5636866.032	2026-10-03T13:40:43.0598674Z	72468	host	BROWSER_STARTED	id=surv-20261003T133840-n1-r2 pid=36800 created=134355084430548579 jobFlags=0x2000 
5636866.058	2026-10-03T13:40:43.0598904Z	72468	host	REQUEST	start surv-20261003T133840-n1-r2 C:\Source\SixFive7\BrowserAI\.work\c-scratch\m1\runs\surv-20261003T133840\n1-r2 -> ok pid=36800 created=134355084430548579 
5637532.760	2026-10-03T13:40:43.7265949Z	72468	host	REQUEST	status surv-20261003T133840-n1-r2 -> alive pid=36800
5640533.235	2026-10-03T13:40:46.7270695Z	72468	host	REQUEST	status surv-20261003T133840-n1-r2 -> alive pid=36800
5640538.527	2026-10-03T13:40:46.7323619Z	72468	host	RELEASED	id=surv-20261003T133840-n1-r2 wasAlive=True died=True code=0
5640538.552	2026-10-03T13:40:46.7323842Z	72468	host	REQUEST	release surv-20261003T133840-n1-r2 -> released wasAlive=True diedWithin10s=True code=0
5640538.811	2026-10-03T13:40:46.7326465Z	72468	host	REQUEST	status surv-20261003T133840-n1-r2 -> exited pid=36800 code=0
5642362.779	2026-10-03T13:40:48.5566144Z	72468	host	BROWSER_STARTED	id=surv-20261003T133840-n1-r3 pid=68648 created=134355084485516521 jobFlags=0x2000 
5642362.802	2026-10-03T13:40:48.5566349Z	72468	host	REQUEST	start surv-20261003T133840-n1-r3 C:\Source\SixFive7\BrowserAI\.work\c-scratch\m1\runs\surv-20261003T133840\n1-r3 -> ok pid=68648 created=134355084485516521 
5643042.658	2026-10-03T13:40:49.2364930Z	72468	host	REQUEST	status surv-20261003T133840-n1-r3 -> alive pid=68648
5646043.286	2026-10-03T13:40:52.2371215Z	72468	host	REQUEST	status surv-20261003T133840-n1-r3 -> alive pid=68648
5646050.246	2026-10-03T13:40:52.2440870Z	72468	host	RELEASED	id=surv-20261003T133840-n1-r3 wasAlive=True died=True code=0
5646050.274	2026-10-03T13:40:52.2441065Z	72468	host	REQUEST	release surv-20261003T133840-n1-r3 -> released wasAlive=True diedWithin10s=True code=0
5646050.553	2026-10-03T13:40:52.2443863Z	72468	host	REQUEST	status surv-20261003T133840-n1-r3 -> exited pid=68648 code=0
5647871.515	2026-10-03T13:40:54.0653494Z	72468	host	BROWSER_STARTED	id=surv-20261003T133840-n2-r1 pid=17848 created=134355084540601138 jobFlags=0x2000 
5647871.537	2026-10-03T13:40:54.0653694Z	72468	host	REQUEST	start surv-20261003T133840-n2-r1 C:\Source\SixFive7\BrowserAI\.work\c-scratch\m1\runs\surv-20261003T133840\n2-r1 -> ok pid=17848 created=134355084540601138 
5650440.652	2026-10-03T13:40:56.6344895Z	72468	host	REQUEST	status surv-20261003T133840-n2-r1 -> alive pid=17848
5653442.654	2026-10-03T13:40:59.6364936Z	72468	host	REQUEST	status surv-20261003T133840-n2-r1 -> alive pid=17848
5653449.504	2026-10-03T13:40:59.6433445Z	72468	host	RELEASED	id=surv-20261003T133840-n2-r1 wasAlive=True died=True code=0
5653449.532	2026-10-03T13:40:59.6433646Z	72468	host	REQUEST	release surv-20261003T133840-n2-r1 -> released wasAlive=True diedWithin10s=True code=0
5653449.779	2026-10-03T13:40:59.6436128Z	72468	host	REQUEST	status surv-20261003T133840-n2-r1 -> exited pid=17848 code=0
5655344.296	2026-10-03T13:41:01.5381301Z	72468	host	BROWSER_STARTED	id=surv-20261003T133840-n2-r2 pid=59352 created=134355084615322963 jobFlags=0x2000 
5655344.317	2026-10-03T13:41:01.5381491Z	72468	host	REQUEST	start surv-20261003T133840-n2-r2 C:\Source\SixFive7\BrowserAI\.work\c-scratch\m1\runs\surv-20261003T133840\n2-r2 -> ok pid=59352 created=134355084615322963 
5657933.635	2026-10-03T13:41:04.1274697Z	72468	host	REQUEST	status surv-20261003T133840-n2-r2 -> alive pid=59352
5660935.330	2026-10-03T13:41:07.1291644Z	72468	host	REQUEST	status surv-20261003T133840-n2-r2 -> alive pid=59352
5660943.331	2026-10-03T13:41:07.1371825Z	72468	host	RELEASED	id=surv-20261003T133840-n2-r2 wasAlive=True died=True code=0
5660943.368	2026-10-03T13:41:07.1372011Z	72468	host	REQUEST	release surv-20261003T133840-n2-r2 -> released wasAlive=True diedWithin10s=True code=0
5660943.755	2026-10-03T13:41:07.1375895Z	72468	host	REQUEST	status surv-20261003T133840-n2-r2 -> exited pid=59352 code=0
5662798.617	2026-10-03T13:41:08.9924512Z	72468	host	BROWSER_STARTED	id=surv-20261003T133840-n2-r3 pid=57848 created=134355084689870374 jobFlags=0x2000 
5662798.642	2026-10-03T13:41:08.9924746Z	72468	host	REQUEST	start surv-20261003T133840-n2-r3 C:\Source\SixFive7\BrowserAI\.work\c-scratch\m1\runs\surv-20261003T133840\n2-r3 -> ok pid=57848 created=134355084689870374 
5665354.892	2026-10-03T13:41:11.5487258Z	72468	host	REQUEST	status surv-20261003T133840-n2-r3 -> alive pid=57848
5668356.653	2026-10-03T13:41:14.5504901Z	72468	host	REQUEST	status surv-20261003T133840-n2-r3 -> alive pid=57848
5668362.136	2026-10-03T13:41:14.5559773Z	72468	host	RELEASED	id=surv-20261003T133840-n2-r3 wasAlive=True died=True code=0
5668362.164	2026-10-03T13:41:14.5559968Z	72468	host	REQUEST	release surv-20261003T133840-n2-r3 -> released wasAlive=True diedWithin10s=True code=0
5668362.371	2026-10-03T13:41:14.5562059Z	72468	host	REQUEST	status surv-20261003T133840-n2-r3 -> exited pid=57848 code=0
5670075.180	2026-10-03T13:41:16.2690144Z	72468	host	REQUEST	list -> surv-20261003T133840-n2-r2=59352@134355084615322963;surv-20261003T133840-n1-r2=36800@134355084430548579;surv-20261003T133840-b2-r1=40164@134355083490401179;surv-20261003T133840-b1-r1=70920@134355083233760802;surv-20261003T133840-e5-r3=36472@134355083899497051;surv-20261003T133840-e5-r2=71436@134355083818094036;surv-20261003T133840-d2-r1=15236@134355084141555392;surv-20261003T133840-d1-r1=41672@134355083974652980;surv-20261003T133840-b2-r3=51764@134355083652453691;surv-20261003T133840-b1-r3=39948@134355083399594243;surv-20261003T133840-n2-r1=17848@134355084540601138;surv-20261003T133840-b2-r2=10280@134355083568334085;surv-20261003T133840-n1-r1=10744@134355084374151692;surv-20261003T133840-b1-r2=20740@134355083315842603;surv-20261003T133840-d2-r3=47768@134355084291801192;surv-20261003T133840-d1-r3=72056@134355084085391708;surv-20261003T133840-d2-r2=48492@134355084216180914;surv-20261003T133840-e5-r1=67588@134355083738574179;surv-20261003T133840-d1-r2=57424@134355084030592482;surv-20261003T133840-n2-r3=57848@134355084689870374;surv-20261003T133840-n1-r3=68648@134355084485516521
5670148.946	2026-10-03T13:41:16.3427799Z	72468	host	BROWSER_STARTED	id=final-a pid=71192 created=134355084763383992 jobFlags=0x2000 
5670148.965	2026-10-03T13:41:16.3427971Z	72468	host	REQUEST	start final-a C:\Source\SixFive7\BrowserAI\.work\c-scratch\m1\runs\surv-20261003T133840 -> ok pid=71192 created=134355084763383992 
5670215.615	2026-10-03T13:41:16.4094493Z	72468	host	BROWSER_STARTED	id=final-b pid=70808 created=134355084764080569 jobFlags=0x2000 
5670215.633	2026-10-03T13:41:16.4094654Z	72468	host	REQUEST	start final-b C:\Source\SixFive7\BrowserAI\.work\c-scratch\m1\runs\surv-20261003T133840 -> ok pid=70808 created=134355084764080569 
5670276.747	2026-10-03T13:41:16.4705808Z	72468	host	REQUEST	list -> surv-20261003T133840-d1-r1=41672@134355083974652980;surv-20261003T133840-n1-r1=10744@134355084374151692;surv-20261003T133840-d2-r3=47768@134355084291801192;surv-20261003T133840-n2-r3=57848@134355084689870374;surv-20261003T133840-d1-r2=57424@134355084030592482;final-a=71192@134355084763383992;surv-20261003T133840-n1-r2=36800@134355084430548579;surv-20261003T133840-b1-r3=39948@134355083399594243;surv-20261003T133840-e5-r3=36472@134355083899497051;surv-20261003T133840-d2-r1=15236@134355084141555392;surv-20261003T133840-n2-r1=17848@134355084540601138;surv-20261003T133840-b1-r1=70920@134355083233760802;surv-20261003T133840-e5-r1=67588@134355083738574179;surv-20261003T133840-d2-r2=48492@134355084216180914;surv-20261003T133840-n2-r2=59352@134355084615322963;surv-20261003T133840-b2-r3=51764@134355083652453691;final-b=70808@134355084764080569;surv-20261003T133840-b1-r2=20740@134355083315842603;surv-20261003T133840-e5-r2=71436@134355083818094036;surv-20261003T133840-b2-r1=40164@134355083490401179;surv-20261003T133840-b2-r2=10280@134355083568334085;surv-20261003T133840-d1-r3=72056@134355084085391708;surv-20261003T133840-n1-r3=68648@134355084485516521
