4.6	listening	56550	other=56551
1161.7	peer	pid=76952	same user	1.279 ms
1161.9	admit	GET 	origin=	site=none	dest=document
1344.7	peer	pid=76952	same user	1.366 ms
1344.8	admit	GET app.css	origin=	site=same-origin	dest=style
1345.8	peer	pid=76952	same user	0.866 ms
1345.9	admit	GET app.js	origin=	site=same-origin	dest=script
1363.6	peer	pid=76952	same user	1.098 ms
1363.7	admit	GET events	origin=	site=same-origin	dest=empty
1364.2	+page	n=1
1464.6	peer	pid=76952	same user	1.309 ms
1464.7	admit	POST act	origin=http://127.0.0.1:56550	site=same-origin	dest=empty
1543.3	-page	n=0
1557.7	peer	pid=76952	same user	1.054 ms
1558.3	admit	GET 	origin=	site=none	dest=document
1589.4	peer	pid=76952	same user	1.014 ms
1589.4	admit	GET app.css	origin=	site=same-origin	dest=style
1590.6	peer	pid=76952	same user	0.976 ms
1590.6	admit	GET app.js	origin=	site=same-origin	dest=script
1599.7	peer	pid=76952	same user	1.070 ms
1599.8	admit	GET events	origin=	site=same-origin	dest=empty
1599.9	+page	n=1
1709.3	peer	pid=76952	same user	1.182 ms
1709.4	deny	Token	GET /favicon.ico	host=127.0.0.1:56550	origin=	site=same-origin
1767.6	-page	n=0
1774.6	peer	pid=76952	same user	1.437 ms
1774.7	admit	GET 	origin=	site=none	dest=document
1790.5	peer	pid=76952	same user	1.076 ms
1790.5	admit	GET app.css	origin=	site=same-origin	dest=style
1791.8	peer	pid=76952	same user	1.117 ms
1791.9	admit	GET app.js	origin=	site=same-origin	dest=script
1796.5	peer	pid=76952	same user	1.069 ms
1796.5	admit	GET events	origin=	site=same-origin	dest=empty
1796.6	+page	n=1
1960.4	-page	n=0
1965.0	peer	pid=76952	same user	1.081 ms
1965.1	admit	GET 	origin=	site=none	dest=document
1983.4	peer	pid=76952	same user	1.255 ms
1983.4	admit	GET app.css	origin=	site=same-origin	dest=style
1984.6	peer	pid=76952	same user	1.032 ms
1984.7	admit	GET app.js	origin=	site=same-origin	dest=script
1988.9	peer	pid=76952	same user	1.054 ms
1988.9	admit	GET events	origin=	site=same-origin	dest=empty
1989.0	+page	n=1
2160.8	-page	n=0
2164.5	peer	pid=76952	same user	1.041 ms
2164.5	admit	GET 	origin=	site=none	dest=document
2179.4	peer	pid=76952	same user	1.204 ms
2179.5	admit	GET app.css	origin=	site=same-origin	dest=style
2180.5	peer	pid=76952	same user	0.906 ms
2180.5	admit	GET app.js	origin=	site=same-origin	dest=script
2183.7	peer	pid=76952	same user	1.119 ms
2183.8	admit	GET events	origin=	site=same-origin	dest=empty
2183.9	+page	n=1
2348.3	-page	n=0
2353.7	peer	pid=76952	same user	1.045 ms
2353.8	admit	GET 	origin=	site=none	dest=document
2366.4	peer	pid=76952	same user	1.064 ms
2366.5	admit	GET app.css	origin=	site=same-origin	dest=style
2367.5	peer	pid=76952	same user	0.897 ms
2367.6	admit	GET app.js	origin=	site=same-origin	dest=script
2371.4	peer	pid=76952	same user	1.031 ms
2371.4	admit	GET events	origin=	site=same-origin	dest=empty
2371.4	+page	n=1
2541.5	-page	n=0
2545.6	peer	pid=76952	same user	1.169 ms
2545.7	admit	GET 	origin=	site=none	dest=document
2561.7	peer	pid=76952	same user	1.063 ms
2561.7	admit	GET app.css	origin=	site=same-origin	dest=style
2563.0	peer	pid=76952	same user	1.060 ms
2563.0	admit	GET app.js	origin=	site=same-origin	dest=script
2567.3	peer	pid=76952	same user	1.433 ms
2567.4	admit	GET events	origin=	site=same-origin	dest=empty
2567.4	+page	n=1
2731.9	-page	n=0
2738.7	peer	pid=76952	same user	1.159 ms
2738.8	admit	GET 	origin=	site=none	dest=document
2751.3	peer	pid=76952	same user	1.019 ms
2751.4	admit	GET app.css	origin=	site=same-origin	dest=style
2753.2	peer	pid=76952	same user	1.062 ms
2753.2	admit	GET app.js	origin=	site=same-origin	dest=script
2756.9	peer	pid=76952	same user	1.004 ms
2756.9	admit	GET events	origin=	site=same-origin	dest=empty
2757.0	+page	n=1
2921.1	-page	n=0
2924.7	peer	pid=76952	same user	1.063 ms
2924.8	admit	GET 	origin=	site=none	dest=document
2940.1	peer	pid=76952	same user	1.100 ms
2940.1	admit	GET app.css	origin=	site=same-origin	dest=style
2941.3	peer	pid=76952	same user	1.030 ms
2941.4	admit	GET app.js	origin=	site=same-origin	dest=script
2944.9	peer	pid=76952	same user	1.043 ms
2945.0	admit	GET events	origin=	site=same-origin	dest=empty
2945.1	+page	n=1
3108.6	-page	n=0
3112.4	peer	pid=76952	same user	1.078 ms
3112.5	admit	GET 	origin=	site=none	dest=document
3125.3	peer	pid=76952	same user	1.585 ms
3125.4	admit	GET app.css	origin=	site=same-origin	dest=style
3127.2	peer	pid=76952	same user	1.114 ms
3127.3	admit	GET app.js	origin=	site=same-origin	dest=script
3130.7	peer	pid=76952	same user	0.990 ms
3130.7	admit	GET events	origin=	site=same-origin	dest=empty
3130.8	+page	n=1
3294.5	-page	n=0
3299.5	peer	pid=76952	same user	1.016 ms
3299.5	admit	GET 	origin=	site=none	dest=document
3313.5	peer	pid=76952	same user	1.204 ms
3313.5	admit	GET app.css	origin=	site=same-origin	dest=style
3314.8	peer	pid=76952	same user	1.129 ms
3314.9	admit	GET app.js	origin=	site=same-origin	dest=script
3318.6	peer	pid=76952	same user	1.151 ms
3318.6	admit	GET events	origin=	site=same-origin	dest=empty
3318.7	+page	n=1
3633.9	peer	pid=76952	same user	1.179 ms
3633.9	admit	GET 	origin=	site=none	dest=document
3664.7	peer	pid=76952	same user	1.175 ms
3664.7	admit	GET app.css	origin=	site=same-origin	dest=style
3665.8	peer	pid=76952	same user	0.911 ms
3665.9	admit	GET app.js	origin=	site=same-origin	dest=script
3674.4	peer	pid=76952	same user	1.256 ms
3674.4	admit	GET events	origin=	site=same-origin	dest=empty
3674.5	+page	n=2
3702.6	-page	n=1
3888.6	peer	pid=76952	same user	1.274 ms
3888.6	deny	Host	GET /<token>/	host=attacker.example:56550	origin=	site=
4121.8	peer	pid=76952	same user	1.089 ms
4121.8	deny	FetchSite	POST /<token>/act	host=127.0.0.1:56550	origin=http://attacker.example:56551	site=cross-site
4136.9	peer	pid=76952	same user	1.155 ms
4137.0	deny	FetchSite	GET /<token>/state	host=127.0.0.1:56550	origin=	site=cross-site
4148.9	peer	pid=76952	same user	1.166 ms
4148.9	deny	FetchSite	GET /<token>/state	host=127.0.0.1:56550	origin=http://attacker.example:56551	site=cross-site
4164.1	peer	pid=76952	same user	1.248 ms
4164.1	deny	Method	OPTIONS /<token>/act	host=127.0.0.1:56550	origin=http://attacker.example:56551	site=cross-site
4180.4	peer	pid=76952	same user	1.058 ms
4180.4	deny	FetchSite	GET /<token>/	host=127.0.0.1:56550	origin=	site=cross-site
8196.0	peer	pid=76952	same user	1.216 ms
8196.1	deny	FetchSite	POST /<token>/act	host=127.0.0.1:56550	origin=http://attacker.example:56551	site=cross-site
9047.6	peer	pid=76952	same user	1.263 ms
9047.6	deny	FetchSite	GET /<token>/events	host=127.0.0.1:56550	origin=http://attacker.example:56551	site=cross-site
9059.6	peer	pid=79320	same user	1.421 ms
9059.7	admit	GET state	origin=	site=	dest=
9248.4	peer	pid=76952	same user	1.134 ms
9248.5	admit	GET 	origin=	site=none	dest=document
9276.0	peer	pid=76952	same user	1.402 ms
9276.0	admit	GET app.css	origin=	site=same-origin	dest=style
9277.4	peer	pid=76952	same user	1.167 ms
9277.5	admit	GET app.js	origin=	site=same-origin	dest=script
9284.0	peer	pid=76952	same user	1.287 ms
9284.1	admit	GET events	origin=	site=same-origin	dest=empty
9284.1	+page	n=2
9309.9	-page	n=1
10144.7	-page	n=0
10511.3	peer	pid=79320	same user	1.101 ms
10511.3	admit	POST quit	origin=http://127.0.0.1:56550	site=	dest=
10511.4	stopping
