5.2	listening	58124	other=58125
1411.8	peer	pid=73364	same user	1.515 ms
1412.0	admit	GET 	origin=	site=none	dest=document
1595.7	peer	pid=73364	same user	1.414 ms
1595.8	admit	GET app.css	origin=	site=same-origin	dest=style
1597.0	peer	pid=73364	same user	1.101 ms
1597.1	admit	GET app.js	origin=	site=same-origin	dest=script
1611.1	peer	pid=73364	same user	1.333 ms
1611.2	admit	GET events	origin=	site=same-origin	dest=empty
1611.3	+page	n=1
1706.4	peer	pid=73364	same user	1.133 ms
1706.5	deny	Token	GET /favicon.ico	host=127.0.0.1:58124	origin=	site=same-origin
1715.4	peer	pid=73364	same user	1.111 ms
1715.8	admit	POST act	origin=http://127.0.0.1:58124	site=same-origin	dest=empty
1771.9	-page	n=0
1778.2	peer	pid=73364	same user	1.281 ms
1778.3	admit	GET 	origin=	site=none	dest=document
1812.5	peer	pid=73364	same user	1.162 ms
1812.6	admit	GET app.css	origin=	site=same-origin	dest=style
1814.8	peer	pid=73364	same user	1.314 ms
1814.8	admit	GET app.js	origin=	site=same-origin	dest=script
1824.9	peer	pid=73364	same user	1.812 ms
1825.0	admit	GET events	origin=	site=same-origin	dest=empty
1825.0	+page	n=1
1987.9	-page	n=0
1996.2	peer	pid=73364	same user	1.233 ms
1996.2	admit	GET 	origin=	site=none	dest=document
2009.3	peer	pid=73364	same user	1.165 ms
2009.4	admit	GET app.css	origin=	site=same-origin	dest=style
2010.6	peer	pid=73364	same user	1.024 ms
2010.6	admit	GET app.js	origin=	site=same-origin	dest=script
2017.2	peer	pid=73364	same user	1.191 ms
2017.2	admit	GET events	origin=	site=same-origin	dest=empty
2017.3	+page	n=1
2181.3	-page	n=0
2187.6	peer	pid=73364	same user	1.518 ms
2187.7	admit	GET 	origin=	site=none	dest=document
2209.5	peer	pid=73364	same user	1.138 ms
2209.5	admit	GET app.css	origin=	site=same-origin	dest=style
2210.8	peer	pid=73364	same user	1.112 ms
2210.8	admit	GET app.js	origin=	site=same-origin	dest=script
2215.0	peer	pid=73364	same user	1.159 ms
2215.0	admit	GET events	origin=	site=same-origin	dest=empty
2215.1	+page	n=1
2375.6	-page	n=0
2382.0	peer	pid=73364	same user	1.328 ms
2382.1	admit	GET 	origin=	site=none	dest=document
2396.3	peer	pid=73364	same user	1.193 ms
2396.4	admit	GET app.css	origin=	site=same-origin	dest=style
2398.4	peer	pid=73364	same user	1.095 ms
2398.4	admit	GET app.js	origin=	site=same-origin	dest=script
2402.3	peer	pid=73364	same user	1.120 ms
2402.3	admit	GET events	origin=	site=same-origin	dest=empty
2402.3	+page	n=1
2568.7	-page	n=0
2575.0	peer	pid=73364	same user	1.369 ms
2575.1	admit	GET 	origin=	site=none	dest=document
2587.0	peer	pid=73364	same user	1.406 ms
2587.1	admit	GET app.css	origin=	site=same-origin	dest=style
2588.2	peer	pid=73364	same user	1.002 ms
2588.3	admit	GET app.js	origin=	site=same-origin	dest=script
2592.4	peer	pid=73364	same user	0.999 ms
2592.4	admit	GET events	origin=	site=same-origin	dest=empty
2592.5	+page	n=1
2760.8	-page	n=0
2766.6	peer	pid=73364	same user	1.216 ms
2766.6	admit	GET 	origin=	site=none	dest=document
2782.9	peer	pid=73364	same user	1.346 ms
2782.9	admit	GET app.css	origin=	site=same-origin	dest=style
2784.2	peer	pid=73364	same user	1.098 ms
2784.2	admit	GET app.js	origin=	site=same-origin	dest=script
2788.6	peer	pid=73364	same user	1.118 ms
2788.7	admit	GET events	origin=	site=same-origin	dest=empty
2788.7	+page	n=1
2953.3	-page	n=0
2957.8	peer	pid=73364	same user	1.398 ms
2957.9	admit	GET 	origin=	site=none	dest=document
2974.1	peer	pid=73364	same user	1.338 ms
2974.2	admit	GET app.css	origin=	site=same-origin	dest=style
2975.5	peer	pid=73364	same user	1.146 ms
2975.6	admit	GET app.js	origin=	site=same-origin	dest=script
2979.4	peer	pid=73364	same user	1.246 ms
2979.4	admit	GET events	origin=	site=same-origin	dest=empty
2979.5	+page	n=1
3138.6	-page	n=0
3142.6	peer	pid=73364	same user	1.114 ms
3142.6	admit	GET 	origin=	site=none	dest=document
3173.8	peer	pid=73364	same user	1.389 ms
3173.8	admit	GET app.css	origin=	site=same-origin	dest=style
3175.1	peer	pid=73364	same user	1.135 ms
3175.2	admit	GET app.js	origin=	site=same-origin	dest=script
3195.7	peer	pid=73364	same user	1.308 ms
3195.7	admit	GET events	origin=	site=same-origin	dest=empty
3195.8	+page	n=1
3356.5	-page	n=0
3366.0	peer	pid=73364	same user	1.166 ms
3366.1	admit	GET 	origin=	site=none	dest=document
3396.7	peer	pid=73364	same user	1.225 ms
3396.8	admit	GET app.css	origin=	site=same-origin	dest=style
3398.1	peer	pid=73364	same user	1.131 ms
3398.2	admit	GET app.js	origin=	site=same-origin	dest=script
3422.0	peer	pid=73364	same user	1.504 ms
3422.1	admit	GET events	origin=	site=same-origin	dest=empty
3422.1	+page	n=1
3584.8	-page	n=0
3590.6	peer	pid=73364	same user	1.236 ms
3590.6	admit	GET 	origin=	site=none	dest=document
3603.7	peer	pid=73364	same user	1.326 ms
3603.8	admit	GET app.css	origin=	site=same-origin	dest=style
3605.0	peer	pid=73364	same user	1.033 ms
3605.0	admit	GET app.js	origin=	site=same-origin	dest=script
3608.6	peer	pid=73364	same user	1.124 ms
3608.6	admit	GET events	origin=	site=same-origin	dest=empty
3608.6	+page	n=1
3961.1	peer	pid=73364	same user	1.295 ms
3961.2	admit	GET 	origin=	site=none	dest=document
3995.7	peer	pid=73364	same user	1.305 ms
3995.8	admit	GET app.css	origin=	site=same-origin	dest=style
3997.1	peer	pid=73364	same user	1.177 ms
3997.2	admit	GET app.js	origin=	site=same-origin	dest=script
4002.5	peer	pid=73364	same user	1.030 ms
4002.5	admit	GET events	origin=	site=same-origin	dest=empty
4002.5	+page	n=2
4031.3	-page	n=1
4266.7	peer	pid=73364	same user	1.203 ms
4266.7	deny	Host	GET /<token>/	host=attacker.example:58124	origin=	site=
4657.0	peer	pid=73364	same user	1.276 ms
4657.1	deny	FetchSite	POST /<token>/act	host=127.0.0.1:58124	origin=http://attacker.example:58125	site=cross-site
4678.8	peer	pid=73364	same user	1.404 ms
4678.9	deny	FetchSite	GET /<token>/state	host=127.0.0.1:58124	origin=	site=cross-site
4694.5	peer	pid=73364	same user	1.308 ms
4694.6	deny	FetchSite	GET /<token>/state	host=127.0.0.1:58124	origin=http://attacker.example:58125	site=cross-site
4710.1	peer	pid=73364	same user	1.759 ms
4710.2	deny	Method	OPTIONS /<token>/act	host=127.0.0.1:58124	origin=http://attacker.example:58125	site=cross-site
4727.7	peer	pid=73364	same user	1.252 ms
4727.8	deny	FetchSite	GET /<token>/	host=127.0.0.1:58124	origin=	site=cross-site
8743.8	peer	pid=73364	same user	1.205 ms
8743.9	deny	FetchSite	POST /<token>/act	host=127.0.0.1:58124	origin=http://attacker.example:58125	site=cross-site
9595.5	peer	pid=73364	same user	1.532 ms
9595.6	deny	FetchSite	GET /<token>/events	host=127.0.0.1:58124	origin=http://attacker.example:58125	site=cross-site
9608.1	peer	pid=65376	same user	1.247 ms
9608.2	admit	GET state	origin=	site=	dest=
9930.3	peer	pid=73364	same user	2.906 ms
9930.4	admit	GET 	origin=	site=none	dest=document
10010.1	peer	pid=73364	same user	1.322 ms
10010.1	admit	GET app.css	origin=	site=same-origin	dest=style
10011.4	peer	pid=73364	same user	1.149 ms
10011.5	admit	GET app.js	origin=	site=same-origin	dest=script
10028.3	peer	pid=73364	same user	1.405 ms
10028.4	admit	GET events	origin=	site=same-origin	dest=empty
10028.5	+page	n=2
40321.8	-page	n=1
40322.1	-page	n=0
