5.1	listening	58401	other=58402
1131.9	peer	pid=80648	same user	1.101 ms
1132.1	admit	GET 	origin=	site=none	dest=document
1320.9	peer	pid=80648	same user	1.118 ms
1321.0	admit	GET app.css	origin=	site=same-origin	dest=style
1322.1	peer	pid=80648	same user	0.927 ms
1322.2	admit	GET app.js	origin=	site=same-origin	dest=script
1342.4	peer	pid=80648	same user	0.879 ms
1342.4	admit	GET events	origin=	site=same-origin	dest=empty
1342.5	+page	n=1
1450.0	peer	pid=80648	same user	0.906 ms
1450.1	deny	Token	GET /favicon.ico	host=127.0.0.1:58401	origin=	site=same-origin
1463.6	peer	pid=80648	same user	1.093 ms
1464.1	admit	POST act	origin=http://127.0.0.1:58401	site=same-origin	dest=empty
1521.0	-page	n=0
1527.9	peer	pid=80648	same user	1.096 ms
1528.0	admit	GET 	origin=	site=none	dest=document
1572.7	peer	pid=80648	same user	0.916 ms
1572.8	admit	GET app.css	origin=	site=same-origin	dest=style
1573.8	peer	pid=80648	same user	0.897 ms
1573.9	admit	GET app.js	origin=	site=same-origin	dest=script
1585.2	peer	pid=80648	same user	0.901 ms
1585.2	admit	GET events	origin=	site=same-origin	dest=empty
1585.3	+page	n=1
1754.8	-page	n=0
1761.9	peer	pid=80648	same user	1.106 ms
1762.0	admit	GET 	origin=	site=none	dest=document
1779.0	peer	pid=80648	same user	0.959 ms
1779.0	admit	GET app.css	origin=	site=same-origin	dest=style
1780.0	peer	pid=80648	same user	0.794 ms
1780.1	admit	GET app.js	origin=	site=same-origin	dest=script
1786.1	peer	pid=80648	same user	1.634 ms
1786.2	admit	GET events	origin=	site=same-origin	dest=empty
1786.2	+page	n=1
1950.6	-page	n=0
1958.2	peer	pid=80648	same user	0.972 ms
1958.2	admit	GET 	origin=	site=none	dest=document
1976.1	peer	pid=80648	same user	0.915 ms
1976.2	admit	GET app.css	origin=	site=same-origin	dest=style
1977.1	peer	pid=80648	same user	0.777 ms
1977.1	admit	GET app.js	origin=	site=same-origin	dest=script
1983.8	peer	pid=80648	same user	1.133 ms
1983.9	admit	GET events	origin=	site=same-origin	dest=empty
1984.0	+page	n=1
2146.5	-page	n=0
2150.0	peer	pid=80648	same user	0.882 ms
2150.1	admit	GET 	origin=	site=none	dest=document
2163.2	peer	pid=80648	same user	1.310 ms
2163.3	admit	GET app.css	origin=	site=same-origin	dest=style
2164.2	peer	pid=80648	same user	0.787 ms
2164.3	admit	GET app.js	origin=	site=same-origin	dest=script
2168.7	peer	pid=80648	same user	0.868 ms
2168.7	admit	GET events	origin=	site=same-origin	dest=empty
2168.8	+page	n=1
2334.0	-page	n=0
2342.1	peer	pid=80648	same user	0.875 ms
2342.2	admit	GET 	origin=	site=none	dest=document
2358.0	peer	pid=80648	same user	1.102 ms
2358.1	admit	GET app.css	origin=	site=same-origin	dest=style
2359.0	peer	pid=80648	same user	0.785 ms
2359.0	admit	GET app.js	origin=	site=same-origin	dest=script
2363.6	peer	pid=80648	same user	1.025 ms
2363.6	admit	GET events	origin=	site=same-origin	dest=empty
2363.7	+page	n=1
2527.7	-page	n=0
2533.3	peer	pid=80648	same user	0.894 ms
2533.3	admit	GET 	origin=	site=none	dest=document
2548.4	peer	pid=80648	same user	0.934 ms
2548.5	admit	GET app.css	origin=	site=same-origin	dest=style
2549.4	peer	pid=80648	same user	0.792 ms
2549.4	admit	GET app.js	origin=	site=same-origin	dest=script
2553.2	peer	pid=80648	same user	1.337 ms
2553.3	admit	GET events	origin=	site=same-origin	dest=empty
2553.3	+page	n=1
2717.0	-page	n=0
2720.4	peer	pid=80648	same user	0.964 ms
2720.5	admit	GET 	origin=	site=none	dest=document
2735.3	peer	pid=80648	same user	1.091 ms
2735.3	admit	GET app.css	origin=	site=same-origin	dest=style
2736.2	peer	pid=80648	same user	0.808 ms
2736.3	admit	GET app.js	origin=	site=same-origin	dest=script
2739.4	peer	pid=80648	same user	1.052 ms
2739.4	admit	GET events	origin=	site=same-origin	dest=empty
2739.5	+page	n=1
2902.7	-page	n=0
2908.3	peer	pid=80648	same user	0.898 ms
2908.3	admit	GET 	origin=	site=none	dest=document
2919.5	peer	pid=80648	same user	1.011 ms
2919.6	admit	GET app.css	origin=	site=same-origin	dest=style
2920.5	peer	pid=80648	same user	0.790 ms
2920.5	admit	GET app.js	origin=	site=same-origin	dest=script
2924.3	peer	pid=80648	same user	0.911 ms
2924.3	admit	GET events	origin=	site=same-origin	dest=empty
2924.4	+page	n=1
3087.7	-page	n=0
3091.5	peer	pid=80648	same user	0.927 ms
3091.6	admit	GET 	origin=	site=none	dest=document
3104.1	peer	pid=80648	same user	1.252 ms
3104.2	admit	GET app.css	origin=	site=same-origin	dest=style
3105.3	peer	pid=80648	same user	0.923 ms
3105.4	admit	GET app.js	origin=	site=same-origin	dest=script
3108.7	peer	pid=80648	same user	1.055 ms
3108.7	admit	GET events	origin=	site=same-origin	dest=empty
3108.8	+page	n=1
3272.0	-page	n=0
3276.2	peer	pid=80648	same user	1.028 ms
3276.3	admit	GET 	origin=	site=none	dest=document
3292.6	peer	pid=80648	same user	1.083 ms
3292.7	admit	GET app.css	origin=	site=same-origin	dest=style
3294.1	peer	pid=80648	same user	1.264 ms
3294.1	admit	GET app.js	origin=	site=same-origin	dest=script
3298.8	peer	pid=80648	same user	0.973 ms
3298.8	admit	GET events	origin=	site=same-origin	dest=empty
3298.9	+page	n=1
3612.9	peer	pid=80648	same user	1.176 ms
3613.1	admit	GET 	origin=	site=none	dest=document
3644.9	peer	pid=80648	same user	0.989 ms
3644.9	admit	GET app.css	origin=	site=same-origin	dest=style
3646.3	peer	pid=80648	same user	1.212 ms
3646.4	admit	GET app.js	origin=	site=same-origin	dest=script
3652.0	peer	pid=80648	same user	0.938 ms
3652.1	admit	GET events	origin=	site=same-origin	dest=empty
3652.1	+page	n=2
3681.7	-page	n=1
3869.8	peer	pid=80648	same user	1.142 ms
3870.2	deny	Host	GET /<token>/	host=attacker.example:58401	origin=	site=
4154.7	peer	pid=80648	same user	1.109 ms
4154.7	deny	FetchSite	POST /<token>/act	host=127.0.0.1:58401	origin=http://attacker.example:58402	site=cross-site
4171.7	peer	pid=80648	same user	1.109 ms
4171.8	deny	FetchSite	GET /<token>/state	host=127.0.0.1:58401	origin=	site=cross-site
4185.8	peer	pid=80648	same user	1.019 ms
4185.9	deny	FetchSite	GET /<token>/state	host=127.0.0.1:58401	origin=http://attacker.example:58402	site=cross-site
4203.6	peer	pid=80648	same user	1.189 ms
4203.7	deny	Method	OPTIONS /<token>/act	host=127.0.0.1:58401	origin=http://attacker.example:58402	site=cross-site
4221.2	peer	pid=80648	same user	1.036 ms
4221.3	deny	FetchSite	GET /<token>/	host=127.0.0.1:58401	origin=	site=cross-site
8255.5	peer	pid=80648	same user	1.129 ms
8255.6	deny	FetchSite	POST /<token>/act	host=127.0.0.1:58401	origin=http://attacker.example:58402	site=cross-site
9147.6	peer	pid=80648	same user	1.072 ms
9147.6	deny	FetchSite	GET /<token>/events	host=127.0.0.1:58401	origin=http://attacker.example:58402	site=cross-site
9160.6	peer	pid=58184	same user	1.125 ms
9160.7	admit	GET state	origin=	site=	dest=
9375.0	peer	pid=80648	same user	1.126 ms
9375.1	admit	GET 	origin=	site=none	dest=document
9402.2	peer	pid=80648	same user	1.248 ms
9402.3	admit	GET app.css	origin=	site=same-origin	dest=style
9403.2	peer	pid=80648	same user	0.823 ms
9403.3	admit	GET app.js	origin=	site=same-origin	dest=script
9411.2	peer	pid=80648	same user	1.206 ms
9411.3	admit	GET events	origin=	site=same-origin	dest=empty
9411.4	+page	n=2
9438.9	-page	n=1
10293.5	-page	n=0
10624.4	peer	pid=58184	same user	0.997 ms
10624.5	admit	POST quit	origin=http://127.0.0.1:58401	site=	dest=
10624.5	stopping
