4.5	listening	50664	other=50665
1311.5	peer	pid=69920	same user	1.413 ms
1311.7	admit	GET 	origin=	site=none	dest=document
1538.1	peer	pid=69920	same user	1.130 ms
1538.2	admit	GET app.css	origin=	site=same-origin	dest=style
1539.3	peer	pid=69920	same user	1.000 ms
1539.4	admit	GET app.js	origin=	site=same-origin	dest=script
1574.1	peer	pid=69920	same user	1.248 ms
1574.2	admit	GET events	origin=	site=same-origin	dest=empty
1574.3	+page	n=1
1680.2	peer	pid=69920	same user	1.238 ms
1680.3	deny	Token	GET /favicon.ico	host=127.0.0.1:50664	origin=	site=same-origin
1687.6	peer	pid=69920	same user	1.552 ms
1687.7	admit	POST act	origin=http://127.0.0.1:50664	site=same-origin	dest=empty
1707.9	-page	n=0
1713.6	peer	pid=69920	same user	1.064 ms
1713.6	admit	GET 	origin=	site=none	dest=document
1730.7	peer	pid=69920	same user	1.153 ms
1730.7	admit	GET app.css	origin=	site=same-origin	dest=style
1731.8	peer	pid=69920	same user	0.976 ms
1731.9	admit	GET app.js	origin=	site=same-origin	dest=script
1736.7	peer	pid=69920	same user	1.159 ms
1736.8	admit	GET events	origin=	site=same-origin	dest=empty
1736.8	+page	n=1
1901.1	-page	n=0
1906.7	peer	pid=69920	same user	1.139 ms
1906.8	admit	GET 	origin=	site=none	dest=document
1924.2	peer	pid=69920	same user	1.362 ms
1924.3	admit	GET app.css	origin=	site=same-origin	dest=style
1925.7	peer	pid=69920	same user	1.241 ms
1925.8	admit	GET app.js	origin=	site=same-origin	dest=script
1932.5	peer	pid=69920	same user	1.067 ms
1932.5	admit	GET events	origin=	site=same-origin	dest=empty
1932.6	+page	n=1
2091.9	-page	n=0
2099.8	peer	pid=69920	same user	1.351 ms
2099.9	admit	GET 	origin=	site=none	dest=document
2118.3	peer	pid=69920	same user	1.184 ms
2118.4	admit	GET app.css	origin=	site=same-origin	dest=style
2119.7	peer	pid=69920	same user	1.140 ms
2119.8	admit	GET app.js	origin=	site=same-origin	dest=script
2124.2	peer	pid=69920	same user	1.288 ms
2124.3	admit	GET events	origin=	site=same-origin	dest=empty
2124.3	+page	n=1
2288.7	-page	n=0
2294.7	peer	pid=69920	same user	1.240 ms
2294.7	admit	GET 	origin=	site=none	dest=document
2307.3	peer	pid=69920	same user	1.232 ms
2307.4	admit	GET app.css	origin=	site=same-origin	dest=style
2308.7	peer	pid=69920	same user	1.052 ms
2308.7	admit	GET app.js	origin=	site=same-origin	dest=script
2312.5	peer	pid=69920	same user	1.133 ms
2312.6	admit	GET events	origin=	site=same-origin	dest=empty
2312.6	+page	n=1
2487.3	-page	n=0
2491.9	peer	pid=69920	same user	1.417 ms
2491.9	admit	GET 	origin=	site=none	dest=document
2506.8	peer	pid=69920	same user	1.201 ms
2506.8	admit	GET app.css	origin=	site=same-origin	dest=style
2508.0	peer	pid=69920	same user	1.015 ms
2508.1	admit	GET app.js	origin=	site=same-origin	dest=script
2511.7	peer	pid=69920	same user	1.060 ms
2511.7	admit	GET events	origin=	site=same-origin	dest=empty
2511.8	+page	n=1
2675.9	-page	n=0
2681.4	peer	pid=69920	same user	1.351 ms
2681.4	admit	GET 	origin=	site=none	dest=document
2696.0	peer	pid=69920	same user	1.213 ms
2696.1	admit	GET app.css	origin=	site=same-origin	dest=style
2697.2	peer	pid=69920	same user	0.983 ms
2697.2	admit	GET app.js	origin=	site=same-origin	dest=script
2700.7	peer	pid=69920	same user	1.091 ms
2700.7	admit	GET events	origin=	site=same-origin	dest=empty
2700.8	+page	n=1
2864.1	-page	n=0
2870.3	peer	pid=69920	same user	1.328 ms
2870.4	admit	GET 	origin=	site=none	dest=document
2883.6	peer	pid=69920	same user	1.315 ms
2883.6	admit	GET app.css	origin=	site=same-origin	dest=style
2886.3	peer	pid=69920	same user	1.131 ms
2886.4	admit	GET app.js	origin=	site=same-origin	dest=script
2890.3	peer	pid=69920	same user	1.149 ms
2890.3	admit	GET events	origin=	site=same-origin	dest=empty
2890.4	+page	n=1
3055.8	-page	n=0
3061.4	peer	pid=69920	same user	1.150 ms
3061.5	admit	GET 	origin=	site=none	dest=document
3073.5	peer	pid=69920	same user	1.166 ms
3073.5	admit	GET app.css	origin=	site=same-origin	dest=style
3074.9	peer	pid=69920	same user	1.188 ms
3075.0	admit	GET app.js	origin=	site=same-origin	dest=script
3078.5	peer	pid=69920	same user	1.109 ms
3078.5	admit	GET events	origin=	site=same-origin	dest=empty
3078.6	+page	n=1
3243.0	-page	n=0
3248.6	peer	pid=69920	same user	1.298 ms
3248.7	admit	GET 	origin=	site=none	dest=document
3260.9	peer	pid=69920	same user	1.248 ms
3260.9	admit	GET app.css	origin=	site=same-origin	dest=style
3262.1	peer	pid=69920	same user	1.006 ms
3262.1	admit	GET app.js	origin=	site=same-origin	dest=script
3268.8	peer	pid=69920	same user	1.379 ms
3268.9	admit	GET events	origin=	site=same-origin	dest=empty
3268.9	+page	n=1
3432.1	-page	n=0
3436.9	peer	pid=69920	same user	1.205 ms
3437.0	admit	GET 	origin=	site=none	dest=document
3455.5	peer	pid=69920	same user	1.578 ms
3455.6	admit	GET app.css	origin=	site=same-origin	dest=style
3457.0	peer	pid=69920	same user	1.288 ms
3457.0	admit	GET app.js	origin=	site=same-origin	dest=script
3460.4	peer	pid=69920	same user	1.123 ms
3460.5	admit	GET events	origin=	site=same-origin	dest=empty
3460.6	+page	n=1
3783.4	peer	pid=69920	same user	1.348 ms
3783.5	admit	GET 	origin=	site=none	dest=document
3816.4	peer	pid=69920	same user	1.227 ms
3816.4	admit	GET app.css	origin=	site=same-origin	dest=style
3818.0	peer	pid=69920	same user	1.372 ms
3818.1	admit	GET app.js	origin=	site=same-origin	dest=script
3823.8	peer	pid=69920	same user	1.188 ms
3823.9	admit	GET events	origin=	site=same-origin	dest=empty
3823.9	+page	n=2
3851.8	-page	n=1
4037.6	peer	pid=69920	same user	1.295 ms
4037.7	deny	Host	GET /<token>/	host=attacker.example:50664	origin=	site=
4290.3	peer	pid=69920	same user	1.217 ms
4290.4	deny	FetchSite	POST /<token>/act	host=127.0.0.1:50664	origin=http://attacker.example:50665	site=cross-site
4304.7	peer	pid=69920	same user	1.344 ms
4304.8	deny	FetchSite	GET /<token>/state	host=127.0.0.1:50664	origin=	site=cross-site
4319.2	peer	pid=69920	same user	1.232 ms
4319.2	deny	FetchSite	GET /<token>/state	host=127.0.0.1:50664	origin=http://attacker.example:50665	site=cross-site
4333.5	peer	pid=69920	same user	1.264 ms
4333.6	deny	Method	OPTIONS /<token>/act	host=127.0.0.1:50664	origin=http://attacker.example:50665	site=cross-site
4352.1	peer	pid=69920	same user	1.183 ms
4352.2	deny	FetchSite	GET /<token>/	host=127.0.0.1:50664	origin=	site=cross-site
8365.7	peer	pid=69920	same user	1.320 ms
8365.7	deny	FetchSite	POST /<token>/act	host=127.0.0.1:50664	origin=http://attacker.example:50665	site=cross-site
9219.6	peer	pid=69920	same user	1.341 ms
9219.7	deny	FetchSite	GET /<token>/events	host=127.0.0.1:50664	origin=http://attacker.example:50665	site=cross-site
9231.1	peer	pid=26364	same user	1.147 ms
9231.1	admit	GET state	origin=	site=	dest=
9400.3	peer	pid=69920	same user	1.238 ms
9400.4	admit	GET 	origin=	site=none	dest=document
9433.3	peer	pid=69920	same user	1.184 ms
9433.4	admit	GET app.css	origin=	site=same-origin	dest=style
9436.5	peer	pid=69920	same user	1.260 ms
9436.6	admit	GET app.js	origin=	site=same-origin	dest=script
9440.5	peer	pid=69920	same user	1.326 ms
9440.6	admit	GET events	origin=	site=same-origin	dest=empty
9440.6	+page	n=2
39905.4	-page	n=1
39919.9	-page	n=0
