2026-10-04T13:50:26Z batch before: waiting for the suite lock
2026-10-04T13:50:26Z lock taken
2026-10-04T13:50:26Z registry before: exit 0
2026-10-04T13:50:26Z BEGIN desk-probe: "C:\Program Files\PowerShell\7\pwsh.exe" -NoProfile -File "C:\Source\SixFive7\BrowserAI\.work\wt\behave\.work\rig\desk-probe.ps1" -Out "C:\Source\SixFive7\BrowserAI\.work\wt\behave\.work\runs\before\desk-probe\probe.txt"
2026-10-04T13:50:32Z END desk-probe: launcher exit 0
2026-10-04T13:50:32Z BEGIN raw-ua-arms: C:\Source\SixFive7\BrowserAI\.work\wt\behave\payload\node\node.exe C:\Source\SixFive7\BrowserAI\.work\wt\behave\.work\rig\raw.mjs payload=C:\Source\SixFive7\BrowserAI\.work\wt\behave\payload out=C:\Source\SixFive7\BrowserAI\.work\wt\behave\.work\runs\before\raw-ua-arms\rig
2026-10-04T13:50:48Z END raw-ua-arms: launcher exit 0
2026-10-04T13:50:48Z BEGIN ua-chromium-headless-r1: C:\Source\SixFive7\BrowserAI\.work\wt\behave\payload\node\node.exe C:\Source\SixFive7\BrowserAI\.work\wt\behave\.work\rig\behave.mjs server=C:\Source\SixFive7\BrowserAI\.work\wt\behave\.work\bin-baseline\BrowserAI.Server.exe browser=chromium scenario=ua headed=false run=r1 out=C:\Source\SixFive7\BrowserAI\.work\wt\behave\.work\runs\before\ua-chromium-headless-r1\rig sessions=C:\Source\SixFive7\BrowserAI\.work\wt\behave\.work\sessions
2026-10-04T13:50:56Z END ua-chromium-headless-r1: launcher exit 0
2026-10-04T13:50:56Z BEGIN ua-chromium-headless-r2: C:\Source\SixFive7\BrowserAI\.work\wt\behave\payload\node\node.exe C:\Source\SixFive7\BrowserAI\.work\wt\behave\.work\rig\behave.mjs server=C:\Source\SixFive7\BrowserAI\.work\wt\behave\.work\bin-baseline\BrowserAI.Server.exe browser=chromium scenario=ua headed=false run=r2 out=C:\Source\SixFive7\BrowserAI\.work\wt\behave\.work\runs\before\ua-chromium-headless-r2\rig sessions=C:\Source\SixFive7\BrowserAI\.work\wt\behave\.work\sessions
2026-10-04T13:51:03Z END ua-chromium-headless-r2: launcher exit 0
2026-10-04T13:51:03Z BEGIN ua-chromium-headed-r1: C:\Source\SixFive7\BrowserAI\.work\wt\behave\payload\node\node.exe C:\Source\SixFive7\BrowserAI\.work\wt\behave\.work\rig\behave.mjs server=C:\Source\SixFive7\BrowserAI\.work\wt\behave\.work\bin-baseline\BrowserAI.Server.exe browser=chromium scenario=ua headed=true run=r1 out=C:\Source\SixFive7\BrowserAI\.work\wt\behave\.work\runs\before\ua-chromium-headed-r1\rig sessions=C:\Source\SixFive7\BrowserAI\.work\wt\behave\.work\sessions
2026-10-04T13:51:10Z END ua-chromium-headed-r1: launcher exit 0
2026-10-04T13:51:10Z BEGIN ua-chromium-headed-r2: C:\Source\SixFive7\BrowserAI\.work\wt\behave\payload\node\node.exe C:\Source\SixFive7\BrowserAI\.work\wt\behave\.work\rig\behave.mjs server=C:\Source\SixFive7\BrowserAI\.work\wt\behave\.work\bin-baseline\BrowserAI.Server.exe browser=chromium scenario=ua headed=true run=r2 out=C:\Source\SixFive7\BrowserAI\.work\wt\behave\.work\runs\before\ua-chromium-headed-r2\rig sessions=C:\Source\SixFive7\BrowserAI\.work\wt\behave\.work\sessions
2026-10-04T13:51:17Z END ua-chromium-headed-r2: launcher exit 0
2026-10-04T13:51:17Z BEGIN ua-firefox-headless-r1: C:\Source\SixFive7\BrowserAI\.work\wt\behave\payload\node\node.exe C:\Source\SixFive7\BrowserAI\.work\wt\behave\.work\rig\behave.mjs server=C:\Source\SixFive7\BrowserAI\.work\wt\behave\.work\bin-baseline\BrowserAI.Server.exe browser=firefox scenario=ua headed=false run=r1 out=C:\Source\SixFive7\BrowserAI\.work\wt\behave\.work\runs\before\ua-firefox-headless-r1\rig sessions=C:\Source\SixFive7\BrowserAI\.work\wt\behave\.work\sessions
2026-10-04T13:51:26Z END ua-firefox-headless-r1: launcher exit 0
2026-10-04T13:51:26Z BEGIN ua-firefox-headed-r1: C:\Source\SixFive7\BrowserAI\.work\wt\behave\payload\node\node.exe C:\Source\SixFive7\BrowserAI\.work\wt\behave\.work\rig\behave.mjs server=C:\Source\SixFive7\BrowserAI\.work\wt\behave\.work\bin-baseline\BrowserAI.Server.exe browser=firefox scenario=ua headed=true run=r1 out=C:\Source\SixFive7\BrowserAI\.work\wt\behave\.work\runs\before\ua-firefox-headed-r1\rig sessions=C:\Source\SixFive7\BrowserAI\.work\wt\behave\.work\sessions
2026-10-04T13:51:45Z END ua-firefox-headed-r1: launcher exit 0
2026-10-04T13:51:45Z BEGIN tall-chromium-headless-r1: C:\Source\SixFive7\BrowserAI\.work\wt\behave\payload\node\node.exe C:\Source\SixFive7\BrowserAI\.work\wt\behave\.work\rig\behave.mjs server=C:\Source\SixFive7\BrowserAI\.work\wt\behave\.work\bin-baseline\BrowserAI.Server.exe browser=chromium scenario=tall headed=false run=r1 heights=16383,16384,16385,16400,20000 element=20000 wide=20000 out=C:\Source\SixFive7\BrowserAI\.work\wt\behave\.work\runs\before\tall-chromium-headless-r1\rig sessions=C:\Source\SixFive7\BrowserAI\.work\wt\behave\.work\sessions
2026-10-04T13:52:02Z END tall-chromium-headless-r1: launcher exit 0
2026-10-04T13:52:02Z BEGIN tall-chromium-headless-r2: C:\Source\SixFive7\BrowserAI\.work\wt\behave\payload\node\node.exe C:\Source\SixFive7\BrowserAI\.work\wt\behave\.work\rig\behave.mjs server=C:\Source\SixFive7\BrowserAI\.work\wt\behave\.work\bin-baseline\BrowserAI.Server.exe browser=chromium scenario=tall headed=false run=r2 heights=16384,16385,20000 out=C:\Source\SixFive7\BrowserAI\.work\wt\behave\.work\runs\before\tall-chromium-headless-r2\rig sessions=C:\Source\SixFive7\BrowserAI\.work\wt\behave\.work\sessions
2026-10-04T13:52:13Z END tall-chromium-headless-r2: launcher exit 0
2026-10-04T13:52:13Z BEGIN tall-chromium-headed-r1: C:\Source\SixFive7\BrowserAI\.work\wt\behave\payload\node\node.exe C:\Source\SixFive7\BrowserAI\.work\wt\behave\.work\rig\behave.mjs server=C:\Source\SixFive7\BrowserAI\.work\wt\behave\.work\bin-baseline\BrowserAI.Server.exe browser=chromium scenario=tall headed=true run=r1 heights=16384,16385,20000 out=C:\Source\SixFive7\BrowserAI\.work\wt\behave\.work\runs\before\tall-chromium-headed-r1\rig sessions=C:\Source\SixFive7\BrowserAI\.work\wt\behave\.work\sessions
2026-10-04T13:52:24Z END tall-chromium-headed-r1: launcher exit 0
2026-10-04T13:52:24Z BEGIN windowclose-chromium-r1: C:\Source\SixFive7\BrowserAI\.work\wt\behave\payload\node\node.exe C:\Source\SixFive7\BrowserAI\.work\wt\behave\.work\rig\behave.mjs server=C:\Source\SixFive7\BrowserAI\.work\wt\behave\.work\bin-baseline\BrowserAI.Server.exe browser=chromium scenario=windowclose headed=true run=r1 out=C:\Source\SixFive7\BrowserAI\.work\wt\behave\.work\runs\before\windowclose-chromium-r1\rig sessions=C:\Source\SixFive7\BrowserAI\.work\wt\behave\.work\sessions
2026-10-04T13:52:37Z END windowclose-chromium-r1: launcher exit 0
2026-10-04T13:52:37Z BEGIN windowclose-chromium-r2: C:\Source\SixFive7\BrowserAI\.work\wt\behave\payload\node\node.exe C:\Source\SixFive7\BrowserAI\.work\wt\behave\.work\rig\behave.mjs server=C:\Source\SixFive7\BrowserAI\.work\wt\behave\.work\bin-baseline\BrowserAI.Server.exe browser=chromium scenario=windowclose headed=true run=r2 out=C:\Source\SixFive7\BrowserAI\.work\wt\behave\.work\runs\before\windowclose-chromium-r2\rig sessions=C:\Source\SixFive7\BrowserAI\.work\wt\behave\.work\sessions
2026-10-04T13:52:50Z END windowclose-chromium-r2: launcher exit 0
2026-10-04T13:52:50Z BEGIN windowclose-firefox-r1: C:\Source\SixFive7\BrowserAI\.work\wt\behave\payload\node\node.exe C:\Source\SixFive7\BrowserAI\.work\wt\behave\.work\rig\behave.mjs server=C:\Source\SixFive7\BrowserAI\.work\wt\behave\.work\bin-baseline\BrowserAI.Server.exe browser=firefox scenario=windowclose headed=true run=r1 out=C:\Source\SixFive7\BrowserAI\.work\wt\behave\.work\runs\before\windowclose-firefox-r1\rig sessions=C:\Source\SixFive7\BrowserAI\.work\wt\behave\.work\sessions
2026-10-04T13:53:08Z END windowclose-firefox-r1: launcher exit 0
2026-10-04T13:53:08Z BEGIN windowclose-firefox-r2: C:\Source\SixFive7\BrowserAI\.work\wt\behave\payload\node\node.exe C:\Source\SixFive7\BrowserAI\.work\wt\behave\.work\rig\behave.mjs server=C:\Source\SixFive7\BrowserAI\.work\wt\behave\.work\bin-baseline\BrowserAI.Server.exe browser=firefox scenario=windowclose headed=true run=r2 out=C:\Source\SixFive7\BrowserAI\.work\wt\behave\.work\runs\before\windowclose-firefox-r2\rig sessions=C:\Source\SixFive7\BrowserAI\.work\wt\behave\.work\sessions
2026-10-04T13:53:34Z END windowclose-firefox-r2: launcher exit 0
2026-10-04T13:53:34Z BEGIN kill-chromium-headless-r1: C:\Source\SixFive7\BrowserAI\.work\wt\behave\payload\node\node.exe C:\Source\SixFive7\BrowserAI\.work\wt\behave\.work\rig\behave.mjs server=C:\Source\SixFive7\BrowserAI\.work\wt\behave\.work\bin-baseline\BrowserAI.Server.exe browser=chromium scenario=kill headed=false run=r1 out=C:\Source\SixFive7\BrowserAI\.work\wt\behave\.work\runs\before\kill-chromium-headless-r1\rig sessions=C:\Source\SixFive7\BrowserAI\.work\wt\behave\.work\sessions
2026-10-04T13:53:48Z END kill-chromium-headless-r1: launcher exit 0
2026-10-04T13:53:48Z BEGIN kill-firefox-headless-r1: C:\Source\SixFive7\BrowserAI\.work\wt\behave\payload\node\node.exe C:\Source\SixFive7\BrowserAI\.work\wt\behave\.work\rig\behave.mjs server=C:\Source\SixFive7\BrowserAI\.work\wt\behave\.work\bin-baseline\BrowserAI.Server.exe browser=firefox scenario=kill headed=false run=r1 out=C:\Source\SixFive7\BrowserAI\.work\wt\behave\.work\runs\before\kill-firefox-headless-r1\rig sessions=C:\Source\SixFive7\BrowserAI\.work\wt\behave\.work\sessions
2026-10-04T13:54:03Z END kill-firefox-headless-r1: launcher exit 0
2026-10-04T13:54:03Z BEGIN lasttab-chromium-headless-r1: C:\Source\SixFive7\BrowserAI\.work\wt\behave\payload\node\node.exe C:\Source\SixFive7\BrowserAI\.work\wt\behave\.work\rig\behave.mjs server=C:\Source\SixFive7\BrowserAI\.work\wt\behave\.work\bin-baseline\BrowserAI.Server.exe browser=chromium scenario=lasttab headed=false run=r1 out=C:\Source\SixFive7\BrowserAI\.work\wt\behave\.work\runs\before\lasttab-chromium-headless-r1\rig sessions=C:\Source\SixFive7\BrowserAI\.work\wt\behave\.work\sessions
2026-10-04T13:54:30Z END lasttab-chromium-headless-r1: launcher exit 0
2026-10-04T13:54:30Z BEGIN lasttab-firefox-headless-r1: C:\Source\SixFive7\BrowserAI\.work\wt\behave\payload\node\node.exe C:\Source\SixFive7\BrowserAI\.work\wt\behave\.work\rig\behave.mjs server=C:\Source\SixFive7\BrowserAI\.work\wt\behave\.work\bin-baseline\BrowserAI.Server.exe browser=firefox scenario=lasttab headed=false run=r1 out=C:\Source\SixFive7\BrowserAI\.work\wt\behave\.work\runs\before\lasttab-firefox-headless-r1\rig sessions=C:\Source\SixFive7\BrowserAI\.work\wt\behave\.work\sessions
2026-10-04T13:54:40Z END lasttab-firefox-headless-r1: launcher exit 0
2026-10-04T13:54:40Z BEGIN ownclose-chromium-headless-r1: C:\Source\SixFive7\BrowserAI\.work\wt\behave\payload\node\node.exe C:\Source\SixFive7\BrowserAI\.work\wt\behave\.work\rig\behave.mjs server=C:\Source\SixFive7\BrowserAI\.work\wt\behave\.work\bin-baseline\BrowserAI.Server.exe browser=chromium scenario=ownclose headed=false run=r1 out=C:\Source\SixFive7\BrowserAI\.work\wt\behave\.work\runs\before\ownclose-chromium-headless-r1\rig sessions=C:\Source\SixFive7\BrowserAI\.work\wt\behave\.work\sessions
2026-10-04T13:54:46Z END ownclose-chromium-headless-r1: launcher exit 0
2026-10-04T13:54:46Z BEGIN ownclose-firefox-headless-r1: C:\Source\SixFive7\BrowserAI\.work\wt\behave\payload\node\node.exe C:\Source\SixFive7\BrowserAI\.work\wt\behave\.work\rig\behave.mjs server=C:\Source\SixFive7\BrowserAI\.work\wt\behave\.work\bin-baseline\BrowserAI.Server.exe browser=firefox scenario=ownclose headed=false run=r1 out=C:\Source\SixFive7\BrowserAI\.work\wt\behave\.work\runs\before\ownclose-firefox-headless-r1\rig sessions=C:\Source\SixFive7\BrowserAI\.work\wt\behave\.work\sessions
2026-10-04T13:54:54Z END ownclose-firefox-headless-r1: launcher exit 0
2026-10-04T13:54:54Z registry after: exit 0
2026-10-04T13:54:54Z lock released
