server: {"listening":47811,"pid":34444}
[1/24] cr-core-aggr-job-D2-r2 2s actualD= procs= alive= no survival err=writer launch: LAUNCH-FAILED {"ms":9,"error":"browserType.launchPersistentContext: Arguments can not specify page to be opened"}  @ 349 (0,5s)
[2/24] cr-core-aggr-job-D1-r2 1s actualD= procs= alive= no survival err=writer launch: LAUNCH-FAILED {"ms":8,"error":"browserType.launchPersistentContext: Arguments can not specify page to be opened"}  @ 349 (0,4s)
[3/24] cr-core-aggr-job-D3-r3 3s actualD= procs= alive= no survival err=writer launch: LAUNCH-FAILED {"ms":10,"error":"browserType.launchPersistentContext: Arguments can not specify page to be opened"}  @ 349 (0,4s)
[4/24] cr-core-aggr-job-D1.5-r3 1,5s actualD= procs= alive= no survival err=writer launch: LAUNCH-FAILED {"ms":9,"error":"browserType.launchPersistentContext: Arguments can not specify page to be opened"}  @ 349 (0,4s)
[5/24] cr-core-aggr-job-second10-D3-r2 3s actualD= procs= alive= no survival err=writer launch: LAUNCH-FAILED {"ms":11,"error":"browserType.launchPersistentContext: Arguments can not specify page to be opened"}  @ 349 (0,4s)
[6/24] cr-core-aggr-job-D1-r3 1s actualD= procs= alive= no survival err=writer launch: LAUNCH-FAILED {"ms":10,"error":"browserType.launchPersistentContext: Arguments can not specify page to be opened"}  @ 349 (0,5s)
[7/24] cr-core-aggr-job-D1-r1 1s actualD= procs= alive= no survival err=writer launch: LAUNCH-FAILED {"ms":11,"error":"browserType.launchPersistentContext: Arguments can not specify page to be opened"}  @ 349 (0,4s)
[8/24] cr-core-aggr-job-D1.5-r2 1,5s actualD= procs= alive= no survival err=writer launch: LAUNCH-FAILED {"ms":10,"error":"browserType.launchPersistentContext: Arguments can not specify page to be opened"}  @ 349 (0,4s)
[9/24] cr-core-aggr-job-second10-D1-r1 1s actualD= procs= alive= no survival err=writer launch: LAUNCH-FAILED {"ms":10,"error":"browserType.launchPersistentContext: Arguments can not specify page to be opened"}  @ 349 (0,4s)
[10/24] cr-core-aggr-job-D0-r3 0s actualD= procs= alive= no survival err=writer launch: LAUNCH-FAILED {"ms":9,"error":"browserType.launchPersistentContext: Arguments can not specify page to be opened"}  @ 349 (0,4s)
[11/24] cr-core-aggr-job-second10-D1-r2 1s actualD= procs= alive= no survival err=writer launch: LAUNCH-FAILED {"ms":9,"error":"browserType.launchPersistentContext: Arguments can not specify page to be opened"}  @ 349 (0,4s)
[12/24] cr-core-aggr-job-D1.5-r1 1,5s actualD= procs= alive= no survival err=writer launch: LAUNCH-FAILED {"ms":11,"error":"browserType.launchPersistentContext: Arguments can not specify page to be opened"}  @ 349 (0,4s)
[13/24] cr-core-aggr-job-second10-D2-r1 2s actualD= procs= alive= no survival err=writer launch: LAUNCH-FAILED {"ms":9,"error":"browserType.launchPersistentContext: Arguments can not specify page to be opened"}  @ 349 (0,4s)
[14/24] cr-core-aggr-job-D3-r2 3s actualD= procs= alive= no survival err=writer launch: LAUNCH-FAILED {"ms":11,"error":"browserType.launchPersistentContext: Arguments can not specify page to be opened"}  @ 349 (0,4s)
[15/24] cr-core-aggr-job-D0.5-r3 0,5s actualD= procs= alive= no survival err=writer launch: LAUNCH-FAILED {"ms":9,"error":"browserType.launchPersistentContext: Arguments can not specify page to be opened"}  @ 349 (0,4s)
[16/24] cr-core-aggr-job-D2-r1 2s actualD= procs= alive= no survival err=writer launch: LAUNCH-FAILED {"ms":9,"error":"browserType.launchPersistentContext: Arguments can not specify page to be opened"}  @ 349 (0,4s)
[17/24] cr-core-aggr-job-second10-D3-r1 3s actualD= procs= alive= no survival err=writer launch: LAUNCH-FAILED {"ms":10,"error":"browserType.launchPersistentContext: Arguments can not specify page to be opened"}  @ 349 (0,4s)
[18/24] cr-core-aggr-job-second10-D2-r2 2s actualD= procs= alive= no survival err=writer launch: LAUNCH-FAILED {"ms":12,"error":"browserType.launchPersistentContext: Arguments can not specify page to be opened"}  @ 349 (0,5s)
[19/24] cr-core-aggr-job-D0.5-r2 0,5s actualD= procs= alive= no survival err=writer launch: LAUNCH-FAILED {"ms":14,"error":"browserType.launchPersistentContext: Arguments can not specify page to be opened"}  @ 349 (0,4s)
[20/24] cr-core-aggr-job-D3-r1 3s actualD= procs= alive= no survival err=writer launch: LAUNCH-FAILED {"ms":12,"error":"browserType.launchPersistentContext: Arguments can not specify page to be opened"}  @ 349 (0,5s)
[21/24] cr-core-aggr-job-D0.5-r1 0,5s actualD= procs= alive= no survival err=writer launch: LAUNCH-FAILED {"ms":13,"error":"browserType.launchPersistentContext: Arguments can not specify page to be opened"}  @ 349 (0,4s)
[22/24] cr-core-aggr-job-D2-r3 2s actualD= procs= alive= no survival err=writer launch: LAUNCH-FAILED {"ms":9,"error":"browserType.launchPersistentContext: Arguments can not specify page to be opened"}  @ 349 (0,5s)
[23/24] cr-core-aggr-job-D0-r1 0s actualD= procs= alive= no survival err=writer launch: LAUNCH-FAILED {"ms":10,"error":"browserType.launchPersistentContext: Arguments can not specify page to be opened"}  @ 349 (0,5s)
[24/24] cr-core-aggr-job-D0-r2 0s actualD= procs= alive= no survival err=writer launch: LAUNCH-FAILED {"ms":9,"error":"browserType.launchPersistentContext: Arguments can not specify page to be opened"}  @ 349 (0,4s)
server exited: True
