server: {"listening":47811,"pid":29344}
[1/51] cr-core-taskkill-D2-r1 2s actualD= procs=11 alive= no survival err=taskkill tree holds 1 pid(s) not in our job (68360): refusing to taskkill @ 371 (3,3s)
[2/51] cr-core-taskkill-D10-r1 10s actualD= procs=10 alive= no survival err=taskkill tree holds 1 pid(s) not in our job (51376): refusing to taskkill @ 371 (11,1s)
[3/51] cr-core-job-D5-r1 5s actualD=5,005 procs=9 alive=0 cookieHttpOnly=False cookieJs=False ls=40 idb=True ss=False err= (7,6s)
[4/51] cr-core-job-D0-r1 0s actualD=0,126 procs=9 alive=0 cookieHttpOnly=False cookieJs=False ls=0 idb=True ss=False err= (3,6s)
[5/51] cr-core-taskkill-D30-r1 30s actualD= procs=10 alive= no survival err=taskkill tree holds 1 pid(s) not in our job (52088): refusing to taskkill @ 371 (31,6s)
[6/51] cr-core-job-D10-r1 10s actualD=10,023 procs=10 alive=0 cookieHttpOnly=False cookieJs=False ls=40 idb=True ss=False err= (12,3s)
[7/51] cr-core-job-D60-r1 60s actualD=60,004 procs=9 alive=0 cookieHttpOnly=True cookieJs=True ls=40 idb=True ss=False err= (62,3s)
[8/51] cr-core-taskkill-D1-r1 1s actualD= procs=9 alive= no survival err=taskkill tree holds 1 pid(s) not in our job (60676): refusing to taskkill @ 371 (2s)
[9/51] cr-core-job-D20-r1 20s actualD=20,006 procs=10 alive=0 cookieHttpOnly=False cookieJs=False ls=40 idb=True ss=False err= (22,2s)
[10/51] cr-core-taskkill-D5-r1 5s actualD= procs=10 alive= no survival err=taskkill tree holds 1 pid(s) not in our job (75588): refusing to taskkill @ 371 (6,1s)
[11/51] cr-core-job-D2-r1 2s actualD=2,017 procs=11 alive=0 cookieHttpOnly=False cookieJs=False ls=0 idb=True ss=False err= (4,3s)
[12/51] cr-core-taskkill-D60-r1 60s actualD= procs=9 alive= no survival err=taskkill tree holds 1 pid(s) not in our job (67988): refusing to taskkill @ 371 (61s)
[13/51] cr-core-taskkill-D0-r1 0s actualD= procs=9 alive= no survival err=taskkill tree holds 1 pid(s) not in our job (75008): refusing to taskkill @ 371 (1,1s)
[14/51] cr-core-clean-D0-r1 0s actualD=0,014 procs=9 alive=0 cookieHttpOnly=True cookieJs=True ls=40 idb=True ss=False err= (2,1s)
[15/51] cr-core-taskkill-D20-r1 20s actualD= procs=10 alive= no survival err=taskkill tree holds 1 pid(s) not in our job (9392): refusing to taskkill @ 371 (21,2s)
[16/51] cr-core-job-D30-r1 30s actualD=30,017 procs=10 alive=0 cookieHttpOnly=True cookieJs=True ls=40 idb=True ss=False err= (33s)
[17/51] cr-core-job-D1-r1 1s actualD=1,013 procs=10 alive=0 cookieHttpOnly=False cookieJs=False ls=0 idb=True ss=False err= (3,7s)
[18/51] cr-core-taskkill-D30-r2 30s actualD= procs=9 alive= no survival err=taskkill tree holds 1 pid(s) not in our job (13700): refusing to taskkill @ 371 (31,3s)
[19/51] cr-core-job-D30-r2 30s actualD=30,01 procs=10 alive=0 cookieHttpOnly=True cookieJs=True ls=40 idb=True ss=False err= (33,6s)
[20/51] cr-core-job-D20-r2 20s actualD=20,025 procs=10 alive=0 cookieHttpOnly=False cookieJs=False ls=40 idb=True ss=False err= (23,5s)
[21/51] cr-core-job-D5-r2 5s actualD=5,018 procs=9 alive=0 cookieHttpOnly=False cookieJs=False ls=40 idb=True ss=False err= (8s)
[22/51] cr-core-job-D60-r2 60s actualD=60,007 procs=10 alive=0 cookieHttpOnly=True cookieJs=True ls=40 idb=True ss=False err= (62,8s)
[23/51] cr-core-taskkill-D0-r2 0s actualD= procs=10 alive= no survival err=taskkill tree holds 1 pid(s) not in our job (56308): refusing to taskkill @ 371 (2s)
[24/51] cr-core-job-D10-r2 10s actualD=10,006 procs=9 alive=0 cookieHttpOnly=False cookieJs=False ls=40 idb=True ss=False err= (12,8s)
[25/51] cr-core-job-D2-r2 2s actualD=2,042 procs=10 alive=0 cookieHttpOnly=False cookieJs=False ls=0 idb=True ss=False err= (5,1s)
[26/51] cr-core-taskkill-D20-r2 20s actualD= procs=9 alive= no survival err=taskkill tree holds 1 pid(s) not in our job (45888): refusing to taskkill @ 371 (21,3s)
[27/51] cr-core-taskkill-D60-r2 60s actualD= procs=9 alive= no survival err=taskkill tree holds 1 pid(s) not in our job (62728): refusing to taskkill @ 371 (61,4s)
[28/51] cr-core-taskkill-D1-r2 1s actualD= procs=10 alive= no survival err=taskkill tree holds 1 pid(s) not in our job (25720): refusing to taskkill @ 371 (3,2s)
[29/51] cr-core-taskkill-D2-r2 2s actualD= procs=10 alive= no survival err=taskkill tree holds 1 pid(s) not in our job (77440): refusing to taskkill @ 371 (3,9s)
[30/51] cr-core-job-D1-r2 1s actualD=1,006 procs=10 alive=0 cookieHttpOnly=False cookieJs=False ls=0 idb=True ss=False err= (4,4s)
[31/51] cr-core-clean-D0-r2 0s actualD=0,137 procs=10 alive=0 cookieHttpOnly=True cookieJs=True ls=40 idb=True ss=False err= (4,2s)
[32/51] cr-core-taskkill-D10-r2 10s actualD= procs=9 alive= no survival err=taskkill tree holds 1 pid(s) not in our job (74116): refusing to taskkill @ 371 (11,6s)
[33/51] cr-core-taskkill-D5-r2 5s actualD= procs=10 alive= no survival err=taskkill tree holds 1 pid(s) not in our job (32872): refusing to taskkill @ 371 (7,1s)
[34/51] cr-core-job-D0-r2 0s actualD=0,203 procs=9 alive=0 cookieHttpOnly=False cookieJs=False ls=0 idb=True ss=False err= (4,6s)
[35/51] cr-core-job-D1-r3 1s actualD=1,01 procs=9 alive=0 cookieHttpOnly=False cookieJs=False ls=0 idb=True ss=False err= (4,8s)
[36/51] cr-core-taskkill-D0-r3 0s actualD= procs=9 alive= no survival err=taskkill tree holds 1 pid(s) not in our job (73184): refusing to taskkill @ 371 (2,2s)
[37/51] cr-core-job-D0-r3 0s actualD=0,108 procs=9 alive=0 cookieHttpOnly=False cookieJs=False ls=0 idb=True ss=False err= (4s)
[38/51] cr-core-job-D30-r3 30s actualD=30,013 procs=9 alive=0 cookieHttpOnly=True cookieJs=True ls=40 idb=True ss=False err= (33,5s)
[39/51] cr-core-taskkill-D2-r3 2s actualD= procs=10 alive= no survival err=taskkill tree holds 3 pid(s) not in our job (62568,67464,16924): refusing to taskkill @ 371 (3,6s)
[40/51] cr-core-taskkill-D5-r3 5s actualD= procs=10 alive= no survival err=taskkill tree holds 1 pid(s) not in our job (69840): refusing to taskkill @ 371 (6,5s)
[41/51] cr-core-taskkill-D60-r3 60s actualD= procs=9 alive= no survival err=taskkill tree holds 1 pid(s) not in our job (25932): refusing to taskkill @ 371 (61,5s)
[42/51] cr-core-job-D60-r3 60s actualD=60,006 procs=9 alive=0 cookieHttpOnly=True cookieJs=True ls=40 idb=True ss=False err= (63,2s)
[43/51] cr-core-clean-D0-r3 0s actualD=0,095 procs=9 alive=0 cookieHttpOnly=True cookieJs=True ls=40 idb=True ss=False err= (3,4s)
[44/51] cr-core-taskkill-D20-r3 20s actualD= procs=10 alive= no survival err=taskkill tree holds 1 pid(s) not in our job (19196): refusing to taskkill @ 371 (21,7s)
[45/51] cr-core-job-D10-r3 10s actualD=10,016 procs=10 alive=0 cookieHttpOnly=False cookieJs=False ls=40 idb=True ss=False err= (14,3s)
[46/51] cr-core-job-D5-r3 5s actualD=5,009 procs=9 alive=0 cookieHttpOnly=False cookieJs=False ls=40 idb=True ss=False err= (8,5s)
[47/51] cr-core-taskkill-D10-r3 10s actualD= procs=9 alive= no survival err=taskkill tree holds 1 pid(s) not in our job (30532): refusing to taskkill @ 371 (12,2s)
[48/51] cr-core-job-D20-r3 20s actualD=20,019 procs=9 alive=0 cookieHttpOnly=False cookieJs=False ls=40 idb=True ss=False err= (23s)
[49/51] cr-core-job-D2-r3 2s actualD=2,024 procs=10 alive=0 cookieHttpOnly=False cookieJs=False ls=0 idb=True ss=False err= (6,5s)
[50/51] cr-core-taskkill-D30-r3 30s actualD= procs=10 alive= no survival err=taskkill tree holds 1 pid(s) not in our job (7560): refusing to taskkill @ 371 (32,4s)
[51/51] cr-core-taskkill-D1-r3 1s actualD= procs=9 alive= no survival err=taskkill tree holds 1 pid(s) not in our job (63244): refusing to taskkill @ 371 (2,8s)
server exited: True
server: {"listening":47811,"pid":81560}
[1/51] cr-core-taskkill-D2-r1 2s actualD=2,146 procs=12 alive=0 cookieHttpOnly=False cookieJs=False ls=0 idb=True ss=False err= (7,6s)
[2/51] cr-core-taskkill-D10-r1 10s actualD=10,108 procs=11 alive=0 cookieHttpOnly=False cookieJs=False ls=40 idb=True ss=False err= (14,8s)
skip cr-core-job-D5-r1
skip cr-core-job-D0-r1
[5/51] cr-core-taskkill-D30-r1 30s actualD=30,086 procs=10 alive=0 cookieHttpOnly=True cookieJs=True ls=40 idb=True ss=False err= (35s)
skip cr-core-job-D10-r1
skip cr-core-job-D60-r1
[8/51] cr-core-taskkill-D1-r1 1s actualD=1,057 procs=11 alive=0 cookieHttpOnly=False cookieJs=False ls=0 idb=True ss=False err= (6,3s)
skip cr-core-job-D20-r1
[10/51] cr-core-taskkill-D5-r1 5s actualD=5,077 procs=10 alive=0 cookieHttpOnly=False cookieJs=False ls=40 idb=True ss=False err= (8,8s)
skip cr-core-job-D2-r1
[12/51] cr-core-taskkill-D60-r1 60s actualD=60,096 procs=11 alive=0 cookieHttpOnly=True cookieJs=True ls=40 idb=True ss=False err= (65,3s)
[13/51] cr-core-taskkill-D0-r1 0s actualD=0,271 procs=11 alive=0 cookieHttpOnly=False cookieJs=False ls=0 idb=True ss=False err= (5,3s)
skip cr-core-clean-D0-r1
[15/51] cr-core-taskkill-D20-r1 20s actualD=20,084 procs=10 alive=0 cookieHttpOnly=False cookieJs=False ls=40 idb=True ss=False err= (24s)
skip cr-core-job-D30-r1
skip cr-core-job-D1-r1
[18/51] cr-core-taskkill-D30-r2 30s actualD=30,097 procs=11 alive=0 cookieHttpOnly=True cookieJs=True ls=40 idb=True ss=False err= (35,2s)
skip cr-core-job-D30-r2
skip cr-core-job-D20-r2
skip cr-core-job-D5-r2
skip cr-core-job-D60-r2
[23/51] cr-core-taskkill-D0-r2 0s actualD=0,233 procs=11 alive=0 cookieHttpOnly=False cookieJs=False ls=0 idb=True ss=False err= (4,4s)
skip cr-core-job-D10-r2
skip cr-core-job-D2-r2
[26/51] cr-core-taskkill-D20-r2 20s actualD=20,089 procs=10 alive=0 cookieHttpOnly=False cookieJs=False ls=40 idb=True ss=False err= (25,4s)
[27/51] cr-core-taskkill-D60-r2 60s actualD=60,093 procs=11 alive=0 cookieHttpOnly=True cookieJs=True ls=40 idb=True ss=False err= (64,6s)
[28/51] cr-core-taskkill-D1-r2 1s actualD=1,083 procs=10 alive=0 cookieHttpOnly=False cookieJs=False ls=0 idb=True ss=False err= (7,4s)
[29/51] cr-core-taskkill-D2-r2 2s actualD=2,095 procs=11 alive=0 cookieHttpOnly=False cookieJs=False ls=0 idb=True ss=False err= (6,5s)
skip cr-core-job-D1-r2
skip cr-core-clean-D0-r2
[32/51] cr-core-taskkill-D10-r2 10s actualD=10,102 procs=10 alive=0 cookieHttpOnly=False cookieJs=False ls=40 idb=True ss=False err= (15,3s)
[33/51] cr-core-taskkill-D5-r2 5s actualD=5,065 procs=10 alive=0 cookieHttpOnly=False cookieJs=False ls=40 idb=True ss=False err= (9,9s)
skip cr-core-job-D0-r2
skip cr-core-job-D1-r3
[36/51] cr-core-taskkill-D0-r3 0s actualD=0,182 procs=10 alive=0 cookieHttpOnly=False cookieJs=False ls=0 idb=True ss=False err= (4,3s)
skip cr-core-job-D0-r3
skip cr-core-job-D30-r3
[39/51] cr-core-taskkill-D2-r3 2s actualD=2,114 procs=10 alive=0 cookieHttpOnly=False cookieJs=False ls=0 idb=True ss=False err= (7,3s)
[40/51] cr-core-taskkill-D5-r3 5s actualD=5,08 procs=11 alive=0 cookieHttpOnly=False cookieJs=False ls=40 idb=True ss=False err= (9,6s)
[41/51] cr-core-taskkill-D60-r3 60s actualD=60,073 procs=10 alive=0 cookieHttpOnly=True cookieJs=True ls=40 idb=True ss=False err= (64,2s)
skip cr-core-job-D60-r3
skip cr-core-clean-D0-r3
[44/51] cr-core-taskkill-D20-r3 20s actualD=20,079 procs=10 alive=0 cookieHttpOnly=False cookieJs=False ls=40 idb=True ss=False err= (24,2s)
skip cr-core-job-D10-r3
skip cr-core-job-D5-r3
[47/51] cr-core-taskkill-D10-r3 10s actualD=10,088 procs=10 alive=0 cookieHttpOnly=False cookieJs=False ls=40 idb=True ss=False err= (14,3s)
skip cr-core-job-D20-r3
skip cr-core-job-D2-r3
[50/51] cr-core-taskkill-D30-r3 30s actualD=30,085 procs=10 alive=0 cookieHttpOnly=True cookieJs=True ls=40 idb=True ss=False err= (35,6s)
[51/51] cr-core-taskkill-D1-r3 1s actualD=1,077 procs=10 alive=0 cookieHttpOnly=False cookieJs=False ls=0 idb=True ss=False err= (5,6s)
server exited: True
