server: {"listening":47811,"pid":78576}
[1/51] fx-core-taskkill-D1-r1 1s actualD=1,181 procs=9 alive=0 cookieHttpOnly=True cookieJs=True ls=0 idb=True ss=False err= (12s)
[2/51] fx-core-taskkill-D0-r1 0s actualD=0,076 procs=9 alive=0 cookieHttpOnly=True cookieJs=True ls=0 idb=True ss=False err= (9,3s)
[3/51] fx-core-job-D30-r1 30s actualD=30,004 procs=9 alive=0 cookieHttpOnly=True cookieJs=True ls=40 idb=True ss=False err= (38s)
[4/51] fx-core-job-D0-r1 0s actualD=0,02 procs=9 alive=0 cookieHttpOnly=True cookieJs=True ls=0 idb=True ss=False err= (8,9s)
[5/51] fx-core-taskkill-D2-r1 2s actualD=2,055 procs=9 alive=0 cookieHttpOnly=True cookieJs=True ls=0 idb=True ss=False err= (9,6s)
[6/51] fx-core-taskkill-D60-r1 60s actualD=60,062 procs=9 alive=0 cookieHttpOnly=True cookieJs=True ls=40 idb=True ss=False err= (67,3s)
[7/51] fx-core-job-D20-r1 20s actualD=20,014 procs=9 alive=0 cookieHttpOnly=True cookieJs=True ls=40 idb=True ss=False err= (31,6s)
[8/51] fx-core-job-D1-r1 1s actualD=1,001 procs=9 alive=0 cookieHttpOnly=True cookieJs=True ls=0 idb=True ss=False err= (11s)
[9/51] fx-core-taskkill-D5-r1 5s actualD=5,075 procs=9 alive=0 cookieHttpOnly=True cookieJs=True ls=40 idb=True ss=False err= (14,2s)
[10/51] fx-core-job-D60-r1 60s actualD=60,011 procs=9 alive=0 cookieHttpOnly=True cookieJs=True ls=40 idb=True ss=False err= (68,4s)
[11/51] fx-core-job-D10-r1 10s actualD=10,007 procs=9 alive=0 cookieHttpOnly=True cookieJs=True ls=40 idb=True ss=False err= (19,6s)
[12/51] fx-core-taskkill-D10-r1 10s actualD=10,091 procs=9 alive=0 cookieHttpOnly=True cookieJs=True ls=40 idb=True ss=False err= (20,2s)
[13/51] fx-core-job-D2-r1 2s actualD=2,014 procs=9 alive=0 cookieHttpOnly=True cookieJs=True ls=0 idb=True ss=False err= (12,9s)
[14/51] fx-core-job-D5-r1 5s actualD=5,006 procs=9 alive=0 cookieHttpOnly=True cookieJs=True ls=40 idb=True ss=False err= (15s)
[15/51] fx-core-taskkill-D30-r1 30s actualD=30,062 procs=9 alive=0 cookieHttpOnly=True cookieJs=True ls=40 idb=True ss=False err= (39,3s)
[16/51] fx-core-taskkill-D20-r1 20s actualD=20,062 procs=9 alive=0 cookieHttpOnly=True cookieJs=True ls=40 idb=True ss=False err= (28,7s)
[17/51] fx-core-clean-D0-r1 0s actualD=0,017 procs=9 alive=0 cookieHttpOnly=True cookieJs=True ls=40 idb=True ss=False err= (8,6s)
[18/51] fx-core-job-D20-r2 20s actualD=20,011 procs=9 alive=0 cookieHttpOnly=True cookieJs=True ls=40 idb=True ss=False err= (27,9s)
[19/51] fx-core-job-D60-r2 60s actualD=60,003 procs=9 alive=0 cookieHttpOnly=True cookieJs=True ls=40 idb=True ss=False err= (66,5s)
[20/51] fx-core-job-D5-r2 5s actualD=5,012 procs=9 alive=0 cookieHttpOnly=True cookieJs=True ls=0 idb=True ss=False err= (12s)
[21/51] fx-core-taskkill-D0-r2 0s actualD=0,095 procs=9 alive=0 cookieHttpOnly=True cookieJs=True ls=0 idb=True ss=False err= (8,2s)
[22/51] fx-core-job-D30-r2 30s actualD=30,014 procs=9 alive=0 cookieHttpOnly=True cookieJs=True ls=40 idb=True ss=False err= (36s)
[23/51] fx-core-taskkill-D30-r2 30s actualD=30,054 procs=9 alive=0 cookieHttpOnly=True cookieJs=True ls=40 idb=True ss=False err= (36,9s)
[24/51] fx-core-job-D2-r2 2s actualD=2,014 procs=9 alive=0 cookieHttpOnly=True cookieJs=True ls=0 idb=True ss=False err= (8,5s)
[25/51] fx-core-taskkill-D5-r2 5s actualD=5,304 procs=9 alive=0 cookieHttpOnly=True cookieJs=True ls=40 idb=True ss=False err= (12,2s)
[26/51] fx-core-clean-D0-r2 0s actualD=0,012 procs=9 alive=0 cookieHttpOnly=True cookieJs=True ls=40 idb=True ss=False err= (4,9s)
[27/51] fx-core-taskkill-D20-r2 20s actualD=20,048 procs=9 alive=0 cookieHttpOnly=True cookieJs=True ls=40 idb=True ss=False err= (27,4s)
[28/51] fx-core-job-D10-r2 10s actualD=10,009 procs=9 alive=0 cookieHttpOnly=True cookieJs=True ls=40 idb=True ss=False err= (17,2s)
[29/51] fx-core-job-D1-r2 1s actualD=1,011 procs=9 alive=0 cookieHttpOnly=True cookieJs=True ls=0 idb=True ss=False err= (8,2s)
[30/51] fx-core-taskkill-D1-r2 1s actualD=1,043 procs=9 alive=0 cookieHttpOnly=True cookieJs=True ls=0 idb=True ss=False err= (8,2s)
[31/51] fx-core-taskkill-D60-r2 60s actualD=60,048 procs=9 alive=0 cookieHttpOnly=True cookieJs=True ls=40 idb=True ss=False err= (66,3s)
[32/51] fx-core-taskkill-D10-r2 10s actualD=10,104 procs=9 alive=0 cookieHttpOnly=True cookieJs=True ls=40 idb=True ss=False err= (19,4s)
[33/51] fx-core-taskkill-D2-r2 2s actualD=2,062 procs=9 alive=0 cookieHttpOnly=True cookieJs=True ls=0 idb=True ss=False err= (11,7s)
[34/51] fx-core-job-D0-r2 0s actualD=0,015 procs=9 alive=0 cookieHttpOnly=True cookieJs=True ls=0 idb=True ss=False err= (7,6s)
[35/51] fx-core-job-D5-r3 5s actualD=5,017 procs=9 alive=0 cookieHttpOnly=True cookieJs=True ls=0 idb=True ss=False err= (12,8s)
[36/51] fx-core-job-D10-r3 10s actualD=10,014 procs=9 alive=0 cookieHttpOnly=True cookieJs=True ls=40 idb=True ss=False err= (18,4s)
[37/51] fx-core-taskkill-D60-r3 60s actualD=60,061 procs=9 alive=0 cookieHttpOnly=True cookieJs=True ls=40 idb=True ss=False err= (67,5s)
[38/51] fx-core-job-D20-r3 20s actualD=20,016 procs=9 alive=0 cookieHttpOnly=True cookieJs=True ls=40 idb=True ss=False err= (27,4s)
[39/51] fx-core-taskkill-D2-r3 2s actualD=2,064 procs=9 alive=0 cookieHttpOnly=True cookieJs=True ls=0 idb=True ss=False err= (10,4s)
[40/51] fx-core-job-D2-r3 2s actualD=2,008 procs=9 alive=0 cookieHttpOnly=True cookieJs=True ls=0 idb=True ss=False err= (9,2s)
[41/51] fx-core-job-D1-r3 1s actualD=1,009 procs=9 alive=0 cookieHttpOnly=True cookieJs=True ls=0 idb=True ss=False err= (8,9s)
[42/51] fx-core-taskkill-D0-r3 0s actualD=0,059 procs=9 alive=0 cookieHttpOnly=True cookieJs=True ls=0 idb=True ss=False err= (7,5s)
[43/51] fx-core-taskkill-D20-r3 20s actualD=20,05 procs=9 alive=0 cookieHttpOnly=True cookieJs=True ls=40 idb=True ss=False err= (27,6s)
[44/51] fx-core-job-D60-r3 60s actualD=60,011 procs=9 alive=0 cookieHttpOnly=True cookieJs=True ls=40 idb=True ss=False err= (66,1s)
[45/51] fx-core-taskkill-D1-r3 1s actualD=1,09 procs=9 alive=0 cookieHttpOnly=True cookieJs=True ls=0 idb=True ss=False err= (9,1s)
[46/51] fx-core-clean-D0-r3 0s actualD=0,017 procs=9 alive=0 cookieHttpOnly=True cookieJs=True ls=40 idb=True ss=False err= (7,1s)
[47/51] fx-core-taskkill-D5-r3 5s actualD=5,056 procs=9 alive=0 cookieHttpOnly=True cookieJs=True ls=40 idb=True ss=False err= (13,9s)
[48/51] fx-core-taskkill-D30-r3 30s actualD=30,065 procs=9 alive=0 cookieHttpOnly=True cookieJs=True ls=40 idb=True ss=False err= (37,6s)
[49/51] fx-core-job-D0-r3 0s actualD=0,154 procs=9 alive=0 cookieHttpOnly=True cookieJs=True ls=0 idb=True ss=False err= (8,9s)
[50/51] fx-core-taskkill-D10-r3 10s actualD=10,053 procs=9 alive=0 cookieHttpOnly=True cookieJs=True ls=40 idb=True ss=False err= (18,2s)
[51/51] fx-core-job-D30-r3 30s actualD=30,004 procs=9 alive=0 cookieHttpOnly=True cookieJs=True ls=40 idb=True ss=False err= (36,7s)
server exited: True
