server: {"listening":47811,"pid":44776}
[1/21] fx-core-job-D4.5-r1 4,5s actualD=4,563 procs=9 alive=0 cookieHttpOnly=True cookieJs=True ls=0 idb=True ss=False err= (14,6s)
[2/21] fx-core-job-D4.5-r2 4,5s actualD=4,514 procs=9 alive=0 cookieHttpOnly=True cookieJs=True ls=0 idb=True ss=False err= (15,4s)
[3/21] fx-core-job-D7-r1 7s actualD=7,02 procs=9 alive=0 cookieHttpOnly=True cookieJs=True ls=40 idb=True ss=False err= (15,1s)
[4/21] fx-core-job-D6-r3 6s actualD=6,005 procs=9 alive=0 cookieHttpOnly=True cookieJs=True ls=40 idb=True ss=False err= (13,8s)
[5/21] fx-core-job-D4-r1 4s actualD=4,014 procs=9 alive=0 cookieHttpOnly=True cookieJs=True ls=0 idb=True ss=False err= (11,7s)
[6/21] fx-core-job-D5-r3 5s actualD=5,017 procs=9 alive=0 cookieHttpOnly=True cookieJs=True ls=0 idb=True ss=False err= (13s)
[7/21] fx-core-job-D7-r2 7s actualD=7,011 procs=9 alive=0 cookieHttpOnly=True cookieJs=True ls=40 idb=True ss=False err= (14,3s)
[8/21] fx-core-job-D3-r3 3s actualD=3,004 procs=9 alive=0 cookieHttpOnly=True cookieJs=True ls=0 idb=True ss=False err= (10,6s)
[9/21] fx-core-job-D5-r1 5s actualD=5,005 procs=9 alive=0 cookieHttpOnly=True cookieJs=True ls=0 idb=True ss=False err= (12,4s)
[10/21] fx-core-job-D7-r3 7s actualD=7,015 procs=9 alive=0 cookieHttpOnly=True cookieJs=True ls=40 idb=True ss=False err= (15,8s)
[11/21] fx-core-job-D5-r2 5s actualD=5,014 procs=9 alive=0 cookieHttpOnly=True cookieJs=True ls=40 idb=True ss=False err= (16s)
[12/21] fx-core-job-D5.5-r3 5,5s actualD=5,509 procs=9 alive=0 cookieHttpOnly=True cookieJs=True ls=40 idb=True ss=False err= (16,6s)
[13/21] fx-core-job-D3-r2 3s actualD=3,011 procs=9 alive=0 cookieHttpOnly=True cookieJs=True ls=0 idb=True ss=False err= (10,9s)
[14/21] fx-core-job-D6-r1 6s actualD=6,014 procs=9 alive=0 cookieHttpOnly=True cookieJs=True ls=40 idb=True ss=False err= (14,7s)
[15/21] fx-core-job-D3-r1 3s actualD=3,002 procs=9 alive=0 cookieHttpOnly=True cookieJs=True ls=0 idb=True ss=False err= (10,1s)
[16/21] fx-core-job-D6-r2 6s actualD=6,001 procs=9 alive=0 cookieHttpOnly=True cookieJs=True ls=40 idb=True ss=False err= (13,5s)
[17/21] fx-core-job-D5.5-r1 5,5s actualD=5,523 procs=9 alive=0 cookieHttpOnly=True cookieJs=True ls=40 idb=True ss=False err= (11,2s)
[18/21] fx-core-job-D5.5-r2 5,5s actualD=5,503 procs=9 alive=0 cookieHttpOnly=True cookieJs=True ls=40 idb=True ss=False err= (12,6s)
[19/21] fx-core-job-D4.5-r3 4,5s actualD=4,511 procs=9 alive=0 cookieHttpOnly=True cookieJs=True ls=0 idb=True ss=False err= (12,6s)
[20/21] fx-core-job-D4-r2 4s actualD=4,011 procs=9 alive=0 cookieHttpOnly=True cookieJs=True ls=0 idb=True ss=False err= (10,9s)
[21/21] fx-core-job-D4-r3 4s actualD=4,003 procs=9 alive=0 cookieHttpOnly=True cookieJs=True ls=0 idb=True ss=False err= (11,6s)
server exited: True
