server: {"listening":47811,"pid":84688}
[1/27] cr-core-job-D28-r2 28s actualD=28,037 procs=11 alive=0 cookieHttpOnly=False cookieJs=False ls=40 idb=True ss=False err= (31,1s)
[2/27] cr-core-job-D4-r2 4s actualD=4,011 procs=11 alive=0 cookieHttpOnly=False cookieJs=False ls=0 idb=True ss=False err= (7,1s)
[3/27] cr-core-job-D5.5-r2 5,5s actualD=5,513 procs=11 alive=0 cookieHttpOnly=False cookieJs=False ls=40 idb=True ss=False err= (10s)
[4/27] cr-core-job-D4.5-r2 4,5s actualD=4,512 procs=10 alive=0 cookieHttpOnly=False cookieJs=False ls=0 idb=True ss=False err= (7,2s)
[5/27] cr-core-job-D6-r2 6s actualD=6,004 procs=10 alive=0 cookieHttpOnly=False cookieJs=False ls=40 idb=True ss=False err= (9,4s)
[6/27] cr-core-job-D30.5-r3 30,5s actualD=30,518 procs=10 alive=0 cookieHttpOnly=True cookieJs=True ls=40 idb=True ss=False err= (33,3s)
[7/27] cr-core-job-D6-r1 6s actualD=6,011 procs=10 alive=0 cookieHttpOnly=False cookieJs=False ls=40 idb=True ss=False err= (8,5s)
[8/27] cr-core-job-D4.5-r3 4,5s actualD=4,505 procs=10 alive=0 cookieHttpOnly=False cookieJs=False ls=0 idb=True ss=False err= (7,9s)
[9/27] cr-core-job-D4-r1 4s actualD=4,002 procs=11 alive=0 cookieHttpOnly=False cookieJs=False ls=0 idb=True ss=False err= (6,9s)
[10/27] cr-core-job-D31-r1 31s actualD=31,002 procs=11 alive=0 cookieHttpOnly=True cookieJs=True ls=40 idb=True ss=False err= (33,9s)
[11/27] cr-core-job-D28-r3 28s actualD=28,031 procs=10 alive=0 cookieHttpOnly=False cookieJs=False ls=40 idb=True ss=False err= (32,7s)
[12/27] cr-core-job-D5.5-r1 5,5s actualD=5,522 procs=11 alive=0 cookieHttpOnly=False cookieJs=False ls=40 idb=True ss=False err= (8,2s)
[13/27] cr-core-job-D28-r1 28s actualD=28,006 procs=11 alive=0 cookieHttpOnly=False cookieJs=False ls=40 idb=True ss=False err= (30,8s)
[14/27] cr-core-job-D30.5-r1 30,5s actualD=30,516 procs=11 alive=0 cookieHttpOnly=True cookieJs=True ls=40 idb=True ss=False err= (34,2s)
[15/27] cr-core-job-D4.5-r1 4,5s actualD=4,507 procs=10 alive=0 cookieHttpOnly=False cookieJs=False ls=0 idb=True ss=False err= (7,5s)
[16/27] cr-core-job-D5.5-r3 5,5s actualD=5,519 procs=11 alive=0 cookieHttpOnly=False cookieJs=False ls=40 idb=True ss=False err= (9,4s)
[17/27] cr-core-job-D29.5-r2 29,5s actualD=29,515 procs=13 alive=0 cookieHttpOnly=False cookieJs=False ls=40 idb=True ss=False err= (33,5s)
[18/27] cr-core-job-D6-r3 6s actualD=6,015 procs=11 alive=0 cookieHttpOnly=False cookieJs=False ls=40 idb=True ss=False err= (8,6s)
[19/27] cr-core-job-D29-r1 29s actualD=29,021 procs=10 alive=0 cookieHttpOnly=False cookieJs=False ls=40 idb=True ss=False err= (32,8s)
[20/27] cr-core-job-D29.5-r1 29,5s actualD=29,505 procs=10 alive=0 cookieHttpOnly=False cookieJs=False ls=40 idb=True ss=False err= (32,7s)
[21/27] cr-core-job-D4-r3 4s actualD=4,013 procs=10 alive=0 cookieHttpOnly=False cookieJs=False ls=0 idb=True ss=False err= (7,7s)
[22/27] cr-core-job-D30.5-r2 30,5s actualD=30,508 procs=10 alive=0 cookieHttpOnly=True cookieJs=True ls=40 idb=True ss=False err= (33,5s)
[23/27] cr-core-job-D29-r3 29s actualD=29,012 procs=11 alive=0 cookieHttpOnly=False cookieJs=False ls=40 idb=True ss=False err= (32s)
[24/27] cr-core-job-D31-r3 31s actualD=31,011 procs=11 alive=0 cookieHttpOnly=True cookieJs=True ls=40 idb=True ss=False err= (33,9s)
[25/27] cr-core-job-D29.5-r3 29,5s actualD=29,505 procs=11 alive=0 cookieHttpOnly=False cookieJs=False ls=40 idb=True ss=False err= (32,3s)
[26/27] cr-core-job-D31-r2 31s actualD=31,005 procs=11 alive=0 cookieHttpOnly=True cookieJs=True ls=40 idb=True ss=False err= (33,8s)
[27/27] cr-core-job-D29-r2 29s actualD=29,011 procs=11 alive=0 cookieHttpOnly=False cookieJs=False ls=40 idb=True ss=False err= (34,2s)
server exited: True
