=== 2026-10-03T13:23:12Z BEGIN row34 chromium-1
=== 2026-10-03T13:23:48Z END row34 chromium-1 exit=0
=== 2026-10-03T13:23:48Z BEGIN row34 firefox-1
=== 2026-10-03T13:24:26Z END row34 firefox-1 exit=0
=== 2026-10-03T13:24:26Z BEGIN row34 chromium-2
=== 2026-10-03T13:25:02Z END row34 chromium-2 exit=0
=== 2026-10-03T13:25:02Z BEGIN row34 firefox-2
=== 2026-10-03T13:25:42Z END row34 firefox-2 exit=0
=== 2026-10-03T13:25:42Z BEGIN row34 chromium-3
=== 2026-10-03T13:26:19Z END row34 chromium-3 exit=0
=== 2026-10-03T13:26:19Z BEGIN row34 firefox-3
=== 2026-10-03T13:26:56Z END row34 firefox-3 exit=0
=== 2026-10-03T13:26:56Z BEGIN row34 chromium-4
=== 2026-10-03T13:27:32Z END row34 chromium-4 exit=0
=== 2026-10-03T13:27:32Z BEGIN row34 firefox-4
=== 2026-10-03T13:28:11Z END row34 firefox-4 exit=0
=== 2026-10-03T13:28:11Z BEGIN row34 chromium-5
=== 2026-10-03T13:28:47Z END row34 chromium-5 exit=0
=== 2026-10-03T13:28:47Z BEGIN row34 firefox-5
=== 2026-10-03T13:29:27Z END row34 firefox-5 exit=0
=== 2026-10-03T13:29:27Z BEGIN row34 chromium-6
=== 2026-10-03T13:30:03Z END row34 chromium-6 exit=0
=== 2026-10-03T13:30:03Z BEGIN row34 firefox-6
=== 2026-10-03T13:30:40Z END row34 firefox-6 exit=0
=== 2026-10-03T13:30:40Z BEGIN row38 A-chromium-1
=== 2026-10-03T13:30:51Z END row38 A-chromium-1 exit=0
=== 2026-10-03T13:30:51Z BEGIN row38 B-chromium-1
=== 2026-10-03T13:31:05Z END row38 B-chromium-1 exit=0
=== 2026-10-03T13:31:05Z BEGIN row38 A-firefox-1
=== 2026-10-03T13:31:21Z END row38 A-firefox-1 exit=0
=== 2026-10-03T13:31:21Z BEGIN row38 B-firefox-1
=== 2026-10-03T13:31:42Z END row38 B-firefox-1 exit=0
=== 2026-10-03T13:31:42Z BEGIN row38 A-chromium-2
=== 2026-10-03T13:31:55Z END row38 A-chromium-2 exit=0
=== 2026-10-03T13:31:55Z BEGIN row38 B-chromium-2
=== 2026-10-03T13:32:07Z END row38 B-chromium-2 exit=0
=== 2026-10-03T13:32:07Z BEGIN row38 A-firefox-2
=== 2026-10-03T13:32:21Z END row38 A-firefox-2 exit=0
=== 2026-10-03T13:32:21Z BEGIN row38 B-firefox-2
=== 2026-10-03T13:32:38Z END row38 B-firefox-2 exit=0
=== 2026-10-03T13:32:38Z BATCH3 COMPLETE
=== 2026-10-03T13:33:11Z BEGIN row38 A-firefox-3
=== 2026-10-03T13:33:26Z END row38 A-firefox-3 exit=0
=== 2026-10-03T13:33:26Z BEGIN row38 A-firefox-4
=== 2026-10-03T13:33:41Z END row38 A-firefox-4 exit=0
=== 2026-10-03T13:33:41Z BEGIN row38 A-firefox-5
=== 2026-10-03T13:34:00Z END row38 A-firefox-5 exit=0
=== 2026-10-03T13:34:00Z BEGIN row38 A-firefox-6
=== 2026-10-03T13:34:13Z END row38 A-firefox-6 exit=0
=== 2026-10-03T13:34:13Z BEGIN row38 A-chromium-3
=== 2026-10-03T13:34:25Z END row38 A-chromium-3 exit=0
=== 2026-10-03T13:34:25Z BEGIN row38 A-chromium-4
=== 2026-10-03T13:34:37Z END row38 A-chromium-4 exit=0
=== 2026-10-03T13:34:37Z BATCH3B COMPLETE
