origin = http://127.0.0.1:49693/
initMs = 361.1048
initText = Session ready. Pass session='C:\Source\SixFive7\BrowserAI\.work\stale-scratch\out\row38\session-A-firefox-3' on every browser tool call.
  directory: C:\Source\SixFive7\BrowserAI\.work\stale-scratch\out\row38\session-A-firefox-3
  browser: firefox
  headed: false
  profile: C:\Source\SixFive7\Browse
navigate1Ms = 1982.7468
wrote = ### Result
"wrote:sw-ok"
before = ### Result
"{\"cookie\":\"cookie-value\",\"local\":\"local-value\",\"session\":\"session-value\",\"idb\":\"idb-value\",\"cache\":\"cache-value\",\"serviceWorkers\":1}"
nodeChildren = [{"pid":70116,"exe":"C:\\Source\\SixFive7\\BrowserAI\\.work\\wt\\stale\\src\\BrowserAI\\bin\\Release\\net10.0-windows\\win-x64\\publish\\payload\\node\\node.exe"},{"pid":20252,"exe":"C:\\Source\\SixFive7\\BrowserAI\\.work\\wt\\stale\\src\\BrowserAI\\bin\\Release\\net10.0-windows\\win-x64\\publish\\payload\\node\\node.exe"}]
childStates = [{"pid":70116,"state":"GONE"},{"pid":20252,"state":"GONE"}]
serverAExited = GONE
resumeMs = 1676.0399
resume = NOTE: the first browser call after this starts the browser, and its own session restore reopens the tabs this profile last recorded, if any. Refs from earlier snapshots do not carry over: call browser_tabs and browser_snapshot before you act, because the selected tab may not be the one you left.
NOTE: you are driving a session this connection did not create; it was opened 2026-10-03T15:33:12.4557951+02:00. Another agent may be using it.

Session ready. Pass session='C:\Source\SixFive7\BrowserAI\
navigate2Ms = 1215.8104
after = ### Result
"{\"cookie\":\"cookie-value\",\"local\":\"local-value\",\"session\":\"session-value\",\"idb\":\"idb-value\",\"cache\":\"cache-value\",\"serviceWorkers\":1}"
destroy = Destroyed the session at 'C:\Source\SixFive7\BrowserAI\.work\stale-scratch\out\row38\session-A-firefox-3' (45.0 MiB). Its purpose was: Re-establishing the resume cost and what a resume preserves, for kb re-verification row 38 on 2026-09-16.
You said it was being destroyed because: The probe is finished; leave nothing in the session index.
