2026-10-04T02:08:54Z batch main: waiting for the suite lock
2026-10-04T02:22:24Z lock taken
2026-10-04T02:22:24Z registry before: exit 0
2026-10-04T02:22:24Z BEGIN smoke-switch-chromium-from-headless: C:\Source\SixFive7\BrowserAI\.work\wt\lifetime\payload\node\node.exe C:\Source\SixFive7\BrowserAI\.work\lifetime\rig\switch.mjs server=C:\Source\SixFive7\BrowserAI\.work\wt\lifetime\src\BrowserAI\bin\Release\net10.0-windows\win-x64\publish\BrowserAI.Server.exe browser=chromium scenario=switch from=headless run=smoke1 out=C:\Source\SixFive7\BrowserAI\.work\lifetime\runs\main\smoke-switch-chromium-from-headless\rig sessions=C:\Source\SixFive7\BrowserAI\.work\lifetime\sessions
2026-10-04T02:22:46Z END smoke-switch-chromium-from-headless: launcher exit 0
2026-10-04T02:22:46Z GATE smoke-switch-chromium-from-headless: steps=37 errors=0 before=3 after=3
2026-10-04T02:22:46Z GATE smoke-switch-chromium-from-headless: GATE PASSED
2026-10-04T02:22:46Z BEGIN tall-chromium-r1: C:\Source\SixFive7\BrowserAI\.work\wt\lifetime\payload\node\node.exe C:\Source\SixFive7\BrowserAI\.work\lifetime\rig\tall.mjs server=C:\Source\SixFive7\BrowserAI\.work\wt\lifetime\src\BrowserAI\bin\Release\net10.0-windows\win-x64\publish\BrowserAI.Server.exe browser=chromium height=50000 run=r1 out=C:\Source\SixFive7\BrowserAI\.work\lifetime\runs\main\tall-chromium-r1\rig sessions=C:\Source\SixFive7\BrowserAI\.work\lifetime\sessions
2026-10-04T02:22:53Z END tall-chromium-r1: launcher exit 0
2026-10-04T02:22:53Z BEGIN tall-chromium-r2: C:\Source\SixFive7\BrowserAI\.work\wt\lifetime\payload\node\node.exe C:\Source\SixFive7\BrowserAI\.work\lifetime\rig\tall.mjs server=C:\Source\SixFive7\BrowserAI\.work\wt\lifetime\src\BrowserAI\bin\Release\net10.0-windows\win-x64\publish\BrowserAI.Server.exe browser=chromium height=50000 run=r2 out=C:\Source\SixFive7\BrowserAI\.work\lifetime\runs\main\tall-chromium-r2\rig sessions=C:\Source\SixFive7\BrowserAI\.work\lifetime\sessions
2026-10-04T02:23:00Z END tall-chromium-r2: launcher exit 0
2026-10-04T02:23:00Z BEGIN tall-firefox-r1: C:\Source\SixFive7\BrowserAI\.work\wt\lifetime\payload\node\node.exe C:\Source\SixFive7\BrowserAI\.work\lifetime\rig\tall.mjs server=C:\Source\SixFive7\BrowserAI\.work\wt\lifetime\src\BrowserAI\bin\Release\net10.0-windows\win-x64\publish\BrowserAI.Server.exe browser=firefox height=50000 run=r1 out=C:\Source\SixFive7\BrowserAI\.work\lifetime\runs\main\tall-firefox-r1\rig sessions=C:\Source\SixFive7\BrowserAI\.work\lifetime\sessions
2026-10-04T02:23:07Z END tall-firefox-r1: launcher exit 0
2026-10-04T02:23:07Z BEGIN tall-firefox-r2: C:\Source\SixFive7\BrowserAI\.work\wt\lifetime\payload\node\node.exe C:\Source\SixFive7\BrowserAI\.work\lifetime\rig\tall.mjs server=C:\Source\SixFive7\BrowserAI\.work\wt\lifetime\src\BrowserAI\bin\Release\net10.0-windows\win-x64\publish\BrowserAI.Server.exe browser=firefox height=50000 run=r2 out=C:\Source\SixFive7\BrowserAI\.work\lifetime\runs\main\tall-firefox-r2\rig sessions=C:\Source\SixFive7\BrowserAI\.work\lifetime\sessions
2026-10-04T02:23:14Z END tall-firefox-r2: launcher exit 0
2026-10-04T02:23:14Z BEGIN row152-funnel-headed-plain: C:\Source\SixFive7\BrowserAI\.work\wt\lifetime\payload\node\node.exe C:\Source\SixFive7\BrowserAI\.work\lifetime\rig\row152\fp.mjs funnel headed-plain
2026-10-04T02:23:19Z END row152-funnel-headed-plain: launcher exit 0
2026-10-04T02:23:19Z BEGIN row152-funnel-headed-auto: C:\Source\SixFive7\BrowserAI\.work\wt\lifetime\payload\node\node.exe C:\Source\SixFive7\BrowserAI\.work\lifetime\rig\row152\fp.mjs funnel headed-auto --enable-automation
2026-10-04T02:23:23Z END row152-funnel-headed-auto: launcher exit 0
2026-10-04T02:23:23Z BEGIN row152-pw-headed-plain: C:\Source\SixFive7\BrowserAI\.work\wt\lifetime\payload\node\node.exe C:\Source\SixFive7\BrowserAI\.work\lifetime\rig\row152\fp.mjs pw headed-plain
2026-10-04T02:23:28Z END row152-pw-headed-plain: launcher exit 0
2026-10-04T02:23:28Z BEGIN row152-pw-headed-nab: C:\Source\SixFive7\BrowserAI\.work\wt\lifetime\payload\node\node.exe C:\Source\SixFive7\BrowserAI\.work\lifetime\rig\row152\fp.mjs pw headed-nab --nab
2026-10-04T02:23:32Z END row152-pw-headed-nab: launcher exit 0
2026-10-04T02:23:32Z BEGIN row152-pw-headed-auto: C:\Source\SixFive7\BrowserAI\.work\wt\lifetime\payload\node\node.exe C:\Source\SixFive7\BrowserAI\.work\lifetime\rig\row152\fp.mjs pw headed-auto --enable-automation
2026-10-04T02:23:36Z END row152-pw-headed-auto: launcher exit 0
2026-10-04T02:23:36Z BEGIN row152-pw-headed-auto-nab: C:\Source\SixFive7\BrowserAI\.work\wt\lifetime\payload\node\node.exe C:\Source\SixFive7\BrowserAI\.work\lifetime\rig\row152\fp.mjs pw headed-auto-nab --enable-automation --nab
2026-10-04T02:23:40Z END row152-pw-headed-auto-nab: launcher exit 0
2026-10-04T02:23:40Z BEGIN row152-direct-plain: C:\Source\SixFive7\BrowserAI\.work\wt\lifetime\payload\node\node.exe C:\Source\SixFive7\BrowserAI\.work\lifetime\rig\row152\fp.mjs direct plain
2026-10-04T02:25:43Z END row152-direct-plain: launcher exit 0
2026-10-04T02:25:43Z BEGIN switch-chromium-from-headless-r1: C:\Source\SixFive7\BrowserAI\.work\wt\lifetime\payload\node\node.exe C:\Source\SixFive7\BrowserAI\.work\lifetime\rig\switch.mjs server=C:\Source\SixFive7\BrowserAI\.work\wt\lifetime\src\BrowserAI\bin\Release\net10.0-windows\win-x64\publish\BrowserAI.Server.exe browser=chromium scenario=switch from=headless run=r1 out=C:\Source\SixFive7\BrowserAI\.work\lifetime\runs\main\switch-chromium-from-headless-r1\rig sessions=C:\Source\SixFive7\BrowserAI\.work\lifetime\sessions
2026-10-04T02:26:03Z END switch-chromium-from-headless-r1: launcher exit 0
2026-10-04T02:26:03Z BEGIN switch-chromium-from-headed-r1: C:\Source\SixFive7\BrowserAI\.work\wt\lifetime\payload\node\node.exe C:\Source\SixFive7\BrowserAI\.work\lifetime\rig\switch.mjs server=C:\Source\SixFive7\BrowserAI\.work\wt\lifetime\src\BrowserAI\bin\Release\net10.0-windows\win-x64\publish\BrowserAI.Server.exe browser=chromium scenario=switch from=headed run=r1 out=C:\Source\SixFive7\BrowserAI\.work\lifetime\runs\main\switch-chromium-from-headed-r1\rig sessions=C:\Source\SixFive7\BrowserAI\.work\lifetime\sessions
2026-10-04T02:26:24Z END switch-chromium-from-headed-r1: launcher exit 0
2026-10-04T02:26:24Z BEGIN switch-firefox-from-headless-r1: C:\Source\SixFive7\BrowserAI\.work\wt\lifetime\payload\node\node.exe C:\Source\SixFive7\BrowserAI\.work\lifetime\rig\switch.mjs server=C:\Source\SixFive7\BrowserAI\.work\wt\lifetime\src\BrowserAI\bin\Release\net10.0-windows\win-x64\publish\BrowserAI.Server.exe browser=firefox scenario=switch from=headless run=r1 out=C:\Source\SixFive7\BrowserAI\.work\lifetime\runs\main\switch-firefox-from-headless-r1\rig sessions=C:\Source\SixFive7\BrowserAI\.work\lifetime\sessions
2026-10-04T02:26:58Z END switch-firefox-from-headless-r1: launcher exit 0
2026-10-04T02:26:58Z BEGIN switch-firefox-from-headed-r1: C:\Source\SixFive7\BrowserAI\.work\wt\lifetime\payload\node\node.exe C:\Source\SixFive7\BrowserAI\.work\lifetime\rig\switch.mjs server=C:\Source\SixFive7\BrowserAI\.work\wt\lifetime\src\BrowserAI\bin\Release\net10.0-windows\win-x64\publish\BrowserAI.Server.exe browser=firefox scenario=switch from=headed run=r1 out=C:\Source\SixFive7\BrowserAI\.work\lifetime\runs\main\switch-firefox-from-headed-r1\rig sessions=C:\Source\SixFive7\BrowserAI\.work\lifetime\sessions
2026-10-04T02:27:23Z END switch-firefox-from-headed-r1: launcher exit 0
2026-10-04T02:27:23Z BEGIN switch-chromium-from-headless-r2: C:\Source\SixFive7\BrowserAI\.work\wt\lifetime\payload\node\node.exe C:\Source\SixFive7\BrowserAI\.work\lifetime\rig\switch.mjs server=C:\Source\SixFive7\BrowserAI\.work\wt\lifetime\src\BrowserAI\bin\Release\net10.0-windows\win-x64\publish\BrowserAI.Server.exe browser=chromium scenario=switch from=headless run=r2 out=C:\Source\SixFive7\BrowserAI\.work\lifetime\runs\main\switch-chromium-from-headless-r2\rig sessions=C:\Source\SixFive7\BrowserAI\.work\lifetime\sessions
2026-10-04T02:27:44Z END switch-chromium-from-headless-r2: launcher exit 0
2026-10-04T02:27:44Z BEGIN switch-chromium-from-headed-r2: C:\Source\SixFive7\BrowserAI\.work\wt\lifetime\payload\node\node.exe C:\Source\SixFive7\BrowserAI\.work\lifetime\rig\switch.mjs server=C:\Source\SixFive7\BrowserAI\.work\wt\lifetime\src\BrowserAI\bin\Release\net10.0-windows\win-x64\publish\BrowserAI.Server.exe browser=chromium scenario=switch from=headed run=r2 out=C:\Source\SixFive7\BrowserAI\.work\lifetime\runs\main\switch-chromium-from-headed-r2\rig sessions=C:\Source\SixFive7\BrowserAI\.work\lifetime\sessions
2026-10-04T02:28:05Z END switch-chromium-from-headed-r2: launcher exit 0
2026-10-04T02:28:05Z BEGIN switch-firefox-from-headless-r2: C:\Source\SixFive7\BrowserAI\.work\wt\lifetime\payload\node\node.exe C:\Source\SixFive7\BrowserAI\.work\lifetime\rig\switch.mjs server=C:\Source\SixFive7\BrowserAI\.work\wt\lifetime\src\BrowserAI\bin\Release\net10.0-windows\win-x64\publish\BrowserAI.Server.exe browser=firefox scenario=switch from=headless run=r2 out=C:\Source\SixFive7\BrowserAI\.work\lifetime\runs\main\switch-firefox-from-headless-r2\rig sessions=C:\Source\SixFive7\BrowserAI\.work\lifetime\sessions
2026-10-04T02:28:30Z END switch-firefox-from-headless-r2: launcher exit 0
2026-10-04T02:28:30Z BEGIN switch-firefox-from-headed-r2: C:\Source\SixFive7\BrowserAI\.work\wt\lifetime\payload\node\node.exe C:\Source\SixFive7\BrowserAI\.work\lifetime\rig\switch.mjs server=C:\Source\SixFive7\BrowserAI\.work\wt\lifetime\src\BrowserAI\bin\Release\net10.0-windows\win-x64\publish\BrowserAI.Server.exe browser=firefox scenario=switch from=headed run=r2 out=C:\Source\SixFive7\BrowserAI\.work\lifetime\runs\main\switch-firefox-from-headed-r2\rig sessions=C:\Source\SixFive7\BrowserAI\.work\lifetime\sessions
2026-10-04T02:28:56Z END switch-firefox-from-headed-r2: launcher exit 0
2026-10-04T02:28:56Z BEGIN switch-chromium-from-headless-r3: C:\Source\SixFive7\BrowserAI\.work\wt\lifetime\payload\node\node.exe C:\Source\SixFive7\BrowserAI\.work\lifetime\rig\switch.mjs server=C:\Source\SixFive7\BrowserAI\.work\wt\lifetime\src\BrowserAI\bin\Release\net10.0-windows\win-x64\publish\BrowserAI.Server.exe browser=chromium scenario=switch from=headless run=r3 out=C:\Source\SixFive7\BrowserAI\.work\lifetime\runs\main\switch-chromium-from-headless-r3\rig sessions=C:\Source\SixFive7\BrowserAI\.work\lifetime\sessions
2026-10-04T02:29:17Z END switch-chromium-from-headless-r3: launcher exit 0
2026-10-04T02:29:17Z BEGIN switch-chromium-from-headed-r3: C:\Source\SixFive7\BrowserAI\.work\wt\lifetime\payload\node\node.exe C:\Source\SixFive7\BrowserAI\.work\lifetime\rig\switch.mjs server=C:\Source\SixFive7\BrowserAI\.work\wt\lifetime\src\BrowserAI\bin\Release\net10.0-windows\win-x64\publish\BrowserAI.Server.exe browser=chromium scenario=switch from=headed run=r3 out=C:\Source\SixFive7\BrowserAI\.work\lifetime\runs\main\switch-chromium-from-headed-r3\rig sessions=C:\Source\SixFive7\BrowserAI\.work\lifetime\sessions
2026-10-04T02:29:37Z END switch-chromium-from-headed-r3: launcher exit 0
2026-10-04T02:29:37Z BEGIN switch-firefox-from-headless-r3: C:\Source\SixFive7\BrowserAI\.work\wt\lifetime\payload\node\node.exe C:\Source\SixFive7\BrowserAI\.work\lifetime\rig\switch.mjs server=C:\Source\SixFive7\BrowserAI\.work\wt\lifetime\src\BrowserAI\bin\Release\net10.0-windows\win-x64\publish\BrowserAI.Server.exe browser=firefox scenario=switch from=headless run=r3 out=C:\Source\SixFive7\BrowserAI\.work\lifetime\runs\main\switch-firefox-from-headless-r3\rig sessions=C:\Source\SixFive7\BrowserAI\.work\lifetime\sessions
2026-10-04T02:30:11Z END switch-firefox-from-headless-r3: launcher exit 0
2026-10-04T02:30:11Z BEGIN switch-firefox-from-headed-r3: C:\Source\SixFive7\BrowserAI\.work\wt\lifetime\payload\node\node.exe C:\Source\SixFive7\BrowserAI\.work\lifetime\rig\switch.mjs server=C:\Source\SixFive7\BrowserAI\.work\wt\lifetime\src\BrowserAI\bin\Release\net10.0-windows\win-x64\publish\BrowserAI.Server.exe browser=firefox scenario=switch from=headed run=r3 out=C:\Source\SixFive7\BrowserAI\.work\lifetime\runs\main\switch-firefox-from-headed-r3\rig sessions=C:\Source\SixFive7\BrowserAI\.work\lifetime\sessions
2026-10-04T02:30:36Z END switch-firefox-from-headed-r3: launcher exit 0
2026-10-04T02:30:36Z BEGIN lasttab-chromium-r1: C:\Source\SixFive7\BrowserAI\.work\wt\lifetime\payload\node\node.exe C:\Source\SixFive7\BrowserAI\.work\lifetime\rig\switch.mjs server=C:\Source\SixFive7\BrowserAI\.work\wt\lifetime\src\BrowserAI\bin\Release\net10.0-windows\win-x64\publish\BrowserAI.Server.exe browser=chromium scenario=lasttab from=headless run=r1 out=C:\Source\SixFive7\BrowserAI\.work\lifetime\runs\main\lasttab-chromium-r1\rig sessions=C:\Source\SixFive7\BrowserAI\.work\lifetime\sessions
2026-10-04T02:30:50Z END lasttab-chromium-r1: launcher exit 0
2026-10-04T02:30:50Z BEGIN windowclose-chromium-r1: C:\Source\SixFive7\BrowserAI\.work\wt\lifetime\payload\node\node.exe C:\Source\SixFive7\BrowserAI\.work\lifetime\rig\switch.mjs server=C:\Source\SixFive7\BrowserAI\.work\wt\lifetime\src\BrowserAI\bin\Release\net10.0-windows\win-x64\publish\BrowserAI.Server.exe browser=chromium scenario=windowclose from=headed run=r1 out=C:\Source\SixFive7\BrowserAI\.work\lifetime\runs\main\windowclose-chromium-r1\rig sessions=C:\Source\SixFive7\BrowserAI\.work\lifetime\sessions
2026-10-04T02:31:19Z END windowclose-chromium-r1: launcher exit 0
2026-10-04T02:31:19Z BEGIN lasttab-firefox-r1: C:\Source\SixFive7\BrowserAI\.work\wt\lifetime\payload\node\node.exe C:\Source\SixFive7\BrowserAI\.work\lifetime\rig\switch.mjs server=C:\Source\SixFive7\BrowserAI\.work\wt\lifetime\src\BrowserAI\bin\Release\net10.0-windows\win-x64\publish\BrowserAI.Server.exe browser=firefox scenario=lasttab from=headless run=r1 out=C:\Source\SixFive7\BrowserAI\.work\lifetime\runs\main\lasttab-firefox-r1\rig sessions=C:\Source\SixFive7\BrowserAI\.work\lifetime\sessions
2026-10-04T02:31:39Z END lasttab-firefox-r1: launcher exit 0
2026-10-04T02:31:39Z BEGIN windowclose-firefox-r1: C:\Source\SixFive7\BrowserAI\.work\wt\lifetime\payload\node\node.exe C:\Source\SixFive7\BrowserAI\.work\lifetime\rig\switch.mjs server=C:\Source\SixFive7\BrowserAI\.work\wt\lifetime\src\BrowserAI\bin\Release\net10.0-windows\win-x64\publish\BrowserAI.Server.exe browser=firefox scenario=windowclose from=headed run=r1 out=C:\Source\SixFive7\BrowserAI\.work\lifetime\runs\main\windowclose-firefox-r1\rig sessions=C:\Source\SixFive7\BrowserAI\.work\lifetime\sessions
2026-10-04T02:32:29Z END windowclose-firefox-r1: launcher exit 0
2026-10-04T02:32:29Z BEGIN conflict-chromium-r1: C:\Source\SixFive7\BrowserAI\.work\wt\lifetime\payload\node\node.exe C:\Source\SixFive7\BrowserAI\.work\lifetime\rig\switch.mjs server=C:\Source\SixFive7\BrowserAI\.work\wt\lifetime\src\BrowserAI\bin\Release\net10.0-windows\win-x64\publish\BrowserAI.Server.exe browser=chromium scenario=conflict from=headless run=r1 out=C:\Source\SixFive7\BrowserAI\.work\lifetime\runs\main\conflict-chromium-r1\rig sessions=C:\Source\SixFive7\BrowserAI\.work\lifetime\sessions
2026-10-04T02:32:35Z END conflict-chromium-r1: launcher exit 0
2026-10-04T02:32:35Z registry after: exit 0
2026-10-04T02:32:35Z lock released
