Downloading Firefox 156.0 (playwright firefox v1549) from https://cdn.playwright.dev/dbazure/download/playwright/builds/firefox/1549/firefox-win64.zip
|                                                                                |   0% of 123.4 MiB
|■■■■■■■■                                                                        |  10% of 123.4 MiB
|■■■■■■■■■■■■■■■■                                                                |  20% of 123.4 MiB
|■■■■■■■■■■■■■■■■■■■■■■■■                                                        |  30% of 123.4 MiB
|■■■■■■■■■■■■■■■■■■■■■■■■■■■■■■■■                                                |  40% of 123.4 MiB
|■■■■■■■■■■■■■■■■■■■■■■■■■■■■■■■■■■■■■■■■                                        |  50% of 123.4 MiB
|■■■■■■■■■■■■■■■■■■■■■■■■■■■■■■■■■■■■■■■■■■■■■■■■                                |  60% of 123.4 MiB
|■■■■■■■■■■■■■■■■■■■■■■■■■■■■■■■■■■■■■■■■■■■■■■■■■■■■■■■■                        |  70% of 123.4 MiB
|■■■■■■■■■■■■■■■■■■■■■■■■■■■■■■■■■■■■■■■■■■■■■■■■■■■■■■■■■■■■■■■■                |  80% of 123.4 MiB
|■■■■■■■■■■■■■■■■■■■■■■■■■■■■■■■■■■■■■■■■■■■■■■■■■■■■■■■■■■■■■■■■■■■■■■■■        |  90% of 123.4 MiB
|■■■■■■■■■■■■■■■■■■■■■■■■■■■■■■■■■■■■■■■■■■■■■■■■■■■■■■■■■■■■■■■■■■■■■■■■■■■■■■■■| 100% of 123.4 MiB
Firefox 156.0 (playwright firefox v1549) downloaded to C:\Source\SixFive7\BrowserAI\.work\zoomout\b2\browsers\firefox-1549
Downloading FFmpeg (playwright ffmpeg v1011) from https://cdn.playwright.dev/dbazure/download/playwright/builds/ffmpeg/1011/ffmpeg-win64.zip
|                                                                                |   0% of 1.3 MiB
|■■■■■■■■                                                                        |  10% of 1.3 MiB
|■■■■■■■■■■■■■■■■                                                                |  20% of 1.3 MiB
|■■■■■■■■■■■■■■■■■■■■■■■■                                                        |  30% of 1.3 MiB
|■■■■■■■■■■■■■■■■■■■■■■■■■■■■■■■■                                                |  40% of 1.3 MiB
|■■■■■■■■■■■■■■■■■■■■■■■■■■■■■■■■■■■■■■■■                                        |  50% of 1.3 MiB
|■■■■■■■■■■■■■■■■■■■■■■■■■■■■■■■■■■■■■■■■■■■■■■■■                                |  60% of 1.3 MiB
|■■■■■■■■■■■■■■■■■■■■■■■■■■■■■■■■■■■■■■■■■■■■■■■■■■■■■■■■                        |  70% of 1.3 MiB
|■■■■■■■■■■■■■■■■■■■■■■■■■■■■■■■■■■■■■■■■■■■■■■■■■■■■■■■■■■■■■■■■                |  80% of 1.3 MiB
|■■■■■■■■■■■■■■■■■■■■■■■■■■■■■■■■■■■■■■■■■■■■■■■■■■■■■■■■■■■■■■■■■■■■■■■■        |  90% of 1.3 MiB
|■■■■■■■■■■■■■■■■■■■■■■■■■■■■■■■■■■■■■■■■■■■■■■■■■■■■■■■■■■■■■■■■■■■■■■■■■■■■■■■■| 100% of 1.3 MiB
FFmpeg (playwright ffmpeg v1011) downloaded to C:\Source\SixFive7\BrowserAI\.work\zoomout\b2\browsers\ffmpeg-1011
Downloading Winldd (playwright winldd v1007) from https://cdn.playwright.dev/dbazure/download/playwright/builds/winldd/1007/winldd-win64.zip
|■■■■■■■■                                                                        |  12% of 0.1 MiB
|■■■■■■■■■■■■■■■■                                                                |  25% of 0.1 MiB
|■■■■■■■■■■■■■■■■■■■■■■■■                                                        |  38% of 0.1 MiB
|■■■■■■■■■■■■■■■■■■■■■■■■■■■■■■■■■■■■■■■■                                        |  50% of 0.1 MiB
|■■■■■■■■■■■■■■■■■■■■■■■■■■■■■■■■■■■■■■■■■■■■■■■■                                |  63% of 0.1 MiB
|■■■■■■■■■■■■■■■■■■■■■■■■■■■■■■■■■■■■■■■■■■■■■■■■■■■■■■■■                        |  76% of 0.1 MiB
|■■■■■■■■■■■■■■■■■■■■■■■■■■■■■■■■■■■■■■■■■■■■■■■■■■■■■■■■■■■■■■■■                |  89% of 0.1 MiB
|■■■■■■■■■■■■■■■■■■■■■■■■■■■■■■■■■■■■■■■■■■■■■■■■■■■■■■■■■■■■■■■■■■■■■■■■■■■■■■■■| 100% of 0.1 MiB
Winldd (playwright winldd v1007) downloaded to C:\Source\SixFive7\BrowserAI\.work\zoomout\b2\browsers\winldd-1007
