started 2026-10-03T13:22:43.0031400+00:00 pid 15280 runtime 10.0.12 os Microsoft Windows 10.0.26300
nMaxInstances 255, out 65536, in 4096, timeout 0, DACL D:P(A;;GA;;;<current user SID>)

== target 300 connected instances on \\.\pipe\BrowserAI-instance-probe-6a2e1b7a27174bf0a325b4a7b06f1711
     100 connected at      23,4 ms
     200 connected at      25,4 ms
     254 connected at      26,3 ms
     255 connected at      26,3 ms
     256 connected at      26,3 ms
     257 connected at      26,4 ms
     300 connected at      27,0 ms
   one more caller, number 301: connected
   bytes through connection 300: server read 'ping', client read 'pong'
   handles held by this process: 853 (before the target: 220)
   RESULT target 300: 300 connected at once, no refusal, 42,0 ms

== target 600 connected instances on \\.\pipe\BrowserAI-instance-probe-1e2e5e1c28804a5eb490de7a3eea422f
     100 connected at      12,4 ms
     200 connected at      14,0 ms
     254 connected at      14,9 ms
     255 connected at      15,0 ms
     256 connected at      15,0 ms
     257 connected at      15,0 ms
     300 connected at      15,7 ms
     400 connected at      17,4 ms
     500 connected at      19,3 ms
     600 connected at      21,3 ms
   one more caller, number 601: connected
   bytes through connection 600: server read 'ping', client read 'pong'
   handles held by this process: 1453 (before the target: 254)
   RESULT target 600: 600 connected at once, no refusal, 35,2 ms

== target 1000 connected instances on \\.\pipe\BrowserAI-instance-probe-ee1bc84357514b2197d26ca9a0fa17dd
     100 connected at      16,3 ms
     200 connected at      18,6 ms
     254 connected at      19,9 ms
     255 connected at      19,9 ms
     256 connected at      19,9 ms
     257 connected at      20,0 ms
     300 connected at      20,8 ms
     400 connected at      23,1 ms
     500 connected at      25,9 ms
     600 connected at      28,4 ms
     700 connected at      30,1 ms
     800 connected at      31,8 ms
     900 connected at      33,7 ms
    1000 connected at      36,3 ms
   one more caller, number 1001: connected
   bytes through connection 1000: server read 'ping', client read 'pong'
   handles held by this process: 2253 (before the target: 254)
   RESULT target 1000: 1000 connected at once, no refusal, 49,9 ms
finished 2026-10-03T13:22:43.1474141+00:00
