[setup:88468] [16:36:36] [INFO] Starting Velopack Setup (1.2.0)
[setup:88468] [16:36:36] [INFO]     Location: "C:\\Source\\SixFive7\\BrowserAI\\.work\\2026-09-15-install\\BrowserAI.exe"
[setup:88468] [16:36:36] [INFO]     Silent: false
[setup:88468] [16:36:36] [INFO]     Verbose: false
[setup:88468] [16:36:36] [INFO]     Log: "C:\\Source\\SixFive7\\BrowserAI\\.work\\2026-09-15-install\\setup.log"
[setup:88468] [16:36:36] [INFO]     Install To: None
[setup:88468] [16:36:36] [INFO] OS: Windows 10.0.26200 (Windows 11 Enterprise) [64-bit], Arch=Some(
    X64,
)
[setup:88468] [16:36:36] [INFO] Reading bundle header...
[setup:88468] [16:36:36] [INFO] Bundle offset = 4461568, length = 50198035
[setup:88468] [16:36:36] [INFO] Loading bundle from embedded zip...
[setup:88468] [16:36:36] [INFO] Loading bundle from embedded zip...
[setup:88468] [16:36:36] [INFO] Reading package manifest...
[setup:88468] [16:36:36] [INFO] Package manifest loaded successfully.
[setup:88468] [16:36:36] [INFO]     Package ID: BrowserAI.app
[setup:88468] [16:36:36] [INFO]     Package Version: 1.0.0
[setup:88468] [16:36:36] [INFO]     Package Title: BrowserAI
[setup:88468] [16:36:36] [INFO]     Package Authors: Jori Huisman
[setup:88468] [16:36:36] [INFO]     Package Description: BrowserAI
[setup:88468] [16:36:36] [INFO]     Package Machine Architecture: x64
[setup:88468] [16:36:36] [INFO]     Package Runtime Dependencies: 
[setup:88468] [16:36:36] [INFO] Checking application pre-requisites...
[setup:88468] [16:36:36] [INFO] Determining install directory...
[setup:88468] [16:36:36] [INFO] Installation Directory: "C:\\Users\\jori\\AppData\\Local\\BrowserAI.app"
[setup:88468] [16:36:36] [INFO] There is 386.97 Gbit free space available at destination, this package requires 226.39 Mbit.
[setup:88468] [16:36:36] [INFO] Preparing and cleaning installation directory...
[setup:88468] [16:36:36] [INFO] Acquiring lock...
[setup:88468] [16:36:36] [INFO] Root directory 'C:\Users\jori\AppData\Local\BrowserAI.app' writable: true
[setup:88468] [16:36:36] [INFO] Using root packages directory: C:\Users\jori\AppData\Local\BrowserAI.app\packages
[setup:88468] [16:36:36] [INFO] Attempting to acquire exclusive lock on packages directory (non-blocking)...
[setup:88468] [16:36:36] [INFO] Reading splash image...
[setup:88468] [16:36:36] [WARN] Could not find splash image in bundle.
[setup:88468] [16:36:36] [INFO] Starting installation!
[setup:88468] [16:36:36] [INFO] Extracting Update.exe...
[setup:88468] [16:36:36] [INFO] No splash image, using progress dialog...
[setup:88468] [16:36:36] [INFO] Extracting stub 'BrowserAI_ExecutionStub.exe' to '"C:\\Users\\jori\\AppData\\Local\\BrowserAI.app\\BrowserAI.exe"'
[setup:88468] [16:36:36] [INFO] Successfully extracted stub executable: "C:\\Users\\jori\\AppData\\Local\\BrowserAI.app\\BrowserAI.exe"
[setup:88468] [16:36:36] [INFO] Copying nupkg to packages directory...
[setup:88468] [16:36:36] [INFO] Extracting 209 app files to '"C:\\Users\\jori\\AppData\\Local\\BrowserAI.app\\current"'...
[setup:88468] [16:36:37] [INFO] Starting process install hook
[setup:88468] [16:36:37] [INFO] Running --veloapp-install hook...
[setup:88468] [16:36:37] [INFO] About to launch: 'WideString("C:\\Users\\jori\\AppData\\Local\\BrowserAI.app\\current\\BrowserAI.exe")' in dir 'Some(WideString("C:\\Users\\jori\\AppData\\Local\\BrowserAI.app\\current"))' with arguments: WideString("\"C:\\Users\\jori\\AppData\\Local\\BrowserAI.app\\current\\BrowserAI.exe\" --veloapp-install 1.0.0\0")
[setup:88468] [16:36:37] [INFO] Environment block present: true, flags: PROCESS_CREATION_FLAGS(134218752)
[setup:88468] [16:36:37] [INFO] Waiting 30000ms for process handle to exit.
[setup:88468] [16:36:40] [INFO] Hook executed successfully (took 2513.5393ms)
[setup:88468] [16:36:40] [INFO] Checking for running processes in: C:\Users\jori\AppData\Local\BrowserAI.app
[setup:88468] [16:36:40] [INFO] Writing uninstall registry key...
[setup:88468] [16:36:40] [INFO] Starting app...
[setup:88468] [16:36:40] [INFO] About to launch: 'WideString("C:\\Users\\jori\\AppData\\Local\\BrowserAI.app\\current\\BrowserAI.exe")' in dir 'Some(WideString("C:\\Users\\jori\\AppData\\Local\\BrowserAI.app\\current"))' with arguments: WideString("\"C:\\Users\\jori\\AppData\\Local\\BrowserAI.app\\current\\BrowserAI.exe\"\0")
[setup:88468] [16:36:40] [INFO] Environment block present: true, flags: PROCESS_CREATION_FLAGS(1024)
[setup:88468] [16:36:40] [INFO] Installation completed successfully!
