[update:72160] [13:50:14] [INFO] --
[update:72160] [13:50:14] [INFO] Starting Velopack Updater (1.2.158)
[update:72160] [13:50:14] [INFO]     Location: "C:\\Users\\jori\\Downloads\\tmp-coordinator-lifecycle\\root\\Update.exe"
[update:72160] [13:50:14] [INFO]     CWD: "C:\\Users\\jori\\Downloads\\tmp-coordinator-lifecycle\\root"
[update:72160] [13:50:14] [INFO]     Verbose: true
[update:72160] [13:50:14] [INFO]     Silent: true
[update:72160] [13:50:14] [INFO]     Root Directory: Some("C:\\Users\\jori\\Downloads\\tmp-coordinator-lifecycle\\root")
[update:72160] [13:50:14] [INFO]     Log File: "C:\\Source\\SixFive7\\BrowserAI\\.work\\coordinator-lifecycle\\logs2\\update-apply-1.log"
[update:72160] [13:50:14] [INFO]     Context: FromSpecifiedRootDir("C:\\Users\\jori\\Downloads\\tmp-coordinator-lifecycle\\root", Some("C:\\Users\\jori\\Downloads\\tmp-coordinator-lifecycle\\root\\packages"))
[update:72160] [13:50:14] [INFO] Command: Apply
[update:72160] [13:50:14] [INFO]     Restart: false
[update:72160] [13:50:14] [INFO]     Wait: WaitPid(83444)
[update:72160] [13:50:14] [INFO]     Package: Some("C:\\Users\\jori\\Downloads\\tmp-coordinator-lifecycle\\root\\packages\\BrowserAI.app.test-1.1.1-full.nupkg")
[update:72160] [13:50:14] [INFO]     Exe Args: None
[update:72160] [13:50:14] [INFO] Auto-locating app manifest...
[update:72160] [13:50:14] [INFO] Root directory 'C:\Users\jori\Downloads\tmp-coordinator-lifecycle\root' writable: true
[update:72160] [13:50:14] [INFO] Using root packages directory: C:\Users\jori\Downloads\tmp-coordinator-lifecycle\root\packages
[update:72160] [13:50:14] [INFO] Waiting for process pid-83444 to exit.
[update:72160] [13:50:14] [INFO] Waiting 60000ms for process handle to exit.
[update:72160] [13:51:14] [INFO] Getting ready to apply package to BrowserAI.app.test ver 1.1.0: "C:\\Users\\jori\\Downloads\\tmp-coordinator-lifecycle\\root\\packages\\BrowserAI.app.test-1.1.1-full.nupkg"
[update:72160] [13:51:14] [DEBUG] (2) velopack::bundle: Loading bundle from file '"C:\\Users\\jori\\Downloads\\tmp-coordinator-lifecycle\\root\\packages\\BrowserAI.app.test-1.1.1-full.nupkg"'...
[update:72160] [13:51:14] [INFO] Attempting to acquire exclusive lock on packages directory (non-blocking)...
[update:72160] [13:51:14] [WARN] Retrying operation in 333ms... (error was: Os { code: 32, kind: Uncategorized, message: "The process cannot access the file because it is being used by another process." })
[update:72160] [13:51:14] [WARN] Retrying operation in 666ms... (error was: Os { code: 32, kind: Uncategorized, message: "The process cannot access the file because it is being used by another process." })
[update:72160] [13:51:15] [WARN] Retrying operation in 1000ms... (error was: Os { code: 32, kind: Uncategorized, message: "The process cannot access the file because it is being used by another process." })
