{"t":"2026-10-08T14:12:39.0729796Z","event":"clean-check","when":"preflight","problems":[]}
{"t":"2026-10-08T14:12:39.7238339Z","event":"preflight","os":"Microsoft Windows NT 10.0.26300.0","dotnet":"10.0.401","mode":"full","vpk":"Velopack CLI 1.2.161, for distributing applications.","sharedVelopackLog":"22619570 bytes, written 2026-10-04T16:44:24.9608585Z","orchestratorPid":18368,"velopackVariablesInOrchestrator":[]}
{"t":"2026-10-08T14:12:39.7396725Z","event":"suite-lock-taken","path":"C:\\Source\\SixFive7\\BrowserAI\\.work\\locks\\suite"}
{"t":"2026-10-08T14:12:39.7582261Z","event":"installer-lock-taken","token":"pid=18368 created=134359423581235035","path":"C:\\Source\\SixFive7\\BrowserAI\\.work\\installer.lock"}
{"t":"2026-10-08T14:12:39.8296744Z","event":"run-start","run":"install","arguments":["--silent","--verbose","--log","C:\\Source\\SixFive7\\BrowserAI\\.work\\step0-velopack\\runs\\full-20261008T141238Z\\logs\\install-setup.log"],"file":"C:\\Source\\SixFive7\\BrowserAI\\.work\\step0-velopack\\feeds\\after-1.0.0\\BrowserAI.Measure-win-Setup.exe","settings":{},"hold":false}
{"t":"2026-10-08T14:12:39.9219170Z","event":"watch","image":"C:\\Source\\SixFive7\\BrowserAI\\.work\\step0-velopack\\feeds\\after-1.0.0\\BrowserAI.Measure-win-Setup.exe","pid":85192,"role":"started-by-orchestrator","created":"2026-10-08T14:12:39.8810463Z"}
{"t":"2026-10-08T14:12:40.7901206Z","event":"watch","image":null,"pid":75944,"role":"stand-in --veloapp-install","created":"2026-10-08T14:12:40.5527237Z"}
{"t":"2026-10-08T14:12:40.8038937Z","event":"exited","exitedUtc":"2026-10-08T14:12:40.7328160Z","exitCode":0,"pid":75944,"role":"stand-in --veloapp-install","created":"2026-10-08T14:12:40.5527237Z","run":"install","image":null}
{"t":"2026-10-08T14:12:41.1176149Z","event":"exited","exitedUtc":"2026-10-08T14:12:41.0574650Z","exitCode":0,"pid":85192,"role":"started-by-orchestrator","created":"2026-10-08T14:12:39.8810463Z","run":"install","image":"C:\\Source\\SixFive7\\BrowserAI\\.work\\step0-velopack\\feeds\\after-1.0.0\\BrowserAI.Measure-win-Setup.exe"}
{"t":"2026-10-08T14:12:43.7219281Z","event":"run-end","run":"install","elapsedSeconds":3.87,"versionBefore":null,"timedOut":false,"versionAfter":"1.0.0"}
{"t":"2026-10-08T14:12:43.7685317Z","event":"run-start","run":"M1-B-1","arguments":["check","C:\\Source\\SixFive7\\BrowserAI\\.work\\step0-velopack\\feeds\\after-1.0.1"],"file":"%USERPROFILE%\\AppData\\Local\\BrowserAI.Measure\\current\\BrowserAI.Measure.exe","settings":{},"hold":false}
{"t":"2026-10-08T14:12:43.8080977Z","event":"watch","image":"%USERPROFILE%\\AppData\\Local\\BrowserAI.Measure\\current\\BrowserAI.Measure.exe","pid":62032,"role":"started-by-orchestrator","created":"2026-10-08T14:12:43.8032989Z"}
{"t":"2026-10-08T14:12:44.0303084Z","event":"exited","exitedUtc":"2026-10-08T14:12:43.9946591Z","exitCode":0,"pid":62032,"role":"started-by-orchestrator","created":"2026-10-08T14:12:43.8032989Z","run":"M1-B-1","image":"%USERPROFILE%\\AppData\\Local\\BrowserAI.Measure\\current\\BrowserAI.Measure.exe"}
{"t":"2026-10-08T14:12:44.8784454Z","event":"run-end","run":"M1-B-1","elapsedSeconds":1.11,"versionBefore":"1.0.0","timedOut":false,"versionAfter":"1.0.0"}
{"t":"2026-10-08T14:12:44.9079734Z","event":"run-start","run":"M1-C-1","arguments":["check","C:\\Source\\SixFive7\\BrowserAI\\.work\\step0-velopack\\feeds\\after-1.0.2-alpha.1"],"file":"%USERPROFILE%\\AppData\\Local\\BrowserAI.Measure\\current\\BrowserAI.Measure.exe","settings":{},"hold":false}
{"t":"2026-10-08T14:12:44.9451197Z","event":"watch","image":"%USERPROFILE%\\AppData\\Local\\BrowserAI.Measure\\current\\BrowserAI.Measure.exe","pid":99528,"role":"started-by-orchestrator","created":"2026-10-08T14:12:44.9404060Z"}
{"t":"2026-10-08T14:12:45.1518805Z","event":"exited","exitedUtc":"2026-10-08T14:12:45.1312181Z","exitCode":0,"pid":99528,"role":"started-by-orchestrator","created":"2026-10-08T14:12:44.9404060Z","run":"M1-C-1","image":"%USERPROFILE%\\AppData\\Local\\BrowserAI.Measure\\current\\BrowserAI.Measure.exe"}
{"t":"2026-10-08T14:12:46.0074899Z","event":"run-end","run":"M1-C-1","elapsedSeconds":1.1,"versionBefore":"1.0.0","timedOut":false,"versionAfter":"1.0.0"}
{"t":"2026-10-08T14:12:46.0322172Z","event":"run-start","run":"M1-D-1","arguments":["check","C:\\Source\\SixFive7\\BrowserAI\\.work\\step0-velopack\\feeds\\after-1.0.2"],"file":"%USERPROFILE%\\AppData\\Local\\BrowserAI.Measure\\current\\BrowserAI.Measure.exe","settings":{},"hold":false}
{"t":"2026-10-08T14:12:46.0394182Z","event":"watch","image":"%USERPROFILE%\\AppData\\Local\\BrowserAI.Measure\\current\\BrowserAI.Measure.exe","pid":24924,"role":"started-by-orchestrator","created":"2026-10-08T14:12:46.0347401Z"}
{"t":"2026-10-08T14:12:46.3027472Z","event":"exited","exitedUtc":"2026-10-08T14:12:46.2291111Z","exitCode":0,"pid":24924,"role":"started-by-orchestrator","created":"2026-10-08T14:12:46.0347401Z","run":"M1-D-1","image":"%USERPROFILE%\\AppData\\Local\\BrowserAI.Measure\\current\\BrowserAI.Measure.exe"}
{"t":"2026-10-08T14:12:47.1391827Z","event":"run-end","run":"M1-D-1","elapsedSeconds":1.1,"versionBefore":"1.0.0","timedOut":false,"versionAfter":"1.0.0"}
{"t":"2026-10-08T14:12:47.1776783Z","event":"run-start","run":"M1-E-1","arguments":["check","C:\\Source\\SixFive7\\BrowserAI\\.work\\step0-velopack\\feeds\\win-1.0.1-plus-beta-alpha"],"file":"%USERPROFILE%\\AppData\\Local\\BrowserAI.Measure\\current\\BrowserAI.Measure.exe","settings":{},"hold":false}
{"t":"2026-10-08T14:12:47.1858222Z","event":"watch","image":"%USERPROFILE%\\AppData\\Local\\BrowserAI.Measure\\current\\BrowserAI.Measure.exe","pid":71384,"role":"started-by-orchestrator","created":"2026-10-08T14:12:47.1808738Z"}
{"t":"2026-10-08T14:12:47.4000260Z","event":"exited","exitedUtc":"2026-10-08T14:12:47.3686887Z","exitCode":0,"pid":71384,"role":"started-by-orchestrator","created":"2026-10-08T14:12:47.1808738Z","run":"M1-E-1","image":"%USERPROFILE%\\AppData\\Local\\BrowserAI.Measure\\current\\BrowserAI.Measure.exe"}
{"t":"2026-10-08T14:12:48.2328556Z","event":"run-end","run":"M1-E-1","elapsedSeconds":1.05,"versionBefore":"1.0.0","timedOut":false,"versionAfter":"1.0.0"}
{"t":"2026-10-08T14:12:48.2560265Z","event":"run-start","run":"M1-F-1","arguments":["check","C:\\Source\\SixFive7\\BrowserAI\\.work\\step0-velopack\\feeds\\win-1.0.1-plus-beta-alpha","--channel=beta"],"file":"%USERPROFILE%\\AppData\\Local\\BrowserAI.Measure\\current\\BrowserAI.Measure.exe","settings":{},"hold":false}
{"t":"2026-10-08T14:12:48.2632336Z","event":"watch","image":"%USERPROFILE%\\AppData\\Local\\BrowserAI.Measure\\current\\BrowserAI.Measure.exe","pid":66184,"role":"started-by-orchestrator","created":"2026-10-08T14:12:48.2588720Z"}
{"t":"2026-10-08T14:12:48.4766072Z","event":"exited","exitedUtc":"2026-10-08T14:12:48.4501615Z","exitCode":0,"pid":66184,"role":"started-by-orchestrator","created":"2026-10-08T14:12:48.2588720Z","run":"M1-F-1","image":"%USERPROFILE%\\AppData\\Local\\BrowserAI.Measure\\current\\BrowserAI.Measure.exe"}
{"t":"2026-10-08T14:12:49.3070620Z","event":"run-end","run":"M1-F-1","elapsedSeconds":1.05,"versionBefore":"1.0.0","timedOut":false,"versionAfter":"1.0.0"}
{"t":"2026-10-08T14:12:49.3329429Z","event":"run-start","run":"M1-B-2","arguments":["check","C:\\Source\\SixFive7\\BrowserAI\\.work\\step0-velopack\\feeds\\after-1.0.1"],"file":"%USERPROFILE%\\AppData\\Local\\BrowserAI.Measure\\current\\BrowserAI.Measure.exe","settings":{},"hold":false}
{"t":"2026-10-08T14:12:49.3382020Z","event":"watch","image":"%USERPROFILE%\\AppData\\Local\\BrowserAI.Measure\\current\\BrowserAI.Measure.exe","pid":39320,"role":"started-by-orchestrator","created":"2026-10-08T14:12:49.3359184Z"}
{"t":"2026-10-08T14:12:49.5981429Z","event":"exited","exitedUtc":"2026-10-08T14:12:49.5215279Z","exitCode":0,"pid":39320,"role":"started-by-orchestrator","created":"2026-10-08T14:12:49.3359184Z","run":"M1-B-2","image":"%USERPROFILE%\\AppData\\Local\\BrowserAI.Measure\\current\\BrowserAI.Measure.exe"}
{"t":"2026-10-08T14:12:50.4503466Z","event":"run-end","run":"M1-B-2","elapsedSeconds":1.11,"versionBefore":"1.0.0","timedOut":false,"versionAfter":"1.0.0"}
{"t":"2026-10-08T14:12:50.4761205Z","event":"run-start","run":"M1-C-2","arguments":["check","C:\\Source\\SixFive7\\BrowserAI\\.work\\step0-velopack\\feeds\\after-1.0.2-alpha.1"],"file":"%USERPROFILE%\\AppData\\Local\\BrowserAI.Measure\\current\\BrowserAI.Measure.exe","settings":{},"hold":false}
{"t":"2026-10-08T14:12:50.5144601Z","event":"watch","image":"%USERPROFILE%\\AppData\\Local\\BrowserAI.Measure\\current\\BrowserAI.Measure.exe","pid":43932,"role":"started-by-orchestrator","created":"2026-10-08T14:12:50.5116661Z"}
{"t":"2026-10-08T14:12:50.7151583Z","event":"exited","exitedUtc":"2026-10-08T14:12:50.6956674Z","exitCode":0,"pid":43932,"role":"started-by-orchestrator","created":"2026-10-08T14:12:50.5116661Z","run":"M1-C-2","image":"%USERPROFILE%\\AppData\\Local\\BrowserAI.Measure\\current\\BrowserAI.Measure.exe"}
{"t":"2026-10-08T14:12:51.5412487Z","event":"run-end","run":"M1-C-2","elapsedSeconds":1.06,"versionBefore":"1.0.0","timedOut":false,"versionAfter":"1.0.0"}
{"t":"2026-10-08T14:12:51.5675136Z","event":"run-start","run":"M1-D-2","arguments":["check","C:\\Source\\SixFive7\\BrowserAI\\.work\\step0-velopack\\feeds\\after-1.0.2"],"file":"%USERPROFILE%\\AppData\\Local\\BrowserAI.Measure\\current\\BrowserAI.Measure.exe","settings":{},"hold":false}
{"t":"2026-10-08T14:12:51.5728523Z","event":"watch","image":"%USERPROFILE%\\AppData\\Local\\BrowserAI.Measure\\current\\BrowserAI.Measure.exe","pid":48600,"role":"started-by-orchestrator","created":"2026-10-08T14:12:51.5703516Z"}
{"t":"2026-10-08T14:12:51.7729049Z","event":"exited","exitedUtc":"2026-10-08T14:12:51.7505238Z","exitCode":0,"pid":48600,"role":"started-by-orchestrator","created":"2026-10-08T14:12:51.5703516Z","run":"M1-D-2","image":"%USERPROFILE%\\AppData\\Local\\BrowserAI.Measure\\current\\BrowserAI.Measure.exe"}
{"t":"2026-10-08T14:12:52.6113708Z","event":"run-end","run":"M1-D-2","elapsedSeconds":1.04,"versionBefore":"1.0.0","timedOut":false,"versionAfter":"1.0.0"}
{"t":"2026-10-08T14:12:52.6362597Z","event":"run-start","run":"M1-E-2","arguments":["check","C:\\Source\\SixFive7\\BrowserAI\\.work\\step0-velopack\\feeds\\win-1.0.1-plus-beta-alpha"],"file":"%USERPROFILE%\\AppData\\Local\\BrowserAI.Measure\\current\\BrowserAI.Measure.exe","settings":{},"hold":false}
{"t":"2026-10-08T14:12:52.6412745Z","event":"watch","image":"%USERPROFILE%\\AppData\\Local\\BrowserAI.Measure\\current\\BrowserAI.Measure.exe","pid":69000,"role":"started-by-orchestrator","created":"2026-10-08T14:12:52.6387610Z"}
{"t":"2026-10-08T14:12:52.9148152Z","event":"exited","exitedUtc":"2026-10-08T14:12:52.8806245Z","exitCode":0,"pid":69000,"role":"started-by-orchestrator","created":"2026-10-08T14:12:52.6387610Z","run":"M1-E-2","image":"%USERPROFILE%\\AppData\\Local\\BrowserAI.Measure\\current\\BrowserAI.Measure.exe"}
{"t":"2026-10-08T14:12:53.7421371Z","event":"run-end","run":"M1-E-2","elapsedSeconds":1.1,"versionBefore":"1.0.0","timedOut":false,"versionAfter":"1.0.0"}
{"t":"2026-10-08T14:12:53.7659950Z","event":"run-start","run":"M1-F-2","arguments":["check","C:\\Source\\SixFive7\\BrowserAI\\.work\\step0-velopack\\feeds\\win-1.0.1-plus-beta-alpha","--channel=beta"],"file":"%USERPROFILE%\\AppData\\Local\\BrowserAI.Measure\\current\\BrowserAI.Measure.exe","settings":{},"hold":false}
{"t":"2026-10-08T14:12:53.7707786Z","event":"watch","image":"%USERPROFILE%\\AppData\\Local\\BrowserAI.Measure\\current\\BrowserAI.Measure.exe","pid":33020,"role":"started-by-orchestrator","created":"2026-10-08T14:12:53.7686178Z"}
{"t":"2026-10-08T14:12:54.0396342Z","event":"exited","exitedUtc":"2026-10-08T14:12:53.9584260Z","exitCode":0,"pid":33020,"role":"started-by-orchestrator","created":"2026-10-08T14:12:53.7686178Z","run":"M1-F-2","image":"%USERPROFILE%\\AppData\\Local\\BrowserAI.Measure\\current\\BrowserAI.Measure.exe"}
{"t":"2026-10-08T14:12:54.8663634Z","event":"run-end","run":"M1-F-2","elapsedSeconds":1.1,"versionBefore":"1.0.0","timedOut":false,"versionAfter":"1.0.0"}
{"t":"2026-10-08T14:12:54.8853300Z","event":"run-start","run":"M1-B-3","arguments":["check","C:\\Source\\SixFive7\\BrowserAI\\.work\\step0-velopack\\feeds\\after-1.0.1"],"file":"%USERPROFILE%\\AppData\\Local\\BrowserAI.Measure\\current\\BrowserAI.Measure.exe","settings":{},"hold":false}
{"t":"2026-10-08T14:12:54.8895508Z","event":"watch","image":"%USERPROFILE%\\AppData\\Local\\BrowserAI.Measure\\current\\BrowserAI.Measure.exe","pid":85928,"role":"started-by-orchestrator","created":"2026-10-08T14:12:54.8876471Z"}
{"t":"2026-10-08T14:12:55.1470714Z","event":"exited","exitedUtc":"2026-10-08T14:12:55.0697499Z","exitCode":0,"pid":85928,"role":"started-by-orchestrator","created":"2026-10-08T14:12:54.8876471Z","run":"M1-B-3","image":"%USERPROFILE%\\AppData\\Local\\BrowserAI.Measure\\current\\BrowserAI.Measure.exe"}
{"t":"2026-10-08T14:12:55.9784281Z","event":"run-end","run":"M1-B-3","elapsedSeconds":1.09,"versionBefore":"1.0.0","timedOut":false,"versionAfter":"1.0.0"}
{"t":"2026-10-08T14:12:55.9974770Z","event":"run-start","run":"M1-C-3","arguments":["check","C:\\Source\\SixFive7\\BrowserAI\\.work\\step0-velopack\\feeds\\after-1.0.2-alpha.1"],"file":"%USERPROFILE%\\AppData\\Local\\BrowserAI.Measure\\current\\BrowserAI.Measure.exe","settings":{},"hold":false}
{"t":"2026-10-08T14:12:56.0018373Z","event":"watch","image":"%USERPROFILE%\\AppData\\Local\\BrowserAI.Measure\\current\\BrowserAI.Measure.exe","pid":35636,"role":"started-by-orchestrator","created":"2026-10-08T14:12:55.9998774Z"}
{"t":"2026-10-08T14:12:56.2694772Z","event":"exited","exitedUtc":"2026-10-08T14:12:56.1853830Z","exitCode":0,"pid":35636,"role":"started-by-orchestrator","created":"2026-10-08T14:12:55.9998774Z","run":"M1-C-3","image":"%USERPROFILE%\\AppData\\Local\\BrowserAI.Measure\\current\\BrowserAI.Measure.exe"}
{"t":"2026-10-08T14:12:57.1013117Z","event":"run-end","run":"M1-C-3","elapsedSeconds":1.1,"versionBefore":"1.0.0","timedOut":false,"versionAfter":"1.0.0"}
{"t":"2026-10-08T14:12:57.1191848Z","event":"run-start","run":"M1-D-3","arguments":["check","C:\\Source\\SixFive7\\BrowserAI\\.work\\step0-velopack\\feeds\\after-1.0.2"],"file":"%USERPROFILE%\\AppData\\Local\\BrowserAI.Measure\\current\\BrowserAI.Measure.exe","settings":{},"hold":false}
{"t":"2026-10-08T14:12:57.1237886Z","event":"watch","image":"%USERPROFILE%\\AppData\\Local\\BrowserAI.Measure\\current\\BrowserAI.Measure.exe","pid":96128,"role":"started-by-orchestrator","created":"2026-10-08T14:12:57.1214777Z"}
{"t":"2026-10-08T14:12:57.3818047Z","event":"exited","exitedUtc":"2026-10-08T14:12:57.3252227Z","exitCode":0,"pid":96128,"role":"started-by-orchestrator","created":"2026-10-08T14:12:57.1214777Z","run":"M1-D-3","image":"%USERPROFILE%\\AppData\\Local\\BrowserAI.Measure\\current\\BrowserAI.Measure.exe"}
{"t":"2026-10-08T14:12:58.2589500Z","event":"run-end","run":"M1-D-3","elapsedSeconds":1.14,"versionBefore":"1.0.0","timedOut":false,"versionAfter":"1.0.0"}
{"t":"2026-10-08T14:12:58.3159929Z","event":"run-start","run":"M1-E-3","arguments":["check","C:\\Source\\SixFive7\\BrowserAI\\.work\\step0-velopack\\feeds\\win-1.0.1-plus-beta-alpha"],"file":"%USERPROFILE%\\AppData\\Local\\BrowserAI.Measure\\current\\BrowserAI.Measure.exe","settings":{},"hold":false}
{"t":"2026-10-08T14:12:58.3233296Z","event":"watch","image":"%USERPROFILE%\\AppData\\Local\\BrowserAI.Measure\\current\\BrowserAI.Measure.exe","pid":100388,"role":"started-by-orchestrator","created":"2026-10-08T14:12:58.3208122Z"}
{"t":"2026-10-08T14:12:58.6146255Z","event":"exited","exitedUtc":"2026-10-08T14:12:58.5271211Z","exitCode":0,"pid":100388,"role":"started-by-orchestrator","created":"2026-10-08T14:12:58.3208122Z","run":"M1-E-3","image":"%USERPROFILE%\\AppData\\Local\\BrowserAI.Measure\\current\\BrowserAI.Measure.exe"}
{"t":"2026-10-08T14:12:59.4458705Z","event":"run-end","run":"M1-E-3","elapsedSeconds":1.13,"versionBefore":"1.0.0","timedOut":false,"versionAfter":"1.0.0"}
{"t":"2026-10-08T14:12:59.4642448Z","event":"run-start","run":"M1-F-3","arguments":["check","C:\\Source\\SixFive7\\BrowserAI\\.work\\step0-velopack\\feeds\\win-1.0.1-plus-beta-alpha","--channel=beta"],"file":"%USERPROFILE%\\AppData\\Local\\BrowserAI.Measure\\current\\BrowserAI.Measure.exe","settings":{},"hold":false}
{"t":"2026-10-08T14:12:59.4686556Z","event":"watch","image":"%USERPROFILE%\\AppData\\Local\\BrowserAI.Measure\\current\\BrowserAI.Measure.exe","pid":32776,"role":"started-by-orchestrator","created":"2026-10-08T14:12:59.4667259Z"}
{"t":"2026-10-08T14:12:59.6707286Z","event":"exited","exitedUtc":"2026-10-08T14:12:59.6511290Z","exitCode":0,"pid":32776,"role":"started-by-orchestrator","created":"2026-10-08T14:12:59.4667259Z","run":"M1-F-3","image":"%USERPROFILE%\\AppData\\Local\\BrowserAI.Measure\\current\\BrowserAI.Measure.exe"}
{"t":"2026-10-08T14:13:00.5248198Z","event":"run-end","run":"M1-F-3","elapsedSeconds":1.06,"versionBefore":"1.0.0","timedOut":false,"versionAfter":"1.0.0"}
{"t":"2026-10-08T14:13:00.5494678Z","event":"run-start","run":"M2-1","arguments":["update","C:\\Source\\SixFive7\\BrowserAI\\.work\\step0-velopack\\feeds\\after-1.0.1","restart","restarted","--run=M2-1","two words","embedded\"quote","trailing\\"],"file":"%USERPROFILE%\\AppData\\Local\\BrowserAI.Measure\\current\\BrowserAI.Measure.exe","settings":{},"hold":false}
{"t":"2026-10-08T14:13:00.5569945Z","event":"watch","image":"%USERPROFILE%\\AppData\\Local\\BrowserAI.Measure\\current\\BrowserAI.Measure.exe","pid":86376,"role":"started-by-orchestrator","created":"2026-10-08T14:13:00.5523021Z"}
{"t":"2026-10-08T14:13:01.0098923Z","event":"watch","image":"%USERPROFILE%\\AppData\\Local\\BrowserAI.Measure\\Update.exe","pid":16420,"role":"Update.exe","created":"2026-10-08T14:13:00.9803343Z"}
{"t":"2026-10-08T14:13:01.0708954Z","event":"exited","exitedUtc":"2026-10-08T14:13:00.9977685Z","exitCode":0,"pid":86376,"role":"started-by-orchestrator","created":"2026-10-08T14:13:00.5523021Z","run":"M2-1","image":"%USERPROFILE%\\AppData\\Local\\BrowserAI.Measure\\current\\BrowserAI.Measure.exe"}
{"t":"2026-10-08T14:13:01.1919760Z","event":"watch","image":null,"pid":72520,"role":"stand-in --veloapp-obsolete","created":"2026-10-08T14:13:01.0310854Z"}
{"t":"2026-10-08T14:13:01.1961995Z","event":"exited","exitedUtc":"2026-10-08T14:13:01.1745211Z","exitCode":0,"pid":72520,"role":"stand-in --veloapp-obsolete","created":"2026-10-08T14:13:01.0310854Z","run":"M2-1","image":null}
{"t":"2026-10-08T14:13:02.0672457Z","event":"watch","image":null,"pid":25516,"role":"stand-in --veloapp-updated","created":"2026-10-08T14:13:01.8886986Z"}
{"t":"2026-10-08T14:13:02.0729317Z","event":"exited","exitedUtc":"2026-10-08T14:13:02.0250519Z","exitCode":0,"pid":25516,"role":"stand-in --veloapp-updated","created":"2026-10-08T14:13:01.8886986Z","run":"M2-1","image":null}
{"t":"2026-10-08T14:13:02.8355471Z","event":"exited","exitedUtc":"2026-10-08T14:13:02.8075113Z","exitCode":0,"pid":16420,"role":"Update.exe","created":"2026-10-08T14:13:00.9803343Z","run":"M2-1","image":"%USERPROFILE%\\AppData\\Local\\BrowserAI.Measure\\Update.exe"}
{"t":"2026-10-08T14:13:02.9618206Z","event":"watch","image":"%USERPROFILE%\\AppData\\Local\\BrowserAI.Measure\\current\\BrowserAI.Measure.exe","pid":65956,"role":"stand-in restarted","created":"2026-10-08T14:13:02.7986576Z"}
{"t":"2026-10-08T14:13:03.0217346Z","event":"exited","exitedUtc":"2026-10-08T14:13:02.9834562Z","exitCode":0,"pid":65956,"role":"stand-in restarted","created":"2026-10-08T14:13:02.7986576Z","run":"M2-1","image":"%USERPROFILE%\\AppData\\Local\\BrowserAI.Measure\\current\\BrowserAI.Measure.exe"}
{"t":"2026-10-08T14:13:05.5625310Z","event":"run-end","run":"M2-1","elapsedSeconds":5.01,"versionBefore":"1.0.0","timedOut":false,"versionAfter":"1.0.1"}
{"t":"2026-10-08T14:13:05.5986309Z","event":"run-start","run":"M2-2","arguments":["update","C:\\Source\\SixFive7\\BrowserAI\\.work\\step0-velopack\\feeds\\after-1.0.2","restart","restarted","--run=M2-2","two words","embedded\"quote","trailing\\"],"file":"%USERPROFILE%\\AppData\\Local\\BrowserAI.Measure\\current\\BrowserAI.Measure.exe","settings":{},"hold":false}
{"t":"2026-10-08T14:13:05.6378355Z","event":"watch","image":"%USERPROFILE%\\AppData\\Local\\BrowserAI.Measure\\current\\BrowserAI.Measure.exe","pid":36380,"role":"started-by-orchestrator","created":"2026-10-08T14:13:05.6328210Z"}
{"t":"2026-10-08T14:13:06.2494230Z","event":"watch","image":"%USERPROFILE%\\AppData\\Local\\BrowserAI.Measure\\Update.exe","pid":99444,"role":"Update.exe","created":"2026-10-08T14:13:06.1795629Z"}
{"t":"2026-10-08T14:13:06.2544380Z","event":"exited","exitedUtc":"2026-10-08T14:13:06.2038815Z","exitCode":0,"pid":36380,"role":"started-by-orchestrator","created":"2026-10-08T14:13:05.6328210Z","run":"M2-2","image":"%USERPROFILE%\\AppData\\Local\\BrowserAI.Measure\\current\\BrowserAI.Measure.exe"}
{"t":"2026-10-08T14:13:06.4408415Z","event":"watch","image":null,"pid":97400,"role":"stand-in --veloapp-obsolete","created":"2026-10-08T14:13:06.2465553Z"}
{"t":"2026-10-08T14:13:06.4459652Z","event":"exited","exitedUtc":"2026-10-08T14:13:06.4063490Z","exitCode":0,"pid":97400,"role":"stand-in --veloapp-obsolete","created":"2026-10-08T14:13:06.2465553Z","run":"M2-2","image":null}
{"t":"2026-10-08T14:13:07.3152151Z","event":"watch","image":null,"pid":109228,"role":"stand-in --veloapp-updated","created":"2026-10-08T14:13:07.1404420Z"}
{"t":"2026-10-08T14:13:07.3193071Z","event":"exited","exitedUtc":"2026-10-08T14:13:07.2759231Z","exitCode":0,"pid":109228,"role":"stand-in --veloapp-updated","created":"2026-10-08T14:13:07.1404420Z","run":"M2-2","image":null}
{"t":"2026-10-08T14:13:08.3805821Z","event":"exited","exitedUtc":"2026-10-08T14:13:08.3315245Z","exitCode":0,"pid":99444,"role":"Update.exe","created":"2026-10-08T14:13:06.1795629Z","run":"M2-2","image":"%USERPROFILE%\\AppData\\Local\\BrowserAI.Measure\\Update.exe"}
{"t":"2026-10-08T14:13:08.5040192Z","event":"watch","image":null,"pid":70312,"role":"stand-in restarted","created":"2026-10-08T14:13:08.3217260Z"}
{"t":"2026-10-08T14:13:08.5675021Z","event":"exited","exitedUtc":"2026-10-08T14:13:08.4910809Z","exitCode":0,"pid":70312,"role":"stand-in restarted","created":"2026-10-08T14:13:08.3217260Z","run":"M2-2","image":null}
{"t":"2026-10-08T14:13:11.1503118Z","event":"run-end","run":"M2-2","elapsedSeconds":5.55,"versionBefore":"1.0.1","timedOut":false,"versionAfter":"1.0.2"}
{"t":"2026-10-08T14:13:11.1717423Z","event":"run-start","run":"M2-3","arguments":["update","C:\\Source\\SixFive7\\BrowserAI\\.work\\step0-velopack\\feeds\\after-1.0.3","restart","restarted","--run=M2-3","two words","embedded\"quote","trailing\\"],"file":"%USERPROFILE%\\AppData\\Local\\BrowserAI.Measure\\current\\BrowserAI.Measure.exe","settings":{},"hold":false}
{"t":"2026-10-08T14:13:11.1790955Z","event":"watch","image":"%USERPROFILE%\\AppData\\Local\\BrowserAI.Measure\\current\\BrowserAI.Measure.exe","pid":58520,"role":"started-by-orchestrator","created":"2026-10-08T14:13:11.1740607Z"}
{"t":"2026-10-08T14:13:11.6452857Z","event":"watch","image":"%USERPROFILE%\\AppData\\Local\\BrowserAI.Measure\\Update.exe","pid":70296,"role":"Update.exe","created":"2026-10-08T14:13:11.6166787Z"}
{"t":"2026-10-08T14:13:11.7093344Z","event":"exited","exitedUtc":"2026-10-08T14:13:11.6351948Z","exitCode":0,"pid":58520,"role":"started-by-orchestrator","created":"2026-10-08T14:13:11.1740607Z","run":"M2-3","image":"%USERPROFILE%\\AppData\\Local\\BrowserAI.Measure\\current\\BrowserAI.Measure.exe"}
{"t":"2026-10-08T14:13:11.8370004Z","event":"watch","image":null,"pid":34668,"role":"stand-in --veloapp-obsolete","created":"2026-10-08T14:13:11.6709526Z"}
{"t":"2026-10-08T14:13:11.8418193Z","event":"exited","exitedUtc":"2026-10-08T14:13:11.8206054Z","exitCode":0,"pid":34668,"role":"stand-in --veloapp-obsolete","created":"2026-10-08T14:13:11.6709526Z","run":"M2-3","image":null}
{"t":"2026-10-08T14:13:12.6023065Z","event":"watch","image":null,"pid":74012,"role":"stand-in --veloapp-updated","created":"2026-10-08T14:13:12.4542639Z"}
{"t":"2026-10-08T14:13:12.6081375Z","event":"exited","exitedUtc":"2026-10-08T14:13:12.5932308Z","exitCode":0,"pid":74012,"role":"stand-in --veloapp-updated","created":"2026-10-08T14:13:12.4542639Z","run":"M2-3","image":null}
{"t":"2026-10-08T14:13:13.5060048Z","event":"exited","exitedUtc":"2026-10-08T14:13:13.4898019Z","exitCode":0,"pid":70296,"role":"Update.exe","created":"2026-10-08T14:13:11.6166787Z","run":"M2-3","image":"%USERPROFILE%\\AppData\\Local\\BrowserAI.Measure\\Update.exe"}
{"t":"2026-10-08T14:13:13.6368748Z","event":"watch","image":"%USERPROFILE%\\AppData\\Local\\BrowserAI.Measure\\current\\BrowserAI.Measure.exe","pid":92920,"role":"stand-in restarted","created":"2026-10-08T14:13:13.4808657Z"}
{"t":"2026-10-08T14:13:13.7098335Z","event":"exited","exitedUtc":"2026-10-08T14:13:13.6402081Z","exitCode":0,"pid":92920,"role":"stand-in restarted","created":"2026-10-08T14:13:13.4808657Z","run":"M2-3","image":"%USERPROFILE%\\AppData\\Local\\BrowserAI.Measure\\current\\BrowserAI.Measure.exe"}
{"t":"2026-10-08T14:13:16.2941347Z","event":"run-end","run":"M2-3","elapsedSeconds":5.12,"versionBefore":"1.0.2","timedOut":false,"versionAfter":"1.0.3"}
{"t":"2026-10-08T14:13:16.3385209Z","event":"locked-file-held","run":"M3-1","path":"%USERPROFILE%\\AppData\\Local\\BrowserAI.Measure\\current\\measure-lock.txt","share":"None"}
{"t":"2026-10-08T14:13:16.3414948Z","event":"run-start","run":"M3-1","arguments":["update","C:\\Source\\SixFive7\\BrowserAI\\.work\\step0-velopack\\feeds\\after-1.0.4","restart","restarted","--run=M3-1","two words","embedded\"quote","trailing\\"],"file":"%USERPROFILE%\\AppData\\Local\\BrowserAI.Measure\\current\\BrowserAI.Measure.exe","settings":{},"hold":true}
{"t":"2026-10-08T14:13:16.3575078Z","event":"watch","image":"%USERPROFILE%\\AppData\\Local\\BrowserAI.Measure\\current\\BrowserAI.Measure.exe","pid":105516,"role":"started-by-orchestrator","created":"2026-10-08T14:13:16.3520756Z"}
{"t":"2026-10-08T14:13:16.9258260Z","event":"watch","image":"%USERPROFILE%\\AppData\\Local\\BrowserAI.Measure\\Update.exe","pid":106996,"role":"Update.exe","created":"2026-10-08T14:13:16.8774562Z"}
{"t":"2026-10-08T14:13:16.9307703Z","event":"exited","exitedUtc":"2026-10-08T14:13:16.9035578Z","exitCode":0,"pid":105516,"role":"started-by-orchestrator","created":"2026-10-08T14:13:16.3520756Z","run":"M3-1","image":"%USERPROFILE%\\AppData\\Local\\BrowserAI.Measure\\current\\BrowserAI.Measure.exe"}
{"t":"2026-10-08T14:13:17.1181785Z","event":"watch","image":null,"pid":97020,"role":"stand-in --veloapp-obsolete","created":"2026-10-08T14:13:16.9449109Z"}
{"t":"2026-10-08T14:13:17.1234356Z","event":"exited","exitedUtc":"2026-10-08T14:13:17.1034035Z","exitCode":0,"pid":97020,"role":"stand-in --veloapp-obsolete","created":"2026-10-08T14:13:16.9449109Z","run":"M3-1","image":null}
{"t":"2026-10-08T14:13:27.9591669Z","event":"exited","exitedUtc":"2026-10-08T14:13:27.9043234Z","exitCode":1,"pid":106996,"role":"Update.exe","created":"2026-10-08T14:13:16.8774562Z","run":"M3-1","image":"%USERPROFILE%\\AppData\\Local\\BrowserAI.Measure\\Update.exe"}
{"t":"2026-10-08T14:13:28.0809470Z","event":"watch-missed","pid":104420,"role":"stand-in restarted","why":"OpenProcess failed: already gone"}
{"t":"2026-10-08T14:13:30.5851682Z","event":"locked-file-released","run":"M3-1"}
{"t":"2026-10-08T14:13:30.6099632Z","event":"run-end","run":"M3-1","elapsedSeconds":14.26,"versionBefore":"1.0.3","timedOut":false,"versionAfter":"1.0.3"}
{"t":"2026-10-08T14:13:30.6362938Z","event":"run-start","run":"M3-1-after","arguments":["info"],"file":"%USERPROFILE%\\AppData\\Local\\BrowserAI.Measure\\current\\BrowserAI.Measure.exe","settings":{},"hold":false}
{"t":"2026-10-08T14:13:30.6442559Z","event":"watch","image":"%USERPROFILE%\\AppData\\Local\\BrowserAI.Measure\\current\\BrowserAI.Measure.exe","pid":85072,"role":"started-by-orchestrator","created":"2026-10-08T14:13:30.6389818Z"}
{"t":"2026-10-08T14:13:30.8963919Z","event":"exited","exitedUtc":"2026-10-08T14:13:30.8204470Z","exitCode":0,"pid":85072,"role":"started-by-orchestrator","created":"2026-10-08T14:13:30.6389818Z","run":"M3-1-after","image":"%USERPROFILE%\\AppData\\Local\\BrowserAI.Measure\\current\\BrowserAI.Measure.exe"}
{"t":"2026-10-08T14:13:33.4721060Z","event":"run-end","run":"M3-1-after","elapsedSeconds":2.83,"versionBefore":"1.0.3","timedOut":false,"versionAfter":"1.0.3"}
{"t":"2026-10-08T14:13:33.4928051Z","event":"locked-file-held","run":"M3-2","path":"%USERPROFILE%\\AppData\\Local\\BrowserAI.Measure\\current\\measure-lock.txt","share":"None"}
{"t":"2026-10-08T14:13:33.4940470Z","event":"run-start","run":"M3-2","arguments":["update","C:\\Source\\SixFive7\\BrowserAI\\.work\\step0-velopack\\feeds\\after-1.0.4","restart","restarted","--run=M3-2","two words","embedded\"quote","trailing\\"],"file":"%USERPROFILE%\\AppData\\Local\\BrowserAI.Measure\\current\\BrowserAI.Measure.exe","settings":{},"hold":true}
{"t":"2026-10-08T14:13:33.5086007Z","event":"watch","image":"%USERPROFILE%\\AppData\\Local\\BrowserAI.Measure\\current\\BrowserAI.Measure.exe","pid":72012,"role":"started-by-orchestrator","created":"2026-10-08T14:13:33.5034595Z"}
{"t":"2026-10-08T14:13:33.8079916Z","event":"watch","image":"%USERPROFILE%\\AppData\\Local\\BrowserAI.Measure\\Update.exe","pid":70752,"role":"Update.exe","created":"2026-10-08T14:13:33.7710186Z"}
{"t":"2026-10-08T14:13:33.8135965Z","event":"exited","exitedUtc":"2026-10-08T14:13:33.7855663Z","exitCode":0,"pid":72012,"role":"started-by-orchestrator","created":"2026-10-08T14:13:33.5034595Z","run":"M3-2","image":"%USERPROFILE%\\AppData\\Local\\BrowserAI.Measure\\current\\BrowserAI.Measure.exe"}
{"t":"2026-10-08T14:13:34.0824449Z","event":"watch","image":null,"pid":99384,"role":"stand-in --veloapp-obsolete","created":"2026-10-08T14:13:33.8343837Z"}
{"t":"2026-10-08T14:13:34.1469617Z","event":"exited","exitedUtc":"2026-10-08T14:13:34.0680995Z","exitCode":0,"pid":99384,"role":"stand-in --veloapp-obsolete","created":"2026-10-08T14:13:33.8343837Z","run":"M3-2","image":null}
{"t":"2026-10-08T14:13:45.1322687Z","event":"exited","exitedUtc":"2026-10-08T14:13:45.1172036Z","exitCode":1,"pid":70752,"role":"Update.exe","created":"2026-10-08T14:13:33.7710186Z","run":"M3-2","image":"%USERPROFILE%\\AppData\\Local\\BrowserAI.Measure\\Update.exe"}
{"t":"2026-10-08T14:13:45.3224203Z","event":"watch","image":"%USERPROFILE%\\AppData\\Local\\BrowserAI.Measure\\current\\BrowserAI.Measure.exe","pid":104552,"role":"stand-in restarted","created":"2026-10-08T14:13:45.1082374Z"}
{"t":"2026-10-08T14:13:45.4003604Z","event":"exited","exitedUtc":"2026-10-08T14:13:45.3287202Z","exitCode":0,"pid":104552,"role":"stand-in restarted","created":"2026-10-08T14:13:45.1082374Z","run":"M3-2","image":"%USERPROFILE%\\AppData\\Local\\BrowserAI.Measure\\current\\BrowserAI.Measure.exe"}
{"t":"2026-10-08T14:13:47.9437637Z","event":"locked-file-released","run":"M3-2"}
{"t":"2026-10-08T14:13:47.9679309Z","event":"run-end","run":"M3-2","elapsedSeconds":14.47,"versionBefore":"1.0.3","timedOut":false,"versionAfter":"1.0.3"}
{"t":"2026-10-08T14:13:47.9895196Z","event":"run-start","run":"M3-2-after","arguments":["info"],"file":"%USERPROFILE%\\AppData\\Local\\BrowserAI.Measure\\current\\BrowserAI.Measure.exe","settings":{},"hold":false}
{"t":"2026-10-08T14:13:47.9943385Z","event":"watch","image":"%USERPROFILE%\\AppData\\Local\\BrowserAI.Measure\\current\\BrowserAI.Measure.exe","pid":103564,"role":"started-by-orchestrator","created":"2026-10-08T14:13:47.9921069Z"}
{"t":"2026-10-08T14:13:48.1923230Z","event":"exited","exitedUtc":"2026-10-08T14:13:48.1462565Z","exitCode":0,"pid":103564,"role":"started-by-orchestrator","created":"2026-10-08T14:13:47.9921069Z","run":"M3-2-after","image":"%USERPROFILE%\\AppData\\Local\\BrowserAI.Measure\\current\\BrowserAI.Measure.exe"}
{"t":"2026-10-08T14:13:50.7595941Z","event":"run-end","run":"M3-2-after","elapsedSeconds":2.77,"versionBefore":"1.0.3","timedOut":false,"versionAfter":"1.0.3"}
{"t":"2026-10-08T14:13:50.7805435Z","event":"locked-file-held","run":"M3-3","path":"%USERPROFILE%\\AppData\\Local\\BrowserAI.Measure\\current\\measure-lock.txt","share":"None"}
{"t":"2026-10-08T14:13:50.7817153Z","event":"run-start","run":"M3-3","arguments":["update","C:\\Source\\SixFive7\\BrowserAI\\.work\\step0-velopack\\feeds\\after-1.0.4","restart","restarted","--run=M3-3","two words","embedded\"quote","trailing\\"],"file":"%USERPROFILE%\\AppData\\Local\\BrowserAI.Measure\\current\\BrowserAI.Measure.exe","settings":{},"hold":true}
{"t":"2026-10-08T14:13:50.7945353Z","event":"watch","image":"%USERPROFILE%\\AppData\\Local\\BrowserAI.Measure\\current\\BrowserAI.Measure.exe","pid":34996,"role":"started-by-orchestrator","created":"2026-10-08T14:13:50.7897171Z"}
{"t":"2026-10-08T14:13:51.0097806Z","event":"watch","image":"%USERPROFILE%\\AppData\\Local\\BrowserAI.Measure\\Update.exe","pid":100900,"role":"Update.exe","created":"2026-10-08T14:13:50.9946111Z"}
{"t":"2026-10-08T14:13:51.0688267Z","event":"exited","exitedUtc":"2026-10-08T14:13:51.0071055Z","exitCode":0,"pid":34996,"role":"started-by-orchestrator","created":"2026-10-08T14:13:50.7897171Z","run":"M3-3","image":"%USERPROFILE%\\AppData\\Local\\BrowserAI.Measure\\current\\BrowserAI.Measure.exe"}
{"t":"2026-10-08T14:13:51.1969068Z","event":"watch","image":null,"pid":47452,"role":"stand-in --veloapp-obsolete","created":"2026-10-08T14:13:51.0328099Z"}
{"t":"2026-10-08T14:13:51.2013774Z","event":"exited","exitedUtc":"2026-10-08T14:13:51.1807603Z","exitCode":0,"pid":47452,"role":"stand-in --veloapp-obsolete","created":"2026-10-08T14:13:51.0328099Z","run":"M3-3","image":null}
{"t":"2026-10-08T14:14:02.0522308Z","event":"exited","exitedUtc":"2026-10-08T14:14:01.9955104Z","exitCode":1,"pid":100900,"role":"Update.exe","created":"2026-10-08T14:13:50.9946111Z","run":"M3-3","image":"%USERPROFILE%\\AppData\\Local\\BrowserAI.Measure\\Update.exe"}
{"t":"2026-10-08T14:14:02.1744306Z","event":"watch-missed","pid":38416,"role":"stand-in restarted","why":"OpenProcess failed: already gone"}
{"t":"2026-10-08T14:14:04.6778857Z","event":"locked-file-released","run":"M3-3"}
{"t":"2026-10-08T14:14:04.7009960Z","event":"run-end","run":"M3-3","elapsedSeconds":13.92,"versionBefore":"1.0.3","timedOut":false,"versionAfter":"1.0.3"}
{"t":"2026-10-08T14:14:04.7251816Z","event":"run-start","run":"M3-3-after","arguments":["info"],"file":"%USERPROFILE%\\AppData\\Local\\BrowserAI.Measure\\current\\BrowserAI.Measure.exe","settings":{},"hold":false}
{"t":"2026-10-08T14:14:04.7296517Z","event":"watch","image":"%USERPROFILE%\\AppData\\Local\\BrowserAI.Measure\\current\\BrowserAI.Measure.exe","pid":59952,"role":"started-by-orchestrator","created":"2026-10-08T14:14:04.7274705Z"}
{"t":"2026-10-08T14:14:04.9273978Z","event":"exited","exitedUtc":"2026-10-08T14:14:04.8885567Z","exitCode":0,"pid":59952,"role":"started-by-orchestrator","created":"2026-10-08T14:14:04.7274705Z","run":"M3-3-after","image":"%USERPROFILE%\\AppData\\Local\\BrowserAI.Measure\\current\\BrowserAI.Measure.exe"}
{"t":"2026-10-08T14:14:07.4948082Z","event":"run-end","run":"M3-3-after","elapsedSeconds":2.77,"versionBefore":"1.0.3","timedOut":false,"versionAfter":"1.0.3"}
{"t":"2026-10-08T14:14:07.5153923Z","event":"run-start","run":"M3-recover","arguments":["update","C:\\Source\\SixFive7\\BrowserAI\\.work\\step0-velopack\\feeds\\after-1.0.4","restart","restarted","--run=M3-recover","two words","embedded\"quote","trailing\\"],"file":"%USERPROFILE%\\AppData\\Local\\BrowserAI.Measure\\current\\BrowserAI.Measure.exe","settings":{},"hold":false}
{"t":"2026-10-08T14:14:07.5226700Z","event":"watch","image":"%USERPROFILE%\\AppData\\Local\\BrowserAI.Measure\\current\\BrowserAI.Measure.exe","pid":23672,"role":"started-by-orchestrator","created":"2026-10-08T14:14:07.5178247Z"}
{"t":"2026-10-08T14:14:07.8093622Z","event":"watch","image":"%USERPROFILE%\\AppData\\Local\\BrowserAI.Measure\\Update.exe","pid":5088,"role":"Update.exe","created":"2026-10-08T14:14:07.7446208Z"}
{"t":"2026-10-08T14:14:07.8152849Z","event":"exited","exitedUtc":"2026-10-08T14:14:07.7531720Z","exitCode":0,"pid":23672,"role":"started-by-orchestrator","created":"2026-10-08T14:14:07.5178247Z","run":"M3-recover","image":"%USERPROFILE%\\AppData\\Local\\BrowserAI.Measure\\current\\BrowserAI.Measure.exe"}
{"t":"2026-10-08T14:14:07.9493585Z","event":"watch","image":null,"pid":75184,"role":"stand-in --veloapp-obsolete","created":"2026-10-08T14:14:07.7859189Z"}
{"t":"2026-10-08T14:14:07.9545894Z","event":"exited","exitedUtc":"2026-10-08T14:14:07.9357566Z","exitCode":0,"pid":75184,"role":"stand-in --veloapp-obsolete","created":"2026-10-08T14:14:07.7859189Z","run":"M3-recover","image":null}
{"t":"2026-10-08T14:14:08.8769867Z","event":"watch","image":null,"pid":43616,"role":"stand-in --veloapp-updated","created":"2026-10-08T14:14:08.7077130Z"}
{"t":"2026-10-08T14:14:08.8810987Z","event":"exited","exitedUtc":"2026-10-08T14:14:08.8481921Z","exitCode":0,"pid":43616,"role":"stand-in --veloapp-updated","created":"2026-10-08T14:14:08.7077130Z","run":"M3-recover","image":null}
{"t":"2026-10-08T14:14:09.8500339Z","event":"exited","exitedUtc":"2026-10-08T14:14:09.8316505Z","exitCode":0,"pid":5088,"role":"Update.exe","created":"2026-10-08T14:14:07.7446208Z","run":"M3-recover","image":"%USERPROFILE%\\AppData\\Local\\BrowserAI.Measure\\Update.exe"}
{"t":"2026-10-08T14:14:09.9788063Z","event":"watch","image":"%USERPROFILE%\\AppData\\Local\\BrowserAI.Measure\\current\\BrowserAI.Measure.exe","pid":107000,"role":"stand-in restarted","created":"2026-10-08T14:14:09.8227888Z"}
{"t":"2026-10-08T14:14:10.0598125Z","event":"exited","exitedUtc":"2026-10-08T14:14:09.9846396Z","exitCode":0,"pid":107000,"role":"stand-in restarted","created":"2026-10-08T14:14:09.8227888Z","run":"M3-recover","image":"%USERPROFILE%\\AppData\\Local\\BrowserAI.Measure\\current\\BrowserAI.Measure.exe"}
{"t":"2026-10-08T14:14:12.7556070Z","event":"run-end","run":"M3-recover","elapsedSeconds":5.24,"versionBefore":"1.0.3","timedOut":false,"versionAfter":"1.0.4"}
{"t":"2026-10-08T14:14:12.7945279Z","event":"run-start","run":"M4a-1","arguments":["update","C:\\Source\\SixFive7\\BrowserAI\\.work\\step0-velopack\\feeds\\after-1.0.5","restart","restarted","--run=M4a-1","two words","embedded\"quote","trailing\\"],"file":"%USERPROFILE%\\AppData\\Local\\BrowserAI.Measure\\current\\BrowserAI.Measure.exe","settings":{"updatedSleepSeconds":90,"heartbeatMilliseconds":100},"hold":false}
{"t":"2026-10-08T14:14:12.8204903Z","event":"watch","image":"%USERPROFILE%\\AppData\\Local\\BrowserAI.Measure\\current\\BrowserAI.Measure.exe","pid":28860,"role":"started-by-orchestrator","created":"2026-10-08T14:14:12.8128511Z"}
{"t":"2026-10-08T14:14:13.5136039Z","event":"watch","image":"%USERPROFILE%\\AppData\\Local\\BrowserAI.Measure\\Update.exe","pid":58744,"role":"Update.exe","created":"2026-10-08T14:14:13.4715900Z"}
{"t":"2026-10-08T14:14:13.5276698Z","event":"exited","exitedUtc":"2026-10-08T14:14:13.4915359Z","exitCode":0,"pid":28860,"role":"started-by-orchestrator","created":"2026-10-08T14:14:12.8128511Z","run":"M4a-1","image":"%USERPROFILE%\\AppData\\Local\\BrowserAI.Measure\\current\\BrowserAI.Measure.exe"}
{"t":"2026-10-08T14:14:13.7955333Z","event":"watch","image":"%USERPROFILE%\\AppData\\Local\\BrowserAI.Measure\\current\\BrowserAI.Measure.exe","pid":105512,"role":"stand-in --veloapp-obsolete","created":"2026-10-08T14:14:13.5540723Z"}
{"t":"2026-10-08T14:14:13.8764046Z","event":"exited","exitedUtc":"2026-10-08T14:14:13.7976456Z","exitCode":0,"pid":105512,"role":"stand-in --veloapp-obsolete","created":"2026-10-08T14:14:13.5540723Z","run":"M4a-1","image":"%USERPROFILE%\\AppData\\Local\\BrowserAI.Measure\\current\\BrowserAI.Measure.exe"}
{"t":"2026-10-08T14:14:15.0709111Z","event":"watch","image":"%USERPROFILE%\\AppData\\Local\\BrowserAI.Measure\\current\\BrowserAI.Measure.exe","pid":12648,"role":"stand-in --veloapp-updated","created":"2026-10-08T14:14:14.6985451Z"}
{"t":"2026-10-08T14:14:29.7299460Z","event":"exited","exitedUtc":"2026-10-08T14:14:29.7067634Z","exitCode":1,"pid":12648,"role":"stand-in --veloapp-updated","created":"2026-10-08T14:14:14.6985451Z","run":"M4a-1","image":"%USERPROFILE%\\AppData\\Local\\BrowserAI.Measure\\current\\BrowserAI.Measure.exe"}
{"t":"2026-10-08T14:14:30.7420492Z","event":"exited","exitedUtc":"2026-10-08T14:14:30.6718920Z","exitCode":0,"pid":58744,"role":"Update.exe","created":"2026-10-08T14:14:13.4715900Z","run":"M4a-1","image":"%USERPROFILE%\\AppData\\Local\\BrowserAI.Measure\\Update.exe"}
{"t":"2026-10-08T14:14:30.8692682Z","event":"watch","image":null,"pid":61908,"role":"stand-in restarted","created":"2026-10-08T14:14:30.6582668Z"}
{"t":"2026-10-08T14:14:30.8748114Z","event":"exited","exitedUtc":"2026-10-08T14:14:30.8490400Z","exitCode":0,"pid":61908,"role":"stand-in restarted","created":"2026-10-08T14:14:30.6582668Z","run":"M4a-1","image":null}
{"t":"2026-10-08T14:14:33.5075696Z","event":"run-end","run":"M4a-1","elapsedSeconds":20.69,"versionBefore":"1.0.4","timedOut":false,"versionAfter":"1.0.5"}
{"t":"2026-10-08T14:14:33.5447013Z","event":"run-start","run":"M4a-2","arguments":["update","C:\\Source\\SixFive7\\BrowserAI\\.work\\step0-velopack\\feeds\\after-1.0.6","restart","restarted","--run=M4a-2","two words","embedded\"quote","trailing\\"],"file":"%USERPROFILE%\\AppData\\Local\\BrowserAI.Measure\\current\\BrowserAI.Measure.exe","settings":{"updatedSleepSeconds":90,"heartbeatMilliseconds":100},"hold":false}
{"t":"2026-10-08T14:14:33.5627642Z","event":"watch","image":"%USERPROFILE%\\AppData\\Local\\BrowserAI.Measure\\current\\BrowserAI.Measure.exe","pid":85800,"role":"started-by-orchestrator","created":"2026-10-08T14:14:33.5553259Z"}
{"t":"2026-10-08T14:14:35.2394547Z","event":"watch","image":"%USERPROFILE%\\AppData\\Local\\BrowserAI.Measure\\Update.exe","pid":57616,"role":"Update.exe","created":"2026-10-08T14:14:35.0702257Z"}
{"t":"2026-10-08T14:14:35.2917665Z","event":"exited","exitedUtc":"2026-10-08T14:14:35.1940710Z","exitCode":0,"pid":85800,"role":"started-by-orchestrator","created":"2026-10-08T14:14:33.5553259Z","run":"M4a-2","image":"%USERPROFILE%\\AppData\\Local\\BrowserAI.Measure\\current\\BrowserAI.Measure.exe"}
{"t":"2026-10-08T14:14:35.6507337Z","event":"watch","image":null,"pid":92324,"role":"stand-in --veloapp-obsolete","created":"2026-10-08T14:14:35.3092407Z"}
{"t":"2026-10-08T14:14:35.7291275Z","event":"exited","exitedUtc":"2026-10-08T14:14:35.6412733Z","exitCode":0,"pid":92324,"role":"stand-in --veloapp-obsolete","created":"2026-10-08T14:14:35.3092407Z","run":"M4a-2","image":null}
{"t":"2026-10-08T14:14:36.6825253Z","event":"watch","image":"%USERPROFILE%\\AppData\\Local\\BrowserAI.Measure\\current\\BrowserAI.Measure.exe","pid":72092,"role":"stand-in --veloapp-updated","created":"2026-10-08T14:14:36.5012004Z"}
{"t":"2026-10-08T14:14:51.5703016Z","event":"exited","exitedUtc":"2026-10-08T14:14:51.5097992Z","exitCode":1,"pid":72092,"role":"stand-in --veloapp-updated","created":"2026-10-08T14:14:36.5012004Z","run":"M4a-2","image":"%USERPROFILE%\\AppData\\Local\\BrowserAI.Measure\\current\\BrowserAI.Measure.exe"}
{"t":"2026-10-08T14:14:52.5741878Z","event":"exited","exitedUtc":"2026-10-08T14:14:52.4991829Z","exitCode":0,"pid":57616,"role":"Update.exe","created":"2026-10-08T14:14:35.0702257Z","run":"M4a-2","image":"%USERPROFILE%\\AppData\\Local\\BrowserAI.Measure\\Update.exe"}
{"t":"2026-10-08T14:14:52.7073072Z","event":"watch","image":"%USERPROFILE%\\AppData\\Local\\BrowserAI.Measure\\current\\BrowserAI.Measure.exe","pid":57304,"role":"stand-in restarted","created":"2026-10-08T14:14:52.4818652Z"}
{"t":"2026-10-08T14:14:52.7756301Z","event":"exited","exitedUtc":"2026-10-08T14:14:52.7243468Z","exitCode":0,"pid":57304,"role":"stand-in restarted","created":"2026-10-08T14:14:52.4818652Z","run":"M4a-2","image":"%USERPROFILE%\\AppData\\Local\\BrowserAI.Measure\\current\\BrowserAI.Measure.exe"}
{"t":"2026-10-08T14:14:55.3180081Z","event":"run-end","run":"M4a-2","elapsedSeconds":21.77,"versionBefore":"1.0.5","timedOut":false,"versionAfter":"1.0.6"}
{"t":"2026-10-08T14:14:55.3455843Z","event":"run-start","run":"M4a-3","arguments":["update","C:\\Source\\SixFive7\\BrowserAI\\.work\\step0-velopack\\feeds\\after-1.0.7","restart","restarted","--run=M4a-3","two words","embedded\"quote","trailing\\"],"file":"%USERPROFILE%\\AppData\\Local\\BrowserAI.Measure\\current\\BrowserAI.Measure.exe","settings":{"updatedSleepSeconds":90,"heartbeatMilliseconds":100},"hold":false}
{"t":"2026-10-08T14:14:55.3557860Z","event":"watch","image":"%USERPROFILE%\\AppData\\Local\\BrowserAI.Measure\\current\\BrowserAI.Measure.exe","pid":94808,"role":"started-by-orchestrator","created":"2026-10-08T14:14:55.3506773Z"}
{"t":"2026-10-08T14:14:55.9848814Z","event":"watch","image":"%USERPROFILE%\\AppData\\Local\\BrowserAI.Measure\\Update.exe","pid":43804,"role":"Update.exe","created":"2026-10-08T14:14:55.9450675Z"}
{"t":"2026-10-08T14:14:56.0652710Z","event":"exited","exitedUtc":"2026-10-08T14:14:55.9741325Z","exitCode":0,"pid":94808,"role":"started-by-orchestrator","created":"2026-10-08T14:14:55.3506773Z","run":"M4a-3","image":"%USERPROFILE%\\AppData\\Local\\BrowserAI.Measure\\current\\BrowserAI.Measure.exe"}
{"t":"2026-10-08T14:14:56.2464365Z","event":"watch","image":"%USERPROFILE%\\AppData\\Local\\BrowserAI.Measure\\current\\BrowserAI.Measure.exe","pid":86144,"role":"stand-in --veloapp-obsolete","created":"2026-10-08T14:14:56.0217430Z"}
{"t":"2026-10-08T14:14:56.2645523Z","event":"exited","exitedUtc":"2026-10-08T14:14:56.2467986Z","exitCode":0,"pid":86144,"role":"stand-in --veloapp-obsolete","created":"2026-10-08T14:14:56.0217430Z","run":"M4a-3","image":"%USERPROFILE%\\AppData\\Local\\BrowserAI.Measure\\current\\BrowserAI.Measure.exe"}
{"t":"2026-10-08T14:14:57.3568390Z","event":"watch","image":"%USERPROFILE%\\AppData\\Local\\BrowserAI.Measure\\current\\BrowserAI.Measure.exe","pid":20156,"role":"stand-in --veloapp-updated","created":"2026-10-08T14:14:57.1658410Z"}
{"t":"2026-10-08T14:15:12.2411918Z","event":"exited","exitedUtc":"2026-10-08T14:15:12.1796873Z","exitCode":1,"pid":20156,"role":"stand-in --veloapp-updated","created":"2026-10-08T14:14:57.1658410Z","run":"M4a-3","image":"%USERPROFILE%\\AppData\\Local\\BrowserAI.Measure\\current\\BrowserAI.Measure.exe"}
{"t":"2026-10-08T14:15:13.1145326Z","event":"exited","exitedUtc":"2026-10-08T14:15:13.0552151Z","exitCode":0,"pid":43804,"role":"Update.exe","created":"2026-10-08T14:14:55.9450675Z","run":"M4a-3","image":"%USERPROFILE%\\AppData\\Local\\BrowserAI.Measure\\Update.exe"}
{"t":"2026-10-08T14:15:13.2382359Z","event":"watch-missed","pid":66884,"role":"stand-in restarted","why":"OpenProcess failed: already gone"}
{"t":"2026-10-08T14:15:15.7785724Z","event":"run-end","run":"M4a-3","elapsedSeconds":20.43,"versionBefore":"1.0.6","timedOut":false,"versionAfter":"1.0.7"}
{"t":"2026-10-08T14:15:15.7988833Z","event":"run-start","run":"M4b-1","arguments":["update","C:\\Source\\SixFive7\\BrowserAI\\.work\\step0-velopack\\feeds\\after-1.0.8","norestart"],"file":"%USERPROFILE%\\AppData\\Local\\BrowserAI.Measure\\current\\BrowserAI.Measure.exe","settings":{"updatedWaitAfterSpawnMilliseconds":3000,"updatedChildUnderRootSeconds":90,"updatedChildOutsideSeconds":90,"heartbeatMilliseconds":250},"hold":false}
{"t":"2026-10-08T14:15:15.8059845Z","event":"watch","image":"%USERPROFILE%\\AppData\\Local\\BrowserAI.Measure\\current\\BrowserAI.Measure.exe","pid":75988,"role":"started-by-orchestrator","created":"2026-10-08T14:15:15.8014994Z"}
{"t":"2026-10-08T14:15:16.3493831Z","event":"watch","image":"%USERPROFILE%\\AppData\\Local\\BrowserAI.Measure\\Update.exe","pid":42160,"role":"Update.exe","created":"2026-10-08T14:15:16.2931677Z"}
{"t":"2026-10-08T14:15:16.3661593Z","event":"exited","exitedUtc":"2026-10-08T14:15:16.3305694Z","exitCode":0,"pid":75988,"role":"started-by-orchestrator","created":"2026-10-08T14:15:15.8014994Z","run":"M4b-1","image":"%USERPROFILE%\\AppData\\Local\\BrowserAI.Measure\\current\\BrowserAI.Measure.exe"}
{"t":"2026-10-08T14:15:16.5830144Z","event":"watch","image":null,"pid":62240,"role":"stand-in --veloapp-obsolete","created":"2026-10-08T14:15:16.3823581Z"}
{"t":"2026-10-08T14:15:16.5882593Z","event":"exited","exitedUtc":"2026-10-08T14:15:16.5508944Z","exitCode":0,"pid":62240,"role":"stand-in --veloapp-obsolete","created":"2026-10-08T14:15:16.3823581Z","run":"M4b-1","image":null}
{"t":"2026-10-08T14:15:17.6829261Z","event":"watch","image":"%USERPROFILE%\\AppData\\Local\\BrowserAI.Measure\\current\\BrowserAI.Measure.exe","pid":80744,"role":"stand-in --veloapp-updated","created":"2026-10-08T14:15:17.5040696Z"}
{"t":"2026-10-08T14:15:17.6862729Z","event":"watch","image":"%USERPROFILE%\\AppData\\Local\\BrowserAI.Measure\\current\\BrowserAI.Measure.exe","pid":88240,"role":"child-under-root","created":"2026-10-08T14:15:17.6524972Z"}
{"t":"2026-10-08T14:15:17.6909258Z","event":"watch","image":"C:\\Program Files\\PowerShell\\7\\pwsh.exe","pid":77028,"role":"child-outside-root","created":"2026-10-08T14:15:17.6581168Z"}
{"t":"2026-10-08T14:15:20.7727284Z","event":"exited","exitedUtc":"2026-10-08T14:15:20.6926257Z","exitCode":0,"pid":80744,"role":"stand-in --veloapp-updated","created":"2026-10-08T14:15:17.5040696Z","run":"M4b-1","image":"%USERPROFILE%\\AppData\\Local\\BrowserAI.Measure\\current\\BrowserAI.Measure.exe"}
{"t":"2026-10-08T14:15:21.1821625Z","event":"exited","exitedUtc":"2026-10-08T14:15:21.1545810Z","exitCode":1,"pid":88240,"role":"child-under-root","created":"2026-10-08T14:15:17.6524972Z","run":"M4b-1","image":"%USERPROFILE%\\AppData\\Local\\BrowserAI.Measure\\current\\BrowserAI.Measure.exe"}
{"t":"2026-10-08T14:15:21.9307165Z","event":"exited","exitedUtc":"2026-10-08T14:15:21.8899836Z","exitCode":0,"pid":42160,"role":"Update.exe","created":"2026-10-08T14:15:16.2931677Z","run":"M4b-1","image":"%USERPROFILE%\\AppData\\Local\\BrowserAI.Measure\\Update.exe"}
{"t":"2026-10-08T14:16:48.4925485Z","event":"exited","exitedUtc":"2026-10-08T14:16:48.4278414Z","exitCode":0,"pid":77028,"role":"child-outside-root","created":"2026-10-08T14:15:17.6581168Z","run":"M4b-1","image":"C:\\Program Files\\PowerShell\\7\\pwsh.exe"}
{"t":"2026-10-08T14:16:51.0387976Z","event":"run-end","run":"M4b-1","elapsedSeconds":95.24,"versionBefore":"1.0.7","timedOut":false,"versionAfter":"1.0.8"}
{"t":"2026-10-08T14:16:51.0679588Z","event":"run-start","run":"M4b-2","arguments":["update","C:\\Source\\SixFive7\\BrowserAI\\.work\\step0-velopack\\feeds\\after-1.0.9","norestart"],"file":"%USERPROFILE%\\AppData\\Local\\BrowserAI.Measure\\current\\BrowserAI.Measure.exe","settings":{"updatedWaitAfterSpawnMilliseconds":3000,"updatedChildUnderRootSeconds":90,"updatedChildOutsideSeconds":90,"heartbeatMilliseconds":250},"hold":false}
{"t":"2026-10-08T14:16:51.0758830Z","event":"watch","image":"%USERPROFILE%\\AppData\\Local\\BrowserAI.Measure\\current\\BrowserAI.Measure.exe","pid":81988,"role":"started-by-orchestrator","created":"2026-10-08T14:16:51.0708280Z"}
{"t":"2026-10-08T14:16:51.5965516Z","event":"watch","image":"%USERPROFILE%\\AppData\\Local\\BrowserAI.Measure\\Update.exe","pid":42448,"role":"Update.exe","created":"2026-10-08T14:16:51.5248538Z"}
{"t":"2026-10-08T14:16:51.6017439Z","event":"exited","exitedUtc":"2026-10-08T14:16:51.5417103Z","exitCode":0,"pid":81988,"role":"started-by-orchestrator","created":"2026-10-08T14:16:51.0708280Z","run":"M4b-2","image":"%USERPROFILE%\\AppData\\Local\\BrowserAI.Measure\\current\\BrowserAI.Measure.exe"}
{"t":"2026-10-08T14:16:51.7382568Z","event":"watch","image":null,"pid":18324,"role":"stand-in --veloapp-obsolete","created":"2026-10-08T14:16:51.5753305Z"}
{"t":"2026-10-08T14:16:51.8128875Z","event":"exited","exitedUtc":"2026-10-08T14:16:51.7244349Z","exitCode":0,"pid":18324,"role":"stand-in --veloapp-obsolete","created":"2026-10-08T14:16:51.5753305Z","run":"M4b-2","image":null}
{"t":"2026-10-08T14:16:52.9366509Z","event":"watch","image":"%USERPROFILE%\\AppData\\Local\\BrowserAI.Measure\\current\\BrowserAI.Measure.exe","pid":89732,"role":"stand-in --veloapp-updated","created":"2026-10-08T14:16:52.7637344Z"}
{"t":"2026-10-08T14:16:53.0136209Z","event":"watch","image":"%USERPROFILE%\\AppData\\Local\\BrowserAI.Measure\\current\\BrowserAI.Measure.exe","pid":89540,"role":"child-under-root","created":"2026-10-08T14:16:52.9376344Z"}
{"t":"2026-10-08T14:16:53.0914008Z","event":"watch","image":"C:\\Program Files\\PowerShell\\7\\pwsh.exe","pid":101328,"role":"child-outside-root","created":"2026-10-08T14:16:52.9497979Z"}
{"t":"2026-10-08T14:16:56.0711659Z","event":"exited","exitedUtc":"2026-10-08T14:16:56.0463026Z","exitCode":0,"pid":89732,"role":"stand-in --veloapp-updated","created":"2026-10-08T14:16:52.7637344Z","run":"M4b-2","image":"%USERPROFILE%\\AppData\\Local\\BrowserAI.Measure\\current\\BrowserAI.Measure.exe"}
{"t":"2026-10-08T14:16:56.7036910Z","event":"exited","exitedUtc":"2026-10-08T14:16:56.6300229Z","exitCode":1,"pid":89540,"role":"child-under-root","created":"2026-10-08T14:16:52.9376344Z","run":"M4b-2","image":"%USERPROFILE%\\AppData\\Local\\BrowserAI.Measure\\current\\BrowserAI.Measure.exe"}
{"t":"2026-10-08T14:16:57.5862520Z","event":"exited","exitedUtc":"2026-10-08T14:16:57.5661952Z","exitCode":0,"pid":42448,"role":"Update.exe","created":"2026-10-08T14:16:51.5248538Z","run":"M4b-2","image":"%USERPROFILE%\\AppData\\Local\\BrowserAI.Measure\\Update.exe"}
{"t":"2026-10-08T14:18:23.5216763Z","event":"exited","exitedUtc":"2026-10-08T14:18:23.4951328Z","exitCode":0,"pid":101328,"role":"child-outside-root","created":"2026-10-08T14:16:52.9497979Z","run":"M4b-2","image":"C:\\Program Files\\PowerShell\\7\\pwsh.exe"}
{"t":"2026-10-08T14:18:26.0701112Z","event":"run-end","run":"M4b-2","elapsedSeconds":95.0,"versionBefore":"1.0.8","timedOut":false,"versionAfter":"1.0.9"}
{"t":"2026-10-08T14:18:26.1044953Z","event":"run-start","run":"M4b-3","arguments":["update","C:\\Source\\SixFive7\\BrowserAI\\.work\\step0-velopack\\feeds\\after-1.0.10","norestart"],"file":"%USERPROFILE%\\AppData\\Local\\BrowserAI.Measure\\current\\BrowserAI.Measure.exe","settings":{"updatedWaitAfterSpawnMilliseconds":3000,"updatedChildUnderRootSeconds":90,"updatedChildOutsideSeconds":90,"heartbeatMilliseconds":250},"hold":false}
{"t":"2026-10-08T14:18:26.1135290Z","event":"watch","image":"%USERPROFILE%\\AppData\\Local\\BrowserAI.Measure\\current\\BrowserAI.Measure.exe","pid":35772,"role":"started-by-orchestrator","created":"2026-10-08T14:18:26.1078671Z"}
{"t":"2026-10-08T14:18:27.0672608Z","event":"watch","image":"%USERPROFILE%\\AppData\\Local\\BrowserAI.Measure\\Update.exe","pid":36800,"role":"Update.exe","created":"2026-10-08T14:18:27.0121006Z"}
{"t":"2026-10-08T14:18:27.0731079Z","event":"exited","exitedUtc":"2026-10-08T14:18:27.0384703Z","exitCode":0,"pid":35772,"role":"started-by-orchestrator","created":"2026-10-08T14:18:26.1078671Z","run":"M4b-3","image":"%USERPROFILE%\\AppData\\Local\\BrowserAI.Measure\\current\\BrowserAI.Measure.exe"}
{"t":"2026-10-08T14:18:27.2699388Z","event":"watch","image":null,"pid":94292,"role":"stand-in --veloapp-obsolete","created":"2026-10-08T14:18:27.0782168Z"}
{"t":"2026-10-08T14:18:27.3377673Z","event":"exited","exitedUtc":"2026-10-08T14:18:27.2443626Z","exitCode":0,"pid":94292,"role":"stand-in --veloapp-obsolete","created":"2026-10-08T14:18:27.0782168Z","run":"M4b-3","image":null}
{"t":"2026-10-08T14:18:28.3558250Z","event":"watch","image":"%USERPROFILE%\\AppData\\Local\\BrowserAI.Measure\\current\\BrowserAI.Measure.exe","pid":66912,"role":"stand-in --veloapp-updated","created":"2026-10-08T14:18:28.1075891Z"}
{"t":"2026-10-08T14:18:28.3585855Z","event":"watch","image":"%USERPROFILE%\\AppData\\Local\\BrowserAI.Measure\\current\\BrowserAI.Measure.exe","pid":65484,"role":"child-under-root","created":"2026-10-08T14:18:28.3092858Z"}
{"t":"2026-10-08T14:18:28.3729817Z","event":"watch","image":"C:\\Program Files\\PowerShell\\7\\pwsh.exe","pid":78664,"role":"child-outside-root","created":"2026-10-08T14:18:28.3197451Z"}
{"t":"2026-10-08T14:18:31.3859372Z","event":"exited","exitedUtc":"2026-10-08T14:18:31.3394761Z","exitCode":0,"pid":66912,"role":"stand-in --veloapp-updated","created":"2026-10-08T14:18:28.1075891Z","run":"M4b-3","image":"%USERPROFILE%\\AppData\\Local\\BrowserAI.Measure\\current\\BrowserAI.Measure.exe"}
{"t":"2026-10-08T14:18:31.8440976Z","event":"exited","exitedUtc":"2026-10-08T14:18:31.8293575Z","exitCode":1,"pid":65484,"role":"child-under-root","created":"2026-10-08T14:18:28.3092858Z","run":"M4b-3","image":"%USERPROFILE%\\AppData\\Local\\BrowserAI.Measure\\current\\BrowserAI.Measure.exe"}
{"t":"2026-10-08T14:18:32.7095625Z","event":"exited","exitedUtc":"2026-10-08T14:18:32.6888528Z","exitCode":0,"pid":36800,"role":"Update.exe","created":"2026-10-08T14:18:27.0121006Z","run":"M4b-3","image":"%USERPROFILE%\\AppData\\Local\\BrowserAI.Measure\\Update.exe"}
{"t":"2026-10-08T14:19:58.8793074Z","event":"exited","exitedUtc":"2026-10-08T14:19:58.8185143Z","exitCode":0,"pid":78664,"role":"child-outside-root","created":"2026-10-08T14:18:28.3197451Z","run":"M4b-3","image":"C:\\Program Files\\PowerShell\\7\\pwsh.exe"}
{"t":"2026-10-08T14:20:01.4660531Z","event":"run-end","run":"M4b-3","elapsedSeconds":95.36,"versionBefore":"1.0.9","timedOut":false,"versionAfter":"1.0.10"}
{"t":"2026-10-08T14:20:01.4920220Z","event":"run-start","run":"uninstall","arguments":["--uninstall","--silent"],"file":"%USERPROFILE%\\AppData\\Local\\BrowserAI.Measure\\Update.exe","settings":{},"hold":false}
{"t":"2026-10-08T14:20:01.4995627Z","event":"watch","image":"%USERPROFILE%\\AppData\\Local\\BrowserAI.Measure\\Update.exe","pid":80712,"role":"started-by-orchestrator","created":"2026-10-08T14:20:01.4946663Z"}
{"t":"2026-10-08T14:20:02.1914111Z","event":"watch","image":null,"pid":95152,"role":"stand-in --veloapp-uninstall","created":"2026-10-08T14:20:01.8097404Z"}
{"t":"2026-10-08T14:20:02.8015856Z","event":"exited","exitedUtc":"2026-10-08T14:20:01.9464558Z","exitCode":0,"pid":95152,"role":"stand-in --veloapp-uninstall","created":"2026-10-08T14:20:01.8097404Z","run":"uninstall","image":null}
{"t":"2026-10-08T14:20:03.4581029Z","event":"watch","image":"C:\\Windows\\SysWOW64\\cmd.exe","pid":11900,"role":"descendant of 80712 via 80712: cmd.exe","created":"2026-10-08T14:20:02.7941732Z"}
{"t":"2026-10-08T14:20:03.4702038Z","event":"watch","image":"C:\\Windows\\System32\\conhost.exe","pid":44324,"role":"descendant of 80712 via 11900: conhost.exe","created":"2026-10-08T14:20:02.8180448Z"}
{"t":"2026-10-08T14:20:03.4718354Z","event":"watch","image":"C:\\Windows\\SysWOW64\\choice.exe","pid":42312,"role":"descendant of 80712 via 11900: choice.exe","created":"2026-10-08T14:20:02.8412409Z"}
{"t":"2026-10-08T14:20:03.4886429Z","event":"exited","exitedUtc":"2026-10-08T14:20:02.8057288Z","exitCode":0,"pid":80712,"role":"started-by-orchestrator","created":"2026-10-08T14:20:01.4946663Z","run":"uninstall","image":"%USERPROFILE%\\AppData\\Local\\BrowserAI.Measure\\Update.exe"}
{"t":"2026-10-08T14:20:06.0771638Z","event":"exited","exitedUtc":"2026-10-08T14:20:05.8643681Z","exitCode":0,"pid":11900,"role":"descendant of 80712 via 80712: cmd.exe","created":"2026-10-08T14:20:02.7941732Z","run":"uninstall","image":"C:\\Windows\\SysWOW64\\cmd.exe"}
{"t":"2026-10-08T14:20:06.0791447Z","event":"exited","exitedUtc":"2026-10-08T14:20:05.8738045Z","exitCode":0,"pid":44324,"role":"descendant of 80712 via 11900: conhost.exe","created":"2026-10-08T14:20:02.8180448Z","run":"uninstall","image":"C:\\Windows\\System32\\conhost.exe"}
{"t":"2026-10-08T14:20:06.0862674Z","event":"exited","exitedUtc":"2026-10-08T14:20:05.8572513Z","exitCode":1,"pid":42312,"role":"descendant of 80712 via 11900: choice.exe","created":"2026-10-08T14:20:02.8412409Z","run":"uninstall","image":"C:\\Windows\\SysWOW64\\choice.exe"}
{"t":"2026-10-08T14:20:12.4488775Z","event":"run-end","run":"uninstall","elapsedSeconds":10.95,"versionBefore":"1.0.10","timedOut":false,"versionAfter":null}
{"t":"2026-10-08T14:20:12.4747541Z","event":"clean-check","when":"after-uninstall","problems":[]}
{"t":"2026-10-08T14:20:13.0942174Z","event":"cleanup-proof","sharedVelopackLogAfter":"22619570 bytes, written 2026-10-04T16:44:24.9608585Z","recordedPids":87,"problems":null,"survivors":[],"sharedVelopackLogBefore":"22619570 bytes, written 2026-10-04T16:44:24.9608585Z","processesUnderRoot":[]}
{"t":"2026-10-08T14:20:13.1056845Z","event":"velopack-log-moved","to":"C:\\Source\\SixFive7\\BrowserAI\\.work\\step0-velopack\\runs\\full-20261008T141238Z\\velopack_BrowserAI.Measure.log"}
{"t":"2026-10-08T14:20:13.1135761Z","event":"installer-lock-released"}
{"t":"2026-10-08T14:20:13.1208255Z","event":"suite-lock-released"}
{"t":"2026-10-08T14:20:13.1219822Z","event":"done","session":"C:\\Source\\SixFive7\\BrowserAI\\.work\\step0-velopack\\runs\\full-20261008T141238Z"}
exit=0
