{"t":"2026-10-08T14:09:16.9809203Z","event":"clean-check","when":"preflight","problems":[]}
{"t":"2026-10-08T14:09:17.6533303Z","event":"preflight","orchestratorPid":80696,"vpk":"Velopack CLI 1.2.161, for distributing applications.","velopackVariablesInOrchestrator":[],"mode":"smoke","sharedVelopackLog":"22619570 bytes, written 2026-10-04T16:44:24.9608585Z","os":"Microsoft Windows NT 10.0.26300.0","dotnet":"10.0.401"}
{"t":"2026-10-08T14:09:17.6695209Z","event":"suite-lock-taken","path":"C:\\Source\\SixFive7\\BrowserAI\\.work\\locks\\suite"}
{"t":"2026-10-08T14:09:17.6882671Z","event":"installer-lock-taken","path":"C:\\Source\\SixFive7\\BrowserAI\\.work\\installer.lock","token":"pid=80696 created=134359421558622351"}
{"t":"2026-10-08T14:09:17.7573318Z","event":"run-start","arguments":["--silent","--verbose","--log","C:\\Source\\SixFive7\\BrowserAI\\.work\\step0-velopack\\runs\\smoke-20261008T140916Z\\logs\\install-setup.log"],"hold":false,"settings":{},"run":"install","file":"C:\\Source\\SixFive7\\BrowserAI\\.work\\step0-velopack\\feeds\\after-1.0.0\\BrowserAI.Measure-win-Setup.exe"}
{"t":"2026-10-08T14:09:17.8553541Z","event":"watch","created":"2026-10-08T14:09:17.8127800Z","pid":17932,"image":"C:\\Source\\SixFive7\\BrowserAI\\.work\\step0-velopack\\feeds\\after-1.0.0\\BrowserAI.Measure-win-Setup.exe","role":"started-by-orchestrator"}
{"t":"2026-10-08T14:09:19.4789230Z","event":"watch-refused","expectedImage":"","pid":41124,"created":"2026-10-08T14:09:19.3056039Z","role":"stand-in --veloapp-install","expectedCreated":"2026-10-08T12:09:19.0000000Z","image":null}
{"t":"2026-10-08T14:09:19.8204613Z","event":"exited","exitCode":0,"exitedUtc":"2026-10-08T14:09:19.7698928Z","pid":17932,"created":"2026-10-08T14:09:17.8127800Z","role":"started-by-orchestrator","run":"install","image":"C:\\Source\\SixFive7\\BrowserAI\\.work\\step0-velopack\\feeds\\after-1.0.0\\BrowserAI.Measure-win-Setup.exe"}
{"t":"2026-10-08T14:09:22.4631566Z","event":"run-end","versionAfter":"1.0.0","elapsedSeconds":4.66,"run":"install","timedOut":false,"versionBefore":null}
{"t":"2026-10-08T14:09:22.4986537Z","event":"run-start","arguments":["info"],"hold":false,"settings":{},"run":"S-info","file":"%USERPROFILE%\\AppData\\Local\\BrowserAI.Measure\\current\\BrowserAI.Measure.exe"}
{"t":"2026-10-08T14:09:22.5063744Z","event":"watch","created":"2026-10-08T14:09:22.5010217Z","pid":60800,"image":"%USERPROFILE%\\AppData\\Local\\BrowserAI.Measure\\current\\BrowserAI.Measure.exe","role":"started-by-orchestrator"}
{"t":"2026-10-08T14:09:22.6940458Z","event":"exited","exitCode":0,"exitedUtc":"2026-10-08T14:09:22.6569043Z","pid":60800,"created":"2026-10-08T14:09:22.5010217Z","role":"started-by-orchestrator","run":"S-info","image":"%USERPROFILE%\\AppData\\Local\\BrowserAI.Measure\\current\\BrowserAI.Measure.exe"}
{"t":"2026-10-08T14:09:25.2721168Z","event":"run-end","versionAfter":"1.0.0","elapsedSeconds":2.77,"run":"S-info","timedOut":false,"versionBefore":"1.0.0"}
{"t":"2026-10-08T14:09:25.2930126Z","event":"run-start","arguments":["check","C:\\Source\\SixFive7\\BrowserAI\\.work\\step0-velopack\\feeds\\after-1.0.1"],"hold":false,"settings":{},"run":"S-check","file":"%USERPROFILE%\\AppData\\Local\\BrowserAI.Measure\\current\\BrowserAI.Measure.exe"}
{"t":"2026-10-08T14:09:25.2999363Z","event":"watch","created":"2026-10-08T14:09:25.2951936Z","pid":96424,"image":"%USERPROFILE%\\AppData\\Local\\BrowserAI.Measure\\current\\BrowserAI.Measure.exe","role":"started-by-orchestrator"}
{"t":"2026-10-08T14:09:25.5530006Z","event":"exited","exitCode":0,"exitedUtc":"2026-10-08T14:09:25.4810918Z","pid":96424,"created":"2026-10-08T14:09:25.2951936Z","role":"started-by-orchestrator","run":"S-check","image":"%USERPROFILE%\\AppData\\Local\\BrowserAI.Measure\\current\\BrowserAI.Measure.exe"}
{"t":"2026-10-08T14:09:26.3971556Z","event":"run-end","versionAfter":"1.0.0","elapsedSeconds":1.1,"run":"S-check","timedOut":false,"versionBefore":"1.0.0"}
{"t":"2026-10-08T14:09:26.4193935Z","event":"locked-file-held","path":"%USERPROFILE%\\AppData\\Local\\BrowserAI.Measure\\current\\measure-lock.txt","run":"S-fail","share":"None"}
{"t":"2026-10-08T14:09:26.4206334Z","event":"run-start","arguments":["update","C:\\Source\\SixFive7\\BrowserAI\\.work\\step0-velopack\\feeds\\after-1.0.1","restart","restarted","--run=S-fail","two words","embedded\"quote","trailing\\"],"hold":true,"settings":{},"run":"S-fail","file":"%USERPROFILE%\\AppData\\Local\\BrowserAI.Measure\\current\\BrowserAI.Measure.exe"}
{"t":"2026-10-08T14:09:26.4323239Z","event":"watch","created":"2026-10-08T14:09:26.4268884Z","pid":56848,"image":"%USERPROFILE%\\AppData\\Local\\BrowserAI.Measure\\current\\BrowserAI.Measure.exe","role":"started-by-orchestrator"}
{"t":"2026-10-08T14:09:26.8969641Z","event":"watch","created":"2026-10-08T14:09:26.8553675Z","pid":80660,"image":"%USERPROFILE%\\AppData\\Local\\BrowserAI.Measure\\Update.exe","role":"Update.exe"}
{"t":"2026-10-08T14:09:26.9009058Z","event":"exited","exitCode":0,"exitedUtc":"2026-10-08T14:09:26.8774953Z","pid":56848,"created":"2026-10-08T14:09:26.4268884Z","role":"started-by-orchestrator","run":"S-fail","image":"%USERPROFILE%\\AppData\\Local\\BrowserAI.Measure\\current\\BrowserAI.Measure.exe"}
{"t":"2026-10-08T14:09:27.0974320Z","event":"watch-refused","expectedImage":"","pid":101680,"created":"2026-10-08T14:09:26.9197664Z","role":"stand-in --veloapp-obsolete","expectedCreated":"2026-10-08T12:09:26.0000000Z","image":null}
{"t":"2026-10-08T14:09:37.7266990Z","event":"exited","exitCode":1,"exitedUtc":"2026-10-08T14:09:37.7054610Z","pid":80660,"created":"2026-10-08T14:09:26.8553675Z","role":"Update.exe","run":"S-fail","image":"%USERPROFILE%\\AppData\\Local\\BrowserAI.Measure\\Update.exe"}
{"t":"2026-10-08T14:09:37.8557576Z","event":"watch-refused","expectedImage":"","pid":86504,"created":"2026-10-08T14:09:37.6987015Z","role":"stand-in restarted","expectedCreated":"2026-10-08T12:09:37.0000000Z","image":"%USERPROFILE%\\AppData\\Local\\BrowserAI.Measure\\current\\BrowserAI.Measure.exe"}
{"t":"2026-10-08T14:09:40.4484786Z","event":"locked-file-released","run":"S-fail"}
{"t":"2026-10-08T14:09:40.4750146Z","event":"run-end","versionAfter":"1.0.0","elapsedSeconds":14.05,"run":"S-fail","timedOut":false,"versionBefore":"1.0.0"}
{"t":"2026-10-08T14:09:40.4967549Z","event":"run-start","arguments":["info"],"hold":false,"settings":{},"run":"S-after-fail-info","file":"%USERPROFILE%\\AppData\\Local\\BrowserAI.Measure\\current\\BrowserAI.Measure.exe"}
{"t":"2026-10-08T14:09:40.5015726Z","event":"watch","created":"2026-10-08T14:09:40.4994098Z","pid":40756,"image":"%USERPROFILE%\\AppData\\Local\\BrowserAI.Measure\\current\\BrowserAI.Measure.exe","role":"started-by-orchestrator"}
{"t":"2026-10-08T14:09:40.6936006Z","event":"exited","exitCode":0,"exitedUtc":"2026-10-08T14:09:40.6561369Z","pid":40756,"created":"2026-10-08T14:09:40.4994098Z","role":"started-by-orchestrator","run":"S-after-fail-info","image":"%USERPROFILE%\\AppData\\Local\\BrowserAI.Measure\\current\\BrowserAI.Measure.exe"}
{"t":"2026-10-08T14:09:43.2772773Z","event":"run-end","versionAfter":"1.0.0","elapsedSeconds":2.78,"run":"S-after-fail-info","timedOut":false,"versionBefore":"1.0.0"}
{"t":"2026-10-08T14:09:43.3005023Z","event":"run-start","arguments":["--uninstall","--silent"],"hold":false,"settings":{},"run":"uninstall","file":"%USERPROFILE%\\AppData\\Local\\BrowserAI.Measure\\Update.exe"}
{"t":"2026-10-08T14:09:43.3085024Z","event":"watch","created":"2026-10-08T14:09:43.3029115Z","pid":90208,"image":"%USERPROFILE%\\AppData\\Local\\BrowserAI.Measure\\Update.exe","role":"started-by-orchestrator"}
{"t":"2026-10-08T14:09:44.0353046Z","event":"watch-refused","expectedImage":"","pid":103680,"created":"2026-10-08T14:09:43.6752464Z","role":"stand-in --veloapp-uninstall","expectedCreated":"2026-10-08T12:09:43.0000000Z","image":null}
{"t":"2026-10-08T14:09:45.5132318Z","event":"watch","created":"2026-10-08T14:09:44.9168222Z","pid":48600,"image":"C:\\Windows\\SysWOW64\\cmd.exe","role":"descendant of 90208 via 90208: cmd.exe"}
{"t":"2026-10-08T14:09:45.5226740Z","event":"watch","created":"2026-10-08T14:09:44.9317191Z","pid":68804,"image":"C:\\Windows\\System32\\conhost.exe","role":"descendant of 90208 via 48600: conhost.exe"}
{"t":"2026-10-08T14:09:45.5247321Z","event":"watch","created":"2026-10-08T14:09:44.9669786Z","pid":42284,"image":"C:\\Windows\\SysWOW64\\choice.exe","role":"descendant of 90208 via 48600: choice.exe"}
{"t":"2026-10-08T14:09:45.5459932Z","event":"exited","exitCode":0,"exitedUtc":"2026-10-08T14:09:44.9369814Z","pid":90208,"created":"2026-10-08T14:09:43.3029115Z","role":"started-by-orchestrator","run":"uninstall","image":"%USERPROFILE%\\AppData\\Local\\BrowserAI.Measure\\Update.exe"}
{"t":"2026-10-08T14:09:48.2781880Z","event":"exited","exitCode":1,"exitedUtc":"2026-10-08T14:09:47.9860260Z","pid":42284,"created":"2026-10-08T14:09:44.9669786Z","role":"descendant of 90208 via 48600: choice.exe","run":"uninstall","image":"C:\\Windows\\SysWOW64\\choice.exe"}
{"t":"2026-10-08T14:09:48.2799864Z","event":"exited","exitCode":0,"exitedUtc":"2026-10-08T14:09:47.9984162Z","pid":68804,"created":"2026-10-08T14:09:44.9317191Z","role":"descendant of 90208 via 48600: conhost.exe","run":"uninstall","image":"C:\\Windows\\System32\\conhost.exe"}
{"t":"2026-10-08T14:09:48.2868702Z","event":"exited","exitCode":0,"exitedUtc":"2026-10-08T14:09:47.9911352Z","pid":48600,"created":"2026-10-08T14:09:44.9168222Z","role":"descendant of 90208 via 90208: cmd.exe","run":"uninstall","image":"C:\\Windows\\SysWOW64\\cmd.exe"}
{"t":"2026-10-08T14:09:54.9011055Z","event":"run-end","versionAfter":null,"elapsedSeconds":11.6,"run":"uninstall","timedOut":false,"versionBefore":"1.0.0"}
{"t":"2026-10-08T14:09:54.9248550Z","event":"clean-check","when":"after-uninstall","problems":[]}
{"t":"2026-10-08T14:09:55.4514095Z","event":"cleanup-proof","processesUnderRoot":[],"problems":null,"sharedVelopackLogBefore":"22619570 bytes, written 2026-10-04T16:44:24.9608585Z","sharedVelopackLogAfter":"22619570 bytes, written 2026-10-04T16:44:24.9608585Z","survivors":[],"recordedPids":10}
{"t":"2026-10-08T14:09:55.4625882Z","event":"velopack-log-moved","to":"C:\\Source\\SixFive7\\BrowserAI\\.work\\step0-velopack\\runs\\smoke-20261008T140916Z\\velopack_BrowserAI.Measure.log"}
{"t":"2026-10-08T14:09:55.4702969Z","event":"installer-lock-released"}
{"t":"2026-10-08T14:09:55.4776015Z","event":"suite-lock-released"}
{"t":"2026-10-08T14:09:55.4791592Z","event":"done","session":"C:\\Source\\SixFive7\\BrowserAI\\.work\\step0-velopack\\runs\\smoke-20261008T140916Z"}
exit=0
